BL51 BANKED LINKER/LOCATER V6.22                                                        02/22/2019  11:39:01  PAGE 1


BL51 BANKED LINKER/LOCATER V6.22, INVOKED BY:
C:\KEIL_V5\C51\BIN\BL51.EXE .\Obj\main.obj, .\Obj\PCF85063BTL.obj, .\Obj\UART1.obj, .\Obj\LCd_Driver_SPLC780D.obj, .\Obj
>> \KeyPad.obj, .\Obj\BipolarMotor.obj, .\Obj\SunPos.obj, .\Obj\ADC.obj, .\Obj\Calibration.obj, .\Obj\IOExpander_PI4IOE5
>> V96248.obj, .\Obj\AT25SF041.obj, .\Obj\STARTUP.obj TO .\Obj\GPIO_RTC_Test PRINT (.\Lis\GPIO_RTC_Test.m51) RAMSIZE (25
>> 6)


MEMORY MODEL: LARGE WITH FLOATING POINT ARITHMETIC


INPUT MODULES INCLUDED:
  .\Obj\main.obj (MAIN)
  .\Obj\PCF85063BTL.obj (PCF85063BTL)
  .\Obj\UART1.obj (UART1)
  .\Obj\LCd_Driver_SPLC780D.obj (LCD_DRIVER_SPLC780D)
  .\Obj\KeyPad.obj (KEYPAD)
  .\Obj\BipolarMotor.obj (BIPOLARMOTOR)
  .\Obj\SunPos.obj (SUNPOS)
  .\Obj\ADC.obj (ADC)
  .\Obj\Calibration.obj (CALIBRATION)
  .\Obj\IOExpander_PI4IOE5V96248.obj (IOEXPANDER_PI4IOE5V96248)
  .\Obj\AT25SF041.obj (AT25SF041)
  .\Obj\STARTUP.obj (?C_STARTUP)
  C:\KEIL_V5\C51\LIB\C51FPL.LIB (?C?FPADD)
  C:\KEIL_V5\C51\LIB\C51FPL.LIB (?C?FPMUL)
  C:\KEIL_V5\C51\LIB\C51FPL.LIB (?C?FPDIV)
  C:\KEIL_V5\C51\LIB\C51FPL.LIB (?C?FPCMP)
  C:\KEIL_V5\C51\LIB\C51FPL.LIB (?C?FPNEG)
  C:\KEIL_V5\C51\LIB\C51FPL.LIB (?C?FCAST)
  C:\KEIL_V5\C51\LIB\C51FPL.LIB (?C?CASTF)
  C:\KEIL_V5\C51\LIB\C51FPL.LIB (ATAN2)
  C:\KEIL_V5\C51\LIB\C51FPL.LIB (SIN)
  C:\KEIL_V5\C51\LIB\C51FPL.LIB (ACOS)
  C:\KEIL_V5\C51\LIB\C51FPL.LIB (ASIN)
  C:\KEIL_V5\C51\LIB\C51FPL.LIB (?C?FPGETOPN)
  C:\KEIL_V5\C51\LIB\C51FPL.LIB (?C?FPSERIES)
  C:\KEIL_V5\C51\LIB\C51FPL.LIB (SQRT)
  C:\KEIL_V5\C51\LIB\C51FPL.LIB (ATAN)
  C:\KEIL_V5\C51\LIB\C51L.LIB (?C_INIT)
  C:\KEIL_V5\C51\LIB\C51L.LIB (?C?COPY)
  C:\KEIL_V5\C51\LIB\C51L.LIB (?C?CLDPTR)
  C:\KEIL_V5\C51\LIB\C51L.LIB (?C?CLDOPTR)
  C:\KEIL_V5\C51\LIB\C51L.LIB (?C?CSTPTR)
  C:\KEIL_V5\C51\LIB\C51L.LIB (?C?IMUL)
  C:\KEIL_V5\C51\LIB\C51L.LIB (?C?UIDIV)
  C:\KEIL_V5\C51\LIB\C51L.LIB (?C?SIDIV)
  C:\KEIL_V5\C51\LIB\C51L.LIB (?C?ILDIX)
  C:\KEIL_V5\C51\LIB\C51L.LIB (?C?ILDOPTR)
  C:\KEIL_V5\C51\LIB\C51L.LIB (?C?ISTPTR)
  C:\KEIL_V5\C51\LIB\C51L.LIB (?C?LMUL)
  C:\KEIL_V5\C51\LIB\C51L.LIB (?C?SLDIV)
  C:\KEIL_V5\C51\LIB\C51L.LIB (?C?LNEG)
  C:\KEIL_V5\C51\LIB\C51L.LIB (?C?ULCMP)
  C:\KEIL_V5\C51\LIB\C51L.LIB (?C?LSHL)
  C:\KEIL_V5\C51\LIB\C51L.LIB (?C?LLDPTR)
  C:\KEIL_V5\C51\LIB\C51L.LIB (?C?LLDOPTR)
  C:\KEIL_V5\C51\LIB\C51L.LIB (?C?LSTPTR)
  C:\KEIL_V5\C51\LIB\C51L.LIB (?C?LSTOPTR)
BL51 BANKED LINKER/LOCATER V6.22                                                      02/22/2019  11:39:01  PAGE 2


  C:\KEIL_V5\C51\LIB\C51L.LIB (?C?LLDXDATA)
  C:\KEIL_V5\C51\LIB\C51L.LIB (?C?LLDCODE)
  C:\KEIL_V5\C51\LIB\C51L.LIB (?C?LLDXDATA0)
  C:\KEIL_V5\C51\LIB\C51L.LIB (?C?LLDCODE0)
  C:\KEIL_V5\C51\LIB\C51L.LIB (?C?LLDPTR0)
  C:\KEIL_V5\C51\LIB\C51L.LIB (?C?LSTXDATA)
  C:\KEIL_V5\C51\LIB\C51L.LIB (?C?LSTKXDATA)
  C:\KEIL_V5\C51\LIB\C51L.LIB (?C?LSTKPTR)
  C:\KEIL_V5\C51\LIB\C51L.LIB (?C?OFFXADD)
  C:\KEIL_V5\C51\LIB\C51L.LIB (ABS)
  C:\KEIL_V5\C51\LIB\C51L.LIB (ATOI)
  C:\KEIL_V5\C51\LIB\C51L.LIB (?C?IILDX)
  C:\KEIL_V5\C51\LIB\C51L.LIB (?C?ULDIV)
  C:\KEIL_V5\C51\LIB\C51L.LIB (?C?LLDIDATA)
  C:\KEIL_V5\C51\LIB\C51L.LIB (?C?LLDPDATA)
  C:\KEIL_V5\C51\LIB\C51L.LIB (?C?LLDIDATA0)
  C:\KEIL_V5\C51\LIB\C51L.LIB (?C?LLDPDATA0)
  C:\KEIL_V5\C51\LIB\C51L.LIB (?C?LSTIDATA)
  C:\KEIL_V5\C51\LIB\C51L.LIB (?C?LSTPDATA)
  C:\KEIL_V5\C51\LIB\C51L.LIB (?C?LSTKIDATA)
  C:\KEIL_V5\C51\LIB\C51L.LIB (?C?LSTKPDATA)
  C:\KEIL_V5\C51\LIB\C51L.LIB (ISDIGIT)
  C:\KEIL_V5\C51\LIB\C51L.LIB (ISSPACE)


LINK MAP OF MODULE:  .\Obj\GPIO_RTC_Test (MAIN)


            TYPE    BASE      LENGTH    RELOCATION   SEGMENT NAME
            -----------------------------------------------------

            * * * * * * *   D A T A   M E M O R Y   * * * * * * *
            REG     0000H     0008H     ABSOLUTE     "REG BANK 0"
                    0008H     0018H                  *** GAP ***
            BIT     0020H.0   0000H.5   UNIT         ?BI?KEYPAD
            BIT     0020H.5   0000H.3   UNIT         _BIT_GROUP_
            BIT     0021H.0   0000H.1   UNIT         ?BI?MAIN
            BIT     0021H.1   0000H.1   UNIT         ?BI?_ATOI?ATOI
                    0021H.2   0000H.6                *** GAP ***
            IDATA   0022H     0001H     UNIT         ?STACK

            * * * * * * *  X D A T A   M E M O R Y  * * * * * * *
            XDATA   0000H     038FH     UNIT         ?XD?BIPOLARMOTOR
            XDATA   038FH     0151H     UNIT         _XDATA_GROUP_
            XDATA   04E0H     00D4H     UNIT         ?XD?MAIN
            XDATA   05B4H     0040H     UNIT         ?XD?_FINDDET4X4?BIPOLARMOTOR
            XDATA   05F4H     0024H     UNIT         ?XD?_FINDDET3X3?BIPOLARMOTOR
            XDATA   0618H     0009H     UNIT         ?XD?KEYPAD
            XDATA   0621H     0008H     UNIT         ?XD?_AT25SF041_READ?AT25SF041
            XDATA   0629H     0005H     UNIT         ?XD?_ATOI?ATOI
            XDATA   062EH     0004H     UNIT         ?XD?_DISPLAY_PROX?MAIN
            XDATA   0632H     0003H     UNIT         ?XD?_SENDSTRING?UART1
            XDATA   0635H     0001H     UNIT         ?XD?UC_ACK?IOEXPANDER_PI4IOE5V96248
            XDATA   0636H     0001H     UNIT         ?XD?UC_NACK?IOEXPANDER_PI4IOE5V96248

            * * * * * * *   C O D E   M E M O R Y   * * * * * * *
            CODE    0000H     0003H     ABSOLUTE     
BL51 BANKED LINKER/LOCATER V6.22                                                      02/22/2019  11:39:01  PAGE 3


            CODE    0003H     0006H     UNIT         ?PR?_TEN?UART1
            CODE    0009H     0001H     UNIT         ?PR?TM0_ISR?MAIN
            CODE    000AH     0001H     UNIT         ?PR?_DECTOBCD?UART1
            CODE    000BH     0003H     ABSOLUTE     
            CODE    000EH     0B00H     UNIT         ?PR?_UPDATE_POSITION?BIPOLARMOTOR
            CODE    0B0EH     0A7DH     UNIT         ?PR?MAIN?MAIN
            CODE    158BH     09B6H     UNIT         ?C?LIB_CODE
            CODE    1F41H     07A2H     UNIT         ?PR?SUNPOS?SUNPOS
            CODE    26E3H     03F2H     UNIT         ?C_INITSEG
            CODE    2AD5H     0309H     UNIT         ?PR?_FIND_REAL_MAX?CALIBRATION
            CODE    2DDEH     02C0H     UNIT         ?PR?_FINDDET4X4?BIPOLARMOTOR
            CODE    309EH     02A0H     UNIT         ?PR?KEY_PROCESS?KEYPAD
            CODE    333EH     01D1H     UNIT         ?PR?_FINDDET3X3?BIPOLARMOTOR
            CODE    350FH     018DH     UNIT         ?PR?KEY_SCAN?KEYPAD
            CODE    369CH     0188H     UNIT         ?PR?SIN?SIN
            CODE    3824H     0172H     UNIT         ?PR?_DISPLAY_POS?MAIN
            CODE    3996H     013CH     UNIT         ?PR?_CALIBRATION?CALIBRATION
            CODE    3AD2H     0122H     UNIT         ?PR?ATAN?ATAN
            CODE    3BF4H     0106H     UNIT         ?PR?_AT25SF041_READ?AT25SF041
            CODE    3CFAH     00FEH     UNIT         ?PR?SPI_NOR_WRITE_DATA?AT25SF041
            CODE    3DF8H     00FBH     UNIT         ?PR?_AT25SF041_WRITE?AT25SF041
            CODE    3EF3H     00DBH     UNIT         ?PR?_ATOI?ATOI
            CODE    3FCEH     00C3H     UNIT         ?PR?LINEAR_INTERPOLATE?BIPOLARMOTOR
            CODE    4091H     00BBH     UNIT         ?PR?VOLTAGE_IS_STABLE?CALIBRATION
            CODE    414CH     00ADH     UNIT         ?PR?_WRITE_PI4IOE5V96248?IOEXPANDER_PI4IOE5V96248
            CODE    41F9H     00ACH     UNIT         ?PR?SQRT?SQRT
            CODE    42A5H     00A1H     UNIT         ?PR?READ_STATUS_REGISTER_BYTE1?AT25SF041
            CODE    4346H     009DH     UNIT         ?PR?_ATAN2?ATAN2
            CODE    43E3H     009CH     UNIT         ?PR?_MAX_VALUE?CALIBRATION
            CODE    447FH     0095H     UNIT         ?PR?_DISPLAY_PROX?MAIN
            CODE    4514H     008CH     UNIT         ?C_C51STARTUP
            CODE    45A0H     0084H     UNIT         ?PR?_DAY_OF_YEAR?PCF85063BTL
            CODE    4624H     0075H     UNIT         ?PR?_WRITEDATA?LCD_DRIVER_SPLC780D
            CODE    4699H     006FH     UNIT         ?PR?_READ_TIME?PCF85063BTL
            CODE    4708H     005AH     UNIT         ?PR?AT25SF041_CHIPERASE?AT25SF041
            CODE    4762H     0059H     UNIT         ?PR?LCD_INIT?LCD_DRIVER_SPLC780D
            CODE    47BBH     0050H     UNIT         ?PR?AT25SF041_WRITEENABLE?AT25SF041
            CODE    480BH     004AH     UNIT         ?PR?VONESTEPMOVE?BIPOLARMOTOR
            CODE    4855H     004AH     UNIT         ?PR?ACOS?ACOS
            CODE    489FH     0044H     UNIT         ?C?LDIV
            CODE    48E3H     0040H     UNIT         ?PR?_COMMAND?LCD_DRIVER_SPLC780D
            CODE    4923H     0040H     UNIT         ?PR?_STEP_MOVE?BIPOLARMOTOR
            CODE    4963H     003BH     UNIT         ?PR?ASIN?ASIN
            CODE    499EH     0033H     UNIT         ?PR?_SENDSTRING?UART1
            CODE    49D1H     002CH     UNIT         ?PR?_ADC_GETRESULT?ADC
            CODE    49FDH     002BH     UNIT         ?PR?_WAIT_MS_I2C?IOEXPANDER_PI4IOE5V96248
            CODE    4A28H     002BH     UNIT         ?PR?_WAIT_MS_SPINOR?AT25SF041
            CODE    4A53H     0028H     UNIT         ?PR?_MOVE?BIPOLARMOTOR
            CODE    4A7BH     0027H     UNIT         ?PR?_I2C_SENDBYTE?IOEXPANDER_PI4IOE5V96248
            CODE    4AA2H     0024H     UNIT         ?PR?_WAIT_MS?LCD_DRIVER_SPLC780D
            CODE    4AC6H     0020H     UNIT         ?PR?_SPI_SENDBYTE?PCF85063BTL
            CODE    4AE6H     0020H     UNIT         ?PR?SPI_RECEIVEBYTE?PCF85063BTL
            CODE    4B06H     001FH     UNIT         ?PR?ADC_INIT?ADC
            CODE    4B25H     001EH     UNIT         ?PR?_DELAY_MS?KEYPAD
            CODE    4B43H     001DH     UNIT         ?PR?_DISPLAYLCD?LCD_DRIVER_SPLC780D
            CODE    4B60H     001BH     UNIT         ?PR?_BCDTODEC1?BIPOLARMOTOR
            CODE    4B7BH     0018H     UNIT         ?PR?_SPI_WRITETIME?PCF85063BTL
BL51 BANKED LINKER/LOCATER V6.22                                                      02/22/2019  11:39:01  PAGE 4


            CODE    4B93H     0017H     UNIT         ?PR?_ASCIITOBCD?UART1
            CODE    4BAAH     0016H     UNIT         ?PR?I2C_ACK?IOEXPANDER_PI4IOE5V96248
            CODE    4BC0H     0015H     UNIT         ?PR?_DISPLAY_LINE?LCD_DRIVER_SPLC780D
            CODE    4BD5H     0015H     UNIT         ?PR?I2C_STOP?IOEXPANDER_PI4IOE5V96248
            CODE    4BEAH     0014H     UNIT         ?PR?_PCF85063BTL_DELAY?PCF85063BTL
            CODE    4BFEH     0014H     UNIT         ?PR?_ISSPACE?ISSPACE
            CODE    4C12H     0011H     UNIT         ?PR?_SPI_READTIME?PCF85063BTL
            CODE    4C23H     0011H     UNIT         ?PR?_BCDTODEC?PCF85063BTL
            CODE    4C34H     0011H     UNIT         ?PR?INITUART1?UART1
            CODE    4C45H     000FH     UNIT         ?PR?I2C_START?IOEXPANDER_PI4IOE5V96248
            CODE    4C54H     000FH     UNIT         ?PR?UC_NACK?IOEXPANDER_PI4IOE5V96248
            CODE    4C63H     000FH     UNIT         ?PR?_ISDIGIT?ISDIGIT
            CODE    4C72H     000DH     UNIT         ?PR?SPI_INIT?PCF85063BTL
            CODE    4C7FH     000CH     UNIT         ?PR?KEYPAD_IO_INIT?KEYPAD
            CODE    4C8BH     000CH     UNIT         ?PR?_ABS?ABS
            CODE    4C97H     000AH     UNIT         ?PR?LCD_RETURN_HOME?LCD_DRIVER_SPLC780D
            CODE    4CA1H     000AH     UNIT         ?PR?LCD_CLEAR?LCD_DRIVER_SPLC780D
            CODE    4CABH     0006H     UNIT         ?PR?UC_ACK?IOEXPANDER_PI4IOE5V96248
            CODE    4CB1H     0005H     UNIT         ?PR?_UNIT?UART1
            CODE    4CB6H     0005H     UNIT         ?PR?_ASCII_LETTER?UART1
            CODE    4CBBH     0001H     UNIT         ?PR?WAIT?BIPOLARMOTOR
            CODE    4CBCH     0001H     UNIT         ?PR?NOP?IOEXPANDER_PI4IOE5V96248



OVERLAY MAP OF MODULE:   .\Obj\GPIO_RTC_Test (MAIN)


SEGMENT                                             BIT_GROUP          XDATA_GROUP
  +--> CALLED SEGMENT                            START    LENGTH     START    LENGTH
------------------------------------------------------------------------------------
?C_C51STARTUP                                    -----    -----      -----    -----
  +--> ?PR?MAIN?MAIN
  +--> ?C_INITSEG

?PR?MAIN?MAIN                                    -----    -----      038FH    0030H
  +--> ?PR?LCD_INIT?LCD_DRIVER_SPLC780D
  +--> ?PR?SPI_INIT?PCF85063BTL
  +--> ?PR?KEYPAD_IO_INIT?KEYPAD
  +--> ?PR?ADC_INIT?ADC
  +--> ?PR?_SPI_WRITETIME?PCF85063BTL
  +--> ?PR?_DELAY_MS?KEYPAD
  +--> ?PR?_DISPLAY_LINE?LCD_DRIVER_SPLC780D
  +--> ?PR?_WRITEDATA?LCD_DRIVER_SPLC780D
  +--> ?PR?KEY_PROCESS?KEYPAD
  +--> ?PR?_COMMAND?LCD_DRIVER_SPLC780D
  +--> ?PR?_DISPLAY_POS?MAIN
  +--> ?PR?_DISPLAYLCD?LCD_DRIVER_SPLC780D
  +--> ?PR?_STEP_MOVE?BIPOLARMOTOR
  +--> ?PR?LCD_RETURN_HOME?LCD_DRIVER_SPLC780D
  +--> ?PR?_READ_TIME?PCF85063BTL
  +--> ?PR?_ADC_GETRESULT?ADC
  +--> ?PR?_BCDTODEC1?BIPOLARMOTOR
  +--> ?PR?_CALIBRATION?CALIBRATION
  +--> ?PR?_WAIT_MS_SPINOR?AT25SF041
  +--> ?PR?SPI_NOR_WRITE_DATA?AT25SF041
  +--> ?PR?LINEAR_INTERPOLATE?BIPOLARMOTOR
BL51 BANKED LINKER/LOCATER V6.22                                                      02/22/2019  11:39:01  PAGE 5


  +--> ?PR?_UPDATE_POSITION?BIPOLARMOTOR

?PR?LCD_INIT?LCD_DRIVER_SPLC780D                 -----    -----      -----    -----
  +--> ?PR?_WAIT_MS?LCD_DRIVER_SPLC780D
  +--> ?PR?_COMMAND?LCD_DRIVER_SPLC780D

?PR?_COMMAND?LCD_DRIVER_SPLC780D                 -----    -----      -----    -----
  +--> ?PR?_WAIT_MS?LCD_DRIVER_SPLC780D

?PR?ADC_INIT?ADC                                 -----    -----      -----    -----
  +--> ?PR?_WAIT_MS?LCD_DRIVER_SPLC780D

?PR?_SPI_WRITETIME?PCF85063BTL                   -----    -----      -----    -----
  +--> ?PR?_SPI_SENDBYTE?PCF85063BTL

?PR?_SPI_SENDBYTE?PCF85063BTL                    -----    -----      -----    -----
  +--> ?PR?_PCF85063BTL_DELAY?PCF85063BTL

?PR?_DISPLAY_LINE?LCD_DRIVER_SPLC780D            -----    -----      -----    -----
  +--> ?PR?_COMMAND?LCD_DRIVER_SPLC780D

?PR?_WRITEDATA?LCD_DRIVER_SPLC780D               -----    -----      046CH    0001H
  +--> ?PR?_WAIT_MS?LCD_DRIVER_SPLC780D

?PR?KEY_PROCESS?KEYPAD                           -----    -----      03BFH    0006H
  +--> ?PR?KEY_SCAN?KEYPAD
  +--> ?PR?_SPI_WRITETIME?PCF85063BTL
  +--> ?PR?LCD_CLEAR?LCD_DRIVER_SPLC780D
  +--> ?PR?_COMMAND?LCD_DRIVER_SPLC780D
  +--> ?PR?_WRITEDATA?LCD_DRIVER_SPLC780D

?PR?KEY_SCAN?KEYPAD                              -----    -----      03C5H    0003H

?PR?LCD_CLEAR?LCD_DRIVER_SPLC780D                -----    -----      -----    -----
  +--> ?PR?_COMMAND?LCD_DRIVER_SPLC780D

?PR?_DISPLAY_POS?MAIN                            -----    -----      0462H    000AH
  +--> ?PR?_ABS?ABS
  +--> ?PR?_WRITEDATA?LCD_DRIVER_SPLC780D

?PR?_DISPLAYLCD?LCD_DRIVER_SPLC780D              -----    -----      03BFH    0001H
  +--> ?PR?_WRITEDATA?LCD_DRIVER_SPLC780D

?PR?_STEP_MOVE?BIPOLARMOTOR                      0020H.6  0000H.1    047BH    0004H
  +--> ?PR?VONESTEPMOVE?BIPOLARMOTOR

?PR?VONESTEPMOVE?BIPOLARMOTOR                    0020H.7  0000H.1    -----    -----
  +--> ?PR?_WRITE_PI4IOE5V96248?IOEXPANDER_P...
  +--> ?PR?_DELAY_MS?KEYPAD

?PR?_WRITE_PI4IOE5V96248?IOEXPANDER_P...         -----    -----      047FH    0003H
  +--> ?PR?I2C_START?IOEXPANDER_PI4IOE5V96248
  +--> ?PR?_WAIT_MS_I2C?IOEXPANDER_PI4IOE5V9...
  +--> ?PR?_I2C_SENDBYTE?IOEXPANDER_PI4IOE5V...
  +--> ?PR?I2C_ACK?IOEXPANDER_PI4IOE5V96248
  +--> ?PR?I2C_STOP?IOEXPANDER_PI4IOE5V96248

BL51 BANKED LINKER/LOCATER V6.22                                                      02/22/2019  11:39:01  PAGE 6


?PR?I2C_START?IOEXPANDER_PI4IOE5V96248           -----    -----      -----    -----
  +--> ?PR?_WAIT_MS_I2C?IOEXPANDER_PI4IOE5V9...

?PR?_I2C_SENDBYTE?IOEXPANDER_PI4IOE5V...         -----    -----      -----    -----
  +--> ?PR?_WAIT_MS_I2C?IOEXPANDER_PI4IOE5V9...

?PR?I2C_ACK?IOEXPANDER_PI4IOE5V96248             -----    -----      0482H    0001H
  +--> ?PR?_WAIT_MS_I2C?IOEXPANDER_PI4IOE5V9...

?PR?I2C_STOP?IOEXPANDER_PI4IOE5V96248            -----    -----      -----    -----
  +--> ?PR?_WAIT_MS_I2C?IOEXPANDER_PI4IOE5V9...

?PR?LCD_RETURN_HOME?LCD_DRIVER_SPLC780D          -----    -----      -----    -----
  +--> ?PR?_COMMAND?LCD_DRIVER_SPLC780D

?PR?_READ_TIME?PCF85063BTL                       -----    -----      03BFH    000FH
  +--> ?PR?_SPI_READTIME?PCF85063BTL

?PR?_SPI_READTIME?PCF85063BTL                    -----    -----      -----    -----
  +--> ?PR?_SPI_SENDBYTE?PCF85063BTL
  +--> ?PR?SPI_RECEIVEBYTE?PCF85063BTL

?PR?SPI_RECEIVEBYTE?PCF85063BTL                  -----    -----      -----    -----
  +--> ?PR?_PCF85063BTL_DELAY?PCF85063BTL

?PR?_CALIBRATION?CALIBRATION                     -----    -----      03BFH    0019H
  +--> ?PR?VOLTAGE_IS_STABLE?CALIBRATION
  +--> ?PR?_UPDATE_POSITION?BIPOLARMOTOR
  +--> ?PR?_FIND_REAL_MAX?CALIBRATION

?PR?VOLTAGE_IS_STABLE?CALIBRATION                -----    -----      03D8H    0018H
  +--> ?PR?_ADC_GETRESULT?ADC
  +--> ?PR?_ABS?ABS

?PR?_UPDATE_POSITION?BIPOLARMOTOR                -----    -----      03D8H    009FH
  +--> ?PR?_BCDTODEC1?BIPOLARMOTOR
  +--> ?PR?SUNPOS?SUNPOS
  +--> ?PR?SIN?SIN
  +--> ?PR?ASIN?ASIN
  +--> ?PR?LINEAR_INTERPOLATE?BIPOLARMOTOR
  +--> ?PR?_ABS?ABS
  +--> ?PR?_MOVE?BIPOLARMOTOR

?PR?SUNPOS?SUNPOS                                -----    -----      0477H    005DH
  +--> ?PR?SIN?SIN
  +--> ?PR?_ATAN2?ATAN2
  +--> ?PR?ASIN?ASIN
  +--> ?PR?ACOS?ACOS

?PR?SIN?SIN                                      0020H.5  0000H.1    04D4H    0004H

?PR?_ATAN2?ATAN2                                 -----    -----      04D4H    0008H
  +--> ?PR?ATAN?ATAN

?PR?ATAN?ATAN                                    0020H.5  0000H.2    04DCH    0004H

?PR?ASIN?ASIN                                    -----    -----      -----    -----
BL51 BANKED LINKER/LOCATER V6.22                                                      02/22/2019  11:39:01  PAGE 7


  +--> ?PR?SQRT?SQRT
  +--> ?PR?ATAN?ATAN

?PR?SQRT?SQRT                                    -----    -----      04D4H    0004H

?PR?ACOS?ACOS                                    -----    -----      -----    -----
  +--> ?PR?SQRT?SQRT
  +--> ?PR?ATAN?ATAN

?PR?LINEAR_INTERPOLATE?BIPOLARMOTOR              -----    -----      0477H    0014H

?PR?_MOVE?BIPOLARMOTOR                           0020H.5  0000H.1    0477H    0004H
  +--> ?PR?_STEP_MOVE?BIPOLARMOTOR

?PR?_FIND_REAL_MAX?CALIBRATION                   -----    -----      03D8H    008AH
  +--> ?PR?_ADC_GETRESULT?ADC
  +--> ?PR?_MOVE?BIPOLARMOTOR
  +--> ?PR?_COMMAND?LCD_DRIVER_SPLC780D
  +--> ?PR?_WRITEDATA?LCD_DRIVER_SPLC780D
  +--> ?PR?_DISPLAY_POS?MAIN
  +--> ?PR?_WAIT_MS?LCD_DRIVER_SPLC780D
  +--> ?PR?_MAX_VALUE?CALIBRATION

?PR?_MAX_VALUE?CALIBRATION                       -----    -----      0462H    0004H

?PR?SPI_NOR_WRITE_DATA?AT25SF041                 -----    -----      03BFH    000EH
  +--> ?PR?AT25SF041_WRITEENABLE?AT25SF041
  +--> ?PR?AT25SF041_CHIPERASE?AT25SF041
  +--> ?PR?_WAIT_MS_SPINOR?AT25SF041
  +--> ?PR?_AT25SF041_WRITE?AT25SF041

?PR?AT25SF041_WRITEENABLE?AT25SF041              -----    -----      03CDH    0002H
  +--> ?PR?_WAIT_MS_SPINOR?AT25SF041

?PR?AT25SF041_CHIPERASE?AT25SF041                -----    -----      03CDH    0002H
  +--> ?PR?_WAIT_MS_SPINOR?AT25SF041
  +--> ?PR?READ_STATUS_REGISTER_BYTE1?AT25SF041

?PR?READ_STATUS_REGISTER_BYTE1?AT25SF041         -----    -----      03CFH    0003H
  +--> ?PR?_WAIT_MS_SPINOR?AT25SF041

?PR?_AT25SF041_WRITE?AT25SF041                   -----    -----      03CDH    0008H
  +--> ?PR?_WAIT_MS_SPINOR?AT25SF041



UNRESOLVED EXTERNAL SYMBOLS:
   AUTO_MODE
   _SENDUART1



SYMBOL TABLE OF MODULE:  .\Obj\GPIO_RTC_Test (MAIN)

  VALUE           TYPE          NAME
  ----------------------------------

BL51 BANKED LINKER/LOCATER V6.22                                                      02/22/2019  11:39:01  PAGE 8


  -------         MODULE        MAIN
  C:0000H         SYMBOL        _ICE_DUMMY_
  X:04E8H         PUBLIC        calib_value
  D:0080H         PUBLIC        P0
  D:00B2H         PUBLIC        P3M0
  D:0090H         PUBLIC        P1
  D:00B1H         PUBLIC        P3M1
  D:00A0H         PUBLIC        P2
  D:00B0H         PUBLIC        P3
  D:00C0H         PUBLIC        P4
  D:00C8H         PUBLIC        P5
  X:053CH         SYMBOL        PressedKey
  B:00A8H.7       PUBLIC        EA
  D:00E8H         PUBLIC        P6
  X:0540H         PUBLIC        calib_stamp
  D:00F8H         PUBLIC        P7
  X:0541H         PUBLIC        RX_Data_Uart_Cnt
  D:00A8H         PUBLIC        IE
  X:0543H         PUBLIC        calib_time
  D:00B8H         PUBLIC        IP
  X:0597H         PUBLIC        months
  D:00D8H         PUBLIC        CCON
  C:0B0EH         PUBLIC        main
  X:0598H         PUBLIC        count
  X:059AH         PUBLIC        days
  X:059BH         PUBLIC        hours
  D:0098H         PUBLIC        SCON
  D:0089H         PUBLIC        TMOD
  D:0088H         PUBLIC        TCON
  B:00A0H.3       PUBLIC        P23
  X:059CH         SYMBOL        KeyCount
  X:059EH         PUBLIC        mins
  X:059FH         PUBLIC        Rec_data_hour
  B:00C8H.5       PUBLIC        P55
  X:05A2H         PUBLIC        Rec_data_min
  D:008EH         PUBLIC        AUXR
  C:0009H         PUBLIC        tm0_isr
  B:0021H.0       PUBLIC        busy
  B:00A8H.1       PUBLIC        ET0
  D:008CH         PUBLIC        TH0
  X:05A5H         PUBLIC        hour_count
  D:008AH         PUBLIC        TL0
  X:05A6H         PUBLIC        min_count
  B:0088H.4       PUBLIC        TR0
  X:05A7H         SYMBOL        KeyNum
  X:05A8H         SYMBOL        KeyNum_Old
  X:05A9H         PUBLIC        current_position
  X:05ADH         PUBLIC        hours1
  X:05AEH         PUBLIC        hours2
  C:447FH         PUBLIC        _Display_Prox
  X:05AFH         PUBLIC        mins1
  X:05B0H         PUBLIC        mins2
  C:3824H         PUBLIC        _Display_Pos
  X:05B1H         PUBLIC        seconds
  X:05B2H         PUBLIC        st_time
  D:00D0H         PUBLIC        PSW
  -------         PROC          TM0_ISR
BL51 BANKED LINKER/LOCATER V6.22                                                      02/22/2019  11:39:01  PAGE 9


  C:0009H         LINE#         85
  C:0009H         LINE#         87
  -------         ENDPROC       TM0_ISR
  -------         PROC          MAIN
  -------         DO            
  X:038FH         SYMBOL        sunlight_ADC
  X:04E0H         SYMBOL        KeyCount
  X:04E2H         SYMBOL        KeyNum_Old
  X:04E3H         SYMBOL        KeyNum
  X:04E4H         SYMBOL        PressedKey
  X:0391H         SYMBOL        prox_flag
  X:0392H         SYMBOL        iUse_prevday_calib_value
  X:0394H         SYMBOL        max_ADC_Val
  X:0396H         SYMBOL        max_ADC_Val_JP
  X:0398H         SYMBOL        calib_point1
  X:03A0H         SYMBOL        calib_point2
  X:03A8H         SYMBOL        dat_to_store
  X:03B3H         SYMBOL        calib_day
  X:03B5H         SYMBOL        calib_count
  X:03B7H         SYMBOL        theorical_JP_max_pos
  X:03BBH         SYMBOL        SPI_NOR_INTERNAL_FLASH_ADDR
  -------         ENDDO         
  C:0B0EH         LINE#         89
  C:0B0EH         LINE#         90
  C:0B0EH         LINE#         95
  C:0B14H         LINE#         96
  C:0B21H         LINE#         100
  C:0B27H         LINE#         101
  C:0B31H         LINE#         102
  C:0B3BH         LINE#         106
  C:0B3DH         LINE#         107
  C:0B3FH         LINE#         108
  C:0B41H         LINE#         109
  C:0B43H         LINE#         111
  C:0B4AH         LINE#         120
  C:0B4CH         LINE#         121
  C:0B4FH         LINE#         122
  C:0B52H         LINE#         123
  C:0B55H         LINE#         124
  C:0B58H         LINE#         125
  C:0B5BH         LINE#         128
  C:0B5EH         LINE#         130
  C:0B61H         LINE#         131
  C:0B64H         LINE#         132
  C:0B67H         LINE#         133
  C:0B69H         LINE#         134
  C:0B6BH         LINE#         135
  C:0B6DH         LINE#         137
  C:0B6FH         LINE#         138
  C:0B76H         LINE#         139
  C:0B7DH         LINE#         140
  C:0B84H         LINE#         141
  C:0B8BH         LINE#         145
  C:0B92H         LINE#         146
  C:0B97H         LINE#         147
  C:0B9CH         LINE#         148
  C:0BA1H         LINE#         149
BL51 BANKED LINKER/LOCATER V6.22                                                      02/22/2019  11:39:01  PAGE 10


  C:0BA6H         LINE#         150
  C:0BABH         LINE#         153
  C:0BC4H         LINE#         154
  C:0BC4H         LINE#         155
  C:0BE0H         LINE#         156
  C:0C27H         LINE#         157
  C:0C38H         LINE#         158
  C:0C38H         LINE#         159
  C:0C38H         LINE#         160
  C:0C3BH         LINE#         163
  C:0C3BH         LINE#         166
  C:0C40H         LINE#         167
  C:0C45H         LINE#         169
  C:0C4AH         LINE#         170
  C:0C4FH         LINE#         171
  C:0C54H         LINE#         172
  C:0C59H         LINE#         174
  C:0C6AH         LINE#         175
  C:0C6FH         LINE#         176
  C:0C74H         LINE#         178
  C:0C7BH         LINE#         179
  C:0C83H         LINE#         180
  C:0C88H         LINE#         181
  C:0C90H         LINE#         182
  C:0C95H         LINE#         183
  C:0C9FH         LINE#         184
  C:0CA4H         LINE#         185
  C:0CACH         LINE#         187
  C:0CB4H         LINE#         188
  C:0CB9H         LINE#         189
  C:0CC3H         LINE#         190
  C:0CC3H         LINE#         191
  C:0CC5H         LINE#         192
  C:0CC7H         LINE#         193
  C:0CD1H         LINE#         194
  C:0CD1H         LINE#         195
  C:0CD6H         LINE#         196
  C:0CD6H         LINE#         208
  C:0CE3H         LINE#         209
  C:0CE3H         LINE#         210
  C:0CEDH         LINE#         211
  C:0D04H         LINE#         212
  C:0D04H         LINE#         213
  C:0D06H         LINE#         214
  C:0D08H         LINE#         216
  C:0D08H         LINE#         217
  C:0D13H         LINE#         218
  C:0D13H         LINE#         219
  C:0D18H         LINE#         220
  C:0D18H         LINE#         221
  C:0D25H         LINE#         222
  C:0D25H         LINE#         225
  C:0D2FH         LINE#         226
  C:0D46H         LINE#         227
  C:0D46H         LINE#         228
  C:0D48H         LINE#         229
  C:0D4AH         LINE#         231
BL51 BANKED LINKER/LOCATER V6.22                                                      02/22/2019  11:39:01  PAGE 11


  C:0D4AH         LINE#         232
  C:0D55H         LINE#         233
  C:0D55H         LINE#         234
  C:0D5AH         LINE#         235
  C:0D5CH         LINE#         236
  C:0D5CH         LINE#         245
  C:0D7EH         LINE#         246
  C:0D7EH         LINE#         247
  C:0D88H         LINE#         248
  C:0D8EH         LINE#         249
  C:0D90H         LINE#         250
  C:0D92H         LINE#         251
  C:0D94H         LINE#         252
  C:0D94H         LINE#         253
  C:0D97H         LINE#         255
  C:0D97H         LINE#         256
  C:0D9DH         LINE#         257
  C:0DA5H         LINE#         258
  C:0DABH         LINE#         259
  C:0DB3H         LINE#         260
  C:0DEEH         LINE#         264
  C:0DFBH         LINE#         265
  C:0DFBH         LINE#         266
  C:0E08H         LINE#         267
  C:0E3BH         LINE#         268
  C:0E48H         LINE#         269
  C:0E48H         LINE#         271
  C:0E77H         LINE#         272
  C:0E77H         LINE#         273
  C:0E99H         LINE#         274
  C:0E99H         LINE#         275
  C:0F15H         LINE#         276
  C:0F93H         LINE#         280
  C:0F9BH         LINE#         281
  C:0FA3H         LINE#         282
  C:0FABH         LINE#         284
  C:0FB3H         LINE#         285
  C:0FBCH         LINE#         286
  C:0FD2H         LINE#         288
  C:0FFCH         LINE#         289
  C:0FFFH         LINE#         290
  C:1008H         LINE#         292
  C:101EH         LINE#         293
  C:1048H         LINE#         356
  C:104FH         LINE#         357
  C:104FH         LINE#         358
  C:1052H         LINE#         359
  C:1063H         LINE#         360
  C:1063H         LINE#         361
  C:1063H         LINE#         363
  C:1063H         LINE#         366
  C:1066H         LINE#         368
  C:1066H         LINE#         369
  C:1088H         LINE#         370
  C:1088H         LINE#         371
  C:1104H         LINE#         372
  C:1159H         LINE#         373
BL51 BANKED LINKER/LOCATER V6.22                                                      02/22/2019  11:39:01  PAGE 12


  C:1159H         LINE#         374
  C:1159H         LINE#         375
  C:115CH         LINE#         379
  C:115CH         LINE#         382
  C:1190H         LINE#         383
  C:1190H         LINE#         384
  C:11B2H         LINE#         385
  C:11B2H         LINE#         386
  C:122EH         LINE#         387
  C:12ACH         LINE#         391
  C:12B4H         LINE#         392
  C:12BCH         LINE#         393
  C:12C4H         LINE#         395
  C:12CCH         LINE#         397
  C:12E2H         LINE#         399
  C:1312H         LINE#         403
  C:1328H         LINE#         404
  C:1358H         LINE#         405
  C:137CH         LINE#         407
  C:137FH         LINE#         408
  C:1390H         LINE#         409
  C:1390H         LINE#         410
  C:1398H         LINE#         412
  C:1398H         LINE#         415
  C:139BH         LINE#         417
  C:139BH         LINE#         419
  C:13BDH         LINE#         420
  C:13BDH         LINE#         421
  C:1439H         LINE#         423
  C:1466H         LINE#         424
  C:1481H         LINE#         425
  C:14AEH         LINE#         426
  C:14C9H         LINE#         428
  C:1565H         LINE#         431
  C:1565H         LINE#         432
  C:1565H         LINE#         433
  C:1565H         LINE#         435
  C:1565H         LINE#         438
  C:1581H         LINE#         439
  C:1586H         LINE#         441
  C:1588H         LINE#         442
  -------         ENDPROC       MAIN
  -------         PROC          _DISPLAY_PROX
  D:0002H         SYMBOL        dat
  -------         DO            
  X:062EH         SYMBOL        unit
  X:062FH         SYMBOL        ten
  X:0630H         SYMBOL        hundred
  X:0631H         SYMBOL        thousand
  -------         ENDDO         
  C:447FH         LINE#         526
  C:4483H         LINE#         527
  C:4483H         LINE#         529
  C:448FH         LINE#         530
  C:449FH         LINE#         531
  C:44BBH         LINE#         532
  C:44EBH         LINE#         533
BL51 BANKED LINKER/LOCATER V6.22                                                      02/22/2019  11:39:01  PAGE 13


  C:44F5H         LINE#         534
  C:44FFH         LINE#         535
  C:4509H         LINE#         536
  C:4513H         LINE#         538
  -------         ENDPROC       _DISPLAY_PROX
  -------         PROC          _DISPLAY_POS
  X:0462H         SYMBOL        sign_dat
  -------         DO            
  X:0466H         SYMBOL        unit
  X:0467H         SYMBOL        ten
  X:0468H         SYMBOL        hundred
  D:0003H         SYMBOL        thousand
  X:0469H         SYMBOL        after_dot
  X:046AH         SYMBOL        dat
  -------         ENDDO         
  C:3824H         LINE#         541
  C:382AH         LINE#         542
  C:382AH         LINE#         546
  C:3846H         LINE#         547
  C:3860H         LINE#         548
  C:3884H         LINE#         550
  C:38CEH         LINE#         552
  C:38E5H         LINE#         553
  C:38F2H         LINE#         554
  C:3914H         LINE#         555
  C:3949H         LINE#         556
  C:3961H         LINE#         557
  C:3961H         LINE#         559
  C:3961H         LINE#         560
  C:3961H         LINE#         561
  C:3961H         LINE#         562
  C:3961H         LINE#         563
  C:3961H         LINE#         567
  C:3963H         LINE#         569
  C:3963H         LINE#         571
  C:3968H         LINE#         572
  C:3972H         LINE#         573
  C:397CH         LINE#         574
  C:3986H         LINE#         575
  C:398BH         LINE#         576
  C:3995H         LINE#         580
  C:3995H         LINE#         582
  -------         ENDPROC       _DISPLAY_POS
  -------         ENDMOD        MAIN

  -------         MODULE        PCF85063BTL
  C:0000H         SYMBOL        _ICE_DUMMY_
  D:0096H         PUBLIC        P2M0
  D:0080H         PUBLIC        P0
  D:0095H         PUBLIC        P2M1
  D:0090H         PUBLIC        P1
  D:00A0H         PUBLIC        P2
  D:00B0H         PUBLIC        P3
  D:00C0H         PUBLIC        P4
  D:00C8H         PUBLIC        P5
  D:00E8H         PUBLIC        P6
  B:00A0H.1       PUBLIC        PCF85063BTL_SDI
BL51 BANKED LINKER/LOCATER V6.22                                                      02/22/2019  11:39:01  PAGE 14


  D:00F8H         PUBLIC        P7
  B:00A0H.2       PUBLIC        PCF85063BTL_SCK
  B:00A0H.1       PUBLIC        PCF85063BTL_SDO
  D:00A8H         PUBLIC        IE
  C:4699H         PUBLIC        _Read_time
  C:4BF0H         PUBLIC        _PCF85063BTL_Delay
  D:00B8H         PUBLIC        IP
  D:00D8H         PUBLIC        CCON
  C:45A0H         PUBLIC        _Day_Of_Year
  C:4AE6H         PUBLIC        SPI_ReceiveByte
  D:0098H         PUBLIC        SCON
  D:0088H         PUBLIC        TCON
  C:4C23H         PUBLIC        _BCDtoDec
  B:00A0H.0       PUBLIC        PCF85063BTL_CS
  C:4C12H         PUBLIC        _SPI_ReadTime
  C:4C72H         PUBLIC        SPI_Init
  C:4B7BH         PUBLIC        _SPI_WriteTime
  C:4AC6H         PUBLIC        _SPI_SendByte
  D:00D0H         PUBLIC        PSW
  C:4BECH         SYMBOL        L?0047
  -------         PROC          L?0046
  -------         ENDPROC       L?0046
  C:4BECH         SYMBOL        L?0047
  -------         PROC          _PCF85063BTL_DELAY
  D:0006H         SYMBOL        us
  C:4BF0H         LINE#         8
  C:4BF0H         LINE#         9
  C:4BF0H         LINE#         10
  C:4BFAH         LINE#         11
  C:4BFAH         LINE#         12
  C:4BFBH         LINE#         13
  C:4BFDH         LINE#         14
  -------         ENDPROC       _PCF85063BTL_DELAY
  -------         PROC          _SPI_SENDBYTE
  D:0005H         SYMBOL        dat
  -------         DO            
  D:0003H         SYMBOL        i
  -------         ENDDO         
  C:4AC6H         LINE#         17
  C:4AC8H         LINE#         18
  C:4AC8H         LINE#         20
  C:4ACAH         LINE#         21
  C:4ACAH         LINE#         22
  C:4ACCH         LINE#         23
  C:4AD0H         LINE#         24
  C:4AD0H         LINE#         25
  C:4AD2H         LINE#         26
  C:4AD4H         LINE#         28
  C:4AD4H         LINE#         29
  C:4AD6H         LINE#         30
  C:4AD6H         LINE#         31
  C:4AD9H         LINE#         32
  C:4AD9H         LINE#         33
  C:4ADCH         LINE#         34
  C:4AE0H         LINE#         35
  C:4AE5H         LINE#         36
  -------         ENDPROC       _SPI_SENDBYTE
BL51 BANKED LINKER/LOCATER V6.22                                                      02/22/2019  11:39:01  PAGE 15


  -------         PROC          SPI_RECEIVEBYTE
  -------         DO            
  D:0003H         SYMBOL        i
  D:0005H         SYMBOL        dat
  -------         ENDDO         
  C:4AE6H         LINE#         39
  C:4AE6H         LINE#         40
  C:4AE6H         LINE#         42
  C:4AE8H         LINE#         44
  C:4AEAH         LINE#         45
  C:4AEBH         LINE#         46
  C:4AEBH         LINE#         47
  C:4AEFH         LINE#         48
  C:4AF1H         LINE#         49
  C:4AF4H         LINE#         51
  C:4AF7H         LINE#         52
  C:4AF7H         LINE#         53
  C:4AFBH         LINE#         54
  C:4AFBH         LINE#         55
  C:4AFBH         LINE#         56
  C:4AFEH         LINE#         57
  C:4B03H         LINE#         58
  C:4B05H         LINE#         59
  -------         ENDPROC       SPI_RECEIVEBYTE
  -------         PROC          _SPI_READTIME
  D:0007H         SYMBOL        addr
  -------         DO            
  D:0006H         SYMBOL        dat
  -------         ENDDO         
  C:4C12H         LINE#         61
  C:4C12H         LINE#         62
  C:4C12H         LINE#         64
  C:4C14H         LINE#         65
  C:4C16H         LINE#         66
  C:4C1DH         LINE#         67
  C:4C20H         LINE#         68
  C:4C22H         LINE#         69
  C:4C22H         LINE#         70
  -------         ENDPROC       _SPI_READTIME
  -------         PROC          _SPI_WRITETIME
  D:0002H         SYMBOL        val
  D:0005H         SYMBOL        addr
  C:4B7BH         LINE#         71
  C:4B7DH         LINE#         72
  C:4B7DH         LINE#         74
  C:4B7FH         LINE#         75
  C:4B86H         LINE#         76
  C:4B8BH         LINE#         77
  C:4B90H         LINE#         78
  C:4B92H         LINE#         79
  -------         ENDPROC       _SPI_WRITETIME
  -------         PROC          SPI_INIT
  C:4C72H         LINE#         83
  C:4C72H         LINE#         84
  C:4C72H         LINE#         89
  C:4C75H         LINE#         90
  C:4C78H         LINE#         91
BL51 BANKED LINKER/LOCATER V6.22                                                      02/22/2019  11:39:01  PAGE 16


  C:4C7AH         LINE#         92
  C:4C7CH         LINE#         93
  C:4C7EH         LINE#         94
  -------         ENDPROC       SPI_INIT
  -------         PROC          _READ_TIME
  X:03BFH         SYMBOL        months
  X:03C2H         SYMBOL        days
  X:03C5H         SYMBOL        hours
  X:03C8H         SYMBOL        mins
  X:03CBH         SYMBOL        seconds
  C:4699H         LINE#         96
  C:46A4H         LINE#         97
  C:46A4H         LINE#         99
  C:46B8H         LINE#         101
  C:46CCH         LINE#         103
  C:46E0H         LINE#         108
  C:46F4H         LINE#         113
  -------         ENDPROC       _READ_TIME
  -------         PROC          _BCDTODEC
  D:0007H         SYMBOL        bcd
  -------         DO            
  D:0006H         SYMBOL        hi
  D:0007H         SYMBOL        lo
  -------         ENDDO         
  C:4C23H         LINE#         119
  C:4C23H         LINE#         120
  C:4C23H         LINE#         122
  C:4C28H         LINE#         123
  C:4C2CH         LINE#         124
  C:4C33H         LINE#         125
  -------         ENDPROC       _BCDTODEC
  -------         PROC          _DAY_OF_YEAR
  D:0007H         SYMBOL        months_bcd
  D:0005H         SYMBOL        days_bcd
  -------         DO            
  D:0004H         SYMBOL        months
  D:0007H         SYMBOL        days
  -------         ENDDO         
  C:45A0H         LINE#         126
  C:45A0H         LINE#         127
  C:45A0H         LINE#         130
  C:45A5H         LINE#         132
  C:45AAH         LINE#         134
  C:45E3H         LINE#         135
  C:45E3H         LINE#         136
  C:45E3H         LINE#         137
  C:45E6H         LINE#         138
  C:45E6H         LINE#         139
  C:45E6H         LINE#         140
  C:45EBH         LINE#         141
  C:45EBH         LINE#         142
  C:45EBH         LINE#         143
  C:45F0H         LINE#         144
  C:45F0H         LINE#         145
  C:45F0H         LINE#         146
  C:45F5H         LINE#         147
  C:45F5H         LINE#         148
BL51 BANKED LINKER/LOCATER V6.22                                                      02/22/2019  11:39:01  PAGE 17


  C:45F5H         LINE#         149
  C:45FAH         LINE#         150
  C:45FAH         LINE#         151
  C:45FAH         LINE#         152
  C:45FFH         LINE#         153
  C:45FFH         LINE#         154
  C:45FFH         LINE#         155
  C:4604H         LINE#         156
  C:4604H         LINE#         157
  C:4604H         LINE#         158
  C:4609H         LINE#         159
  C:4609H         LINE#         160
  C:4609H         LINE#         161
  C:4611H         LINE#         162
  C:4611H         LINE#         163
  C:4611H         LINE#         164
  C:4616H         LINE#         165
  C:4616H         LINE#         166
  C:4616H         LINE#         167
  C:461BH         LINE#         168
  C:461BH         LINE#         169
  C:461BH         LINE#         170
  C:4623H         LINE#         171
  C:4623H         LINE#         172
  C:4623H         LINE#         173
  -------         ENDPROC       _DAY_OF_YEAR
  -------         ENDMOD        PCF85063BTL

  -------         MODULE        UART1
  C:0000H         SYMBOL        _ICE_DUMMY_
  D:0080H         PUBLIC        P0
  D:0090H         PUBLIC        P1
  D:00A0H         PUBLIC        P2
  D:00B0H         PUBLIC        P3
  D:00C0H         PUBLIC        P4
  D:00C8H         PUBLIC        P5
  B:00A8H.7       PUBLIC        EA
  D:00E8H         PUBLIC        P6
  D:00F8H         PUBLIC        P7
  C:499EH         PUBLIC        _SendString
  D:00A8H         PUBLIC        IE
  B:00A8H.4       PUBLIC        ES
  D:00B8H         PUBLIC        IP
  C:4B93H         PUBLIC        _ASCIItoBCD
  D:00D8H         PUBLIC        CCON
  C:4C34H         PUBLIC        initUART1
  D:0098H         PUBLIC        SCON
  D:0088H         PUBLIC        TCON
  C:000AH         PUBLIC        _DectoBCD
  C:4CB6H         PUBLIC        _ASCII_Letter
  D:008EH         PUBLIC        AUXR
  C:4CB1H         PUBLIC        _unit
  C:0003H         PUBLIC        _ten
  D:00D6H         PUBLIC        T2H
  D:00D7H         PUBLIC        T2L
  D:00D0H         PUBLIC        PSW
  -------         PROC          INITUART1
BL51 BANKED LINKER/LOCATER V6.22                                                      02/22/2019  11:39:01  PAGE 18


  C:4C34H         LINE#         21
  C:4C34H         LINE#         22
  C:4C34H         LINE#         23
  C:4C37H         LINE#         24
  C:4C3AH         LINE#         25
  C:4C3DH         LINE#         26
  C:4C40H         LINE#         27
  C:4C42H         LINE#         28
  C:4C44H         LINE#         30
  -------         ENDPROC       INITUART1
  -------         PROC          _SENDSTRING
  X:0632H         SYMBOL        s
  C:499EH         LINE#         35
  C:49A9H         LINE#         36
  C:49A9H         LINE#         37
  C:49B9H         LINE#         38
  C:49B9H         LINE#         39
  C:49CEH         LINE#         40
  C:49D0H         LINE#         41
  -------         ENDPROC       _SENDSTRING
  -------         PROC          _TEN
  D:0007H         SYMBOL        BCD
  C:0003H         LINE#         43
  C:0003H         LINE#         44
  C:0003H         LINE#         45
  C:0008H         LINE#         46
  -------         ENDPROC       _TEN
  -------         PROC          _UNIT
  D:0007H         SYMBOL        BCD
  C:4CB1H         LINE#         47
  C:4CB1H         LINE#         48
  C:4CB1H         LINE#         52
  C:4CB5H         LINE#         53
  -------         ENDPROC       _UNIT
  -------         PROC          _DECTOBCD
  D:0007H         SYMBOL        dec
  C:000AH         LINE#         54
  C:000AH         LINE#         55
  C:000AH         LINE#         57
  C:000AH         LINE#         58
  -------         ENDPROC       _DECTOBCD
  -------         PROC          _ASCII_LETTER
  D:0007H         SYMBOL        dat
  C:4CB6H         LINE#         60
  C:4CB6H         LINE#         61
  C:4CB6H         LINE#         63
  C:4CBAH         LINE#         64
  -------         ENDPROC       _ASCII_LETTER
  -------         PROC          _ASCIITOBCD
  D:0001H         SYMBOL        ascii
  -------         DO            
  D:0007H         SYMBOL        dec_val
  D:0006H         SYMBOL        ten
  D:0007H         SYMBOL        unit
  -------         ENDDO         
  C:4B93H         LINE#         66
  C:4B93H         LINE#         67
BL51 BANKED LINKER/LOCATER V6.22                                                      02/22/2019  11:39:01  PAGE 19


  C:4B93H         LINE#         69
  C:4B96H         LINE#         70
  C:4B9CH         LINE#         71
  C:4BA3H         LINE#         72
  C:4BA9H         LINE#         74
  -------         ENDPROC       _ASCIITOBCD
  -------         ENDMOD        UART1

  -------         MODULE        LCD_DRIVER_SPLC780D
  C:0000H         SYMBOL        _ICE_DUMMY_
  D:0092H         PUBLIC        P1M0
  D:0091H         PUBLIC        P1M1
  D:0080H         PUBLIC        P0
  D:0090H         PUBLIC        P1
  D:00A0H         PUBLIC        P2
  D:00B0H         PUBLIC        P3
  D:00C0H         PUBLIC        P4
  D:00C8H         PUBLIC        P5
  D:00E8H         PUBLIC        P6
  D:00F8H         PUBLIC        P7
  C:4624H         PUBLIC        _WriteData
  D:00A8H         PUBLIC        IE
  D:00B8H         PUBLIC        IP
  D:00D8H         PUBLIC        CCON
  B:00B0H.4       PUBLIC        LCD_D4
  B:00B0H.5       PUBLIC        LCD_D5
  B:00B0H.6       PUBLIC        LCD_D6
  C:4B43H         PUBLIC        _DisplayLCD
  B:00B0H.7       PUBLIC        LCD_D7
  D:0098H         PUBLIC        SCON
  D:0088H         PUBLIC        TCON
  C:4CA1H         PUBLIC        LCD_clear
  C:48E3H         PUBLIC        _Command
  C:4BC0H         PUBLIC        _Display_Line
  C:4762H         PUBLIC        LCD_Init
  C:4AA8H         PUBLIC        _Wait_ms
  B:00C0H.0       PUBLIC        LCD_RS
  B:00B0H.2       PUBLIC        LCD_RW
  C:4C97H         PUBLIC        LCD_return_home
  B:00B0H.3       PUBLIC        LCD_E
  D:00D0H         PUBLIC        PSW
  -------         PROC          LCD_INIT
  C:4762H         LINE#         9
  C:4762H         LINE#         10
  C:4762H         LINE#         11
  C:4765H         LINE#         12
  C:4768H         LINE#         14
  C:476EH         LINE#         15
  C:4773H         LINE#         17
  C:477AH         LINE#         18
  C:477FH         LINE#         20
  C:4782H         LINE#         21
  C:4787H         LINE#         23
  C:478AH         LINE#         24
  C:478FH         LINE#         26
  C:4796H         LINE#         29
  C:479BH         LINE#         30
BL51 BANKED LINKER/LOCATER V6.22                                                      02/22/2019  11:39:01  PAGE 20


  C:47A0H         LINE#         32
  C:47A5H         LINE#         33
  C:47AAH         LINE#         35
  C:47AFH         LINE#         36
  C:47B4H         LINE#         37
  -------         ENDPROC       LCD_INIT
  -------         PROC          _WRITEDATA
  X:046CH         SYMBOL        dat
  C:4624H         LINE#         40
  C:4629H         LINE#         41
  C:4629H         LINE#         46
  C:462BH         LINE#         47
  C:462DH         LINE#         49
  C:463BH         LINE#         50
  C:4647H         LINE#         51
  C:4653H         LINE#         52
  C:465DH         LINE#         53
  C:465FH         LINE#         54
  C:4666H         LINE#         55
  C:4668H         LINE#         57
  C:4678H         LINE#         58
  C:4683H         LINE#         59
  C:468DH         LINE#         60
  C:4691H         LINE#         62
  C:4691H         LINE#         63
  C:4694H         LINE#         64
  C:4696H         LINE#         65
  C:4698H         LINE#         67
  -------         ENDPROC       _WRITEDATA
  -------         PROC          _COMMAND
  D:0007H         SYMBOL        dat
  C:48E3H         LINE#         69
  C:48E3H         LINE#         70
  C:48E3H         LINE#         71
  C:48E5H         LINE#         72
  C:48E7H         LINE#         74
  C:48F1H         LINE#         75
  C:48F5H         LINE#         77
  C:48F7H         LINE#         78
  C:4900H         LINE#         79
  C:4904H         LINE#         81
  C:4906H         LINE#         82
  C:490DH         LINE#         83
  C:4911H         LINE#         85
  C:4913H         LINE#         86
  C:4917H         LINE#         87
  C:491BH         LINE#         89
  C:491DH         LINE#         90
  C:491DH         LINE#         91
  C:4920H         LINE#         92
  C:4922H         LINE#         93
  -------         ENDPROC       _COMMAND
  C:4AA4H         SYMBOL        L?0028
  -------         PROC          L?0027
  -------         ENDPROC       L?0027
  C:4AA4H         SYMBOL        L?0028
  -------         PROC          _WAIT_MS
BL51 BANKED LINKER/LOCATER V6.22                                                      02/22/2019  11:39:01  PAGE 21


  D:0006H         SYMBOL        ms
  -------         DO            
  D:0004H         SYMBOL        De_Cnt
  -------         ENDDO         
  C:4AA8H         LINE#         95
  C:4AA8H         LINE#         96
  C:4AA8H         LINE#         98
  C:4AB2H         LINE#         99
  C:4AB2H         LINE#         100
  C:4AC5H         LINE#         101
  C:4AC5H         LINE#         102
  -------         ENDPROC       _WAIT_MS
  -------         PROC          _DISPLAYLCD
  D:0007H         SYMBOL        BCD
  -------         DO            
  D:0006H         SYMBOL        first_digit
  X:03BFH         SYMBOL        second_digit
  -------         ENDDO         
  C:4B43H         LINE#         103
  C:4B43H         LINE#         104
  C:4B43H         LINE#         106
  C:4B4AH         LINE#         107
  C:4B53H         LINE#         109
  C:4B58H         LINE#         111
  -------         ENDPROC       _DISPLAYLCD
  -------         PROC          LCD_RETURN_HOME
  C:4C97H         LINE#         115
  C:4C97H         LINE#         116
  C:4C97H         LINE#         117
  C:4C9CH         LINE#         118
  -------         ENDPROC       LCD_RETURN_HOME
  -------         PROC          LCD_CLEAR
  C:4CA1H         LINE#         121
  C:4CA1H         LINE#         122
  C:4CA1H         LINE#         123
  C:4CA6H         LINE#         124
  -------         ENDPROC       LCD_CLEAR
  -------         PROC          _DISPLAY_LINE
  D:0006H         SYMBOL        line
  C:4BC0H         LINE#         128
  C:4BC0H         LINE#         129
  C:4BC0H         LINE#         130
  C:4BC6H         LINE#         131
  C:4BC6H         LINE#         132
  C:4BC8H         LINE#         133
  C:4BC8H         LINE#         134
  C:4BCAH         LINE#         136
  C:4BCAH         LINE#         137
  C:4BCFH         LINE#         138
  C:4BD4H         LINE#         139
  C:4BD4H         LINE#         140
  -------         ENDPROC       _DISPLAY_LINE
  -------         ENDMOD        LCD_DRIVER_SPLC780D

  -------         MODULE        KEYPAD
  C:0000H         SYMBOL        _ICE_DUMMY_
  D:0093H         PUBLIC        P0M1
BL51 BANKED LINKER/LOCATER V6.22                                                      02/22/2019  11:39:01  PAGE 22


  D:0080H         PUBLIC        P0
  D:0090H         PUBLIC        P1
  D:00A0H         PUBLIC        P2
  D:00B0H         PUBLIC        P3
  D:00C0H         PUBLIC        P4
  D:00C8H         PUBLIC        P5
  B:0020H.0       PUBLIC        calib_mode
  D:00E8H         PUBLIC        P6
  D:00F8H         PUBLIC        P7
  D:00A8H         PUBLIC        IE
  C:350FH         PUBLIC        Key_Scan
  D:00B8H         PUBLIC        IP
  D:00D8H         PUBLIC        CCON
  C:4C7FH         PUBLIC        KeyPad_IO_Init
  C:4B25H         PUBLIC        _Delay_ms
  D:0098H         PUBLIC        SCON
  D:0088H         PUBLIC        TCON
  B:0020H.1       PUBLIC        small_move
  B:0020H.2       PUBLIC        move
  B:0020H.3       PUBLIC        direction
  B:0020H.4       PUBLIC        auto_move
  C:309EH         PUBLIC        Key_Process
  D:00D0H         PUBLIC        PSW
  D:0094H         PUBLIC        P0M0
  -------         PROC          _DELAY_MS
  D:0006H         SYMBOL        ms
  -------         DO            
  D:0004H         SYMBOL        De_Cnt
  -------         ENDDO         
  C:4B25H         LINE#         19
  C:4B25H         LINE#         20
  C:4B25H         LINE#         22
  C:4B2FH         LINE#         23
  C:4B2FH         LINE#         24
  C:4B42H         LINE#         25
  C:4B42H         LINE#         26
  -------         ENDPROC       _DELAY_MS
  -------         PROC          KEY_SCAN
  -------         DO            
  X:03C5H         SYMBOL        KeyTemp1
  X:03C6H         SYMBOL        KeyTemp2
  X:03C7H         SYMBOL        KeyValue
  -------         ENDDO         
  C:350FH         LINE#         27
  C:350FH         LINE#         28
  C:350FH         LINE#         33
  C:3512H         LINE#         36
  C:3515H         LINE#         38
  C:351DH         LINE#         39
  C:3524H         LINE#         40
  C:3524H         LINE#         42
  C:3529H         LINE#         43
  C:3530H         LINE#         44
  C:3530H         LINE#         47
  C:3533H         LINE#         48
  C:3536H         LINE#         49
  C:353BH         LINE#         50
BL51 BANKED LINKER/LOCATER V6.22                                                      02/22/2019  11:39:01  PAGE 23


  C:353FH         LINE#         51
  C:353FH         LINE#         52
  C:3547H         LINE#         53
  C:3547H         LINE#         54
  C:354AH         LINE#         55
  C:3552H         LINE#         56
  C:3554H         LINE#         58
  C:3568H         LINE#         59
  C:3568H         LINE#         60
  C:3568H         LINE#         61
  C:3568H         LINE#         62
  C:356EH         LINE#         64
  C:3570H         LINE#         65
  C:3570H         LINE#         66
  C:3570H         LINE#         67
  C:3576H         LINE#         69
  C:3578H         LINE#         70
  C:3578H         LINE#         71
  C:3578H         LINE#         72
  C:357EH         LINE#         74
  C:3580H         LINE#         75
  C:3580H         LINE#         76
  C:3580H         LINE#         77
  C:3586H         LINE#         79
  C:3586H         LINE#         80
  C:3586H         LINE#         81
  C:3586H         LINE#         84
  C:3589H         LINE#         85
  C:358CH         LINE#         86
  C:3594H         LINE#         87
  C:3598H         LINE#         88
  C:3598H         LINE#         89
  C:35A0H         LINE#         90
  C:35A0H         LINE#         91
  C:35A3H         LINE#         92
  C:35ABH         LINE#         93
  C:35ADH         LINE#         94
  C:35C1H         LINE#         95
  C:35C1H         LINE#         96
  C:35C1H         LINE#         97
  C:35C1H         LINE#         98
  C:35C7H         LINE#         100
  C:35C9H         LINE#         101
  C:35C9H         LINE#         102
  C:35C9H         LINE#         103
  C:35CFH         LINE#         105
  C:35D1H         LINE#         106
  C:35D1H         LINE#         107
  C:35D1H         LINE#         108
  C:35D7H         LINE#         110
  C:35D9H         LINE#         111
  C:35D9H         LINE#         112
  C:35D9H         LINE#         113
  C:35DEH         LINE#         115
  C:35DEH         LINE#         116
  C:35DEH         LINE#         117
  C:35DEH         LINE#         120
BL51 BANKED LINKER/LOCATER V6.22                                                      02/22/2019  11:39:01  PAGE 24


  C:35E1H         LINE#         121
  C:35E4H         LINE#         122
  C:35ECH         LINE#         123
  C:35F0H         LINE#         124
  C:35F0H         LINE#         125
  C:35F8H         LINE#         126
  C:35F8H         LINE#         127
  C:35FBH         LINE#         128
  C:3603H         LINE#         129
  C:3605H         LINE#         130
  C:3619H         LINE#         131
  C:3619H         LINE#         132
  C:3619H         LINE#         133
  C:3619H         LINE#         134
  C:361FH         LINE#         136
  C:3621H         LINE#         137
  C:3621H         LINE#         138
  C:3621H         LINE#         139
  C:3627H         LINE#         141
  C:3629H         LINE#         142
  C:3629H         LINE#         143
  C:3629H         LINE#         144
  C:362FH         LINE#         146
  C:3631H         LINE#         147
  C:3631H         LINE#         148
  C:3631H         LINE#         149
  C:3637H         LINE#         151
  C:3637H         LINE#         152
  C:3637H         LINE#         153
  C:3637H         LINE#         157
  C:363AH         LINE#         158
  C:363DH         LINE#         159
  C:3645H         LINE#         160
  C:3649H         LINE#         161
  C:3649H         LINE#         162
  C:3651H         LINE#         163
  C:3651H         LINE#         164
  C:3654H         LINE#         165
  C:365CH         LINE#         166
  C:365EH         LINE#         167
  C:3672H         LINE#         168
  C:3672H         LINE#         169
  C:3672H         LINE#         170
  C:3672H         LINE#         171
  C:3678H         LINE#         173
  C:367AH         LINE#         174
  C:367AH         LINE#         175
  C:367AH         LINE#         176
  C:3680H         LINE#         178
  C:3682H         LINE#         179
  C:3682H         LINE#         180
  C:3682H         LINE#         181
  C:3688H         LINE#         183
  C:368AH         LINE#         184
  C:368AH         LINE#         185
  C:368AH         LINE#         186
  C:3690H         LINE#         188
BL51 BANKED LINKER/LOCATER V6.22                                                      02/22/2019  11:39:01  PAGE 25


  C:3690H         LINE#         189
  C:3690H         LINE#         190
  C:3690H         LINE#         192
  C:3696H         LINE#         193
  C:3696H         LINE#         195
  C:3696H         LINE#         196
  C:3699H         LINE#         197
  C:3699H         LINE#         198
  C:3699H         LINE#         200
  C:3699H         LINE#         201
  C:369BH         LINE#         202
  C:369BH         LINE#         203
  -------         ENDPROC       KEY_SCAN
  -------         PROC          KEY_PROCESS
  -------         DO            
  X:0618H         SYMBOL        KeyCount
  X:061AH         SYMBOL        KeyNum_Old
  X:061BH         SYMBOL        KeyNum
  X:061CH         SYMBOL        PressedKey
  X:03BFH         SYMBOL        d
  D:0004H         SYMBOL        hours
  D:0006H         SYMBOL        mins
  X:03C1H         SYMBOL        months
  X:03C3H         SYMBOL        days
  -------         ENDDO         
  C:309EH         LINE#         204
  C:309EH         LINE#         205
  C:309EH         LINE#         209
  C:30A6H         LINE#         210
  C:30AEH         LINE#         212
  C:30B1H         LINE#         213
  C:30B1H         LINE#         214
  C:30B4H         LINE#         216
  C:30B4H         LINE#         217
  C:30C1H         LINE#         218
  C:30C1H         LINE#         219
  C:30C4H         LINE#         220
  C:30C7H         LINE#         222
  C:30CAH         LINE#         224
  C:30CAH         LINE#         225
  C:30D5H         LINE#         226
  C:30D5H         LINE#         227
  C:30D8H         LINE#         229
  C:30D8H         LINE#         230
  C:30DFH         LINE#         231
  C:30DFH         LINE#         232
  C:30E2H         LINE#         234
  C:30E2H         LINE#         235
  C:30EAH         LINE#         236
  C:30EAH         LINE#         237
  C:30F4H         LINE#         238
  C:30FCH         LINE#         240
  C:3105H         LINE#         242
  C:3105H         LINE#         251
  C:311AH         LINE#         252
  C:311AH         LINE#         253
  C:312CH         LINE#         254
BL51 BANKED LINKER/LOCATER V6.22                                                      02/22/2019  11:39:01  PAGE 26


  C:313AH         LINE#         255
  C:3149H         LINE#         256
  C:3149H         LINE#         258
  C:314FH         LINE#         262
  C:3165H         LINE#         263
  C:3176H         LINE#         264
  C:3191H         LINE#         265
  C:3191H         LINE#         266
  C:31A1H         LINE#         267
  C:31B2H         LINE#         268
  C:31B2H         LINE#         272
  C:31CBH         LINE#         273
  C:31E2H         LINE#         274
  C:3202H         LINE#         275
  C:3202H         LINE#         276
  C:320CH         LINE#         277
  C:320CH         LINE#         278
  C:3215H         LINE#         279
  C:3215H         LINE#         280
  C:3229H         LINE#         281
  C:3229H         LINE#         282
  C:3229H         LINE#         283
  C:3229H         LINE#         284
  C:3229H         LINE#         285
  C:322BH         LINE#         287
  C:322BH         LINE#         288
  C:3237H         LINE#         289
  C:3237H         LINE#         290
  C:3248H         LINE#         291
  C:3248H         LINE#         292
  C:3248H         LINE#         293
  C:3248H         LINE#         294
  C:3248H         LINE#         296
  C:324AH         LINE#         298
  C:324AH         LINE#         299
  C:325BH         LINE#         300
  C:325BH         LINE#         301
  C:325BH         LINE#         302
  C:325BH         LINE#         303
  C:325BH         LINE#         305
  C:325BH         LINE#         307
  C:325BH         LINE#         308
  C:325DH         LINE#         310
  C:325DH         LINE#         311
  C:3270H         LINE#         312
  C:3270H         LINE#         313
  C:3281H         LINE#         314
  C:3281H         LINE#         315
  C:3281H         LINE#         316
  C:3281H         LINE#         317
  C:3281H         LINE#         318
  C:3283H         LINE#         320
  C:3283H         LINE#         321
  C:3294H         LINE#         322
  C:3294H         LINE#         323
  C:32A5H         LINE#         324
  C:32B6H         LINE#         325
BL51 BANKED LINKER/LOCATER V6.22                                                      02/22/2019  11:39:01  PAGE 27


  C:32B6H         LINE#         326
  C:32B6H         LINE#         327
  C:32B6H         LINE#         328
  C:32B6H         LINE#         329
  C:32B9H         LINE#         330
  C:32BEH         LINE#         331
  C:32C3H         LINE#         332
  C:32C8H         LINE#         333
  C:32CDH         LINE#         334
  C:32D2H         LINE#         335
  C:32D7H         LINE#         336
  C:32DCH         LINE#         337
  C:32DCH         LINE#         339
  C:32FEH         LINE#         340
  C:32FEH         LINE#         341
  C:3308H         LINE#         342
  C:3308H         LINE#         343
  C:330DH         LINE#         344
  C:3316H         LINE#         345
  C:332DH         LINE#         346
  C:332DH         LINE#         347
  C:333DH         LINE#         349
  C:333DH         LINE#         353
  -------         ENDPROC       KEY_PROCESS
  -------         PROC          KEYPAD_IO_INIT
  C:4C7FH         LINE#         356
  C:4C7FH         LINE#         357
  C:4C7FH         LINE#         358
  C:4C82H         LINE#         359
  C:4C85H         LINE#         360
  C:4C88H         LINE#         361
  C:4C8AH         LINE#         362
  -------         ENDPROC       KEYPAD_IO_INIT
  -------         ENDMOD        KEYPAD

  -------         MODULE        BIPOLARMOTOR
  C:0000H         SYMBOL        _ICE_DUMMY_
  D:0080H         PUBLIC        P0
  D:0090H         PUBLIC        P1
  X:0000H         PUBLIC        RX_pos_test
  D:00A0H         PUBLIC        P2
  D:00B0H         PUBLIC        P3
  D:00C0H         PUBLIC        P4
  D:00C8H         PUBLIC        P5
  D:00E8H         PUBLIC        P6
  D:00F8H         PUBLIC        P7
  X:00A0H         PUBLIC        low_date_azimuth_mapping
  D:00A8H         PUBLIC        IE
  C:3FF1H         PUBLIC        linear_interpolate
  C:4A53H         PUBLIC        _Move
  D:00B8H         PUBLIC        IP
  C:3371H         PUBLIC        _findDet3x3
  C:2DDEH         PUBLIC        _findDet4x4
  D:00D8H         PUBLIC        CCON
  X:00C8H         PUBLIC        previous_move_time
  D:0098H         PUBLIC        SCON
  D:0088H         PUBLIC        TCON
BL51 BANKED LINKER/LOCATER V6.22                                                      02/22/2019  11:39:01  PAGE 28


  C:4CBBH         PUBLIC        wait
  C:4923H         PUBLIC        _Step_move
  X:00C9H         PUBLIC        dat
  C:000EH         PUBLIC        _Update_position
  C:480BH         PUBLIC        vOneStepMove
  X:00CFH         PUBLIC        elevation_stamp
  X:010BH         PUBLIC        date_azimuth_mapping
  X:0133H         PUBLIC        RX_pos
  C:4B6AH         PUBLIC        _BCDtoDec1
  X:038BH         PUBLIC        degree
  D:00D0H         PUBLIC        PSW
  -------         PROC          L?0062
  -------         ENDPROC       L?0062
  -------         PROC          _BCDTODEC1
  D:0007H         SYMBOL        bcd
  -------         DO            
  D:0006H         SYMBOL        hi
  D:0007H         SYMBOL        lo
  -------         ENDDO         
  C:4B6AH         LINE#         28
  C:4B6AH         LINE#         29
  C:4B6AH         LINE#         31
  C:4B6FH         LINE#         32
  C:4B73H         LINE#         33
  C:4B7AH         LINE#         34
  -------         ENDPROC       _BCDTODEC1
  -------         PROC          WAIT
  C:4CBBH         LINE#         36
  C:4CBBH         LINE#         38
  -------         ENDPROC       WAIT
  -------         PROC          VONESTEPMOVE
  B:0020H.7       SYMBOL        bDir
  C:480BH         LINE#         40
  C:480BH         LINE#         41
  C:480BH         LINE#         43
  C:4811H         LINE#         44
  C:4811H         LINE#         45
  C:4814H         LINE#         46
  C:481DH         LINE#         47
  C:4824H         LINE#         48
  C:4829H         LINE#         49
  C:4829H         LINE#         50
  C:4829H         LINE#         52
  C:482BH         LINE#         55
  C:482BH         LINE#         56
  C:482EH         LINE#         57
  C:4837H         LINE#         58
  C:483EH         LINE#         59
  C:4844H         LINE#         60
  C:484DH         LINE#         61
  C:4854H         LINE#         62
  C:4854H         LINE#         66
  -------         ENDPROC       VONESTEPMOVE
  -------         PROC          _STEP_MOVE
  X:047BH         SYMBOL        step
  B:0020H.6       SYMBOL        dir
  -------         DO            
BL51 BANKED LINKER/LOCATER V6.22                                                      02/22/2019  11:39:01  PAGE 29


  X:047DH         SYMBOL        i
  -------         ENDDO         
  C:4923H         LINE#         68
  C:492BH         LINE#         69
  C:492BH         LINE#         71
  C:4930H         LINE#         74
  C:494BH         LINE#         75
  C:494BH         LINE#         76
  C:4952H         LINE#         78
  C:4962H         LINE#         80
  -------         ENDPROC       _STEP_MOVE
  -------         PROC          _MOVE
  X:0477H         SYMBOL        distance
  B:0020H.5       SYMBOL        direction
  -------         DO            
  D:0006H         SYMBOL        step
  -------         ENDDO         
  C:4A53H         LINE#         82
  C:4A59H         LINE#         83
  C:4A59H         LINE#         86
  C:4A74H         LINE#         87
  -------         ENDPROC       _MOVE
  C:3352H         SYMBOL        L?0058
  C:3366H         SYMBOL        L?0059
  -------         PROC          L?0057
  -------         ENDPROC       L?0057
  C:3352H         SYMBOL        L?0058
  C:3366H         SYMBOL        L?0059
  -------         PROC          _FINDDET3X3
  X:05F4H         SYMBOL        a11
  X:05F8H         SYMBOL        a12
  X:05FCH         SYMBOL        a13
  X:0600H         SYMBOL        a21
  X:0604H         SYMBOL        a22
  X:0608H         SYMBOL        a23
  X:060CH         SYMBOL        a31
  X:0610H         SYMBOL        a32
  X:0614H         SYMBOL        a33
  C:3371H         LINE#         91
  C:3377H         LINE#         95
  C:3377H         LINE#         96
  C:350EH         LINE#         98
  -------         ENDPROC       _FINDDET3X3
  -------         PROC          _FINDDET4X4
  X:05B4H         SYMBOL        a11
  X:05B8H         SYMBOL        a12
  X:05BCH         SYMBOL        a13
  X:05C0H         SYMBOL        a14
  X:05C4H         SYMBOL        a21
  X:05C8H         SYMBOL        a22
  X:05CCH         SYMBOL        a23
  X:05D0H         SYMBOL        a24
  X:05D4H         SYMBOL        a31
  X:05D8H         SYMBOL        a32
  X:05DCH         SYMBOL        a33
  X:05E0H         SYMBOL        a34
  X:05E4H         SYMBOL        a41
BL51 BANKED LINKER/LOCATER V6.22                                                      02/22/2019  11:39:01  PAGE 30


  X:05E8H         SYMBOL        a42
  X:05ECH         SYMBOL        a43
  X:05F0H         SYMBOL        a44
  C:2DDEH         LINE#         99
  C:2DE4H         LINE#         103
  C:2DE4H         LINE#         110
  C:309DH         LINE#         114
  -------         ENDPROC       _FINDDET4X4
  C:3FE0H         SYMBOL        L?0061
  -------         PROC          L?0060
  -------         ENDPROC       L?0060
  C:3FE0H         SYMBOL        L?0061
  -------         PROC          LINEAR_INTERPOLATE
  X:0477H         SYMBOL        p1
  X:047FH         SYMBOL        p2
  X:0487H         SYMBOL        x
  -------         DO            
  D:0004H         SYMBOL        fx
  -------         ENDDO         
  C:3FF1H         LINE#         120
  C:3FF1H         LINE#         121
  C:3FF1H         LINE#         124
  C:4090H         LINE#         126
  C:4090H         LINE#         127
  -------         ENDPROC       LINEAR_INTERPOLATE
  -------         PROC          _UPDATE_POSITION
  D:0001H         SYMBOL        mnths
  D:0002H         SYMBOL        dys
  X:03DAH         SYMBOL        hurs
  X:03DBH         SYMBOL        mns
  X:03DCH         SYMBOL        sconds
  X:03DDH         SYMBOL        currnt_pos
  X:03E0H         SYMBOL        offset_calib
  -------         DO            
  X:03E4H         SYMBOL        date
  X:03E6H         SYMBOL        i
  X:03E8H         SYMBOL        yy
  X:03EAH         SYMBOL        desired_distance
  X:03EEH         SYMBOL        distance
  X:03F2H         SYMBOL        JP_pos
  X:03F6H         SYMBOL        pos_interpolate_azimuth
  X:0432H         SYMBOL        current_local_sun_time
  X:0436H         SYMBOL        azimuth
  X:043AH         SYMBOL        elevation
  X:043EH         SYMBOL        time_offset
  X:0442H         SYMBOL        UTC_time
  X:0446H         SYMBOL        declination
  X:044AH         SYMBOL        p1
  X:0452H         SYMBOL        p2
  X:045AH         SYMBOL        time
  X:046CH         SYMBOL        location
  X:0474H         SYMBOL        sunCoord
  -------         ENDDO         
  C:000EH         LINE#         131
  C:0017H         LINE#         134
  C:0017H         LINE#         135
  C:0022H         LINE#         137
BL51 BANKED LINKER/LOCATER V6.22                                                      02/22/2019  11:39:01  PAGE 31


  C:003EH         LINE#         138
  C:0048H         LINE#         146
  C:0052H         LINE#         147
  C:005CH         LINE#         148
  C:0066H         LINE#         149
  C:0071H         LINE#         150
  C:007CH         LINE#         151
  C:0095H         LINE#         152
  C:00A6H         LINE#         153
  C:00B5H         LINE#         156
  C:00C9H         LINE#         160
  C:011BH         LINE#         161
  C:027FH         LINE#         162
  C:02CFH         LINE#         164
  C:03F7H         LINE#         166
  C:04C6H         LINE#         173
  C:050DH         LINE#         174
  C:050DH         LINE#         176
  C:0527H         LINE#         177
  C:0527H         LINE#         178
  C:0597H         LINE#         179
  C:0597H         LINE#         180
  C:059EH         LINE#         181
  C:059EH         LINE#         182
  C:05CBH         LINE#         183
  C:05E6H         LINE#         185
  C:062DH         LINE#         186
  C:0661H         LINE#         188
  C:06A7H         LINE#         189
  C:06CAH         LINE#         191
  C:06CAH         LINE#         193
  C:0740H         LINE#         194
  C:0740H         LINE#         195
  C:0747H         LINE#         196
  C:0747H         LINE#         197
  C:0774H         LINE#         198
  C:078FH         LINE#         200
  C:07D6H         LINE#         201
  C:080AH         LINE#         203
  C:0850H         LINE#         204
  C:0870H         LINE#         206
  C:0870H         LINE#         207
  C:0881H         LINE#         210
  C:089BH         LINE#         211
  C:089BH         LINE#         212
  C:090BH         LINE#         213
  C:090BH         LINE#         214
  C:0938H         LINE#         215
  C:0953H         LINE#         217
  C:0980H         LINE#         218
  C:099BH         LINE#         220
  C:09CDH         LINE#         223
  C:09CDH         LINE#         225
  C:09DEH         LINE#         227
  C:0A0DH         LINE#         229
  C:0A32H         LINE#         230
  C:0A97H         LINE#         231
BL51 BANKED LINKER/LOCATER V6.22                                                      02/22/2019  11:39:01  PAGE 32


  C:0A97H         LINE#         232
  C:0AB1H         LINE#         233
  C:0AC3H         LINE#         234
  C:0ADBH         LINE#         235
  C:0AF1H         LINE#         237
  C:0B0DH         LINE#         238
  C:0B0DH         LINE#         239
  C:0B0DH         LINE#         242
  -------         ENDPROC       _UPDATE_POSITION
  -------         ENDMOD        BIPOLARMOTOR

  -------         MODULE        SUNPOS
  C:0000H         SYMBOL        _ICE_DUMMY_
  C:1F41H         PUBLIC        sunpos
  -------         PROC          SUNPOS
  X:0477H         SYMBOL        udtTime
  X:0489H         SYMBOL        udtLocation
  X:0491H         SYMBOL        udtSunCoordinates
  -------         DO            
  X:0494H         SYMBOL        dElapsedJulianDays
  X:0498H         SYMBOL        dDecimalHours
  X:049CH         SYMBOL        dEclipticLongitude
  X:04A0H         SYMBOL        dEclipticObliquity
  X:04A4H         SYMBOL        dRightAscension
  X:04A8H         SYMBOL        dDeclination
  X:04ACH         SYMBOL        dY
  X:04B0H         SYMBOL        dX
  -------         DO            
  X:04B4H         SYMBOL        dJulianDate
  X:04B8H         SYMBOL        liAux1
  X:04BCH         SYMBOL        liAux2
  X:04B4H         SYMBOL        dMeanLongitude
  X:04B8H         SYMBOL        dMeanAnomaly
  X:04BCH         SYMBOL        dOmega
  X:04B4H         SYMBOL        dSin_EclipticLongitude
  X:04B4H         SYMBOL        dGreenwichMeanSiderealTime
  X:04B8H         SYMBOL        dLocalMeanSiderealTime
  X:04BCH         SYMBOL        dLatitudeInRadians
  X:04C0H         SYMBOL        dHourAngle
  X:04C4H         SYMBOL        dCos_Latitude
  X:04C8H         SYMBOL        dSin_Latitude
  X:04CCH         SYMBOL        dCos_HourAngle
  X:04D0H         SYMBOL        dParallax
  -------         ENDDO         
  -------         DO            
  X:04B4H         SYMBOL        dMeanLongitude
  X:04B8H         SYMBOL        dMeanAnomaly
  X:04BCH         SYMBOL        dOmega
  X:04B4H         SYMBOL        dSin_EclipticLongitude
  X:04B4H         SYMBOL        dGreenwichMeanSiderealTime
  X:04B8H         SYMBOL        dLocalMeanSiderealTime
  X:04BCH         SYMBOL        dLatitudeInRadians
  X:04C0H         SYMBOL        dHourAngle
  X:04C4H         SYMBOL        dCos_Latitude
  X:04C8H         SYMBOL        dSin_Latitude
  X:04CCH         SYMBOL        dCos_HourAngle
  X:04D0H         SYMBOL        dParallax
BL51 BANKED LINKER/LOCATER V6.22                                                      02/22/2019  11:39:01  PAGE 33


  -------         ENDDO         
  -------         DO            
  X:04B4H         SYMBOL        dSin_EclipticLongitude
  X:04B4H         SYMBOL        dGreenwichMeanSiderealTime
  X:04B8H         SYMBOL        dLocalMeanSiderealTime
  X:04BCH         SYMBOL        dLatitudeInRadians
  X:04C0H         SYMBOL        dHourAngle
  X:04C4H         SYMBOL        dCos_Latitude
  X:04C8H         SYMBOL        dSin_Latitude
  X:04CCH         SYMBOL        dCos_HourAngle
  X:04D0H         SYMBOL        dParallax
  -------         ENDDO         
  -------         DO            
  X:04B4H         SYMBOL        dGreenwichMeanSiderealTime
  X:04B8H         SYMBOL        dLocalMeanSiderealTime
  X:04BCH         SYMBOL        dLatitudeInRadians
  X:04C0H         SYMBOL        dHourAngle
  X:04C4H         SYMBOL        dCos_Latitude
  X:04C8H         SYMBOL        dSin_Latitude
  X:04CCH         SYMBOL        dCos_HourAngle
  X:04D0H         SYMBOL        dParallax
  -------         ENDDO         
  -------         ENDDO         
  C:1F41H         LINE#         6
  C:1F41H         LINE#         7
  C:1F41H         LINE#         9
  C:1F41H         LINE#         27
  C:1F8BH         LINE#         30
  C:1FACH         LINE#         31
  C:20F3H         LINE#         34
  C:213FH         LINE#         36
  C:215EH         LINE#         37
  C:215EH         LINE#         42
  C:215EH         LINE#         46
  C:2190H         LINE#         47
  C:21BAH         LINE#         48
  C:21E4H         LINE#         49
  C:2291H         LINE#         52
  C:22F2H         LINE#         54
  C:22F2H         LINE#         59
  C:22F2H         LINE#         61
  C:2309H         LINE#         62
  C:2331H         LINE#         63
  C:2348H         LINE#         64
  C:2373H         LINE#         65
  C:23AAH         LINE#         66
  C:23D5H         LINE#         67
  C:23D5H         LINE#         70
  C:23D5H         LINE#         79
  C:2410H         LINE#         82
  C:244AH         LINE#         84
  C:246FH         LINE#         85
  C:248EH         LINE#         86
  C:24A5H         LINE#         87
  C:24BCH         LINE#         88
  C:24D3H         LINE#         89
  C:255CH         LINE#         91
BL51 BANKED LINKER/LOCATER V6.22                                                      02/22/2019  11:39:01  PAGE 34


  C:2576H         LINE#         92
  C:25D8H         LINE#         93
  C:260EH         LINE#         94
  C:2620H         LINE#         95
  C:264DH         LINE#         96
  C:267AH         LINE#         98
  C:269CH         LINE#         100
  C:26D4H         LINE#         103
  C:26D4H         LINE#         104
  C:26E2H         LINE#         105
  -------         ENDPROC       SUNPOS
  -------         ENDMOD        SUNPOS

  -------         MODULE        ADC
  C:0000H         SYMBOL        _ICE_DUMMY_
  D:0092H         PUBLIC        P1M0
  D:0091H         PUBLIC        P1M1
  D:0080H         PUBLIC        P0
  D:0090H         PUBLIC        P1
  D:00A0H         PUBLIC        P2
  D:00B0H         PUBLIC        P3
  D:00C0H         PUBLIC        P4
  D:00C8H         PUBLIC        P5
  D:00E8H         PUBLIC        P6
  D:00F8H         PUBLIC        P7
  D:00A8H         PUBLIC        IE
  D:00BDH         PUBLIC        ADC_RES
  D:00B8H         PUBLIC        IP
  D:0097H         PUBLIC        CLK_DIV
  D:00D8H         PUBLIC        CCON
  D:00BCH         PUBLIC        ADC_CONTR
  D:0098H         PUBLIC        SCON
  D:0088H         PUBLIC        TCON
  B:00A0H.4       PUBLIC        P24
  B:00A0H.5       PUBLIC        P25
  B:00A0H.6       PUBLIC        P26
  C:4B06H         PUBLIC        ADC_Init
  C:49D1H         PUBLIC        _ADC_GetResult
  D:009DH         PUBLIC        P1ASF
  D:00BEH         PUBLIC        ADC_RESL
  D:00D0H         PUBLIC        PSW
  -------         PROC          ADC_INIT
  C:4B06H         LINE#         7
  C:4B06H         LINE#         8
  C:4B06H         LINE#         10
  C:4B08H         LINE#         11
  C:4B0AH         LINE#         12
[...]
  C:3E4EH         LINE#         115
  C:3E67H         LINE#         116
  C:3E67H         LINE#         117
  C:3E69H         LINE#         118
  C:3E6BH         LINE#         120
  C:3E6BH         LINE#         121
  C:3E6DH         LINE#         123
  C:3E6DH         LINE#         124
  C:3E6DH         LINE#         125
  C:3E6DH         LINE#         126
  C:3E70H         LINE#         127
  C:3E89H         LINE#         129
  C:3EA8H         LINE#         131
  C:3EAFH         LINE#         132
  C:3EAFH         LINE#         133
  C:3EB1H         LINE#         134
  C:3EB4H         LINE#         135
  C:3EBBH         LINE#         136
  C:3EBBH         LINE#         137
  C:3EBDH         LINE#         138
  C:3EBFH         LINE#         140
  C:3EBFH         LINE#         141
  C:3EC1H         LINE#         143
  C:3EC1H         LINE#         144
  C:3EC1H         LINE#         145
  C:3EC1H         LINE#         146
  C:3EC4H         LINE#         147
  C:3ECBH         LINE#         149
  C:3EEAH         LINE#         151
  C:3EECH         LINE#         152
  -------         ENDPROC       _AT25SF041_WRITE
  -------         PROC          _AT25SF041_READ
  D:0003H         SYMBOL        opcode
  X:0622H         SYMBOL        addr
  -------         DO            
  X:0626H         SYMBOL        dat
  X:0627H         SYMBOL        i
  -------         ENDDO         
  C:3BF4H         LINE#         156
  C:3BF6H         LINE#         157
  C:3BF6H         LINE#         158
  C:3BFBH         LINE#         160
  C:3BFDH         LINE#         161
  C:3C03H         LINE#         165
  C:3C08H         LINE#         166
  C:3C08H         LINE#         167
BL51 BANKED LINKER/LOCATER V6.22                                                      02/22/2019  11:39:01  PAGE 45


  C:3C0AH         LINE#         168
  C:3C0DH         LINE#         169
  C:3C11H         LINE#         170
  C:3C11H         LINE#         171
  C:3C13H         LINE#         172
  C:3C15H         LINE#         174
  C:3C15H         LINE#         175
  C:3C17H         LINE#         177
  C:3C17H         LINE#         178
  C:3C17H         LINE#         179
  C:3C17H         LINE#         180
  C:3C1AH         LINE#         181
  C:3C1EH         LINE#         184
  C:3C3DH         LINE#         186
  C:3C44H         LINE#         187
  C:3C44H         LINE#         188
  C:3C46H         LINE#         189
  C:3C49H         LINE#         190
  C:3C62H         LINE#         191
  C:3C62H         LINE#         192
  C:3C64H         LINE#         193
  C:3C66H         LINE#         195
  C:3C66H         LINE#         196
  C:3C68H         LINE#         198
  C:3C68H         LINE#         199
  C:3C68H         LINE#         200
  C:3C68H         LINE#         201
  C:3C6BH         LINE#         202
  C:3C84H         LINE#         204
  C:3CA3H         LINE#         207
  C:3CAAH         LINE#         209
  C:3CACH         LINE#         210
  C:3CB3H         LINE#         212
  C:3CBAH         LINE#         213
  C:3CBAH         LINE#         214
  C:3CC1H         LINE#         215
  C:3CC1H         LINE#         216
  C:3CC4H         LINE#         217
  C:3CC6H         LINE#         218
  C:3CC9H         LINE#         220
  C:3CCCH         LINE#         221
  C:3CCCH         LINE#         223
  C:3CD0H         LINE#         224
  C:3CD0H         LINE#         230
  C:3CEFH         LINE#         233
  C:3CF1H         LINE#         234
  C:3CF4H         LINE#         235
  C:3CF9H         LINE#         237
  -------         ENDPROC       _AT25SF041_READ
  -------         PROC          READ_STATUS_REGISTER_BYTE1
  -------         DO            
  D:0003H         SYMBOL        dat
  D:0001H         SYMBOL        opcode
  X:03CFH         SYMBOL        count
  X:03D0H         SYMBOL        i
  -------         ENDDO         
  C:42A5H         LINE#         241
BL51 BANKED LINKER/LOCATER V6.22                                                      02/22/2019  11:39:01  PAGE 46


  C:42A5H         LINE#         242
  C:42A5H         LINE#         243
  C:42ABH         LINE#         244
  C:42AFH         LINE#         245
  C:42B1H         LINE#         246
  C:42B3H         LINE#         247
  C:42B9H         LINE#         251
  C:42C0H         LINE#         252
  C:42C0H         LINE#         253
  C:42C2H         LINE#         254
  C:42C5H         LINE#         255
  C:42C9H         LINE#         256
  C:42C9H         LINE#         257
  C:42CBH         LINE#         258
  C:42CDH         LINE#         260
  C:42CDH         LINE#         261
  C:42CFH         LINE#         263
  C:42CFH         LINE#         264
  C:42CFH         LINE#         265
  C:42CFH         LINE#         266
  C:42D2H         LINE#         267
  C:42D6H         LINE#         270
  C:42F5H         LINE#         274
  C:42FCH         LINE#         276
  C:42FEH         LINE#         277
  C:4305H         LINE#         278
  C:430CH         LINE#         279
  C:430CH         LINE#         280
  C:4310H         LINE#         281
  C:4310H         LINE#         282
  C:4313H         LINE#         283
  C:4315H         LINE#         284
  C:4318H         LINE#         286
  C:431BH         LINE#         287
  C:431BH         LINE#         289
  C:431FH         LINE#         290
  C:431FH         LINE#         292
  C:433EH         LINE#         296
  C:4340H         LINE#         297
  C:4343H         LINE#         298
  C:4345H         LINE#         299
  -------         ENDPROC       READ_STATUS_REGISTER_BYTE1
  -------         PROC          SPI_NOR_WRITE_DATA
  X:03BFH         SYMBOL        dat
  X:03CAH         SYMBOL        addr
  C:3CFAH         LINE#         301
  C:3CFAH         LINE#         302
  C:3CFAH         LINE#         303
  C:3D13H         LINE#         304
  C:3D13H         LINE#         305
  C:3D16H         LINE#         307
  C:3D19H         LINE#         308
  C:3D20H         LINE#         309
  C:3D20H         LINE#         310
  C:3D23H         LINE#         312
  C:3D33H         LINE#         314
  C:3D33H         LINE#         315
BL51 BANKED LINKER/LOCATER V6.22                                                      02/22/2019  11:39:01  PAGE 47


  C:3D36H         LINE#         317
  C:3D46H         LINE#         318
  C:3D46H         LINE#         321
  C:3D49H         LINE#         323
  C:3D59H         LINE#         324
  C:3D59H         LINE#         326
  C:3D5CH         LINE#         328
  C:3D6CH         LINE#         329
  C:3D6CH         LINE#         331
  C:3D6FH         LINE#         333
  C:3D7FH         LINE#         334
  C:3D7FH         LINE#         336
  C:3D82H         LINE#         338
  C:3D92H         LINE#         339
  C:3D92H         LINE#         340
  C:3D95H         LINE#         342
  C:3DA5H         LINE#         343
  C:3DA5H         LINE#         345
  C:3DA8H         LINE#         347
  C:3DB8H         LINE#         348
  C:3DB8H         LINE#         350
  C:3DBBH         LINE#         352
  C:3DCBH         LINE#         353
  C:3DCBH         LINE#         355
  C:3DCEH         LINE#         357
  C:3DDEH         LINE#         358
  C:3DDEH         LINE#         360
  C:3DE1H         LINE#         362
  C:3DF1H         LINE#         363
  -------         ENDPROC       SPI_NOR_WRITE_DATA
  -------         ENDMOD        AT25SF041

  -------         MODULE        ?C_STARTUP
  C:4514H         SEGMENT       ?C_C51STARTUP
  I:0022H         SEGMENT       ?STACK
  C:0000H         PUBLIC        ?C_STARTUP
  D:00E0H         SYMBOL        ACC
  D:00F0H         SYMBOL        B
  D:0083H         SYMBOL        DPH
  D:0082H         SYMBOL        DPL
  N:0000H         SYMBOL        IBPSTACK
  N:0100H         SYMBOL        IBPSTACKTOP
  N:0080H         SYMBOL        IDATALEN
  C:4517H         SYMBOL        IDATALOOP
  N:0000H         SYMBOL        PBPSTACK
  N:0100H         SYMBOL        PBPSTACKTOP
  N:0000H         SYMBOL        PDATALEN
  N:0000H         SYMBOL        PDATASTART
  N:0000H         SYMBOL        PPAGE
  N:0000H         SYMBOL        PPAGEENABLE
  D:00A0H         SYMBOL        PPAGE_SFR
  D:0081H         SYMBOL        SP
  C:4514H         SYMBOL        STARTUP1
  N:0000H         SYMBOL        XBPSTACK
  N:0000H         SYMBOL        XBPSTACKTOP
  N:0000H         SYMBOL        XDATALEN
  N:0000H         SYMBOL        XDATASTART
BL51 BANKED LINKER/LOCATER V6.22                                                      02/22/2019  11:39:01  PAGE 48


  C:0000H         LINE#         126
  C:4514H         LINE#         133
  C:4516H         LINE#         134
  C:4517H         LINE#         135
  C:4518H         LINE#         136
  C:451AH         LINE#         185
  C:451DH         LINE#         196
  -------         ENDMOD        ?C_STARTUP

  -------         MODULE        ?C?FPADD
  C:1592H         PUBLIC        ?C?FPADD
  C:158EH         PUBLIC        ?C?FPSUB
  -------         ENDMOD        ?C?FPADD

  -------         MODULE        ?C?FPMUL
  C:1683H         PUBLIC        ?C?FPMUL
  -------         ENDMOD        ?C?FPMUL

  -------         MODULE        ?C?FPDIV
  C:178CH         PUBLIC        ?C?FPDIV
  -------         ENDMOD        ?C?FPDIV

  -------         MODULE        ?C?FPCMP
  C:182BH         PUBLIC        ?C?FPCMP
  C:1829H         PUBLIC        ?C?FPCMP3
  -------         ENDMOD        ?C?FPCMP

  -------         MODULE        ?C?FPNEG
  C:18A2H         PUBLIC        ?C?FPNEG
  -------         ENDMOD        ?C?FPNEG

  -------         MODULE        ?C?FCAST
  C:18BDH         PUBLIC        ?C?FCASTC
  C:18B8H         PUBLIC        ?C?FCASTI
  C:18B3H         PUBLIC        ?C?FCASTL
  -------         ENDMOD        ?C?FCAST

  -------         MODULE        ?C?CASTF
  C:18F1H         PUBLIC        ?C?CASTF
  -------         ENDMOD        ?C?CASTF

  -------         MODULE        ATAN2
  X:04D4H         PUBLIC        ?_atan2?BYTE
  C:4346H         PUBLIC        _atan2
  -------         ENDMOD        ATAN2

  -------         MODULE        SIN
  C:36E4H         PUBLIC        _COS
  C:36FAH         PUBLIC        _SIN
  C:3736H         PUBLIC        _TAN
  -------         ENDMOD        SIN

  -------         MODULE        ACOS
  C:4855H         PUBLIC        _ACOS
  -------         ENDMOD        ACOS

  -------         MODULE        ASIN
BL51 BANKED LINKER/LOCATER V6.22                                                      02/22/2019  11:39:01  PAGE 49


  C:4963H         PUBLIC        _ASIN
  -------         ENDMOD        ASIN

  -------         MODULE        SQRT
  C:41FDH         PUBLIC        _SQRT
  -------         ENDMOD        SQRT

  -------         MODULE        ATAN
  C:3AF2H         PUBLIC        _ATAN
  -------         ENDMOD        ATAN

  -------         MODULE        ?C?COPY
  C:1A8FH         PUBLIC        ?C?COPY
  -------         ENDMOD        ?C?COPY

  -------         MODULE        ?C?CLDPTR
  C:1AB5H         PUBLIC        ?C?CLDPTR
  -------         ENDMOD        ?C?CLDPTR

  -------         MODULE        ?C?CLDOPTR
  C:1ACEH         PUBLIC        ?C?CLDOPTR
  -------         ENDMOD        ?C?CLDOPTR

  -------         MODULE        ?C?CSTPTR
  C:1AFBH         PUBLIC        ?C?CSTPTR
  -------         ENDMOD        ?C?CSTPTR

  -------         MODULE        ?C?IMUL
  C:1B0DH         PUBLIC        ?C?IMUL
  -------         ENDMOD        ?C?IMUL

  -------         MODULE        ?C?UIDIV
  C:1B1FH         PUBLIC        ?C?UIDIV
  -------         ENDMOD        ?C?UIDIV

  -------         MODULE        ?C?SIDIV
  C:1B74H         PUBLIC        ?C?SIDIV
  -------         ENDMOD        ?C?SIDIV

  -------         MODULE        ?C?ILDIX
  C:1BAAH         PUBLIC        ?C?ILDIX
  -------         ENDMOD        ?C?ILDIX

  -------         MODULE        ?C?ILDOPTR
  C:1BC0H         PUBLIC        ?C?ILDOPTR
  -------         ENDMOD        ?C?ILDOPTR

  -------         MODULE        ?C?ISTPTR
  C:1BF8H         PUBLIC        ?C?ISTPTR
  -------         ENDMOD        ?C?ISTPTR

  -------         MODULE        ?C?LMUL
  C:1C17H         PUBLIC        ?C?LMUL
  -------         ENDMOD        ?C?LMUL

  -------         MODULE        ?C?SLDIV
  C:489FH         PUBLIC        ?C?SLDIV
BL51 BANKED LINKER/LOCATER V6.22                                                      02/22/2019  11:39:01  PAGE 50


  -------         ENDMOD        ?C?SLDIV

  -------         MODULE        ?C?LNEG
  C:1C66H         PUBLIC        ?C?LNEG
  -------         ENDMOD        ?C?LNEG

  -------         MODULE        ?C?ULCMP
  C:1C74H         PUBLIC        ?C?ULCMP
  -------         ENDMOD        ?C?ULCMP

  -------         MODULE        ?C?LSHL
  C:1C85H         PUBLIC        ?C?LSHL
  -------         ENDMOD        ?C?LSHL

  -------         MODULE        ?C?LLDPTR
  C:1C98H         PUBLIC        ?C?LLDPTR
  -------         ENDMOD        ?C?LLDPTR

  -------         MODULE        ?C?LLDOPTR
  C:1CB8H         PUBLIC        ?C?LLDOPTR
  -------         ENDMOD        ?C?LLDOPTR

  -------         MODULE        ?C?LSTPTR
  C:1CE8H         PUBLIC        ?C?LSTPTR
  -------         ENDMOD        ?C?LSTPTR

  -------         MODULE        ?C?LSTOPTR
  C:1D02H         PUBLIC        ?C?LSTOPTR
  -------         ENDMOD        ?C?LSTOPTR

  -------         MODULE        ?C?LLDXDATA
  C:1D26H         PUBLIC        ?C?LLDXDATA
  -------         ENDMOD        ?C?LLDXDATA

  -------         MODULE        ?C?LLDCODE
  C:1D32H         PUBLIC        ?C?LLDCODE
  -------         ENDMOD        ?C?LLDCODE

  -------         MODULE        ?C?LLDXDATA0
  C:1D42H         PUBLIC        ?C?LLDXDATA0
  -------         ENDMOD        ?C?LLDXDATA0

  -------         MODULE        ?C?LLDCODE0
  C:1D4EH         PUBLIC        ?C?LLDCODE0
  -------         ENDMOD        ?C?LLDCODE0

  -------         MODULE        ?C?LLDPTR0
  C:1D5EH         PUBLIC        ?C?LLDPTR0
  -------         ENDMOD        ?C?LLDPTR0

  -------         MODULE        ?C?LSTXDATA
  C:1D7EH         PUBLIC        ?C?LSTXDATA
  -------         ENDMOD        ?C?LSTXDATA

  -------         MODULE        ?C?LSTKXDATA
  C:1D8AH         PUBLIC        ?C?LSTKXDATA
  -------         ENDMOD        ?C?LSTKXDATA
BL51 BANKED LINKER/LOCATER V6.22                                                      02/22/2019  11:39:01  PAGE 51



  -------         MODULE        ?C?LSTKPTR
  C:1DBBH         PUBLIC        ?C?LSTKPTR
  -------         ENDMOD        ?C?LSTKPTR

  -------         MODULE        ?C?OFFXADD
  C:1DD5H         PUBLIC        ?C?OFFXADD
  -------         ENDMOD        ?C?OFFXADD

  -------         MODULE        ABS
  C:4C8BH         PUBLIC        _ABS
  -------         ENDMOD        ABS

  -------         MODULE        ATOI
  C:3EF3H         PUBLIC        _atoi
  -------         ENDMOD        ATOI

  -------         MODULE        ?C?IILDX
  C:1DE1H         PUBLIC        ?C?IILDX
  -------         ENDMOD        ?C?IILDX

  -------         MODULE        ?C?ULDIV
  C:1E33H         PUBLIC        ?C?ULDIV
  -------         ENDMOD        ?C?ULDIV

  -------         MODULE        ?C?LLDIDATA
  C:1EC5H         PUBLIC        ?C?LLDIDATA
  -------         ENDMOD        ?C?LLDIDATA

  -------         MODULE        ?C?LLDPDATA
  C:1ED1H         PUBLIC        ?C?LLDPDATA
  -------         ENDMOD        ?C?LLDPDATA

  -------         MODULE        ?C?LLDIDATA0
  C:1EDDH         PUBLIC        ?C?LLDIDATA0
  -------         ENDMOD        ?C?LLDIDATA0

  -------         MODULE        ?C?LLDPDATA0
  C:1EEAH         PUBLIC        ?C?LLDPDATA0
  -------         ENDMOD        ?C?LLDPDATA0

  -------         MODULE        ?C?LSTIDATA
  C:1EF7H         PUBLIC        ?C?LSTIDATA
  -------         ENDMOD        ?C?LSTIDATA

  -------         MODULE        ?C?LSTPDATA
  C:1F03H         PUBLIC        ?C?LSTPDATA
  -------         ENDMOD        ?C?LSTPDATA

  -------         MODULE        ?C?LSTKIDATA
  C:1F0FH         PUBLIC        ?C?LSTKIDATA
  -------         ENDMOD        ?C?LSTKIDATA

  -------         MODULE        ?C?LSTKPDATA
  C:1F28H         PUBLIC        ?C?LSTKPDATA
  -------         ENDMOD        ?C?LSTKPDATA

BL51 BANKED LINKER/LOCATER V6.22                                                      02/22/2019  11:39:01  PAGE 52


  -------         MODULE        ISDIGIT
  C:4C63H         PUBLIC        _isdigit
  -------         ENDMOD        ISDIGIT

  -------         MODULE        ISSPACE
  C:4BFEH         PUBLIC        _isspace
  -------         ENDMOD        ISSPACE

*** WARNING L16: UNCALLED SEGMENT, IGNORED FOR OVERLAY PROCESS
    SEGMENT: ?PR?_DISPLAY_PROX?MAIN

*** WARNING L16: UNCALLED SEGMENT, IGNORED FOR OVERLAY PROCESS
    SEGMENT: ?PR?_DAY_OF_YEAR?PCF85063BTL

*** WARNING L16: UNCALLED SEGMENT, IGNORED FOR OVERLAY PROCESS
    SEGMENT: ?PR?INITUART1?UART1

*** WARNING L16: UNCALLED SEGMENT, IGNORED FOR OVERLAY PROCESS
    SEGMENT: ?PR?_SENDSTRING?UART1

*** WARNING L16: UNCALLED SEGMENT, IGNORED FOR OVERLAY PROCESS
    SEGMENT: ?PR?_TEN?UART1

*** WARNING L16: UNCALLED SEGMENT, IGNORED FOR OVERLAY PROCESS
    SEGMENT: ?PR?_UNIT?UART1

*** WARNING L16: UNCALLED SEGMENT, IGNORED FOR OVERLAY PROCESS
    SEGMENT: ?PR?_DECTOBCD?UART1

*** WARNING L16: UNCALLED SEGMENT, IGNORED FOR OVERLAY PROCESS
    SEGMENT: ?PR?_ASCII_LETTER?UART1

*** WARNING L16: UNCALLED SEGMENT, IGNORED FOR OVERLAY PROCESS
    SEGMENT: ?PR?_ASCIITOBCD?UART1

*** WARNING L16: UNCALLED SEGMENT, IGNORED FOR OVERLAY PROCESS
    SEGMENT: ?PR?WAIT?BIPOLARMOTOR

*** WARNING L16: UNCALLED SEGMENT, IGNORED FOR OVERLAY PROCESS
    SEGMENT: ?PR?_FINDDET4X4?BIPOLARMOTOR

*** WARNING L16: UNCALLED SEGMENT, IGNORED FOR OVERLAY PROCESS
    SEGMENT: ?PR?NOP?IOEXPANDER_PI4IOE5V96248

*** WARNING L16: UNCALLED SEGMENT, IGNORED FOR OVERLAY PROCESS
    SEGMENT: ?PR?UC_ACK?IOEXPANDER_PI4IOE5V96248

*** WARNING L16: UNCALLED SEGMENT, IGNORED FOR OVERLAY PROCESS
    SEGMENT: ?PR?UC_NACK?IOEXPANDER_PI4IOE5V96248

*** WARNING L16: UNCALLED SEGMENT, IGNORED FOR OVERLAY PROCESS
    SEGMENT: ?PR?_AT25SF041_READ?AT25SF041

*** WARNING L1: UNRESOLVED EXTERNAL SYMBOL
    SYMBOL:  AUTO_MODE
    MODULE:  .\Obj\main.obj (MAIN)

BL51 BANKED LINKER/LOCATER V6.22                                                      02/22/2019  11:39:01  PAGE 53


*** WARNING L2: REFERENCE MADE TO UNRESOLVED EXTERNAL
    SYMBOL:  AUTO_MODE
    MODULE:  .\Obj\main.obj (MAIN)
    ADDRESS: 0B45H

*** WARNING L2: REFERENCE MADE TO UNRESOLVED EXTERNAL
    SYMBOL:  AUTO_MODE
    MODULE:  .\Obj\main.obj (MAIN)
    ADDRESS: 0CBAH

*** WARNING L2: REFERENCE MADE TO UNRESOLVED EXTERNAL
    SYMBOL:  AUTO_MODE
    MODULE:  .\Obj\main.obj (MAIN)
    ADDRESS: 0CC8H

*** WARNING L2: REFERENCE MADE TO UNRESOLVED EXTERNAL
    SYMBOL:  AUTO_MODE
    MODULE:  .\Obj\main.obj (MAIN)
    ADDRESS: 0CDAH

*** WARNING L2: REFERENCE MADE TO UNRESOLVED EXTERNAL
    SYMBOL:  AUTO_MODE
    MODULE:  .\Obj\main.obj (MAIN)
    ADDRESS: 0D1CH

*** WARNING L2: REFERENCE MADE TO UNRESOLVED EXTERNAL
    SYMBOL:  AUTO_MODE
    MODULE:  .\Obj\main.obj (MAIN)
    ADDRESS: 0DEFH

*** WARNING L1: UNRESOLVED EXTERNAL SYMBOL
    SYMBOL:  _SENDUART1
    MODULE:  .\Obj\UART1.obj (UART1)

*** WARNING L2: REFERENCE MADE TO UNRESOLVED EXTERNAL
    SYMBOL:  _SENDUART1
    MODULE:  .\Obj\UART1.obj (UART1)
    ADDRESS: 49CCH

*** WARNING L1: UNRESOLVED EXTERNAL SYMBOL
    SYMBOL:  AUTO_MODE
    MODULE:  .\Obj\KeyPad.obj (KEYPAD)

*** WARNING L2: REFERENCE MADE TO UNRESOLVED EXTERNAL
    SYMBOL:  AUTO_MODE
    MODULE:  .\Obj\KeyPad.obj (KEYPAD)
    ADDRESS: 30EBH

*** WARNING L2: REFERENCE MADE TO UNRESOLVED EXTERNAL
    SYMBOL:  AUTO_MODE
    MODULE:  .\Obj\KeyPad.obj (KEYPAD)
    ADDRESS: 30F6H

*** WARNING L2: REFERENCE MADE TO UNRESOLVED EXTERNAL
    SYMBOL:  AUTO_MODE
    MODULE:  .\Obj\KeyPad.obj (KEYPAD)
    ADDRESS: 30FDH
BL51 BANKED LINKER/LOCATER V6.22                                                      02/22/2019  11:39:01  PAGE 54



Program Size: data=10.2 xdata=1591 code=19645
LINK/LOCATE RUN COMPLETE.  28 WARNING(S),  0 ERROR(S)
