BL51 BANKED LINKER/LOCATER V6.22                                                        01/21/2019  16:59:46  PAGE 1


BL51 BANKED LINKER/LOCATER V6.22, INVOKED BY:
C:\KEIL_V5\C51\BIN\BL51.EXE .\Obj\main.obj, .\Obj\PCF85063BTL.obj, .\Obj\UART1.obj, .\Obj\LCd_Driver_SPLC780D.obj, .\Obj
>> \KeyPad.obj, .\Obj\BipolarMotor.obj, .\Obj\SunPos.obj, .\Obj\ADC.obj, .\Obj\Calibration.obj, .\Obj\IOExpander_PI4IOE5
>> V96248.obj, .\Obj\STARTUP.obj TO .\Obj\GPIO_RTC_Test PRINT (.\Lis\GPIO_RTC_Test.m51) RAMSIZE (256)


MEMORY MODEL: LARGE WITH FLOATING POINT ARITHMETIC


INPUT MODULES INCLUDED:
  .\Obj\main.obj (MAIN)
  .\Obj\PCF85063BTL.obj (PCF85063BTL)
  .\Obj\UART1.obj (UART1)
  .\Obj\LCd_Driver_SPLC780D.obj (LCD_DRIVER_SPLC780D)
  .\Obj\KeyPad.obj (KEYPAD)
  .\Obj\BipolarMotor.obj (BIPOLARMOTOR)
  .\Obj\SunPos.obj (SUNPOS)
  .\Obj\ADC.obj (ADC)
  .\Obj\Calibration.obj (CALIBRATION)
  .\Obj\IOExpander_PI4IOE5V96248.obj (IOEXPANDER_PI4IOE5V96248)
  .\Obj\STARTUP.obj (?C_STARTUP)
  C:\KEIL_V5\C51\LIB\C51FPL.LIB (?C?FPADD)
  C:\KEIL_V5\C51\LIB\C51FPL.LIB (?C?FPMUL)
  C:\KEIL_V5\C51\LIB\C51FPL.LIB (?C?FPDIV)
  C:\KEIL_V5\C51\LIB\C51FPL.LIB (?C?FPCMP)
  C:\KEIL_V5\C51\LIB\C51FPL.LIB (?C?FPNEG)
  C:\KEIL_V5\C51\LIB\C51FPL.LIB (?C?FCAST)
  C:\KEIL_V5\C51\LIB\C51FPL.LIB (?C?CASTF)
  C:\KEIL_V5\C51\LIB\C51FPL.LIB (ATAN2)
  C:\KEIL_V5\C51\LIB\C51FPL.LIB (SIN)
  C:\KEIL_V5\C51\LIB\C51FPL.LIB (ACOS)
  C:\KEIL_V5\C51\LIB\C51FPL.LIB (ASIN)
  C:\KEIL_V5\C51\LIB\C51FPL.LIB (?C?FPGETOPN)
  C:\KEIL_V5\C51\LIB\C51FPL.LIB (?C?FPSERIES)
  C:\KEIL_V5\C51\LIB\C51FPL.LIB (SQRT)
  C:\KEIL_V5\C51\LIB\C51FPL.LIB (ATAN)
  C:\KEIL_V5\C51\LIB\C51L.LIB (?C_INIT)
  C:\KEIL_V5\C51\LIB\C51L.LIB (?C?COPY)
  C:\KEIL_V5\C51\LIB\C51L.LIB (?C?CLDPTR)
  C:\KEIL_V5\C51\LIB\C51L.LIB (?C?CLDOPTR)
  C:\KEIL_V5\C51\LIB\C51L.LIB (?C?CSTPTR)
  C:\KEIL_V5\C51\LIB\C51L.LIB (?C?IMUL)
  C:\KEIL_V5\C51\LIB\C51L.LIB (?C?UIDIV)
  C:\KEIL_V5\C51\LIB\C51L.LIB (?C?SIDIV)
  C:\KEIL_V5\C51\LIB\C51L.LIB (?C?ILDIX)
  C:\KEIL_V5\C51\LIB\C51L.LIB (?C?ILDOPTR)
  C:\KEIL_V5\C51\LIB\C51L.LIB (?C?LMUL)
  C:\KEIL_V5\C51\LIB\C51L.LIB (?C?SLDIV)
  C:\KEIL_V5\C51\LIB\C51L.LIB (?C?LNEG)
  C:\KEIL_V5\C51\LIB\C51L.LIB (?C?LLDPTR)
  C:\KEIL_V5\C51\LIB\C51L.LIB (?C?LLDOPTR)
  C:\KEIL_V5\C51\LIB\C51L.LIB (?C?LSTPTR)
  C:\KEIL_V5\C51\LIB\C51L.LIB (?C?LSTOPTR)
  C:\KEIL_V5\C51\LIB\C51L.LIB (?C?LLDXDATA)
  C:\KEIL_V5\C51\LIB\C51L.LIB (?C?LLDCODE)
  C:\KEIL_V5\C51\LIB\C51L.LIB (?C?LLDXDATA0)
  C:\KEIL_V5\C51\LIB\C51L.LIB (?C?LLDCODE0)
  C:\KEIL_V5\C51\LIB\C51L.LIB (?C?LLDPTR0)
BL51 BANKED LINKER/LOCATER V6.22                                                      01/21/2019  16:59:46  PAGE 2


  C:\KEIL_V5\C51\LIB\C51L.LIB (?C?LSTXDATA)
  C:\KEIL_V5\C51\LIB\C51L.LIB (?C?LSTKXDATA)
  C:\KEIL_V5\C51\LIB\C51L.LIB (?C?OFFXADD)
  C:\KEIL_V5\C51\LIB\C51L.LIB (ABS)
  C:\KEIL_V5\C51\LIB\C51L.LIB (ATOI)
  C:\KEIL_V5\C51\LIB\C51L.LIB (?C?IILDX)
  C:\KEIL_V5\C51\LIB\C51L.LIB (?C?ULDIV)
  C:\KEIL_V5\C51\LIB\C51L.LIB (?C?LLDIDATA)
  C:\KEIL_V5\C51\LIB\C51L.LIB (?C?LLDPDATA)
  C:\KEIL_V5\C51\LIB\C51L.LIB (?C?LLDIDATA0)
  C:\KEIL_V5\C51\LIB\C51L.LIB (?C?LLDPDATA0)
  C:\KEIL_V5\C51\LIB\C51L.LIB (?C?LSTIDATA)
  C:\KEIL_V5\C51\LIB\C51L.LIB (?C?LSTPDATA)
  C:\KEIL_V5\C51\LIB\C51L.LIB (ISDIGIT)
  C:\KEIL_V5\C51\LIB\C51L.LIB (ISSPACE)


LINK MAP OF MODULE:  .\Obj\GPIO_RTC_Test (MAIN)


            TYPE    BASE      LENGTH    RELOCATION   SEGMENT NAME
            -----------------------------------------------------

            * * * * * * *   D A T A   M E M O R Y   * * * * * * *
            REG     0000H     0008H     ABSOLUTE     "REG BANK 0"
            REG     0008H     0008H     ABSOLUTE     "REG BANK 1"
                    0010H     0010H                  *** GAP ***
            BIT     0020H.0   0000H.5   UNIT         ?BI?KEYPAD
            BIT     0020H.5   0000H.4   UNIT         _BIT_GROUP_
            BIT     0021H.1   0000H.1   UNIT         ?BI?MAIN
                    0021H.2   0000H.6                *** GAP ***
            IDATA   0022H     0001H     UNIT         ?STACK

            * * * * * * *  X D A T A   M E M O R Y  * * * * * * *
            XDATA   0000H     02EFH     UNIT         ?XD?BIPOLARMOTOR
            XDATA   02EFH     0120H     UNIT         _XDATA_GROUP_
            XDATA   040FH     00EBH     UNIT         ?XD?MAIN
            XDATA   04FAH     0040H     UNIT         ?XD?_FINDDET4X4?BIPOLARMOTOR
            XDATA   053AH     0024H     UNIT         ?XD?_FINDDET3X3?BIPOLARMOTOR
            XDATA   055EH     001EH     UNIT         ?XD?_CALIB_INTERPOLATE?MAIN
            XDATA   057CH     0009H     UNIT         ?XD?KEYPAD
            XDATA   0585H     0004H     UNIT         ?XD?_DISPLAY_PROX?MAIN
            XDATA   0589H     0003H     UNIT         ?XD?_SENDSTRING?UART1
            XDATA   058CH     0001H     UNIT         ?XD?UC_ACK?IOEXPANDER_PI4IOE5V96248
            XDATA   058DH     0001H     UNIT         ?XD?UC_NACK?IOEXPANDER_PI4IOE5V96248

            * * * * * * *   C O D E   M E M O R Y   * * * * * * *
            CODE    0000H     0003H     ABSOLUTE     
            CODE    0003H     0006H     UNIT         ?PR?_TEN?UART1
            CODE    0009H     0001H     UNIT         ?PR?TM0_ISR?MAIN
            CODE    000AH     0001H     UNIT         ?PR?_DECTOBCD?UART1
            CODE    000BH     0003H     ABSOLUTE     
            CODE    000EH     0015H     UNIT         ?PR?_DISPLAY_LINE?LCD_DRIVER_SPLC780D
            CODE    0023H     0003H     ABSOLUTE     
            CODE    0026H     0A1AH     UNIT         ?PR?_UPDATE_POSITION?BIPOLARMOTOR
            CODE    0A40H     0927H     UNIT         ?C?LIB_CODE
            CODE    1367H     07A2H     UNIT         ?PR?SUNPOS?SUNPOS
BL51 BANKED LINKER/LOCATER V6.22                                                      01/21/2019  16:59:46  PAGE 3


            CODE    1B09H     0624H     UNIT         ?PR?MAIN?MAIN
            CODE    212DH     0351H     UNIT         ?C_INITSEG
            CODE    247EH     02C0H     UNIT         ?PR?_FINDDET4X4?BIPOLARMOTOR
            CODE    273EH     02A0H     UNIT         ?PR?KEY_PROCESS?KEYPAD
            CODE    29DEH     01D1H     UNIT         ?PR?_FINDDET3X3?BIPOLARMOTOR
            CODE    2BAFH     01B5H     UNIT         ?PR?_DISPLAY_POS?MAIN
            CODE    2D64H     01A1H     UNIT         ?PR?_CALIB_INTERPOLATE?MAIN
            CODE    2F05H     018DH     UNIT         ?PR?KEY_SCAN?KEYPAD
            CODE    3092H     0188H     UNIT         ?PR?SIN?SIN
            CODE    321AH     013EH     UNIT         ?PR?_FIND_REAL_MAX?CALIBRATION
            CODE    3358H     0122H     UNIT         ?PR?ATAN?ATAN
            CODE    347AH     00DBH     UNIT         ?PR?_ATOI?ATOI
            CODE    3555H     00C8H     UNIT         ?PR?_CALIBRATION?CALIBRATION
            CODE    361DH     00C3H     UNIT         ?PR?LINEAR_INTERPOLATE?BIPOLARMOTOR
            CODE    36E0H     00BBH     UNIT         ?PR?VOLTAGE_IS_STABLE?CALIBRATION
            CODE    379BH     00ADH     UNIT         ?PR?_WRITE_PI4IOE5V96248?IOEXPANDER_PI4IOE5V96248
            CODE    3848H     00ACH     UNIT         ?PR?SQRT?SQRT
            CODE    38F4H     009DH     UNIT         ?PR?_ATAN2?ATAN2
            CODE    3991H     009BH     UNIT         ?PR?UART?MAIN
            CODE    3A2CH     0095H     UNIT         ?PR?_DISPLAY_PROX?MAIN
            CODE    3AC1H     0093H     UNIT         ?PR?_MAX_VALUE?CALIBRATION
            CODE    3B54H     008CH     UNIT         ?C_C51STARTUP
            CODE    3BE0H     0084H     UNIT         ?PR?_DAY_OF_YEAR?PCF85063BTL
            CODE    3C64H     0075H     UNIT         ?PR?_WRITEDATA?LCD_DRIVER_SPLC780D
            CODE    3CD9H     006FH     UNIT         ?PR?_READ_TIME?PCF85063BTL
            CODE    3D48H     0059H     UNIT         ?PR?LCD_INIT?LCD_DRIVER_SPLC780D
            CODE    3DA1H     004AH     UNIT         ?PR?VONESTEPMOVE?BIPOLARMOTOR
            CODE    3DEBH     004AH     UNIT         ?PR?ACOS?ACOS
            CODE    3E35H     0044H     UNIT         ?C?LDIV
            CODE    3E79H     0040H     UNIT         ?PR?_COMMAND?LCD_DRIVER_SPLC780D
            CODE    3EB9H     0040H     UNIT         ?PR?_STEP_MOVE?BIPOLARMOTOR
            CODE    3EF9H     003BH     UNIT         ?PR?ASIN?ASIN
            CODE    3F34H     0033H     UNIT         ?PR?_SENDSTRING?UART1
            CODE    3F67H     002BH     UNIT         ?PR?_WAIT_MS_I2C?IOEXPANDER_PI4IOE5V96248
            CODE    3F92H     0028H     UNIT         ?PR?_MOVE?BIPOLARMOTOR
            CODE    3FBAH     0027H     UNIT         ?PR?_I2C_SENDBYTE?IOEXPANDER_PI4IOE5V96248
            CODE    3FE1H     0026H     UNIT         ?PR?_ADC_GETRESULT?ADC
            CODE    4007H     0024H     UNIT         ?PR?_WAIT_MS?LCD_DRIVER_SPLC780D
            CODE    402BH     0020H     UNIT         ?PR?_SPI_SENDBYTE?PCF85063BTL
            CODE    404BH     0020H     UNIT         ?PR?SPI_RECEIVEBYTE?PCF85063BTL
            CODE    406BH     001EH     UNIT         ?PR?_DELAY_MS?KEYPAD
            CODE    4089H     001DH     UNIT         ?PR?_DISPLAYLCD?LCD_DRIVER_SPLC780D
            CODE    40A6H     001DH     UNIT         ?PR?ADC_INIT?ADC
            CODE    40C3H     001BH     UNIT         ?PR?_BCDTODEC1?BIPOLARMOTOR
            CODE    40DEH     0018H     UNIT         ?PR?_SPI_WRITETIME?PCF85063BTL
            CODE    40F6H     0017H     UNIT         ?PR?_ASCIITOBCD?UART1
            CODE    410DH     0016H     UNIT         ?PR?I2C_ACK?IOEXPANDER_PI4IOE5V96248
            CODE    4123H     0015H     UNIT         ?PR?I2C_STOP?IOEXPANDER_PI4IOE5V96248
            CODE    4138H     0014H     UNIT         ?PR?_PCF85063BTL_DELAY?PCF85063BTL
            CODE    414CH     0014H     UNIT         ?PR?_ISSPACE?ISSPACE
            CODE    4160H     0011H     UNIT         ?PR?_SPI_READTIME?PCF85063BTL
            CODE    4171H     0011H     UNIT         ?PR?_BCDTODEC?PCF85063BTL
            CODE    4182H     0011H     UNIT         ?PR?INITUART1?UART1
            CODE    4193H     000FH     UNIT         ?PR?I2C_START?IOEXPANDER_PI4IOE5V96248
            CODE    41A2H     000FH     UNIT         ?PR?UC_NACK?IOEXPANDER_PI4IOE5V96248
            CODE    41B1H     000FH     UNIT         ?PR?_ISDIGIT?ISDIGIT
            CODE    41C0H     000DH     UNIT         ?PR?SPI_INIT?PCF85063BTL
BL51 BANKED LINKER/LOCATER V6.22                                                      01/21/2019  16:59:46  PAGE 4


            CODE    41CDH     000CH     UNIT         ?PR?KEYPAD_IO_INIT?KEYPAD
            CODE    41D9H     000CH     UNIT         ?PR?_ABS?ABS
            CODE    41E5H     000AH     UNIT         ?PR?LCD_RETURN_HOME?LCD_DRIVER_SPLC780D
            CODE    41EFH     000AH     UNIT         ?PR?LCD_CLEAR?LCD_DRIVER_SPLC780D
            CODE    41F9H     0009H     UNIT         ?PR?_SENDUART1?MAIN
            CODE    4202H     0006H     UNIT         ?PR?UC_ACK?IOEXPANDER_PI4IOE5V96248
            CODE    4208H     0005H     UNIT         ?PR?_UNIT?UART1
            CODE    420DH     0005H     UNIT         ?PR?_ASCII_LETTER?UART1
            CODE    4212H     0001H     UNIT         ?PR?WAIT?BIPOLARMOTOR
            CODE    4213H     0001H     UNIT         ?PR?NOP?IOEXPANDER_PI4IOE5V96248



OVERLAY MAP OF MODULE:   .\Obj\GPIO_RTC_Test (MAIN)


SEGMENT                                             BIT_GROUP          XDATA_GROUP
  +--> CALLED SEGMENT                            START    LENGTH     START    LENGTH
------------------------------------------------------------------------------------
?PR?UART?MAIN                                    -----    -----      -----    -----
  +--> ?PR?_ASCIITOBCD?UART1

?PR?_ASCIITOBCD?UART1                            -----    -----      -----    -----
  +--> ?PR?_ATOI?ATOI

?PR?_ATOI?ATOI                                   0020H.5  0000H.1    02EFH    0005H
  +--> ?PR?_ISSPACE?ISSPACE
  +--> ?PR?_ISDIGIT?ISDIGIT

*** NEW ROOT ***************************************************

?C_C51STARTUP                                    -----    -----      -----    -----
  +--> ?PR?MAIN?MAIN
  +--> ?C_INITSEG

?PR?MAIN?MAIN                                    -----    -----      02F4H    0017H
  +--> ?PR?LCD_INIT?LCD_DRIVER_SPLC780D
  +--> ?PR?SPI_INIT?PCF85063BTL
  +--> ?PR?KEYPAD_IO_INIT?KEYPAD
  +--> ?PR?ADC_INIT?ADC
  +--> ?PR?_DELAY_MS?KEYPAD
  +--> ?PR?_DISPLAY_LINE?LCD_DRIVER_SPLC780D
  +--> ?PR?_WRITEDATA?LCD_DRIVER_SPLC780D
  +--> ?PR?KEY_PROCESS?KEYPAD
  +--> ?PR?_COMMAND?LCD_DRIVER_SPLC780D
  +--> ?PR?_DISPLAY_POS?MAIN
  +--> ?PR?_DISPLAYLCD?LCD_DRIVER_SPLC780D
  +--> ?PR?_STEP_MOVE?BIPOLARMOTOR
  +--> ?PR?LCD_RETURN_HOME?LCD_DRIVER_SPLC780D
  +--> ?PR?_READ_TIME?PCF85063BTL
  +--> ?PR?_BCDTODEC1?BIPOLARMOTOR
  +--> ?PR?_CALIBRATION?CALIBRATION
  +--> ?PR?_UPDATE_POSITION?BIPOLARMOTOR
  +--> ?PR?LINEAR_INTERPOLATE?BIPOLARMOTOR

?PR?LCD_INIT?LCD_DRIVER_SPLC780D                 -----    -----      -----    -----
  +--> ?PR?_WAIT_MS?LCD_DRIVER_SPLC780D
BL51 BANKED LINKER/LOCATER V6.22                                                      01/21/2019  16:59:46  PAGE 5


  +--> ?PR?_COMMAND?LCD_DRIVER_SPLC780D

?PR?_COMMAND?LCD_DRIVER_SPLC780D                 -----    -----      -----    -----
  +--> ?PR?_WAIT_MS?LCD_DRIVER_SPLC780D

?PR?ADC_INIT?ADC                                 -----    -----      -----    -----
  +--> ?PR?_WAIT_MS?LCD_DRIVER_SPLC780D

?PR?_DISPLAY_LINE?LCD_DRIVER_SPLC780D            -----    -----      -----    -----
  +--> ?PR?_COMMAND?LCD_DRIVER_SPLC780D

?PR?_WRITEDATA?LCD_DRIVER_SPLC780D               -----    -----      0315H    0001H
  +--> ?PR?_WAIT_MS?LCD_DRIVER_SPLC780D

?PR?KEY_PROCESS?KEYPAD                           -----    -----      030BH    0006H
  +--> ?PR?KEY_SCAN?KEYPAD
  +--> ?PR?_SPI_WRITETIME?PCF85063BTL
  +--> ?PR?LCD_CLEAR?LCD_DRIVER_SPLC780D
  +--> ?PR?_COMMAND?LCD_DRIVER_SPLC780D
  +--> ?PR?_WRITEDATA?LCD_DRIVER_SPLC780D

?PR?KEY_SCAN?KEYPAD                              -----    -----      0311H    0003H

?PR?_SPI_WRITETIME?PCF85063BTL                   -----    -----      -----    -----
  +--> ?PR?_SPI_SENDBYTE?PCF85063BTL

?PR?_SPI_SENDBYTE?PCF85063BTL                    -----    -----      -----    -----
  +--> ?PR?_PCF85063BTL_DELAY?PCF85063BTL

?PR?LCD_CLEAR?LCD_DRIVER_SPLC780D                -----    -----      -----    -----
  +--> ?PR?_COMMAND?LCD_DRIVER_SPLC780D

?PR?_DISPLAY_POS?MAIN                            -----    -----      030BH    000AH
  +--> ?PR?_ABS?ABS
  +--> ?PR?_WRITEDATA?LCD_DRIVER_SPLC780D

?PR?_DISPLAYLCD?LCD_DRIVER_SPLC780D              -----    -----      030BH    0001H
  +--> ?PR?_WRITEDATA?LCD_DRIVER_SPLC780D

?PR?_STEP_MOVE?BIPOLARMOTOR                      0020H.7  0000H.1    037BH    0004H
  +--> ?PR?VONESTEPMOVE?BIPOLARMOTOR

?PR?VONESTEPMOVE?BIPOLARMOTOR                    0021H.0  0000H.1    -----    -----
  +--> ?PR?_WRITE_PI4IOE5V96248?IOEXPANDER_P...
  +--> ?PR?_DELAY_MS?KEYPAD

?PR?_WRITE_PI4IOE5V96248?IOEXPANDER_P...         -----    -----      037FH    0003H
  +--> ?PR?I2C_START?IOEXPANDER_PI4IOE5V96248
  +--> ?PR?_WAIT_MS_I2C?IOEXPANDER_PI4IOE5V9...
  +--> ?PR?_I2C_SENDBYTE?IOEXPANDER_PI4IOE5V...
  +--> ?PR?I2C_ACK?IOEXPANDER_PI4IOE5V96248
  +--> ?PR?I2C_STOP?IOEXPANDER_PI4IOE5V96248

?PR?I2C_START?IOEXPANDER_PI4IOE5V96248           -----    -----      -----    -----
  +--> ?PR?_WAIT_MS_I2C?IOEXPANDER_PI4IOE5V9...

?PR?_I2C_SENDBYTE?IOEXPANDER_PI4IOE5V...         -----    -----      -----    -----
BL51 BANKED LINKER/LOCATER V6.22                                                      01/21/2019  16:59:46  PAGE 6


  +--> ?PR?_WAIT_MS_I2C?IOEXPANDER_PI4IOE5V9...

?PR?I2C_ACK?IOEXPANDER_PI4IOE5V96248             -----    -----      0382H    0001H
  +--> ?PR?_WAIT_MS_I2C?IOEXPANDER_PI4IOE5V9...

?PR?I2C_STOP?IOEXPANDER_PI4IOE5V96248            -----    -----      -----    -----
  +--> ?PR?_WAIT_MS_I2C?IOEXPANDER_PI4IOE5V9...

?PR?LCD_RETURN_HOME?LCD_DRIVER_SPLC780D          -----    -----      -----    -----
  +--> ?PR?_COMMAND?LCD_DRIVER_SPLC780D

?PR?_READ_TIME?PCF85063BTL                       -----    -----      030BH    000FH
  +--> ?PR?_SPI_READTIME?PCF85063BTL

?PR?_SPI_READTIME?PCF85063BTL                    -----    -----      -----    -----
  +--> ?PR?_SPI_SENDBYTE?PCF85063BTL
  +--> ?PR?SPI_RECEIVEBYTE?PCF85063BTL

?PR?SPI_RECEIVEBYTE?PCF85063BTL                  -----    -----      -----    -----
  +--> ?PR?_PCF85063BTL_DELAY?PCF85063BTL

?PR?_CALIBRATION?CALIBRATION                     -----    -----      030BH    0010H
  +--> ?PR?VOLTAGE_IS_STABLE?CALIBRATION
  +--> ?PR?_UPDATE_POSITION?BIPOLARMOTOR
  +--> ?PR?_FIND_REAL_MAX?CALIBRATION

?PR?VOLTAGE_IS_STABLE?CALIBRATION                -----    -----      031BH    0018H
  +--> ?PR?_ADC_GETRESULT?ADC
  +--> ?PR?_ABS?ABS

?PR?_UPDATE_POSITION?BIPOLARMOTOR                -----    -----      031BH    008BH
  +--> ?PR?_BCDTODEC1?BIPOLARMOTOR
  +--> ?PR?SUNPOS?SUNPOS
  +--> ?PR?SIN?SIN
  +--> ?PR?ASIN?ASIN
  +--> ?PR?LINEAR_INTERPOLATE?BIPOLARMOTOR
  +--> ?PR?_ABS?ABS

?PR?SUNPOS?SUNPOS                                -----    -----      03A6H    005DH
  +--> ?PR?SIN?SIN
  +--> ?PR?_ATAN2?ATAN2
  +--> ?PR?ASIN?ASIN
  +--> ?PR?ACOS?ACOS

?PR?SIN?SIN                                      0020H.6  0000H.1    0403H    0004H

?PR?_ATAN2?ATAN2                                 -----    -----      0403H    0008H
  +--> ?PR?ATAN?ATAN

?PR?ATAN?ATAN                                    0020H.6  0000H.2    040BH    0004H

?PR?ASIN?ASIN                                    -----    -----      -----    -----
  +--> ?PR?SQRT?SQRT
  +--> ?PR?ATAN?ATAN

?PR?SQRT?SQRT                                    -----    -----      0403H    0004H

BL51 BANKED LINKER/LOCATER V6.22                                                      01/21/2019  16:59:46  PAGE 7


?PR?ACOS?ACOS                                    -----    -----      -----    -----
  +--> ?PR?SQRT?SQRT
  +--> ?PR?ATAN?ATAN

?PR?LINEAR_INTERPOLATE?BIPOLARMOTOR              -----    -----      03A6H    0014H

?PR?_FIND_REAL_MAX?CALIBRATION                   -----    -----      031BH    005CH
  +--> ?PR?_MOVE?BIPOLARMOTOR
  +--> ?PR?_ADC_GETRESULT?ADC
  +--> ?PR?_WAIT_MS?LCD_DRIVER_SPLC780D
  +--> ?PR?_MAX_VALUE?CALIBRATION

?PR?_MOVE?BIPOLARMOTOR                           0020H.6  0000H.1    0377H    0004H
  +--> ?PR?_STEP_MOVE?BIPOLARMOTOR

?PR?_MAX_VALUE?CALIBRATION                       -----    -----      0377H    0004H



UNRESOLVED EXTERNAL SYMBOLS:
   AUTO_MODE



SYMBOL TABLE OF MODULE:  .\Obj\GPIO_RTC_Test (MAIN)

  VALUE           TYPE          NAME
  ----------------------------------

  -------         MODULE        MAIN
  C:0000H         SYMBOL        _ICE_DUMMY_
  X:0417H         PUBLIC        calib_value
  D:0080H         PUBLIC        P0
  D:00B2H         PUBLIC        P3M0
  D:0090H         PUBLIC        P1
  D:00B1H         PUBLIC        P3M1
  D:00A0H         PUBLIC        P2
  D:00B0H         PUBLIC        P3
  D:00C0H         PUBLIC        P4
  D:00C8H         PUBLIC        P5
  X:0477H         SYMBOL        PressedKey
  B:00A8H.7       PUBLIC        EA
  D:00E8H         PUBLIC        P6
  D:00F8H         PUBLIC        P7
  X:047BH         PUBLIC        RX_Data_Uart_Cnt
  C:2D64H         PUBLIC        _calib_interpolate
  D:00A8H         PUBLIC        IE
  X:047DH         PUBLIC        calib_time
  D:00B8H         PUBLIC        IP
  B:0098H.0       PUBLIC        RI
  X:04DDH         PUBLIC        months
  B:0098H.1       PUBLIC        TI
  C:3991H         PUBLIC        Uart
  D:00D8H         PUBLIC        CCON
  C:1B09H         PUBLIC        main
  X:04DEH         PUBLIC        count
  D:0099H         PUBLIC        SBUF
BL51 BANKED LINKER/LOCATER V6.22                                                      01/21/2019  16:59:46  PAGE 8


  X:04E0H         PUBLIC        days
  X:04E1H         PUBLIC        hours
  D:0098H         PUBLIC        SCON
  D:0089H         PUBLIC        TMOD
  D:0088H         PUBLIC        TCON
  B:00A0H.3       PUBLIC        P23
  X:04E2H         SYMBOL        KeyCount
  X:04E4H         PUBLIC        mins
  X:04E5H         PUBLIC        Rec_data_hour
  X:04E8H         PUBLIC        Rec_data_min
  D:008EH         PUBLIC        AUXR
  C:0009H         PUBLIC        tm0_isr
  B:0021H.1       PUBLIC        busy
  D:00E0H         PUBLIC        ACC
  B:00A8H.1       PUBLIC        ET0
  D:008CH         PUBLIC        TH0
  X:04EBH         PUBLIC        hour_count
  D:008AH         PUBLIC        TL0
  X:04ECH         PUBLIC        min_count
  B:0088H.4       PUBLIC        TR0
  X:04EDH         SYMBOL        KeyNum
  X:04EEH         SYMBOL        KeyNum_Old
  X:04EFH         PUBLIC        current_position
  X:04F3H         PUBLIC        hours1
  X:04F4H         PUBLIC        hours2
  C:3A2CH         PUBLIC        _Display_Prox
  X:04F5H         PUBLIC        mins1
  X:04F6H         PUBLIC        mins2
  C:2BAFH         PUBLIC        _Display_Pos
  X:04F7H         PUBLIC        seconds
  X:04F8H         PUBLIC        st_time
  D:00D0H         PUBLIC        PSW
  C:41F9H         PUBLIC        _SendUART1
  -------         PROC          TM0_ISR
  C:0009H         LINE#         86
  C:0009H         LINE#         133
  -------         ENDPROC       TM0_ISR
  -------         PROC          MAIN
  -------         DO            
  X:02F4H         SYMBOL        prox_data
  X:040FH         SYMBOL        KeyCount
  X:0411H         SYMBOL        KeyNum_Old
  X:0412H         SYMBOL        KeyNum
  X:0413H         SYMBOL        PressedKey
  X:02F6H         SYMBOL        prox_flag
  X:02F7H         SYMBOL        iUse_prevday_calib_value
  X:02F9H         SYMBOL        calib_point1
  X:0301H         SYMBOL        calib_point2
  X:0309H         SYMBOL        calib_day
  -------         ENDDO         
  C:1B09H         LINE#         135
  C:1B09H         LINE#         136
  C:1B09H         LINE#         141
  C:1B0FH         LINE#         142
  C:1B14H         LINE#         145
  C:1B1AH         LINE#         149
  C:1B1CH         LINE#         150
BL51 BANKED LINKER/LOCATER V6.22                                                      01/21/2019  16:59:46  PAGE 9


  C:1B1EH         LINE#         151
  C:1B20H         LINE#         152
  C:1B22H         LINE#         154
  C:1B28H         LINE#         163
  C:1B2AH         LINE#         164
  C:1B2DH         LINE#         165
  C:1B30H         LINE#         166
  C:1B33H         LINE#         167
  C:1B36H         LINE#         168
  C:1B39H         LINE#         171
  C:1B3CH         LINE#         173
  C:1B3FH         LINE#         174
  C:1B42H         LINE#         175
  C:1B45H         LINE#         176
  C:1B47H         LINE#         177
  C:1B49H         LINE#         178
  C:1B4BH         LINE#         180
  C:1B4DH         LINE#         182
  C:1B54H         LINE#         184
  C:1B5BH         LINE#         188
  C:1B62H         LINE#         189
  C:1B67H         LINE#         190
  C:1B6CH         LINE#         191
  C:1B71H         LINE#         192
  C:1B76H         LINE#         193
  C:1B7BH         LINE#         196
  C:1B7BH         LINE#         197
  C:1B7BH         LINE#         198
  C:1B7EH         LINE#         201
  C:1B7EH         LINE#         204
  C:1B83H         LINE#         205
  C:1B88H         LINE#         207
  C:1B8DH         LINE#         208
  C:1B92H         LINE#         209
  C:1B97H         LINE#         210
  C:1B9CH         LINE#         212
  C:1BADH         LINE#         214
  C:1BB4H         LINE#         215
  C:1BBCH         LINE#         216
  C:1BC1H         LINE#         217
  C:1BC9H         LINE#         218
  C:1BCEH         LINE#         219
  C:1BD8H         LINE#         220
  C:1BDDH         LINE#         221
  C:1BE5H         LINE#         223
  C:1BEDH         LINE#         224
  C:1BF2H         LINE#         225
  C:1BFCH         LINE#         226
  C:1BFCH         LINE#         227
  C:1BFEH         LINE#         228
  C:1C00H         LINE#         229
  C:1C0AH         LINE#         230
  C:1C0AH         LINE#         231
  C:1C0FH         LINE#         232
  C:1C0FH         LINE#         244
  C:1C1CH         LINE#         245
  C:1C1CH         LINE#         246
BL51 BANKED LINKER/LOCATER V6.22                                                      01/21/2019  16:59:46  PAGE 10


  C:1C26H         LINE#         247
  C:1C3DH         LINE#         248
  C:1C3DH         LINE#         249
  C:1C3FH         LINE#         250
  C:1C41H         LINE#         252
  C:1C41H         LINE#         253
  C:1C4CH         LINE#         254
  C:1C4CH         LINE#         255
  C:1C51H         LINE#         256
  C:1C51H         LINE#         257
  C:1C5EH         LINE#         258
  C:1C5EH         LINE#         261
  C:1C68H         LINE#         262
  C:1C7FH         LINE#         263
  C:1C7FH         LINE#         264
  C:1C81H         LINE#         265
  C:1C83H         LINE#         267
  C:1C83H         LINE#         268
  C:1C8EH         LINE#         269
  C:1C8EH         LINE#         270
  C:1C93H         LINE#         271
  C:1C95H         LINE#         272
  C:1C95H         LINE#         281
  C:1CB7H         LINE#         282
  C:1CB7H         LINE#         283
  C:1CC1H         LINE#         284
  C:1CC7H         LINE#         285
  C:1CC9H         LINE#         286
  C:1CCBH         LINE#         287
  C:1CCDH         LINE#         288
  C:1CCDH         LINE#         289
  C:1CD0H         LINE#         291
  C:1CD0H         LINE#         292
  C:1CD6H         LINE#         293
  C:1CDEH         LINE#         294
  C:1CE4H         LINE#         295
  C:1CECH         LINE#         296
  C:1D27H         LINE#         300
  C:1D34H         LINE#         301
  C:1D34H         LINE#         303
  C:1D67H         LINE#         304
  C:1D74H         LINE#         305
  C:1D74H         LINE#         307
  C:1DB5H         LINE#         308
  C:1DB5H         LINE#         309
  C:1E0FH         LINE#         311
  C:1E66H         LINE#         312
  C:1E74H         LINE#         313
  C:1E74H         LINE#         314
  C:1E7CH         LINE#         315
  C:1E83H         LINE#         316
  C:1E83H         LINE#         318
  C:1E91H         LINE#         319
  C:1E94H         LINE#         321
  C:1E94H         LINE#         323
  C:1EECH         LINE#         324
  C:1EECH         LINE#         325
BL51 BANKED LINKER/LOCATER V6.22                                                      01/21/2019  16:59:46  PAGE 11


  C:1EEFH         LINE#         329
  C:1EEFH         LINE#         331
  C:1F35H         LINE#         332
  C:1F35H         LINE#         333
  C:1F8FH         LINE#         335
  C:1FE6H         LINE#         336
  C:1FF4H         LINE#         337
  C:1FF4H         LINE#         338
  C:1FFBH         LINE#         339
  C:1FFBH         LINE#         341
  C:2009H         LINE#         342
  C:200CH         LINE#         344
  C:200CH         LINE#         345
  C:2039H         LINE#         346
  C:2054H         LINE#         347
  C:2081H         LINE#         348
  C:209CH         LINE#         350
  C:212AH         LINE#         351
  C:212AH         LINE#         352
  C:212AH         LINE#         354
  C:212AH         LINE#         355
  -------         ENDPROC       MAIN
  -------         PROC          UART
  C:3991H         LINE#         369
  C:399EH         LINE#         371
  C:39A1H         LINE#         372
  C:39A1H         LINE#         373
  C:39AFH         LINE#         374
  C:39B1H         LINE#         375
  C:39C3H         LINE#         376
  C:39D2H         LINE#         377
  C:39DDH         LINE#         378
  C:39DDH         LINE#         381
  C:39EAH         LINE#         382
  C:39F0H         LINE#         383
  C:39F0H         LINE#         384
  C:39F6H         LINE#         385
  C:3A04H         LINE#         386
  C:3A12H         LINE#         387
  C:3A1AH         LINE#         392
  C:3A1AH         LINE#         393
  C:3A1AH         LINE#         396
  C:3A1AH         LINE#         397
  C:3A1DH         LINE#         398
  C:3A1DH         LINE#         399
  C:3A1FH         LINE#         400
  C:3A21H         LINE#         401
  C:3A21H         LINE#         402
  -------         ENDPROC       UART
  -------         PROC          _CALIB_INTERPOLATE
  X:055EH         SYMBOL        hours
  X:0562H         SYMBOL        mins
  -------         DO            
  X:0566H         SYMBOL        p_calib1
  X:056EH         SYMBOL        p_calib2
  X:0576H         SYMBOL        i
  X:0578H         SYMBOL        current_time
BL51 BANKED LINKER/LOCATER V6.22                                                      01/21/2019  16:59:46  PAGE 12


  -------         ENDDO         
  C:2D64H         LINE#         405
  C:2D6AH         LINE#         406
  C:2D6AH         LINE#         410
  C:2DC1H         LINE#         412
  C:2DE7H         LINE#         413
  C:2DE7H         LINE#         414
  C:2E59H         LINE#         415
  C:2E59H         LINE#         416
  C:2E86H         LINE#         417
  C:2EA1H         LINE#         419
  C:2ECEH         LINE#         420
  C:2EE9H         LINE#         422
  C:2EEBH         LINE#         423
  C:2EEBH         LINE#         424
  C:2EFFH         LINE#         425
  C:2F04H         LINE#         427
  -------         ENDPROC       _CALIB_INTERPOLATE
  -------         PROC          _SENDUART1
  D:0007H         SYMBOL        dat
  C:41F9H         LINE#         430
  C:41F9H         LINE#         431
  C:41F9H         LINE#         432
  C:41FCH         LINE#         433
  C:41FEH         LINE#         434
  C:41FFH         LINE#         435
  C:4201H         LINE#         436
  -------         ENDPROC       _SENDUART1
  -------         PROC          _DISPLAY_PROX
  D:0002H         SYMBOL        dat
  -------         DO            
  X:0585H         SYMBOL        unit
  X:0586H         SYMBOL        ten
  X:0587H         SYMBOL        hundred
  X:0588H         SYMBOL        thousand
  -------         ENDDO         
  C:3A2CH         LINE#         439
  C:3A30H         LINE#         440
  C:3A30H         LINE#         442
  C:3A3CH         LINE#         443
  C:3A4CH         LINE#         444
  C:3A68H         LINE#         445
  C:3A98H         LINE#         446
  C:3AA2H         LINE#         447
  C:3AACH         LINE#         448
  C:3AB6H         LINE#         449
  C:3AC0H         LINE#         451
  -------         ENDPROC       _DISPLAY_PROX
  -------         PROC          _DISPLAY_POS
  X:030BH         SYMBOL        sign_dat
  -------         DO            
  X:030FH         SYMBOL        unit
  X:0310H         SYMBOL        ten
  X:0311H         SYMBOL        hundred
  D:0003H         SYMBOL        thousand
  X:0312H         SYMBOL        after_dot
  X:0313H         SYMBOL        dat
BL51 BANKED LINKER/LOCATER V6.22                                                      01/21/2019  16:59:46  PAGE 13


  -------         ENDDO         
  C:2BAFH         LINE#         454
  C:2BB5H         LINE#         455
  C:2BB5H         LINE#         459
  C:2BD1H         LINE#         460
  C:2BEBH         LINE#         461
  C:2C0FH         LINE#         463
  C:2C59H         LINE#         465
  C:2C70H         LINE#         466
  C:2C7DH         LINE#         467
  C:2C9FH         LINE#         468
  C:2CD4H         LINE#         469
  C:2CECH         LINE#         470
  C:2CECH         LINE#         472
  C:2CF6H         LINE#         473
  C:2D00H         LINE#         474
  C:2D0AH         LINE#         475
  C:2D0FH         LINE#         476
  C:2D19H         LINE#         477
  C:2D1EH         LINE#         478
  C:2D23H         LINE#         479
  C:2D25H         LINE#         480
  C:2D27H         LINE#         482
  C:2D27H         LINE#         484
  C:2D2CH         LINE#         485
  C:2D36H         LINE#         486
  C:2D40H         LINE#         487
  C:2D4AH         LINE#         488
  C:2D4FH         LINE#         489
  C:2D59H         LINE#         490
  C:2D5EH         LINE#         491
  C:2D63H         LINE#         493
  C:2D63H         LINE#         495
  -------         ENDPROC       _DISPLAY_POS
  -------         ENDMOD        MAIN

  -------         MODULE        PCF85063BTL
  C:0000H         SYMBOL        _ICE_DUMMY_
  D:0096H         PUBLIC        P2M0
  D:0080H         PUBLIC        P0
  D:0095H         PUBLIC        P2M1
  D:0090H         PUBLIC        P1
  D:00A0H         PUBLIC        P2
  D:00B0H         PUBLIC        P3
  D:00C0H         PUBLIC        P4
  D:00C8H         PUBLIC        P5
  D:00E8H         PUBLIC        P6
  B:00A0H.1       PUBLIC        PCF85063BTL_SDI
  D:00F8H         PUBLIC        P7
  B:00A0H.2       PUBLIC        PCF85063BTL_SCK
  B:00A0H.1       PUBLIC        PCF85063BTL_SDO
  D:00A8H         PUBLIC        IE
  C:3CD9H         PUBLIC        _Read_time
  C:413EH         PUBLIC        _PCF85063BTL_Delay
  D:00B8H         PUBLIC        IP
  D:00D8H         PUBLIC        CCON
  C:3BE0H         PUBLIC        _Day_Of_Year
BL51 BANKED LINKER/LOCATER V6.22                                                      01/21/2019  16:59:46  PAGE 14


  C:404BH         PUBLIC        SPI_ReceiveByte
  D:0098H         PUBLIC        SCON
  D:0088H         PUBLIC        TCON
  C:4171H         PUBLIC        _BCDtoDec
  B:00A0H.0       PUBLIC        PCF85063BTL_CS
  C:4160H         PUBLIC        _SPI_ReadTime
  C:41C0H         PUBLIC        SPI_Init
  C:40DEH         PUBLIC        _SPI_WriteTime
  C:402BH         PUBLIC        _SPI_SendByte
  D:00D0H         PUBLIC        PSW
  C:413AH         SYMBOL        L?0047
  -------         PROC          L?0046
  -------         ENDPROC       L?0046
  C:413AH         SYMBOL        L?0047
  -------         PROC          _PCF85063BTL_DELAY
  D:0006H         SYMBOL        us
  C:413EH         LINE#         8
  C:413EH         LINE#         9
  C:413EH         LINE#         10
  C:4148H         LINE#         11
  C:4148H         LINE#         12
  C:4149H         LINE#         13
  C:414BH         LINE#         14
  -------         ENDPROC       _PCF85063BTL_DELAY
  -------         PROC          _SPI_SENDBYTE
  D:0005H         SYMBOL        dat
  -------         DO            
  D:0003H         SYMBOL        i
  -------         ENDDO         
  C:402BH         LINE#         17
  C:402DH         LINE#         18
  C:402DH         LINE#         20
  C:402FH         LINE#         21
  C:402FH         LINE#         22
  C:4031H         LINE#         23
  C:4035H         LINE#         24
  C:4035H         LINE#         25
  C:4037H         LINE#         26
  C:4039H         LINE#         28
  C:4039H         LINE#         29
  C:403BH         LINE#         30
  C:403BH         LINE#         31
  C:403EH         LINE#         32
  C:403EH         LINE#         33
  C:4041H         LINE#         34
  C:4045H         LINE#         35
  C:404AH         LINE#         36
  -------         ENDPROC       _SPI_SENDBYTE
  -------         PROC          SPI_RECEIVEBYTE
  -------         DO            
  D:0003H         SYMBOL        i
  D:0005H         SYMBOL        dat
  -------         ENDDO         
  C:404BH         LINE#         39
  C:404BH         LINE#         40
  C:404BH         LINE#         42
  C:404DH         LINE#         44
BL51 BANKED LINKER/LOCATER V6.22                                                      01/21/2019  16:59:46  PAGE 15


  C:404FH         LINE#         45
  C:4050H         LINE#         46
  C:4050H         LINE#         47
  C:4054H         LINE#         48
  C:4056H         LINE#         49
  C:4059H         LINE#         51
  C:405CH         LINE#         52
  C:405CH         LINE#         53
  C:4060H         LINE#         54
  C:4060H         LINE#         55
  C:4060H         LINE#         56
  C:4063H         LINE#         57
  C:4068H         LINE#         58
  C:406AH         LINE#         59
  -------         ENDPROC       SPI_RECEIVEBYTE
  -------         PROC          _SPI_READTIME
  D:0007H         SYMBOL        addr
  -------         DO            
  D:0006H         SYMBOL        dat
  -------         ENDDO         
  C:4160H         LINE#         61
  C:4160H         LINE#         62
  C:4160H         LINE#         64
  C:4162H         LINE#         65
  C:4164H         LINE#         66
  C:416BH         LINE#         67
  C:416EH         LINE#         68
  C:4170H         LINE#         69
  C:4170H         LINE#         70
  -------         ENDPROC       _SPI_READTIME
  -------         PROC          _SPI_WRITETIME
  D:0002H         SYMBOL        val
  D:0005H         SYMBOL        addr
  C:40DEH         LINE#         71
  C:40E0H         LINE#         72
  C:40E0H         LINE#         74
  C:40E2H         LINE#         75
  C:40E9H         LINE#         76
  C:40EEH         LINE#         77
  C:40F3H         LINE#         78
  C:40F5H         LINE#         79
  -------         ENDPROC       _SPI_WRITETIME
  -------         PROC          SPI_INIT
  C:41C0H         LINE#         83
  C:41C0H         LINE#         84
  C:41C0H         LINE#         89
  C:41C3H         LINE#         90
  C:41C6H         LINE#         91
  C:41C8H         LINE#         92
  C:41CAH         LINE#         93
  C:41CCH         LINE#         94
  -------         ENDPROC       SPI_INIT
  -------         PROC          _READ_TIME
  X:030BH         SYMBOL        months
  X:030EH         SYMBOL        days
  X:0311H         SYMBOL        hours
  X:0314H         SYMBOL        mins
BL51 BANKED LINKER/LOCATER V6.22                                                      01/21/2019  16:59:46  PAGE 16


  X:0317H         SYMBOL        seconds
  C:3CD9H         LINE#         96
  C:3CE4H         LINE#         97
  C:3CE4H         LINE#         99
  C:3CF8H         LINE#         101
  C:3D0CH         LINE#         103
  C:3D20H         LINE#         108
  C:3D34H         LINE#         113
  -------         ENDPROC       _READ_TIME
  -------         PROC          _BCDTODEC
  D:0007H         SYMBOL        bcd
  -------         DO            
  D:0006H         SYMBOL        hi
  D:0007H         SYMBOL        lo
  -------         ENDDO         
  C:4171H         LINE#         119
  C:4171H         LINE#         120
  C:4171H         LINE#         122
  C:4176H         LINE#         123
  C:417AH         LINE#         124
  C:4181H         LINE#         125
  -------         ENDPROC       _BCDTODEC
  -------         PROC          _DAY_OF_YEAR
  D:0007H         SYMBOL        months_bcd
  D:0005H         SYMBOL        days_bcd
  -------         DO            
  D:0004H         SYMBOL        months
  D:0007H         SYMBOL        days
  -------         ENDDO         
  C:3BE0H         LINE#         126
  C:3BE0H         LINE#         127
  C:3BE0H         LINE#         130
  C:3BE5H         LINE#         132
  C:3BEAH         LINE#         134
  C:3C23H         LINE#         135
  C:3C23H         LINE#         136
  C:3C23H         LINE#         137
  C:3C26H         LINE#         138
  C:3C26H         LINE#         139
  C:3C26H         LINE#         140
  C:3C2BH         LINE#         141
  C:3C2BH         LINE#         142
  C:3C2BH         LINE#         143
  C:3C30H         LINE#         144
  C:3C30H         LINE#         145
  C:3C30H         LINE#         146
  C:3C35H         LINE#         147
  C:3C35H         LINE#         148
  C:3C35H         LINE#         149
  C:3C3AH         LINE#         150
  C:3C3AH         LINE#         151
  C:3C3AH         LINE#         152
  C:3C3FH         LINE#         153
  C:3C3FH         LINE#         154
  C:3C3FH         LINE#         155
  C:3C44H         LINE#         156
  C:3C44H         LINE#         157
BL51 BANKED LINKER/LOCATER V6.22                                                      01/21/2019  16:59:46  PAGE 17


  C:3C44H         LINE#         158
  C:3C49H         LINE#         159
  C:3C49H         LINE#         160
  C:3C49H         LINE#         161
  C:3C51H         LINE#         162
  C:3C51H         LINE#         163
  C:3C51H         LINE#         164
  C:3C56H         LINE#         165
  C:3C56H         LINE#         166
  C:3C56H         LINE#         167
  C:3C5BH         LINE#         168
  C:3C5BH         LINE#         169
  C:3C5BH         LINE#         170
  C:3C63H         LINE#         171
  C:3C63H         LINE#         172
  C:3C63H         LINE#         173
  -------         ENDPROC       _DAY_OF_YEAR
  -------         ENDMOD        PCF85063BTL

  -------         MODULE        UART1
  C:0000H         SYMBOL        _ICE_DUMMY_
  D:0080H         PUBLIC        P0
  D:0090H         PUBLIC        P1
  D:00A0H         PUBLIC        P2
  D:00B0H         PUBLIC        P3
  D:00C0H         PUBLIC        P4
  D:00C8H         PUBLIC        P5
  B:00A8H.7       PUBLIC        EA
  D:00E8H         PUBLIC        P6
  D:00F8H         PUBLIC        P7
  C:3F34H         PUBLIC        _SendString
  D:00A8H         PUBLIC        IE
  B:00A8H.4       PUBLIC        ES
  D:00B8H         PUBLIC        IP
  C:40F6H         PUBLIC        _ASCIItoBCD
  D:00D8H         PUBLIC        CCON
  C:4182H         PUBLIC        initUART1
  D:0098H         PUBLIC        SCON
  D:0088H         PUBLIC        TCON
  C:000AH         PUBLIC        _DectoBCD
  C:420DH         PUBLIC        _ASCII_Letter
  D:008EH         PUBLIC        AUXR
  C:4208H         PUBLIC        _unit
  C:0003H         PUBLIC        _ten
  D:00D6H         PUBLIC        T2H
  D:00D7H         PUBLIC        T2L
  D:00D0H         PUBLIC        PSW
  -------         PROC          INITUART1
  C:4182H         LINE#         21
  C:4182H         LINE#         22
  C:4182H         LINE#         23
  C:4185H         LINE#         24
  C:4188H         LINE#         25
  C:418BH         LINE#         26
  C:418EH         LINE#         27
  C:4190H         LINE#         28
  C:4192H         LINE#         30
BL51 BANKED LINKER/LOCATER V6.22                                                      01/21/2019  16:59:46  PAGE 18


  -------         ENDPROC       INITUART1
  -------         PROC          _SENDSTRING
  X:0589H         SYMBOL        s
  C:3F34H         LINE#         35
  C:3F3FH         LINE#         36
  C:3F3FH         LINE#         37
  C:3F4FH         LINE#         38
  C:3F4FH         LINE#         39
  C:3F64H         LINE#         40
  C:3F66H         LINE#         41
  -------         ENDPROC       _SENDSTRING
  -------         PROC          _TEN
  D:0007H         SYMBOL        BCD
  C:0003H         LINE#         43
  C:0003H         LINE#         44
  C:0003H         LINE#         45
  C:0008H         LINE#         46
  -------         ENDPROC       _TEN
  -------         PROC          _UNIT
  D:0007H         SYMBOL        BCD
  C:4208H         LINE#         47
  C:4208H         LINE#         48
  C:4208H         LINE#         52
  C:420CH         LINE#         53
  -------         ENDPROC       _UNIT
  -------         PROC          _DECTOBCD
  D:0007H         SYMBOL        dec
  C:000AH         LINE#         54
  C:000AH         LINE#         55
  C:000AH         LINE#         57
  C:000AH         LINE#         58
  -------         ENDPROC       _DECTOBCD
  -------         PROC          _ASCII_LETTER
  D:0007H         SYMBOL        dat
  C:420DH         LINE#         60
  C:420DH         LINE#         61
  C:420DH         LINE#         63
  C:4211H         LINE#         64
  -------         ENDPROC       _ASCII_LETTER
  -------         PROC          _ASCIITOBCD
  D:0001H         SYMBOL        ascii
  -------         DO            
  D:0007H         SYMBOL        dec_val
  D:0006H         SYMBOL        ten
  D:0007H         SYMBOL        unit
  -------         ENDDO         
  C:40F6H         LINE#         66
  C:40F6H         LINE#         67
  C:40F6H         LINE#         69
  C:40F9H         LINE#         70
  C:40FFH         LINE#         71
  C:4106H         LINE#         72
  C:410CH         LINE#         74
  -------         ENDPROC       _ASCIITOBCD
  -------         ENDMOD        UART1

  -------         MODULE        LCD_DRIVER_SPLC780D
BL51 BANKED LINKER/LOCATER V6.22                                                      01/21/2019  16:59:46  PAGE 19


  C:0000H         SYMBOL        _ICE_DUMMY_
  D:0092H         PUBLIC        P1M0
  D:0091H         PUBLIC        P1M1
  D:0080H         PUBLIC        P0
  D:0090H         PUBLIC        P1
  D:00A0H         PUBLIC        P2
  D:00B0H         PUBLIC        P3
  D:00C0H         PUBLIC        P4
  D:00C8H         PUBLIC        P5
  D:00E8H         PUBLIC        P6
  D:00F8H         PUBLIC        P7
  C:3C64H         PUBLIC        _WriteData
  D:00A8H         PUBLIC        IE
  D:00B8H         PUBLIC        IP
  D:00D8H         PUBLIC        CCON
  B:00B0H.4       PUBLIC        LCD_D4
  B:00B0H.5       PUBLIC        LCD_D5
  B:00B0H.6       PUBLIC        LCD_D6
  C:4089H         PUBLIC        _DisplayLCD
  B:00B0H.7       PUBLIC        LCD_D7
  D:0098H         PUBLIC        SCON
  D:0088H         PUBLIC        TCON
  C:41EFH         PUBLIC        LCD_clear
  C:3E79H         PUBLIC        _Command
  C:000EH         PUBLIC        _Display_Line
  C:3D48H         PUBLIC        LCD_Init
  C:400DH         PUBLIC        _Wait_ms
  B:00C0H.0       PUBLIC        LCD_RS
  B:00B0H.2       PUBLIC        LCD_RW
  C:41E5H         PUBLIC        LCD_return_home
  B:00B0H.3       PUBLIC        LCD_E
  D:00D0H         PUBLIC        PSW
  -------         PROC          LCD_INIT
  C:3D48H         LINE#         9
  C:3D48H         LINE#         10
  C:3D48H         LINE#         11
  C:3D4BH         LINE#         12
  C:3D4EH         LINE#         14
  C:3D54H         LINE#         15
  C:3D59H         LINE#         17
  C:3D60H         LINE#         18
  C:3D65H         LINE#         20
  C:3D68H         LINE#         21
  C:3D6DH         LINE#         23
  C:3D70H         LINE#         24
  C:3D75H         LINE#         26
  C:3D7CH         LINE#         29
  C:3D81H         LINE#         30
  C:3D86H         LINE#         32
  C:3D8BH         LINE#         33
  C:3D90H         LINE#         35
  C:3D95H         LINE#         36
  C:3D9AH         LINE#         37
  -------         ENDPROC       LCD_INIT
  -------         PROC          _WRITEDATA
  X:0315H         SYMBOL        dat
  C:3C64H         LINE#         40
BL51 BANKED LINKER/LOCATER V6.22                                                      01/21/2019  16:59:46  PAGE 20


  C:3C69H         LINE#         41
  C:3C69H         LINE#         46
  C:3C6BH         LINE#         47
  C:3C6DH         LINE#         49
  C:3C7BH         LINE#         50
  C:3C87H         LINE#         51
  C:3C93H         LINE#         52
  C:3C9DH         LINE#         53
  C:3C9FH         LINE#         54
  C:3CA6H         LINE#         55
  C:3CA8H         LINE#         57
  C:3CB8H         LINE#         58
  C:3CC3H         LINE#         59
  C:3CCDH         LINE#         60
  C:3CD1H         LINE#         62
  C:3CD1H         LINE#         63
  C:3CD4H         LINE#         64
  C:3CD6H         LINE#         65
  C:3CD8H         LINE#         67
  -------         ENDPROC       _WRITEDATA
  -------         PROC          _COMMAND
  D:0007H         SYMBOL        dat
  C:3E79H         LINE#         69
  C:3E79H         LINE#         70
  C:3E79H         LINE#         71
  C:3E7BH         LINE#         72
  C:3E7DH         LINE#         74
  C:3E87H         LINE#         75
  C:3E8BH         LINE#         77
  C:3E8DH         LINE#         78
  C:3E96H         LINE#         79
  C:3E9AH         LINE#         81
  C:3E9CH         LINE#         82
  C:3EA3H         LINE#         83
  C:3EA7H         LINE#         85
  C:3EA9H         LINE#         86
  C:3EADH         LINE#         87
  C:3EB1H         LINE#         89
  C:3EB3H         LINE#         90
  C:3EB3H         LINE#         91
  C:3EB6H         LINE#         92
  C:3EB8H         LINE#         93
  -------         ENDPROC       _COMMAND
  C:4009H         SYMBOL        L?0028
  -------         PROC          L?0027
  -------         ENDPROC       L?0027
  C:4009H         SYMBOL        L?0028
  -------         PROC          _WAIT_MS
  D:0006H         SYMBOL        ms
  -------         DO            
  D:0004H         SYMBOL        De_Cnt
  -------         ENDDO         
  C:400DH         LINE#         95
  C:400DH         LINE#         96
  C:400DH         LINE#         98
  C:4017H         LINE#         99
  C:4017H         LINE#         100
BL51 BANKED LINKER/LOCATER V6.22                                                      01/21/2019  16:59:46  PAGE 21


  C:402AH         LINE#         101
  C:402AH         LINE#         102
  -------         ENDPROC       _WAIT_MS
  -------         PROC          _DISPLAYLCD
  D:0007H         SYMBOL        BCD
  -------         DO            
  D:0006H         SYMBOL        first_digit
  X:030BH         SYMBOL        second_digit
  -------         ENDDO         
  C:4089H         LINE#         103
  C:4089H         LINE#         104
  C:4089H         LINE#         106
  C:4090H         LINE#         107
  C:4099H         LINE#         109
  C:409EH         LINE#         111
  -------         ENDPROC       _DISPLAYLCD
  -------         PROC          LCD_RETURN_HOME
  C:41E5H         LINE#         115
  C:41E5H         LINE#         116
  C:41E5H         LINE#         117
  C:41EAH         LINE#         118
  -------         ENDPROC       LCD_RETURN_HOME
  -------         PROC          LCD_CLEAR
  C:41EFH         LINE#         121
  C:41EFH         LINE#         122
  C:41EFH         LINE#         123
  C:41F4H         LINE#         124
  -------         ENDPROC       LCD_CLEAR
  -------         PROC          _DISPLAY_LINE
  D:0006H         SYMBOL        line
  C:000EH         LINE#         128
  C:000EH         LINE#         129
  C:000EH         LINE#         130
  C:0014H         LINE#         131
  C:0014H         LINE#         132
  C:0016H         LINE#         133
  C:0016H         LINE#         134
  C:0018H         LINE#         136
  C:0018H         LINE#         137
  C:001DH         LINE#         138
  C:0022H         LINE#         139
  C:0022H         LINE#         140
  -------         ENDPROC       _DISPLAY_LINE
  -------         ENDMOD        LCD_DRIVER_SPLC780D

  -------         MODULE        KEYPAD
  C:0000H         SYMBOL        _ICE_DUMMY_
  D:0093H         PUBLIC        P0M1
  D:0080H         PUBLIC        P0
  D:0090H         PUBLIC        P1
  D:00A0H         PUBLIC        P2
  D:00B0H         PUBLIC        P3
  D:00C0H         PUBLIC        P4
  D:00C8H         PUBLIC        P5
  B:0020H.0       PUBLIC        calib_mode
  D:00E8H         PUBLIC        P6
  D:00F8H         PUBLIC        P7
BL51 BANKED LINKER/LOCATER V6.22                                                      01/21/2019  16:59:46  PAGE 22


  D:00A8H         PUBLIC        IE
  C:2F05H         PUBLIC        Key_Scan
  D:00B8H         PUBLIC        IP
  D:00D8H         PUBLIC        CCON
  C:41CDH         PUBLIC        KeyPad_IO_Init
  C:406BH         PUBLIC        _Delay_ms
  D:0098H         PUBLIC        SCON
  D:0088H         PUBLIC        TCON
  B:0020H.1       PUBLIC        small_move
  B:0020H.2       PUBLIC        move
  B:0020H.3       PUBLIC        direction
  B:0020H.4       PUBLIC        auto_move
  C:273EH         PUBLIC        Key_Process
  D:00D0H         PUBLIC        PSW
  D:0094H         PUBLIC        P0M0
  -------         PROC          _DELAY_MS
  D:0006H         SYMBOL        ms
  -------         DO            
  D:0004H         SYMBOL        De_Cnt
  -------         ENDDO         
  C:406BH         LINE#         19
  C:406BH         LINE#         20
  C:406BH         LINE#         22
  C:4075H         LINE#         23
  C:4075H         LINE#         24
  C:4088H         LINE#         25
  C:4088H         LINE#         26
  -------         ENDPROC       _DELAY_MS
  -------         PROC          KEY_SCAN
  -------         DO            
  X:0311H         SYMBOL        KeyTemp1
  X:0312H         SYMBOL        KeyTemp2
  X:0313H         SYMBOL        KeyValue
  -------         ENDDO         
  C:2F05H         LINE#         27
  C:2F05H         LINE#         28
  C:2F05H         LINE#         33
  C:2F08H         LINE#         36
  C:2F0BH         LINE#         38
  C:2F13H         LINE#         39
  C:2F1AH         LINE#         40
  C:2F1AH         LINE#         42
  C:2F1FH         LINE#         43
  C:2F26H         LINE#         44
  C:2F26H         LINE#         47
  C:2F29H         LINE#         48
  C:2F2CH         LINE#         49
  C:2F31H         LINE#         50
  C:2F35H         LINE#         51
  C:2F35H         LINE#         52
  C:2F3DH         LINE#         53
  C:2F3DH         LINE#         54
  C:2F40H         LINE#         55
  C:2F48H         LINE#         56
  C:2F4AH         LINE#         58
  C:2F5EH         LINE#         59
  C:2F5EH         LINE#         60
BL51 BANKED LINKER/LOCATER V6.22                                                      01/21/2019  16:59:46  PAGE 23


  C:2F5EH         LINE#         61
  C:2F5EH         LINE#         62
  C:2F64H         LINE#         64
  C:2F66H         LINE#         65
  C:2F66H         LINE#         66
  C:2F66H         LINE#         67
  C:2F6CH         LINE#         69
  C:2F6EH         LINE#         70
  C:2F6EH         LINE#         71
  C:2F6EH         LINE#         72
  C:2F74H         LINE#         74
  C:2F76H         LINE#         75
  C:2F76H         LINE#         76
  C:2F76H         LINE#         77
  C:2F7CH         LINE#         79
  C:2F7CH         LINE#         80
  C:2F7CH         LINE#         81
  C:2F7CH         LINE#         84
  C:2F7FH         LINE#         85
  C:2F82H         LINE#         86
  C:2F8AH         LINE#         87
  C:2F8EH         LINE#         88
  C:2F8EH         LINE#         89
  C:2F96H         LINE#         90
  C:2F96H         LINE#         91
  C:2F99H         LINE#         92
  C:2FA1H         LINE#         93
  C:2FA3H         LINE#         94
  C:2FB7H         LINE#         95
  C:2FB7H         LINE#         96
  C:2FB7H         LINE#         97
  C:2FB7H         LINE#         98
  C:2FBDH         LINE#         100
  C:2FBFH         LINE#         101
  C:2FBFH         LINE#         102
  C:2FBFH         LINE#         103
  C:2FC5H         LINE#         105
  C:2FC7H         LINE#         106
  C:2FC7H         LINE#         107
  C:2FC7H         LINE#         108
  C:2FCDH         LINE#         110
  C:2FCFH         LINE#         111
  C:2FCFH         LINE#         112
  C:2FCFH         LINE#         113
  C:2FD4H         LINE#         115
  C:2FD4H         LINE#         116
  C:2FD4H         LINE#         117
  C:2FD4H         LINE#         120
  C:2FD7H         LINE#         121
  C:2FDAH         LINE#         122
  C:2FE2H         LINE#         123
  C:2FE6H         LINE#         124
  C:2FE6H         LINE#         125
  C:2FEEH         LINE#         126
  C:2FEEH         LINE#         127
  C:2FF1H         LINE#         128
  C:2FF9H         LINE#         129
BL51 BANKED LINKER/LOCATER V6.22                                                      01/21/2019  16:59:46  PAGE 24


  C:2FFBH         LINE#         130
  C:300FH         LINE#         131
  C:300FH         LINE#         132
  C:300FH         LINE#         133
  C:300FH         LINE#         134
  C:3015H         LINE#         136
  C:3017H         LINE#         137
  C:3017H         LINE#         138
  C:3017H         LINE#         139
  C:301DH         LINE#         141
  C:301FH         LINE#         142
  C:301FH         LINE#         143
  C:301FH         LINE#         144
  C:3025H         LINE#         146
  C:3027H         LINE#         147
  C:3027H         LINE#         148
  C:3027H         LINE#         149
  C:302DH         LINE#         151
  C:302DH         LINE#         152
  C:302DH         LINE#         153
  C:302DH         LINE#         157
  C:3030H         LINE#         158
  C:3033H         LINE#         159
  C:303BH         LINE#         160
  C:303FH         LINE#         161
  C:303FH         LINE#         162
  C:3047H         LINE#         163
  C:3047H         LINE#         164
  C:304AH         LINE#         165
  C:3052H         LINE#         166
  C:3054H         LINE#         167
  C:3068H         LINE#         168
  C:3068H         LINE#         169
  C:3068H         LINE#         170
  C:3068H         LINE#         171
  C:306EH         LINE#         173
  C:3070H         LINE#         174
  C:3070H         LINE#         175
  C:3070H         LINE#         176
  C:3076H         LINE#         178
  C:3078H         LINE#         179
  C:3078H         LINE#         180
  C:3078H         LINE#         181
  C:307EH         LINE#         183
  C:3080H         LINE#         184
  C:3080H         LINE#         185
  C:3080H         LINE#         186
  C:3086H         LINE#         188
  C:3086H         LINE#         189
  C:3086H         LINE#         190
  C:3086H         LINE#         192
  C:308CH         LINE#         193
  C:308CH         LINE#         195
  C:308CH         LINE#         196
  C:308FH         LINE#         197
  C:308FH         LINE#         198
  C:308FH         LINE#         200
BL51 BANKED LINKER/LOCATER V6.22                                                      01/21/2019  16:59:46  PAGE 25


  C:308FH         LINE#         201
  C:3091H         LINE#         202
  C:3091H         LINE#         203
  -------         ENDPROC       KEY_SCAN
  -------         PROC          KEY_PROCESS
  -------         DO            
  X:057CH         SYMBOL        KeyCount
  X:057EH         SYMBOL        KeyNum_Old
  X:057FH         SYMBOL        KeyNum
  X:0580H         SYMBOL        PressedKey
  X:030BH         SYMBOL        d
  D:0004H         SYMBOL        hours
  D:0006H         SYMBOL        mins
  X:030DH         SYMBOL        months
  X:030FH         SYMBOL        days
  -------         ENDDO         
  C:273EH         LINE#         204
  C:273EH         LINE#         205
  C:273EH         LINE#         209
  C:2746H         LINE#         210
  C:274EH         LINE#         212
  C:2751H         LINE#         213
  C:2751H         LINE#         214
  C:2754H         LINE#         216
  C:2754H         LINE#         217
  C:2761H         LINE#         218
  C:2761H         LINE#         219
  C:2764H         LINE#         220
  C:2767H         LINE#         222
  C:276AH         LINE#         224
  C:276AH         LINE#         225
  C:2775H         LINE#         226
  C:2775H         LINE#         227
  C:2778H         LINE#         229
  C:2778H         LINE#         230
  C:277FH         LINE#         231
  C:277FH         LINE#         232
  C:2782H         LINE#         234
  C:2782H         LINE#         235
  C:278AH         LINE#         236
  C:278AH         LINE#         237
  C:2794H         LINE#         238
  C:279CH         LINE#         240
  C:27A5H         LINE#         242
  C:27A5H         LINE#         251
  C:27BAH         LINE#         252
  C:27BAH         LINE#         253
  C:27CCH         LINE#         254
  C:27DAH         LINE#         255
  C:27E9H         LINE#         256
  C:27E9H         LINE#         258
  C:27EFH         LINE#         262
  C:2805H         LINE#         263
  C:2816H         LINE#         264
  C:2831H         LINE#         265
  C:2831H         LINE#         266
  C:2841H         LINE#         267
BL51 BANKED LINKER/LOCATER V6.22                                                      01/21/2019  16:59:46  PAGE 26


  C:2852H         LINE#         268
  C:2852H         LINE#         272
  C:286BH         LINE#         273
  C:2882H         LINE#         274
  C:28A2H         LINE#         275
  C:28A2H         LINE#         276
  C:28ACH         LINE#         277
  C:28ACH         LINE#         278
  C:28B5H         LINE#         279
  C:28B5H         LINE#         280
  C:28C9H         LINE#         281
  C:28C9H         LINE#         282
  C:28C9H         LINE#         283
  C:28C9H         LINE#         284
  C:28C9H         LINE#         285
  C:28CBH         LINE#         287
  C:28CBH         LINE#         288
  C:28D7H         LINE#         289
  C:28D7H         LINE#         290
  C:28E8H         LINE#         291
  C:28E8H         LINE#         292
  C:28E8H         LINE#         293
  C:28E8H         LINE#         294
  C:28E8H         LINE#         296
  C:28EAH         LINE#         298
  C:28EAH         LINE#         299
  C:28FBH         LINE#         300
  C:28FBH         LINE#         301
  C:28FBH         LINE#         302
  C:28FBH         LINE#         303
  C:28FBH         LINE#         305
  C:28FBH         LINE#         307
  C:28FBH         LINE#         308
  C:28FDH         LINE#         310
  C:28FDH         LINE#         311
  C:2910H         LINE#         312
  C:2910H         LINE#         313
  C:2921H         LINE#         314
  C:2921H         LINE#         315
  C:2921H         LINE#         316
  C:2921H         LINE#         317
  C:2921H         LINE#         318
  C:2923H         LINE#         320
  C:2923H         LINE#         321
  C:2934H         LINE#         322
  C:2934H         LINE#         323
  C:2945H         LINE#         324
  C:2956H         LINE#         325
  C:2956H         LINE#         326
  C:2956H         LINE#         327
  C:2956H         LINE#         328
  C:2956H         LINE#         329
  C:2959H         LINE#         330
  C:295EH         LINE#         331
  C:2963H         LINE#         332
  C:2968H         LINE#         333
  C:296DH         LINE#         334
BL51 BANKED LINKER/LOCATER V6.22                                                      01/21/2019  16:59:46  PAGE 27


  C:2972H         LINE#         335
  C:2977H         LINE#         336
  C:297CH         LINE#         337
  C:297CH         LINE#         339
  C:299EH         LINE#         340
  C:299EH         LINE#         341
  C:29A8H         LINE#         342
  C:29A8H         LINE#         343
  C:29ADH         LINE#         344
  C:29B6H         LINE#         345
  C:29CDH         LINE#         346
  C:29CDH         LINE#         347
  C:29DDH         LINE#         349
  C:29DDH         LINE#         353
  -------         ENDPROC       KEY_PROCESS
  -------         PROC          KEYPAD_IO_INIT
  C:41CDH         LINE#         356
  C:41CDH         LINE#         357
  C:41CDH         LINE#         358
  C:41D0H         LINE#         359
  C:41D3H         LINE#         360
  C:41D6H         LINE#         361
  C:41D8H         LINE#         362
  -------         ENDPROC       KEYPAD_IO_INIT
  -------         ENDMOD        KEYPAD

  -------         MODULE        BIPOLARMOTOR
  C:0000H         SYMBOL        _ICE_DUMMY_
  D:0080H         PUBLIC        P0
  D:0090H         PUBLIC        P1
  X:0000H         PUBLIC        RX_pos_test
  D:00A0H         PUBLIC        P2
  D:00B0H         PUBLIC        P3
  D:00C0H         PUBLIC        P4
  D:00C8H         PUBLIC        P5
  D:00E8H         PUBLIC        P6
  D:00F8H         PUBLIC        P7
  X:00A0H         PUBLIC        low_date_azimuth_mapping
  D:00A8H         PUBLIC        IE
  C:3640H         PUBLIC        linear_interpolate
  C:3F92H         PUBLIC        _Move
  D:00B8H         PUBLIC        IP
  C:2A11H         PUBLIC        _findDet3x3
  C:247EH         PUBLIC        _findDet4x4
  D:00D8H         PUBLIC        CCON
  X:00C8H         PUBLIC        previous_move_time
  D:0098H         PUBLIC        SCON
  D:0088H         PUBLIC        TCON
  C:4212H         PUBLIC        wait
  C:3EB9H         PUBLIC        _Step_move
  X:00C9H         PUBLIC        dat
  C:0026H         PUBLIC        _Update_position
  C:3DA1H         PUBLIC        vOneStepMove
  X:00CFH         PUBLIC        elevation_stamp
  X:00FBH         PUBLIC        date_azimuth_mapping
  X:0123H         PUBLIC        RX_pos
  C:40CDH         PUBLIC        _BCDtoDec1
BL51 BANKED LINKER/LOCATER V6.22                                                      01/21/2019  16:59:46  PAGE 28


  X:02DBH         PUBLIC        degree
  X:02DFH         PUBLIC        elevation_stamp_test
  D:00D0H         PUBLIC        PSW
  C:40C6H         SYMBOL        L?0059
  -------         PROC          L?0058
  -------         ENDPROC       L?0058
  C:40C6H         SYMBOL        L?0059
  -------         PROC          _BCDTODEC1
  D:0007H         SYMBOL        bcd
  -------         DO            
  D:0006H         SYMBOL        hi
  D:0007H         SYMBOL        lo
  -------         ENDDO         
  C:40CDH         LINE#         28
  C:40CDH         LINE#         29
  C:40CDH         LINE#         31
  C:40D2H         LINE#         32
  C:40D6H         LINE#         33
  C:40DDH         LINE#         34
  -------         ENDPROC       _BCDTODEC1
  -------         PROC          WAIT
  C:4212H         LINE#         36
  C:4212H         LINE#         38
  -------         ENDPROC       WAIT
  -------         PROC          VONESTEPMOVE
  B:0021H.0       SYMBOL        bDir
  C:3DA1H         LINE#         40
  C:3DA1H         LINE#         41
  C:3DA1H         LINE#         43
  C:3DA7H         LINE#         44
  C:3DA7H         LINE#         45
  C:3DAAH         LINE#         46
  C:3DB3H         LINE#         47
  C:3DBAH         LINE#         48
  C:3DBFH         LINE#         49
  C:3DBFH         LINE#         50
  C:3DBFH         LINE#         52
  C:3DC1H         LINE#         55
  C:3DC1H         LINE#         56
  C:3DC4H         LINE#         57
  C:3DCDH         LINE#         58
  C:3DD4H         LINE#         59
  C:3DDAH         LINE#         60
  C:3DE3H         LINE#         61
  C:3DEAH         LINE#         62
  C:3DEAH         LINE#         66
  -------         ENDPROC       VONESTEPMOVE
  -------         PROC          _STEP_MOVE
  X:037BH         SYMBOL        step
  B:0020H.7       SYMBOL        dir
  -------         DO            
  X:037DH         SYMBOL        i
  -------         ENDDO         
  C:3EB9H         LINE#         68
  C:3EC1H         LINE#         69
  C:3EC1H         LINE#         71
  C:3EC6H         LINE#         74
BL51 BANKED LINKER/LOCATER V6.22                                                      01/21/2019  16:59:46  PAGE 29


  C:3EE1H         LINE#         75
  C:3EE1H         LINE#         76
  C:3EE8H         LINE#         78
  C:3EF8H         LINE#         80
  -------         ENDPROC       _STEP_MOVE
  -------         PROC          _MOVE
  X:0377H         SYMBOL        distance
  B:0020H.6       SYMBOL        direction
  -------         DO            
  D:0006H         SYMBOL        step
  -------         ENDDO         
  C:3F92H         LINE#         82
  C:3F98H         LINE#         83
  C:3F98H         LINE#         86
  C:3FB3H         LINE#         87
  -------         ENDPROC       _MOVE
  C:29F2H         SYMBOL        L?0054
  C:2A06H         SYMBOL        L?0055
  -------         PROC          L?0053
  -------         ENDPROC       L?0053
  C:29F2H         SYMBOL        L?0054
  C:2A06H         SYMBOL        L?0055
  -------         PROC          _FINDDET3X3
  X:053AH         SYMBOL        a11
  X:053EH         SYMBOL        a12
  X:0542H         SYMBOL        a13
  X:0546H         SYMBOL        a21
  X:054AH         SYMBOL        a22
  X:054EH         SYMBOL        a23
  X:0552H         SYMBOL        a31
  X:0556H         SYMBOL        a32
  X:055AH         SYMBOL        a33
  C:2A11H         LINE#         91
  C:2A17H         LINE#         95
  C:2A17H         LINE#         96
  C:2BAEH         LINE#         98
  -------         ENDPROC       _FINDDET3X3
  -------         PROC          _FINDDET4X4
  X:04FAH         SYMBOL        a11
  X:04FEH         SYMBOL        a12
  X:0502H         SYMBOL        a13
  X:0506H         SYMBOL        a14
  X:050AH         SYMBOL        a21
  X:050EH         SYMBOL        a22
  X:0512H         SYMBOL        a23
  X:0516H         SYMBOL        a24
  X:051AH         SYMBOL        a31
  X:051EH         SYMBOL        a32
  X:0522H         SYMBOL        a33
  X:0526H         SYMBOL        a34
  X:052AH         SYMBOL        a41
  X:052EH         SYMBOL        a42
  X:0532H         SYMBOL        a43
  X:0536H         SYMBOL        a44
  C:247EH         LINE#         99
  C:2484H         LINE#         103
  C:2484H         LINE#         110
BL51 BANKED LINKER/LOCATER V6.22                                                      01/21/2019  16:59:46  PAGE 30


  C:273DH         LINE#         114
  -------         ENDPROC       _FINDDET4X4
  C:362FH         SYMBOL        L?0057
  -------         PROC          L?0056
  -------         ENDPROC       L?0056
  C:362FH         SYMBOL        L?0057
  -------         PROC          LINEAR_INTERPOLATE
  X:03A6H         SYMBOL        p1
  X:03AEH         SYMBOL        p2
  X:03B6H         SYMBOL        x
  -------         DO            
  D:0004H         SYMBOL        fx
  -------         ENDDO         
  C:3640H         LINE#         120
  C:3640H         LINE#         121
  C:3640H         LINE#         124
  C:36DFH         LINE#         126
  C:36DFH         LINE#         127
  -------         ENDPROC       LINEAR_INTERPOLATE
  -------         PROC          _UPDATE_POSITION
  D:0001H         SYMBOL        mnths
  D:0002H         SYMBOL        dys
  X:031DH         SYMBOL        hurs
  X:031EH         SYMBOL        mns
  X:031FH         SYMBOL        sconds
  X:0320H         SYMBOL        currnt_pos
  X:0323H         SYMBOL        offset_calib
  -------         DO            
  X:0327H         SYMBOL        date
  X:0329H         SYMBOL        i
  X:032BH         SYMBOL        yy
  X:032DH         SYMBOL        desired_distance
  X:0331H         SYMBOL        distance
  X:0335H         SYMBOL        JP_pos
  X:0339H         SYMBOL        pos_interpolate_azimuth
  X:0361H         SYMBOL        current_local_sun_time
  X:0365H         SYMBOL        azimuth
  X:0369H         SYMBOL        elevation
  X:036DH         SYMBOL        time_offset
  X:0371H         SYMBOL        UTC_time
  X:0375H         SYMBOL        declination
  X:0379H         SYMBOL        p1
  X:0381H         SYMBOL        p2
  X:0389H         SYMBOL        time
  X:039BH         SYMBOL        location
  X:03A3H         SYMBOL        sunCoord
  -------         ENDDO         
  C:0026H         LINE#         131
  C:002FH         LINE#         134
  C:002FH         LINE#         135
  C:003AH         LINE#         137
  C:0056H         LINE#         138
  C:0060H         LINE#         146
  C:006AH         LINE#         147
  C:0074H         LINE#         148
  C:007EH         LINE#         149
  C:0089H         LINE#         150
BL51 BANKED LINKER/LOCATER V6.22                                                      01/21/2019  16:59:46  PAGE 31


  C:0094H         LINE#         151
  C:00ADH         LINE#         152
  C:00BEH         LINE#         153
  C:00CDH         LINE#         156
  C:00E1H         LINE#         160
  C:0133H         LINE#         161
  C:0297H         LINE#         162
  C:02E7H         LINE#         164
  C:040FH         LINE#         166
  C:04DEH         LINE#         173
  C:04E8H         LINE#         174
  C:04E8H         LINE#         176
  C:0502H         LINE#         177
  C:0502H         LINE#         178
  C:0572H         LINE#         179
  C:0572H         LINE#         180
  C:0579H         LINE#         181
  C:0579H         LINE#         182
  C:05A6H         LINE#         183
  C:05C1H         LINE#         185
  C:0608H         LINE#         186
  C:063CH         LINE#         188
  C:0682H         LINE#         189
  C:06A5H         LINE#         191
  C:06A5H         LINE#         193
  C:071BH         LINE#         194
  C:071BH         LINE#         195
  C:0722H         LINE#         196
  C:0722H         LINE#         197
  C:074FH         LINE#         198
  C:076AH         LINE#         200
  C:07B1H         LINE#         201
  C:07E5H         LINE#         203
  C:082BH         LINE#         204
  C:084BH         LINE#         206
  C:084BH         LINE#         207
  C:085CH         LINE#         210
  C:0876H         LINE#         211
  C:0876H         LINE#         212
  C:08E6H         LINE#         213
  C:08E6H         LINE#         214
  C:0913H         LINE#         215
  C:092EH         LINE#         217
  C:095BH         LINE#         218
  C:0976H         LINE#         220
  C:09A8H         LINE#         223
  C:09A8H         LINE#         225
  C:09B9H         LINE#         227
  C:09CDH         LINE#         229
  C:09F2H         LINE#         230
  C:0A1BH         LINE#         231
  C:0A1BH         LINE#         236
  C:0A23H         LINE#         237
  C:0A3FH         LINE#         238
  C:0A3FH         LINE#         239
  C:0A3FH         LINE#         242
  -------         ENDPROC       _UPDATE_POSITION
BL51 BANKED LINKER/LOCATER V6.22                                                      01/21/2019  16:59:46  PAGE 32


  -------         ENDMOD        BIPOLARMOTOR

  -------         MODULE        SUNPOS
  C:0000H         SYMBOL        _ICE_DUMMY_
  C:1367H         PUBLIC        sunpos
  -------         PROC          SUNPOS
  X:03A6H         SYMBOL        udtTime
  X:03B8H         SYMBOL        udtLocation
  X:03C0H         SYMBOL        udtSunCoordinates
  -------         DO            
  X:03C3H         SYMBOL        dElapsedJulianDays
  X:03C7H         SYMBOL        dDecimalHours
  X:03CBH         SYMBOL        dEclipticLongitude
  X:03CFH         SYMBOL        dEclipticObliquity
  X:03D3H         SYMBOL        dRightAscension
  X:03D7H         SYMBOL        dDeclination
  X:03DBH         SYMBOL        dY
  X:03DFH         SYMBOL        dX
  -------         DO            
  X:03E3H         SYMBOL        dJulianDate
  X:03E7H         SYMBOL        liAux1
  X:03EBH         SYMBOL        liAux2
  X:03E3H         SYMBOL        dMeanLongitude
  X:03E7H         SYMBOL        dMeanAnomaly
  X:03EBH         SYMBOL        dOmega
  X:03E3H         SYMBOL        dSin_EclipticLongitude
  X:03E3H         SYMBOL        dGreenwichMeanSiderealTime
  X:03E7H         SYMBOL        dLocalMeanSiderealTime
  X:03EBH         SYMBOL        dLatitudeInRadians
  X:03EFH         SYMBOL        dHourAngle
  X:03F3H         SYMBOL        dCos_Latitude
  X:03F7H         SYMBOL        dSin_Latitude
  X:03FBH         SYMBOL        dCos_HourAngle
  X:03FFH         SYMBOL        dParallax
  -------         ENDDO         
  -------         DO            
  X:03E3H         SYMBOL        dMeanLongitude
  X:03E7H         SYMBOL        dMeanAnomaly
  X:03EBH         SYMBOL        dOmega
  X:03E3H         SYMBOL        dSin_EclipticLongitude
  X:03E3H         SYMBOL        dGreenwichMeanSiderealTime
  X:03E7H         SYMBOL        dLocalMeanSiderealTime
  X:03EBH         SYMBOL        dLatitudeInRadians
  X:03EFH         SYMBOL        dHourAngle
  X:03F3H         SYMBOL        dCos_Latitude
  X:03F7H         SYMBOL        dSin_Latitude
  X:03FBH         SYMBOL        dCos_HourAngle
  X:03FFH         SYMBOL        dParallax
  -------         ENDDO         
  -------         DO            
  X:03E3H         SYMBOL        dSin_EclipticLongitude
  X:03E3H         SYMBOL        dGreenwichMeanSiderealTime
  X:03E7H         SYMBOL        dLocalMeanSiderealTime
  X:03EBH         SYMBOL        dLatitudeInRadians
  X:03EFH         SYMBOL        dHourAngle
  X:03F3H         SYMBOL        dCos_Latitude
  X:03F7H         SYMBOL        dSin_Latitude
BL51 BANKED LINKER/LOCATER V6.22                                                      01/21/2019  16:59:46  PAGE 33


  X:03FBH         SYMBOL        dCos_HourAngle
  X:03FFH         SYMBOL        dParallax
  -------         ENDDO         
  -------         DO            
  X:03E3H         SYMBOL        dGreenwichMeanSiderealTime
  X:03E7H         SYMBOL        dLocalMeanSiderealTime
  X:03EBH         SYMBOL        dLatitudeInRadians
  X:03EFH         SYMBOL        dHourAngle
  X:03F3H         SYMBOL        dCos_Latitude
  X:03F7H         SYMBOL        dSin_Latitude
  X:03FBH         SYMBOL        dCos_HourAngle
  X:03FFH         SYMBOL        dParallax
  -------         ENDDO         
  -------         ENDDO         
  C:1367H         LINE#         6
  C:1367H         LINE#         7
  C:1367H         LINE#         9
  C:1367H         LINE#         27
  C:13B1H         LINE#         30
  C:13D2H         LINE#         31
  C:1519H         LINE#         34
  C:1565H         LINE#         36
  C:1584H         LINE#         37
  C:1584H         LINE#         42
  C:1584H         LINE#         46
  C:15B6H         LINE#         47
  C:15E0H         LINE#         48
  C:160AH         LINE#         49
  C:16B7H         LINE#         52
  C:1718H         LINE#         54
  C:1718H         LINE#         59
  C:1718H         LINE#         61
  C:172FH         LINE#         62
  C:1757H         LINE#         63
  C:176EH         LINE#         64
  C:1799H         LINE#         65
  C:17D0H         LINE#         66
  C:17FBH         LINE#         67
  C:17FBH         LINE#         70
  C:17FBH         LINE#         79
  C:1836H         LINE#         82
  C:1870H         LINE#         84
  C:1895H         LINE#         85
  C:18B4H         LINE#         86
  C:18CBH         LINE#         87
  C:18E2H         LINE#         88
  C:18F9H         LINE#         89
  C:1982H         LINE#         91
  C:199CH         LINE#         92
  C:19FEH         LINE#         93
  C:1A34H         LINE#         94
  C:1A46H         LINE#         95
  C:1A73H         LINE#         96
  C:1AA0H         LINE#         98
  C:1AC2H         LINE#         100
  C:1AFAH         LINE#         103
  C:1AFAH         LINE#         104
BL51 BANKED LINKER/LOCATER V6.22                                                      01/21/2019  16:59:46  PAGE 34


  C:1B08H         LINE#         105
  -------         ENDPROC       SUNPOS
  -------         ENDMOD        SUNPOS

  -------         MODULE        ADC
  C:0000H         SYMBOL        _ICE_DUMMY_
  D:0092H         PUBLIC        P1M0
  D:0091H         PUBLIC        P1M1
  D:0080H         PUBLIC        P0
  D:0090H         PUBLIC        P1
  D:00A0H         PUBLIC        P2
  D:00B0H         PUBLIC        P3
  D:00C0H         PUBLIC        P4
  D:00C8H         PUBLIC        P5
  D:00E8H         PUBLIC        P6
  D:00F8H         PUBLIC        P7
  D:00A8H         PUBLIC        IE
  D:00BDH         PUBLIC        ADC_RES
  D:00B8H         PUBLIC        IP
  D:0097H         PUBLIC        CLK_DIV
  D:00D8H         PUBLIC        CCON
  D:00BCH         PUBLIC        ADC_CONTR
  D:0098H         PUBLIC        SCON
  D:0088H         PUBLIC        TCON
  B:00A0H.4       PUBLIC        P24
  B:00A0H.5       PUBLIC        P25
  B:00A0H.6       PUBLIC        P26
  C:40A6H         PUBLIC        ADC_Init
  C:3FE1H         PUBLIC        _ADC_GetResult
  D:009DH         PUBLIC        P1ASF
  D:00BEH         PUBLIC        ADC_RESL
  D:00D0H         PUBLIC        PSW
  -------         PROC          ADC_INIT
  C:40A6H         LINE#         7
  C:40A6H         LINE#         8
  C:40A6H         LINE#         10
  C:40A8H         LINE#         11
  C:40AAH         LINE#         12
  C:40ACH         LINE#         13
  C:40AFH         LINE#         14
  C:40B2H         LINE#         15
  C:40B5H         LINE#         16
  C:40B8H         LINE#         18
  C:40BAH         LINE#         19
  C:40BDH         LINE#         21
  -------         ENDPROC       ADC_INIT
  -------         PROC          _ADC_GETRESULT
  D:0007H         SYMBOL        ch
  -------         DO            
  D:0006H         SYMBOL        ADC_Value
  -------         ENDDO         
  C:3FE1H         LINE#         26
  C:3FE1H         LINE#         27
  C:3FE1H         LINE#         29
  C:3FE6H         LINE#         30
  C:3FE7H         LINE#         31
  C:3FE8H         LINE#         32
[...]
  X:030CH         SYMBOL        dys
  X:030DH         SYMBOL        hurs
  X:030EH         SYMBOL        mns
  X:030FH         SYMBOL        sconds
  X:0310H         SYMBOL        currnt_pos
  -------         DO            
  X:0313H         SYMBOL        calib_value
  X:0317H         SYMBOL        JP_max_pos
  -------         ENDDO         
  C:3555H         LINE#         84
  C:3560H         LINE#         87
  C:3560H         LINE#         88
  C:356AH         LINE#         89
  C:357EH         LINE#         91
  C:3588H         LINE#         92
  C:3588H         LINE#         94
  C:35BEH         LINE#         96
BL51 BANKED LINKER/LOCATER V6.22                                                      01/21/2019  16:59:46  PAGE 37


  C:35C7H         LINE#         97
  C:35ECH         LINE#         98
  C:3608H         LINE#         99
  C:3617H         LINE#         100
  C:3617H         LINE#         102
  C:361CH         LINE#         103
  -------         ENDPROC       _CALIBRATION
  -------         ENDMOD        CALIBRATION

  -------         MODULE        IOEXPANDER_PI4IOE5V96248
  C:0000H         SYMBOL        _ICE_DUMMY_
  D:0080H         PUBLIC        P0
  B:00C8H.4       PUBLIC        I2C_SCK
  D:0090H         PUBLIC        P1
  D:00A0H         PUBLIC        P2
  D:00B0H         PUBLIC        P3
  D:00C0H         PUBLIC        P4
  D:00C8H         PUBLIC        P5
  D:00E8H         PUBLIC        P6
  D:00F8H         PUBLIC        P7
  D:00A8H         PUBLIC        IE
  D:00B8H         PUBLIC        IP
  D:00D8H         PUBLIC        CCON
  C:4193H         PUBLIC        I2C_Start
  D:0098H         PUBLIC        SCON
  D:0088H         PUBLIC        TCON
  C:379BH         PUBLIC        _Write_PI4IOE5V96248
  C:41A2H         PUBLIC        uC_NACK
  C:3F74H         PUBLIC        _Wait_ms_i2c
  C:3FBFH         PUBLIC        _I2C_SendByte
  C:4123H         PUBLIC        I2C_Stop
  C:4213H         PUBLIC        nop
  C:4202H         PUBLIC        uC_ACK
  C:410DH         PUBLIC        I2C_ACK
  B:00C0H.7       PUBLIC        I2C_SDA
  D:00D0H         PUBLIC        PSW
  C:3F6EH         SYMBOL        L?0031
  C:3F70H         SYMBOL        L?0032
  -------         PROC          L?0030
  -------         ENDPROC       L?0030
  C:3F6EH         SYMBOL        L?0031
  C:3F70H         SYMBOL        L?0032
  -------         PROC          _WAIT_MS_I2C
  D:0006H         SYMBOL        ms
  -------         DO            
  D:0004H         SYMBOL        De_Cnt
  -------         ENDDO         
  C:3F74H         LINE#         7
  C:3F74H         LINE#         8
  C:3F74H         LINE#         10
  C:3F7EH         LINE#         11
  C:3F7EH         LINE#         12
  C:3F91H         LINE#         13
  C:3F91H         LINE#         14
  -------         ENDPROC       _WAIT_MS_I2C
  -------         PROC          NOP
  C:4213H         LINE#         16
BL51 BANKED LINKER/LOCATER V6.22                                                      01/21/2019  16:59:46  PAGE 38


  C:4213H         LINE#         17
  C:4213H         LINE#         19
  -------         ENDPROC       NOP
  -------         PROC          I2C_START
  C:4193H         LINE#         20
  C:4193H         LINE#         21
  C:4193H         LINE#         23
  C:4195H         LINE#         24
  C:4197H         LINE#         25
  C:419AH         LINE#         26
  C:419CH         LINE#         27
  C:419FH         LINE#         28
  C:41A1H         LINE#         31
  -------         ENDPROC       I2C_START
  -------         PROC          I2C_STOP
  C:4123H         LINE#         33
  C:4123H         LINE#         34
  C:4123H         LINE#         35
  C:4125H         LINE#         36
  C:4127H         LINE#         37
  C:412AH         LINE#         38
  C:412CH         LINE#         39
  C:412EH         LINE#         40
  C:4135H         LINE#         41
  C:4137H         LINE#         44
  -------         ENDPROC       I2C_STOP
  -------         PROC          I2C_ACK
  -------         DO            
  X:0382H         SYMBOL        i
  D:0003H         SYMBOL        dat
  -------         ENDDO         
  C:410DH         LINE#         46
  C:410DH         LINE#         47
  C:410DH         LINE#         49
  C:410EH         LINE#         54
  C:4111H         LINE#         55
  C:4113H         LINE#         56
  C:4116H         LINE#         58
  C:4119H         LINE#         59
  C:4119H         LINE#         60
  C:411DH         LINE#         61
  C:411DH         LINE#         64
  C:411DH         LINE#         65
  C:4120H         LINE#         66
  C:4120H         LINE#         67
  C:4122H         LINE#         68
  -------         ENDPROC       I2C_ACK
  -------         PROC          UC_ACK
  -------         DO            
  X:058CH         SYMBOL        i
  -------         ENDDO         
  C:4202H         LINE#         69
  C:4202H         LINE#         70
  C:4202H         LINE#         72
  C:4202H         LINE#         79
  C:4202H         LINE#         81
  C:4202H         LINE#         83
BL51 BANKED LINKER/LOCATER V6.22                                                      01/21/2019  16:59:46  PAGE 39


  C:4202H         LINE#         84
  C:4202H         LINE#         87
  C:4205H         LINE#         88
  C:4207H         LINE#         89
  C:4207H         LINE#         93
  -------         ENDPROC       UC_ACK
  -------         PROC          UC_NACK
  -------         DO            
  X:058DH         SYMBOL        i
  -------         ENDDO         
  C:41A2H         LINE#         95
  C:41A2H         LINE#         96
  C:41A2H         LINE#         98
  C:41A2H         LINE#         102
  C:41A4H         LINE#         105
  C:41A4H         LINE#         106
  C:41A6H         LINE#         107
  C:41A6H         LINE#         109
  C:41A6H         LINE#         110
  C:41A6H         LINE#         113
  C:41A9H         LINE#         114
  C:41ABH         LINE#         115
  C:41AEH         LINE#         116
  C:41B0H         LINE#         117
  C:41B0H         LINE#         121
  -------         ENDPROC       UC_NACK
  C:3FBBH         SYMBOL        L?0034
  -------         PROC          L?0033
  -------         ENDPROC       L?0033
  C:3FBBH         SYMBOL        L?0034
  -------         PROC          _I2C_SENDBYTE
  D:0001H         SYMBOL        dat
  -------         DO            
  D:0003H         SYMBOL        i
  -------         ENDDO         
  C:3FBFH         LINE#         125
  C:3FC1H         LINE#         126
  C:3FC1H         LINE#         129
  C:3FC3H         LINE#         130
  C:3FC3H         LINE#         131
  C:3FC5H         LINE#         133
  C:3FC9H         LINE#         134
  C:3FC9H         LINE#         135
  C:3FCBH         LINE#         136
  C:3FCDH         LINE#         138
  C:3FCDH         LINE#         139
  C:3FCFH         LINE#         140
  C:3FCFH         LINE#         141
  C:3FD2H         LINE#         142
  C:3FD4H         LINE#         144
  C:3FD8H         LINE#         145
  C:3FDBH         LINE#         146
  C:3FE0H         LINE#         147
  -------         ENDPROC       _I2C_SENDBYTE
  -------         PROC          _WRITE_PI4IOE5V96248
  X:037FH         SYMBOL        xdat
  C:379BH         LINE#         148
BL51 BANKED LINKER/LOCATER V6.22                                                      01/21/2019  16:59:46  PAGE 40


  C:37A6H         LINE#         149
  C:37A6H         LINE#         150
  C:37A9H         LINE#         151
  C:37B0H         LINE#         152
  C:37B5H         LINE#         153
  C:37BBH         LINE#         154
  C:37BBH         LINE#         155
  C:37CDH         LINE#         156
  C:37CDH         LINE#         158
  C:37D3H         LINE#         159
  C:37D3H         LINE#         160
  C:37E3H         LINE#         161
  C:37E3H         LINE#         162
  C:37E9H         LINE#         163
  C:37E9H         LINE#         164
  C:37F9H         LINE#         165
  C:37F9H         LINE#         166
  C:37FFH         LINE#         167
  C:37FFH         LINE#         168
  C:3810H         LINE#         169
  C:3810H         LINE#         171
  C:3816H         LINE#         172
  C:3816H         LINE#         173
  C:3827H         LINE#         174
  C:3827H         LINE#         175
  C:382DH         LINE#         176
  C:382DH         LINE#         177
  C:383EH         LINE#         178
  C:383EH         LINE#         180
  C:3844H         LINE#         181
  C:3847H         LINE#         182
  -------         ENDPROC       _WRITE_PI4IOE5V96248
  -------         ENDMOD        IOEXPANDER_PI4IOE5V96248

  -------         MODULE        ?C_STARTUP
  C:3B54H         SEGMENT       ?C_C51STARTUP
  I:0022H         SEGMENT       ?STACK
  C:0000H         PUBLIC        ?C_STARTUP
  D:00E0H         SYMBOL        ACC
  D:00F0H         SYMBOL        B
  D:0083H         SYMBOL        DPH
  D:0082H         SYMBOL        DPL
  N:0000H         SYMBOL        IBPSTACK
  N:0100H         SYMBOL        IBPSTACKTOP
  N:0080H         SYMBOL        IDATALEN
  C:3B57H         SYMBOL        IDATALOOP
  N:0000H         SYMBOL        PBPSTACK
  N:0100H         SYMBOL        PBPSTACKTOP
  N:0000H         SYMBOL        PDATALEN
  N:0000H         SYMBOL        PDATASTART
  N:0000H         SYMBOL        PPAGE
  N:0000H         SYMBOL        PPAGEENABLE
  D:00A0H         SYMBOL        PPAGE_SFR
  D:0081H         SYMBOL        SP
  C:3B54H         SYMBOL        STARTUP1
  N:0000H         SYMBOL        XBPSTACK
  N:0000H         SYMBOL        XBPSTACKTOP
BL51 BANKED LINKER/LOCATER V6.22                                                      01/21/2019  16:59:46  PAGE 41


  N:0000H         SYMBOL        XDATALEN
  N:0000H         SYMBOL        XDATASTART
  C:0000H         LINE#         126
  C:3B54H         LINE#         133
  C:3B56H         LINE#         134
  C:3B57H         LINE#         135
  C:3B58H         LINE#         136
  C:3B5AH         LINE#         185
  C:3B5DH         LINE#         196
  -------         ENDMOD        ?C_STARTUP

  -------         MODULE        ?C?FPADD
  C:0A47H         PUBLIC        ?C?FPADD
  C:0A43H         PUBLIC        ?C?FPSUB
  -------         ENDMOD        ?C?FPADD

  -------         MODULE        ?C?FPMUL
  C:0B38H         PUBLIC        ?C?FPMUL
  -------         ENDMOD        ?C?FPMUL

  -------         MODULE        ?C?FPDIV
  C:0C41H         PUBLIC        ?C?FPDIV
  -------         ENDMOD        ?C?FPDIV

  -------         MODULE        ?C?FPCMP
  C:0CE0H         PUBLIC        ?C?FPCMP
  C:0CDEH         PUBLIC        ?C?FPCMP3
  -------         ENDMOD        ?C?FPCMP

  -------         MODULE        ?C?FPNEG
  C:0D57H         PUBLIC        ?C?FPNEG
  -------         ENDMOD        ?C?FPNEG

  -------         MODULE        ?C?FCAST
  C:0D72H         PUBLIC        ?C?FCASTC
  C:0D6DH         PUBLIC        ?C?FCASTI
  C:0D68H         PUBLIC        ?C?FCASTL
  -------         ENDMOD        ?C?FCAST

  -------         MODULE        ?C?CASTF
  C:0DA6H         PUBLIC        ?C?CASTF
  -------         ENDMOD        ?C?CASTF

  -------         MODULE        ATAN2
  X:0403H         PUBLIC        ?_atan2?BYTE
  C:38F4H         PUBLIC        _atan2
  -------         ENDMOD        ATAN2

  -------         MODULE        SIN
  C:30DAH         PUBLIC        _COS
  C:30F0H         PUBLIC        _SIN
  C:312CH         PUBLIC        _TAN
  -------         ENDMOD        SIN

  -------         MODULE        ACOS
  C:3DEBH         PUBLIC        _ACOS
  -------         ENDMOD        ACOS
BL51 BANKED LINKER/LOCATER V6.22                                                      01/21/2019  16:59:46  PAGE 42



  -------         MODULE        ASIN
  C:3EF9H         PUBLIC        _ASIN
  -------         ENDMOD        ASIN

  -------         MODULE        SQRT
  C:384CH         PUBLIC        _SQRT
  -------         ENDMOD        SQRT

  -------         MODULE        ATAN
  C:3378H         PUBLIC        _ATAN
  -------         ENDMOD        ATAN

  -------         MODULE        ?C?COPY
  C:0F44H         PUBLIC        ?C?COPY
  -------         ENDMOD        ?C?COPY

  -------         MODULE        ?C?CLDPTR
  C:0F6AH         PUBLIC        ?C?CLDPTR
  -------         ENDMOD        ?C?CLDPTR

  -------         MODULE        ?C?CLDOPTR
  C:0F83H         PUBLIC        ?C?CLDOPTR
  -------         ENDMOD        ?C?CLDOPTR

  -------         MODULE        ?C?CSTPTR
  C:0FB0H         PUBLIC        ?C?CSTPTR
  -------         ENDMOD        ?C?CSTPTR

  -------         MODULE        ?C?IMUL
  C:0FC2H         PUBLIC        ?C?IMUL
  -------         ENDMOD        ?C?IMUL

  -------         MODULE        ?C?UIDIV
  C:0FD4H         PUBLIC        ?C?UIDIV
  -------         ENDMOD        ?C?UIDIV

  -------         MODULE        ?C?SIDIV
  C:1029H         PUBLIC        ?C?SIDIV
  -------         ENDMOD        ?C?SIDIV

  -------         MODULE        ?C?ILDIX
  C:105FH         PUBLIC        ?C?ILDIX
  -------         ENDMOD        ?C?ILDIX

  -------         MODULE        ?C?ILDOPTR
  C:1075H         PUBLIC        ?C?ILDOPTR
  -------         ENDMOD        ?C?ILDOPTR

  -------         MODULE        ?C?LMUL
  C:10ADH         PUBLIC        ?C?LMUL
  -------         ENDMOD        ?C?LMUL

  -------         MODULE        ?C?SLDIV
  C:3E35H         PUBLIC        ?C?SLDIV
  -------         ENDMOD        ?C?SLDIV

BL51 BANKED LINKER/LOCATER V6.22                                                      01/21/2019  16:59:46  PAGE 43


  -------         MODULE        ?C?LNEG
  C:10FCH         PUBLIC        ?C?LNEG
  -------         ENDMOD        ?C?LNEG

  -------         MODULE        ?C?LLDPTR
  C:110AH         PUBLIC        ?C?LLDPTR
  -------         ENDMOD        ?C?LLDPTR

  -------         MODULE        ?C?LLDOPTR
  C:112AH         PUBLIC        ?C?LLDOPTR
  -------         ENDMOD        ?C?LLDOPTR

  -------         MODULE        ?C?LSTPTR
  C:115AH         PUBLIC        ?C?LSTPTR
  -------         ENDMOD        ?C?LSTPTR

  -------         MODULE        ?C?LSTOPTR
  C:1174H         PUBLIC        ?C?LSTOPTR
  -------         ENDMOD        ?C?LSTOPTR

  -------         MODULE        ?C?LLDXDATA
  C:1198H         PUBLIC        ?C?LLDXDATA
  -------         ENDMOD        ?C?LLDXDATA

  -------         MODULE        ?C?LLDCODE
  C:11A4H         PUBLIC        ?C?LLDCODE
  -------         ENDMOD        ?C?LLDCODE

  -------         MODULE        ?C?LLDXDATA0
  C:11B4H         PUBLIC        ?C?LLDXDATA0
  -------         ENDMOD        ?C?LLDXDATA0

  -------         MODULE        ?C?LLDCODE0
  C:11C0H         PUBLIC        ?C?LLDCODE0
  -------         ENDMOD        ?C?LLDCODE0

  -------         MODULE        ?C?LLDPTR0
  C:11D0H         PUBLIC        ?C?LLDPTR0
  -------         ENDMOD        ?C?LLDPTR0

  -------         MODULE        ?C?LSTXDATA
  C:11F0H         PUBLIC        ?C?LSTXDATA
  -------         ENDMOD        ?C?LSTXDATA

  -------         MODULE        ?C?LSTKXDATA
  C:11FCH         PUBLIC        ?C?LSTKXDATA
  -------         ENDMOD        ?C?LSTKXDATA

  -------         MODULE        ?C?OFFXADD
  C:122DH         PUBLIC        ?C?OFFXADD
  -------         ENDMOD        ?C?OFFXADD

  -------         MODULE        ABS
  C:41D9H         PUBLIC        _ABS
  -------         ENDMOD        ABS

  -------         MODULE        ATOI
BL51 BANKED LINKER/LOCATER V6.22                                                      01/21/2019  16:59:46  PAGE 44


  C:347AH         PUBLIC        _atoi
  -------         ENDMOD        ATOI

  -------         MODULE        ?C?IILDX
  C:1239H         PUBLIC        ?C?IILDX
  -------         ENDMOD        ?C?IILDX

  -------         MODULE        ?C?ULDIV
  C:128BH         PUBLIC        ?C?ULDIV
  -------         ENDMOD        ?C?ULDIV

  -------         MODULE        ?C?LLDIDATA
  C:131DH         PUBLIC        ?C?LLDIDATA
  -------         ENDMOD        ?C?LLDIDATA

  -------         MODULE        ?C?LLDPDATA
  C:1329H         PUBLIC        ?C?LLDPDATA
  -------         ENDMOD        ?C?LLDPDATA

  -------         MODULE        ?C?LLDIDATA0
  C:1335H         PUBLIC        ?C?LLDIDATA0
  -------         ENDMOD        ?C?LLDIDATA0

  -------         MODULE        ?C?LLDPDATA0
  C:1342H         PUBLIC        ?C?LLDPDATA0
  -------         ENDMOD        ?C?LLDPDATA0

  -------         MODULE        ?C?LSTIDATA
  C:134FH         PUBLIC        ?C?LSTIDATA
  -------         ENDMOD        ?C?LSTIDATA

  -------         MODULE        ?C?LSTPDATA
  C:135BH         PUBLIC        ?C?LSTPDATA
  -------         ENDMOD        ?C?LSTPDATA

  -------         MODULE        ISDIGIT
  C:41B1H         PUBLIC        _isdigit
  -------         ENDMOD        ISDIGIT

  -------         MODULE        ISSPACE
  C:414CH         PUBLIC        _isspace
  -------         ENDMOD        ISSPACE

*** WARNING L16: UNCALLED SEGMENT, IGNORED FOR OVERLAY PROCESS
    SEGMENT: ?PR?_CALIB_INTERPOLATE?MAIN

*** WARNING L16: UNCALLED SEGMENT, IGNORED FOR OVERLAY PROCESS
    SEGMENT: ?PR?_DISPLAY_PROX?MAIN

*** WARNING L16: UNCALLED SEGMENT, IGNORED FOR OVERLAY PROCESS
    SEGMENT: ?PR?_DAY_OF_YEAR?PCF85063BTL

*** WARNING L16: UNCALLED SEGMENT, IGNORED FOR OVERLAY PROCESS
    SEGMENT: ?PR?INITUART1?UART1

*** WARNING L16: UNCALLED SEGMENT, IGNORED FOR OVERLAY PROCESS
    SEGMENT: ?PR?_SENDSTRING?UART1
BL51 BANKED LINKER/LOCATER V6.22                                                      01/21/2019  16:59:46  PAGE 45



*** WARNING L16: UNCALLED SEGMENT, IGNORED FOR OVERLAY PROCESS
    SEGMENT: ?PR?_TEN?UART1

*** WARNING L16: UNCALLED SEGMENT, IGNORED FOR OVERLAY PROCESS
    SEGMENT: ?PR?_UNIT?UART1

*** WARNING L16: UNCALLED SEGMENT, IGNORED FOR OVERLAY PROCESS
    SEGMENT: ?PR?_DECTOBCD?UART1

*** WARNING L16: UNCALLED SEGMENT, IGNORED FOR OVERLAY PROCESS
    SEGMENT: ?PR?_ASCII_LETTER?UART1

*** WARNING L16: UNCALLED SEGMENT, IGNORED FOR OVERLAY PROCESS
    SEGMENT: ?PR?WAIT?BIPOLARMOTOR

*** WARNING L16: UNCALLED SEGMENT, IGNORED FOR OVERLAY PROCESS
    SEGMENT: ?PR?_FINDDET4X4?BIPOLARMOTOR

*** WARNING L16: UNCALLED SEGMENT, IGNORED FOR OVERLAY PROCESS
    SEGMENT: ?PR?NOP?IOEXPANDER_PI4IOE5V96248

*** WARNING L16: UNCALLED SEGMENT, IGNORED FOR OVERLAY PROCESS
    SEGMENT: ?PR?UC_ACK?IOEXPANDER_PI4IOE5V96248

*** WARNING L16: UNCALLED SEGMENT, IGNORED FOR OVERLAY PROCESS
    SEGMENT: ?PR?UC_NACK?IOEXPANDER_PI4IOE5V96248

*** WARNING L1: UNRESOLVED EXTERNAL SYMBOL
    SYMBOL:  AUTO_MODE
    MODULE:  .\Obj\main.obj (MAIN)

*** WARNING L2: REFERENCE MADE TO UNRESOLVED EXTERNAL
    SYMBOL:  AUTO_MODE
    MODULE:  .\Obj\main.obj (MAIN)
    ADDRESS: 1B23H

*** WARNING L2: REFERENCE MADE TO UNRESOLVED EXTERNAL
    SYMBOL:  AUTO_MODE
    MODULE:  .\Obj\main.obj (MAIN)
    ADDRESS: 1BF3H

*** WARNING L2: REFERENCE MADE TO UNRESOLVED EXTERNAL
    SYMBOL:  AUTO_MODE
    MODULE:  .\Obj\main.obj (MAIN)
    ADDRESS: 1C01H

*** WARNING L2: REFERENCE MADE TO UNRESOLVED EXTERNAL
    SYMBOL:  AUTO_MODE
    MODULE:  .\Obj\main.obj (MAIN)
    ADDRESS: 1C13H

*** WARNING L2: REFERENCE MADE TO UNRESOLVED EXTERNAL
    SYMBOL:  AUTO_MODE
    MODULE:  .\Obj\main.obj (MAIN)
    ADDRESS: 1C55H

BL51 BANKED LINKER/LOCATER V6.22                                                      01/21/2019  16:59:46  PAGE 46


*** WARNING L2: REFERENCE MADE TO UNRESOLVED EXTERNAL
    SYMBOL:  AUTO_MODE
    MODULE:  .\Obj\main.obj (MAIN)
    ADDRESS: 1D28H

*** WARNING L1: UNRESOLVED EXTERNAL SYMBOL
    SYMBOL:  AUTO_MODE
    MODULE:  .\Obj\KeyPad.obj (KEYPAD)

*** WARNING L2: REFERENCE MADE TO UNRESOLVED EXTERNAL
    SYMBOL:  AUTO_MODE
    MODULE:  .\Obj\KeyPad.obj (KEYPAD)
    ADDRESS: 278BH

*** WARNING L2: REFERENCE MADE TO UNRESOLVED EXTERNAL
    SYMBOL:  AUTO_MODE
    MODULE:  .\Obj\KeyPad.obj (KEYPAD)
    ADDRESS: 2796H

*** WARNING L2: REFERENCE MADE TO UNRESOLVED EXTERNAL
    SYMBOL:  AUTO_MODE
    MODULE:  .\Obj\KeyPad.obj (KEYPAD)
    ADDRESS: 279DH

Program Size: data=18.2 xdata=1422 code=16916
LINK/LOCATE RUN COMPLETE.  25 WARNING(S),  0 ERROR(S)
