BL51 BANKED LINKER/LOCATER V6.22                                                        02/18/2019  12:58:25  PAGE 1


BL51 BANKED LINKER/LOCATER V6.22, INVOKED BY:
C:\KEIL_V5\C51\BIN\BL51.EXE .\Obj\main.obj, .\Obj\PCF85063BTL.obj, .\Obj\UART1.obj, .\Obj\LCd_Driver_SPLC780D.obj, .\Obj
>> \KeyPad.obj, .\Obj\BipolarMotor.obj, .\Obj\SunPos.obj, .\Obj\ADC.obj, .\Obj\Calibration.obj, .\Obj\IOExpander_PI4IOE5
>> V96248.obj, .\Obj\AT25SF041.obj, .\Obj\STARTUP.obj TO .\Obj\GPIO_RTC_Test PRINT (.\Lis\GPIO_RTC_Test.m51) RAMSIZE (25
>> 6)


MEMORY MODEL: LARGE WITH FLOATING POINT ARITHMETIC


INPUT MODULES INCLUDED:
  .\Obj\main.obj (MAIN)
  .\Obj\PCF85063BTL.obj (PCF85063BTL)
  .\Obj\UART1.obj (UART1)
  .\Obj\LCd_Driver_SPLC780D.obj (LCD_DRIVER_SPLC780D)
  .\Obj\KeyPad.obj (KEYPAD)
  .\Obj\BipolarMotor.obj (BIPOLARMOTOR)
  .\Obj\SunPos.obj (SUNPOS)
  .\Obj\ADC.obj (ADC)
  .\Obj\Calibration.obj (CALIBRATION)
  .\Obj\IOExpander_PI4IOE5V96248.obj (IOEXPANDER_PI4IOE5V96248)
  .\Obj\AT25SF041.obj (AT25SF041)
  .\Obj\STARTUP.obj (?C_STARTUP)
  C:\KEIL_V5\C51\LIB\C51FPL.LIB (?C?FPADD)
  C:\KEIL_V5\C51\LIB\C51FPL.LIB (?C?FPMUL)
  C:\KEIL_V5\C51\LIB\C51FPL.LIB (?C?FPDIV)
  C:\KEIL_V5\C51\LIB\C51FPL.LIB (?C?FPCMP)
  C:\KEIL_V5\C51\LIB\C51FPL.LIB (?C?FPNEG)
  C:\KEIL_V5\C51\LIB\C51FPL.LIB (?C?FCAST)
  C:\KEIL_V5\C51\LIB\C51FPL.LIB (?C?CASTF)
  C:\KEIL_V5\C51\LIB\C51FPL.LIB (ATAN2)
  C:\KEIL_V5\C51\LIB\C51FPL.LIB (SIN)
  C:\KEIL_V5\C51\LIB\C51FPL.LIB (ACOS)
  C:\KEIL_V5\C51\LIB\C51FPL.LIB (ASIN)
  C:\KEIL_V5\C51\LIB\C51FPL.LIB (?C?FPGETOPN)
  C:\KEIL_V5\C51\LIB\C51FPL.LIB (?C?FPSERIES)
  C:\KEIL_V5\C51\LIB\C51FPL.LIB (SQRT)
  C:\KEIL_V5\C51\LIB\C51FPL.LIB (ATAN)
  C:\KEIL_V5\C51\LIB\C51L.LIB (?C_INIT)
  C:\KEIL_V5\C51\LIB\C51L.LIB (?C?COPY)
  C:\KEIL_V5\C51\LIB\C51L.LIB (?C?CLDPTR)
  C:\KEIL_V5\C51\LIB\C51L.LIB (?C?CLDOPTR)
  C:\KEIL_V5\C51\LIB\C51L.LIB (?C?CSTPTR)
  C:\KEIL_V5\C51\LIB\C51L.LIB (?C?IMUL)
  C:\KEIL_V5\C51\LIB\C51L.LIB (?C?UIDIV)
  C:\KEIL_V5\C51\LIB\C51L.LIB (?C?SIDIV)
  C:\KEIL_V5\C51\LIB\C51L.LIB (?C?IILDX)
  C:\KEIL_V5\C51\LIB\C51L.LIB (?C?ILDIX)
  C:\KEIL_V5\C51\LIB\C51L.LIB (?C?ILDOPTR)
  C:\KEIL_V5\C51\LIB\C51L.LIB (?C?ISTPTR)
  C:\KEIL_V5\C51\LIB\C51L.LIB (?C?LMUL)
  C:\KEIL_V5\C51\LIB\C51L.LIB (?C?SLDIV)
  C:\KEIL_V5\C51\LIB\C51L.LIB (?C?LNEG)
  C:\KEIL_V5\C51\LIB\C51L.LIB (?C?ULCMP)
  C:\KEIL_V5\C51\LIB\C51L.LIB (?C?LSHL)
  C:\KEIL_V5\C51\LIB\C51L.LIB (?C?LLDPTR)
  C:\KEIL_V5\C51\LIB\C51L.LIB (?C?LLDOPTR)
  C:\KEIL_V5\C51\LIB\C51L.LIB (?C?LSTPTR)
BL51 BANKED LINKER/LOCATER V6.22                                                      02/18/2019  12:58:25  PAGE 2


  C:\KEIL_V5\C51\LIB\C51L.LIB (?C?LSTOPTR)
  C:\KEIL_V5\C51\LIB\C51L.LIB (?C?LLDXDATA)
  C:\KEIL_V5\C51\LIB\C51L.LIB (?C?LLDCODE)
  C:\KEIL_V5\C51\LIB\C51L.LIB (?C?LLDXDATA0)
  C:\KEIL_V5\C51\LIB\C51L.LIB (?C?LLDCODE0)
  C:\KEIL_V5\C51\LIB\C51L.LIB (?C?LLDPTR0)
  C:\KEIL_V5\C51\LIB\C51L.LIB (?C?LSTXDATA)
  C:\KEIL_V5\C51\LIB\C51L.LIB (?C?LSTKXDATA)
  C:\KEIL_V5\C51\LIB\C51L.LIB (?C?LSTKPTR)
  C:\KEIL_V5\C51\LIB\C51L.LIB (?C?OFFXADD)
  C:\KEIL_V5\C51\LIB\C51L.LIB (ABS)
  C:\KEIL_V5\C51\LIB\C51L.LIB (ATOI)
  C:\KEIL_V5\C51\LIB\C51L.LIB (?C?ULDIV)
  C:\KEIL_V5\C51\LIB\C51L.LIB (?C?LLDIDATA)
  C:\KEIL_V5\C51\LIB\C51L.LIB (?C?LLDPDATA)
  C:\KEIL_V5\C51\LIB\C51L.LIB (?C?LLDIDATA0)
  C:\KEIL_V5\C51\LIB\C51L.LIB (?C?LLDPDATA0)
  C:\KEIL_V5\C51\LIB\C51L.LIB (?C?LSTIDATA)
  C:\KEIL_V5\C51\LIB\C51L.LIB (?C?LSTPDATA)
  C:\KEIL_V5\C51\LIB\C51L.LIB (?C?LSTKIDATA)
  C:\KEIL_V5\C51\LIB\C51L.LIB (?C?LSTKPDATA)
  C:\KEIL_V5\C51\LIB\C51L.LIB (ISDIGIT)
  C:\KEIL_V5\C51\LIB\C51L.LIB (ISSPACE)


LINK MAP OF MODULE:  .\Obj\GPIO_RTC_Test (MAIN)


            TYPE    BASE      LENGTH    RELOCATION   SEGMENT NAME
            -----------------------------------------------------

            * * * * * * *   D A T A   M E M O R Y   * * * * * * *
            REG     0000H     0008H     ABSOLUTE     "REG BANK 0"
                    0008H     0018H                  *** GAP ***
            BIT     0020H.0   0000H.5   UNIT         ?BI?KEYPAD
            BIT     0020H.5   0000H.3   UNIT         _BIT_GROUP_
            BIT     0021H.0   0000H.1   UNIT         ?BI?MAIN
            BIT     0021H.1   0000H.1   UNIT         ?BI?_ATOI?ATOI
                    0021H.2   0000H.6                *** GAP ***
            IDATA   0022H     0001H     UNIT         ?STACK

            * * * * * * *  X D A T A   M E M O R Y  * * * * * * *
            XDATA   0000H     038FH     UNIT         ?XD?BIPOLARMOTOR
            XDATA   038FH     014DH     UNIT         _XDATA_GROUP_
            XDATA   04DCH     00D4H     UNIT         ?XD?MAIN
            XDATA   05B0H     0040H     UNIT         ?XD?_FINDDET4X4?BIPOLARMOTOR
            XDATA   05F0H     0024H     UNIT         ?XD?_FINDDET3X3?BIPOLARMOTOR
            XDATA   0614H     0009H     UNIT         ?XD?KEYPAD
            XDATA   061DH     0008H     UNIT         ?XD?_AT25SF041_READ?AT25SF041
            XDATA   0625H     0005H     UNIT         ?XD?_ATOI?ATOI
            XDATA   062AH     0004H     UNIT         ?XD?_DISPLAY_PROX?MAIN
            XDATA   062EH     0003H     UNIT         ?XD?_SENDSTRING?UART1
            XDATA   0631H     0003H     UNIT         ?XD?READ_STATUS_REGISTER_BYTE1?AT25SF041
            XDATA   0634H     0002H     UNIT         ?XD?AT25SF041_CHIPERASE?AT25SF041
            XDATA   0636H     0001H     UNIT         ?XD?UC_ACK?IOEXPANDER_PI4IOE5V96248
            XDATA   0637H     0001H     UNIT         ?XD?UC_NACK?IOEXPANDER_PI4IOE5V96248

BL51 BANKED LINKER/LOCATER V6.22                                                      02/18/2019  12:58:25  PAGE 3


            * * * * * * *   C O D E   M E M O R Y   * * * * * * *
            CODE    0000H     0003H     ABSOLUTE     
            CODE    0003H     0006H     UNIT         ?PR?_TEN?UART1
            CODE    0009H     0001H     UNIT         ?PR?TM0_ISR?MAIN
            CODE    000AH     0001H     UNIT         ?PR?_DECTOBCD?UART1
            CODE    000BH     0003H     ABSOLUTE     
            CODE    000EH     0B00H     UNIT         ?PR?_UPDATE_POSITION?BIPOLARMOTOR
            CODE    0B0EH     09B6H     UNIT         ?C?LIB_CODE
            CODE    14C4H     09A6H     UNIT         ?PR?MAIN?MAIN
            CODE    1E6AH     07A2H     UNIT         ?PR?SUNPOS?SUNPOS
            CODE    260CH     03F2H     UNIT         ?C_INITSEG
            CODE    29FEH     0309H     UNIT         ?PR?_FIND_REAL_MAX?CALIBRATION
            CODE    2D07H     02C0H     UNIT         ?PR?_FINDDET4X4?BIPOLARMOTOR
            CODE    2FC7H     02A0H     UNIT         ?PR?KEY_PROCESS?KEYPAD
            CODE    3267H     01F6H     UNIT         ?PR?_SPI_NOR_WRITE_DATA?AT25SF041
            CODE    345DH     01D1H     UNIT         ?PR?_FINDDET3X3?BIPOLARMOTOR
            CODE    362EH     018DH     UNIT         ?PR?KEY_SCAN?KEYPAD
            CODE    37BBH     0188H     UNIT         ?PR?SIN?SIN
            CODE    3943H     0172H     UNIT         ?PR?_DISPLAY_POS?MAIN
            CODE    3AB5H     013CH     UNIT         ?PR?_CALIBRATION?CALIBRATION
            CODE    3BF1H     0122H     UNIT         ?PR?ATAN?ATAN
            CODE    3D13H     0106H     UNIT         ?PR?_AT25SF041_READ?AT25SF041
            CODE    3E19H     00FEH     UNIT         ?PR?_AT25SF041_WRITE?AT25SF041
            CODE    3F17H     00DBH     UNIT         ?PR?_ATOI?ATOI
            CODE    3FF2H     00C3H     UNIT         ?PR?LINEAR_INTERPOLATE?BIPOLARMOTOR
            CODE    40B5H     00BBH     UNIT         ?PR?VOLTAGE_IS_STABLE?CALIBRATION
            CODE    4170H     00ADH     UNIT         ?PR?_WRITE_PI4IOE5V96248?IOEXPANDER_PI4IOE5V96248
            CODE    421DH     00ACH     UNIT         ?PR?SQRT?SQRT
            CODE    42C9H     00A1H     UNIT         ?PR?READ_STATUS_REGISTER_BYTE1?AT25SF041
            CODE    436AH     009DH     UNIT         ?PR?_ATAN2?ATAN2
            CODE    4407H     009CH     UNIT         ?PR?_MAX_VALUE?CALIBRATION
            CODE    44A3H     0095H     UNIT         ?PR?_DISPLAY_PROX?MAIN
            CODE    4538H     008CH     UNIT         ?C_C51STARTUP
            CODE    45C4H     0084H     UNIT         ?PR?_DAY_OF_YEAR?PCF85063BTL
            CODE    4648H     0075H     UNIT         ?PR?_WRITEDATA?LCD_DRIVER_SPLC780D
            CODE    46BDH     006FH     UNIT         ?PR?_READ_TIME?PCF85063BTL
            CODE    472CH     005AH     UNIT         ?PR?AT25SF041_CHIPERASE?AT25SF041
            CODE    4786H     005AH     UNIT         ?PR?AT25SF041_WRITEENABLE?AT25SF041
            CODE    47E0H     0059H     UNIT         ?PR?LCD_INIT?LCD_DRIVER_SPLC780D
            CODE    4839H     004AH     UNIT         ?PR?VONESTEPMOVE?BIPOLARMOTOR
            CODE    4883H     004AH     UNIT         ?PR?ACOS?ACOS
            CODE    48CDH     0044H     UNIT         ?C?LDIV
            CODE    4911H     0040H     UNIT         ?PR?_COMMAND?LCD_DRIVER_SPLC780D
            CODE    4951H     0040H     UNIT         ?PR?_STEP_MOVE?BIPOLARMOTOR
            CODE    4991H     003BH     UNIT         ?PR?ASIN?ASIN
            CODE    49CCH     0033H     UNIT         ?PR?_SENDSTRING?UART1
            CODE    49FFH     002CH     UNIT         ?PR?_ADC_GETRESULT?ADC
            CODE    4A2BH     002BH     UNIT         ?PR?_WAIT_MS_I2C?IOEXPANDER_PI4IOE5V96248
            CODE    4A56H     002BH     UNIT         ?PR?_WAIT_MS_SPINOR?AT25SF041
            CODE    4A81H     0028H     UNIT         ?PR?_MOVE?BIPOLARMOTOR
            CODE    4AA9H     0027H     UNIT         ?PR?_I2C_SENDBYTE?IOEXPANDER_PI4IOE5V96248
            CODE    4AD0H     0024H     UNIT         ?PR?_WAIT_MS?LCD_DRIVER_SPLC780D
            CODE    4AF4H     0020H     UNIT         ?PR?_SPI_SENDBYTE?PCF85063BTL
            CODE    4B14H     0020H     UNIT         ?PR?SPI_RECEIVEBYTE?PCF85063BTL
            CODE    4B34H     001FH     UNIT         ?PR?ADC_INIT?ADC
            CODE    4B53H     001EH     UNIT         ?PR?_DELAY_MS?KEYPAD
            CODE    4B71H     001DH     UNIT         ?PR?_DISPLAYLCD?LCD_DRIVER_SPLC780D
BL51 BANKED LINKER/LOCATER V6.22                                                      02/18/2019  12:58:25  PAGE 4


            CODE    4B8EH     001BH     UNIT         ?PR?_BCDTODEC1?BIPOLARMOTOR
            CODE    4BA9H     0018H     UNIT         ?PR?_SPI_WRITETIME?PCF85063BTL
            CODE    4BC1H     0017H     UNIT         ?PR?_ASCIITOBCD?UART1
            CODE    4BD8H     0016H     UNIT         ?PR?I2C_ACK?IOEXPANDER_PI4IOE5V96248
            CODE    4BEEH     0015H     UNIT         ?PR?_DISPLAY_LINE?LCD_DRIVER_SPLC780D
            CODE    4C03H     0015H     UNIT         ?PR?I2C_STOP?IOEXPANDER_PI4IOE5V96248
            CODE    4C18H     0014H     UNIT         ?PR?_PCF85063BTL_DELAY?PCF85063BTL
            CODE    4C2CH     0014H     UNIT         ?PR?_ISSPACE?ISSPACE
            CODE    4C40H     0011H     UNIT         ?PR?_SPI_READTIME?PCF85063BTL
            CODE    4C51H     0011H     UNIT         ?PR?_BCDTODEC?PCF85063BTL
            CODE    4C62H     0011H     UNIT         ?PR?INITUART1?UART1
            CODE    4C73H     000FH     UNIT         ?PR?I2C_START?IOEXPANDER_PI4IOE5V96248
            CODE    4C82H     000FH     UNIT         ?PR?UC_NACK?IOEXPANDER_PI4IOE5V96248
            CODE    4C91H     000FH     UNIT         ?PR?_ISDIGIT?ISDIGIT
            CODE    4CA0H     000DH     UNIT         ?PR?SPI_INIT?PCF85063BTL
            CODE    4CADH     000CH     UNIT         ?PR?KEYPAD_IO_INIT?KEYPAD
            CODE    4CB9H     000CH     UNIT         ?PR?_ABS?ABS
            CODE    4CC5H     000AH     UNIT         ?PR?LCD_RETURN_HOME?LCD_DRIVER_SPLC780D
            CODE    4CCFH     000AH     UNIT         ?PR?LCD_CLEAR?LCD_DRIVER_SPLC780D
            CODE    4CD9H     0006H     UNIT         ?PR?UC_ACK?IOEXPANDER_PI4IOE5V96248
            CODE    4CDFH     0005H     UNIT         ?PR?_UNIT?UART1
            CODE    4CE4H     0005H     UNIT         ?PR?_ASCII_LETTER?UART1
            CODE    4CE9H     0001H     UNIT         ?PR?WAIT?BIPOLARMOTOR
            CODE    4CEAH     0001H     UNIT         ?PR?NOP?IOEXPANDER_PI4IOE5V96248



OVERLAY MAP OF MODULE:   .\Obj\GPIO_RTC_Test (MAIN)


SEGMENT                                             BIT_GROUP          XDATA_GROUP
  +--> CALLED SEGMENT                            START    LENGTH     START    LENGTH
------------------------------------------------------------------------------------
?C_C51STARTUP                                    -----    -----      -----    -----
  +--> ?PR?MAIN?MAIN
  +--> ?C_INITSEG

?PR?MAIN?MAIN                                    -----    -----      038FH    002CH
  +--> ?PR?LCD_INIT?LCD_DRIVER_SPLC780D
  +--> ?PR?SPI_INIT?PCF85063BTL
  +--> ?PR?KEYPAD_IO_INIT?KEYPAD
  +--> ?PR?ADC_INIT?ADC
  +--> ?PR?_SPI_WRITETIME?PCF85063BTL
  +--> ?PR?_DELAY_MS?KEYPAD
  +--> ?PR?_DISPLAY_LINE?LCD_DRIVER_SPLC780D
  +--> ?PR?_WRITEDATA?LCD_DRIVER_SPLC780D
  +--> ?PR?KEY_PROCESS?KEYPAD
  +--> ?PR?_COMMAND?LCD_DRIVER_SPLC780D
  +--> ?PR?_DISPLAY_POS?MAIN
  +--> ?PR?_DISPLAYLCD?LCD_DRIVER_SPLC780D
  +--> ?PR?_STEP_MOVE?BIPOLARMOTOR
  +--> ?PR?LCD_RETURN_HOME?LCD_DRIVER_SPLC780D
  +--> ?PR?_READ_TIME?PCF85063BTL
  +--> ?PR?_ADC_GETRESULT?ADC
  +--> ?PR?_BCDTODEC1?BIPOLARMOTOR
  +--> ?PR?_CALIBRATION?CALIBRATION
  +--> ?PR?_SPI_NOR_WRITE_DATA?AT25SF041
BL51 BANKED LINKER/LOCATER V6.22                                                      02/18/2019  12:58:25  PAGE 5


  +--> ?PR?LINEAR_INTERPOLATE?BIPOLARMOTOR
  +--> ?PR?_UPDATE_POSITION?BIPOLARMOTOR

?PR?LCD_INIT?LCD_DRIVER_SPLC780D                 -----    -----      -----    -----
  +--> ?PR?_WAIT_MS?LCD_DRIVER_SPLC780D
  +--> ?PR?_COMMAND?LCD_DRIVER_SPLC780D

?PR?_COMMAND?LCD_DRIVER_SPLC780D                 -----    -----      -----    -----
  +--> ?PR?_WAIT_MS?LCD_DRIVER_SPLC780D

?PR?ADC_INIT?ADC                                 -----    -----      -----    -----
  +--> ?PR?_WAIT_MS?LCD_DRIVER_SPLC780D

?PR?_SPI_WRITETIME?PCF85063BTL                   -----    -----      -----    -----
  +--> ?PR?_SPI_SENDBYTE?PCF85063BTL

?PR?_SPI_SENDBYTE?PCF85063BTL                    -----    -----      -----    -----
  +--> ?PR?_PCF85063BTL_DELAY?PCF85063BTL

?PR?_DISPLAY_LINE?LCD_DRIVER_SPLC780D            -----    -----      -----    -----
  +--> ?PR?_COMMAND?LCD_DRIVER_SPLC780D

?PR?_WRITEDATA?LCD_DRIVER_SPLC780D               -----    -----      0468H    0001H
  +--> ?PR?_WAIT_MS?LCD_DRIVER_SPLC780D

?PR?KEY_PROCESS?KEYPAD                           -----    -----      03BBH    0006H
  +--> ?PR?KEY_SCAN?KEYPAD
  +--> ?PR?_SPI_WRITETIME?PCF85063BTL
  +--> ?PR?LCD_CLEAR?LCD_DRIVER_SPLC780D
  +--> ?PR?_COMMAND?LCD_DRIVER_SPLC780D
  +--> ?PR?_WRITEDATA?LCD_DRIVER_SPLC780D

?PR?KEY_SCAN?KEYPAD                              -----    -----      03C1H    0003H

?PR?LCD_CLEAR?LCD_DRIVER_SPLC780D                -----    -----      -----    -----
  +--> ?PR?_COMMAND?LCD_DRIVER_SPLC780D

?PR?_DISPLAY_POS?MAIN                            -----    -----      045EH    000AH
  +--> ?PR?_ABS?ABS
  +--> ?PR?_WRITEDATA?LCD_DRIVER_SPLC780D

?PR?_DISPLAYLCD?LCD_DRIVER_SPLC780D              -----    -----      03BBH    0001H
  +--> ?PR?_WRITEDATA?LCD_DRIVER_SPLC780D

?PR?_STEP_MOVE?BIPOLARMOTOR                      0020H.6  0000H.1    0477H    0004H
  +--> ?PR?VONESTEPMOVE?BIPOLARMOTOR

?PR?VONESTEPMOVE?BIPOLARMOTOR                    0020H.7  0000H.1    -----    -----
  +--> ?PR?_WRITE_PI4IOE5V96248?IOEXPANDER_P...
  +--> ?PR?_DELAY_MS?KEYPAD

?PR?_WRITE_PI4IOE5V96248?IOEXPANDER_P...         -----    -----      047BH    0003H
  +--> ?PR?I2C_START?IOEXPANDER_PI4IOE5V96248
  +--> ?PR?_WAIT_MS_I2C?IOEXPANDER_PI4IOE5V9...
  +--> ?PR?_I2C_SENDBYTE?IOEXPANDER_PI4IOE5V...
  +--> ?PR?I2C_ACK?IOEXPANDER_PI4IOE5V96248
  +--> ?PR?I2C_STOP?IOEXPANDER_PI4IOE5V96248
BL51 BANKED LINKER/LOCATER V6.22                                                      02/18/2019  12:58:25  PAGE 6



?PR?I2C_START?IOEXPANDER_PI4IOE5V96248           -----    -----      -----    -----
  +--> ?PR?_WAIT_MS_I2C?IOEXPANDER_PI4IOE5V9...

?PR?_I2C_SENDBYTE?IOEXPANDER_PI4IOE5V...         -----    -----      -----    -----
  +--> ?PR?_WAIT_MS_I2C?IOEXPANDER_PI4IOE5V9...

?PR?I2C_ACK?IOEXPANDER_PI4IOE5V96248             -----    -----      047EH    0001H
  +--> ?PR?_WAIT_MS_I2C?IOEXPANDER_PI4IOE5V9...

?PR?I2C_STOP?IOEXPANDER_PI4IOE5V96248            -----    -----      -----    -----
  +--> ?PR?_WAIT_MS_I2C?IOEXPANDER_PI4IOE5V9...

?PR?LCD_RETURN_HOME?LCD_DRIVER_SPLC780D          -----    -----      -----    -----
  +--> ?PR?_COMMAND?LCD_DRIVER_SPLC780D

?PR?_READ_TIME?PCF85063BTL                       -----    -----      03BBH    000FH
  +--> ?PR?_SPI_READTIME?PCF85063BTL

?PR?_SPI_READTIME?PCF85063BTL                    -----    -----      -----    -----
  +--> ?PR?_SPI_SENDBYTE?PCF85063BTL
  +--> ?PR?SPI_RECEIVEBYTE?PCF85063BTL

?PR?SPI_RECEIVEBYTE?PCF85063BTL                  -----    -----      -----    -----
  +--> ?PR?_PCF85063BTL_DELAY?PCF85063BTL

?PR?_CALIBRATION?CALIBRATION                     -----    -----      03BBH    0019H
  +--> ?PR?VOLTAGE_IS_STABLE?CALIBRATION
  +--> ?PR?_UPDATE_POSITION?BIPOLARMOTOR
  +--> ?PR?_FIND_REAL_MAX?CALIBRATION

?PR?VOLTAGE_IS_STABLE?CALIBRATION                -----    -----      03D4H    0018H
  +--> ?PR?_ADC_GETRESULT?ADC
  +--> ?PR?_ABS?ABS

?PR?_UPDATE_POSITION?BIPOLARMOTOR                -----    -----      03D4H    009FH
  +--> ?PR?_BCDTODEC1?BIPOLARMOTOR
  +--> ?PR?SUNPOS?SUNPOS
  +--> ?PR?SIN?SIN
  +--> ?PR?ASIN?ASIN
  +--> ?PR?LINEAR_INTERPOLATE?BIPOLARMOTOR
  +--> ?PR?_ABS?ABS
  +--> ?PR?_MOVE?BIPOLARMOTOR

?PR?SUNPOS?SUNPOS                                -----    -----      0473H    005DH
  +--> ?PR?SIN?SIN
  +--> ?PR?_ATAN2?ATAN2
  +--> ?PR?ASIN?ASIN
  +--> ?PR?ACOS?ACOS

?PR?SIN?SIN                                      0020H.5  0000H.1    04D0H    0004H

?PR?_ATAN2?ATAN2                                 -----    -----      04D0H    0008H
  +--> ?PR?ATAN?ATAN

?PR?ATAN?ATAN                                    0020H.5  0000H.2    04D8H    0004H

BL51 BANKED LINKER/LOCATER V6.22                                                      02/18/2019  12:58:25  PAGE 7


?PR?ASIN?ASIN                                    -----    -----      -----    -----
  +--> ?PR?SQRT?SQRT
  +--> ?PR?ATAN?ATAN

?PR?SQRT?SQRT                                    -----    -----      04D0H    0004H

?PR?ACOS?ACOS                                    -----    -----      -----    -----
  +--> ?PR?SQRT?SQRT
  +--> ?PR?ATAN?ATAN

?PR?LINEAR_INTERPOLATE?BIPOLARMOTOR              -----    -----      0473H    0014H

?PR?_MOVE?BIPOLARMOTOR                           0020H.5  0000H.1    0473H    0004H
  +--> ?PR?_STEP_MOVE?BIPOLARMOTOR

?PR?_FIND_REAL_MAX?CALIBRATION                   -----    -----      03D4H    008AH
  +--> ?PR?_ADC_GETRESULT?ADC
  +--> ?PR?_MOVE?BIPOLARMOTOR
  +--> ?PR?_COMMAND?LCD_DRIVER_SPLC780D
  +--> ?PR?_WRITEDATA?LCD_DRIVER_SPLC780D
  +--> ?PR?_DISPLAY_POS?MAIN
  +--> ?PR?_WAIT_MS?LCD_DRIVER_SPLC780D
  +--> ?PR?_MAX_VALUE?CALIBRATION

?PR?_MAX_VALUE?CALIBRATION                       -----    -----      045EH    0004H

?PR?_SPI_NOR_WRITE_DATA?AT25SF041                -----    -----      03BBH    0006H
  +--> ?PR?AT25SF041_WRITEENABLE?AT25SF041
  +--> ?PR?_AT25SF041_WRITE?AT25SF041

?PR?AT25SF041_WRITEENABLE?AT25SF041              -----    -----      03C1H    0002H
  +--> ?PR?_WAIT_MS_SPINOR?AT25SF041

?PR?_AT25SF041_WRITE?AT25SF041                   -----    -----      03C1H    0008H
  +--> ?PR?_WAIT_MS_SPINOR?AT25SF041



UNRESOLVED EXTERNAL SYMBOLS:
   AUTO_MODE
   _SENDUART1



SYMBOL TABLE OF MODULE:  .\Obj\GPIO_RTC_Test (MAIN)

  VALUE           TYPE          NAME
  ----------------------------------

  -------         MODULE        MAIN
  C:0000H         SYMBOL        _ICE_DUMMY_
  X:04E4H         PUBLIC        calib_value
  D:0080H         PUBLIC        P0
  D:00B2H         PUBLIC        P3M0
  D:0090H         PUBLIC        P1
  D:00B1H         PUBLIC        P3M1
  D:00A0H         PUBLIC        P2
BL51 BANKED LINKER/LOCATER V6.22                                                      02/18/2019  12:58:25  PAGE 8


  D:00B0H         PUBLIC        P3
  D:00C0H         PUBLIC        P4
  D:00C8H         PUBLIC        P5
  X:0538H         SYMBOL        PressedKey
  B:00A8H.7       PUBLIC        EA
  D:00E8H         PUBLIC        P6
  X:053CH         PUBLIC        calib_stamp
  D:00F8H         PUBLIC        P7
  X:053DH         PUBLIC        RX_Data_Uart_Cnt
  D:00A8H         PUBLIC        IE
  X:053FH         PUBLIC        calib_time
  D:00B8H         PUBLIC        IP
  X:0593H         PUBLIC        months
  D:00D8H         PUBLIC        CCON
  C:14C4H         PUBLIC        main
  X:0594H         PUBLIC        count
  X:0596H         PUBLIC        days
  X:0597H         PUBLIC        hours
  D:0098H         PUBLIC        SCON
  D:0089H         PUBLIC        TMOD
  D:0088H         PUBLIC        TCON
  B:00A0H.3       PUBLIC        P23
  X:0598H         SYMBOL        KeyCount
  X:059AH         PUBLIC        mins
  X:059BH         PUBLIC        Rec_data_hour
  B:00C8H.5       PUBLIC        P55
  X:059EH         PUBLIC        Rec_data_min
  D:008EH         PUBLIC        AUXR
  C:0009H         PUBLIC        tm0_isr
  B:0021H.0       PUBLIC        busy
  B:00A8H.1       PUBLIC        ET0
  D:008CH         PUBLIC        TH0
  X:05A1H         PUBLIC        hour_count
  D:008AH         PUBLIC        TL0
  X:05A2H         PUBLIC        min_count
  B:0088H.4       PUBLIC        TR0
  X:05A3H         SYMBOL        KeyNum
  X:05A4H         SYMBOL        KeyNum_Old
  X:05A5H         PUBLIC        current_position
  X:05A9H         PUBLIC        hours1
  X:05AAH         PUBLIC        hours2
  C:44A3H         PUBLIC        _Display_Prox
  X:05ABH         PUBLIC        mins1
  X:05ACH         PUBLIC        mins2
  C:3943H         PUBLIC        _Display_Pos
  X:05ADH         PUBLIC        seconds
  X:05AEH         PUBLIC        st_time
  D:00D0H         PUBLIC        PSW
  -------         PROC          TM0_ISR
  C:0009H         LINE#         85
  C:0009H         LINE#         87
  -------         ENDPROC       TM0_ISR
  -------         PROC          MAIN
  -------         DO            
  X:038FH         SYMBOL        sunlight_ADC
  X:04DCH         SYMBOL        KeyCount
  X:04DEH         SYMBOL        KeyNum_Old
BL51 BANKED LINKER/LOCATER V6.22                                                      02/18/2019  12:58:25  PAGE 9


  X:04DFH         SYMBOL        KeyNum
  X:04E0H         SYMBOL        PressedKey
  X:0391H         SYMBOL        prox_flag
  X:0392H         SYMBOL        iUse_prevday_calib_value
  X:0394H         SYMBOL        max_ADC_Val
  X:0396H         SYMBOL        max_ADC_Val_JP
  X:0398H         SYMBOL        calib_point1
  X:03A0H         SYMBOL        calib_point2
  X:03A8H         SYMBOL        dat_to_store
  X:03B3H         SYMBOL        calib_day
  X:03B5H         SYMBOL        calib_count
  X:03B7H         SYMBOL        theorical_JP_max_pos
  -------         ENDDO         
  C:14C4H         LINE#         89
  C:14C4H         LINE#         90
  C:14C4H         LINE#         95
  C:14CAH         LINE#         96
  C:14D3H         LINE#         100
  C:14D9H         LINE#         101
  C:14E3H         LINE#         105
  C:14E5H         LINE#         106
  C:14E7H         LINE#         107
  C:14E9H         LINE#         108
  C:14EBH         LINE#         110
  C:14F2H         LINE#         119
  C:14F4H         LINE#         120
  C:14F7H         LINE#         121
  C:14FAH         LINE#         122
  C:14FDH         LINE#         123
  C:1500H         LINE#         124
  C:1503H         LINE#         127
  C:1506H         LINE#         129
  C:1509H         LINE#         130
  C:150CH         LINE#         131
  C:150FH         LINE#         132
  C:1511H         LINE#         133
  C:1513H         LINE#         134
  C:1515H         LINE#         136
  C:1517H         LINE#         137
  C:151EH         LINE#         138
  C:1525H         LINE#         139
  C:152CH         LINE#         140
  C:1533H         LINE#         144
  C:153AH         LINE#         145
  C:153FH         LINE#         146
  C:1544H         LINE#         147
  C:1549H         LINE#         148
  C:154EH         LINE#         149
  C:1553H         LINE#         152
  C:156CH         LINE#         153
  C:156CH         LINE#         154
  C:1588H         LINE#         155
  C:15CFH         LINE#         156
  C:15E0H         LINE#         157
  C:15E0H         LINE#         158
  C:15E0H         LINE#         159
  C:15E3H         LINE#         162
BL51 BANKED LINKER/LOCATER V6.22                                                      02/18/2019  12:58:25  PAGE 10


  C:15E3H         LINE#         165
  C:15E8H         LINE#         166
  C:15EDH         LINE#         168
  C:15F2H         LINE#         169
  C:15F7H         LINE#         170
  C:15FCH         LINE#         171
  C:1601H         LINE#         173
  C:1612H         LINE#         174
  C:1617H         LINE#         175
  C:161CH         LINE#         177
  C:1623H         LINE#         178
  C:162BH         LINE#         179
  C:1630H         LINE#         180
  C:1638H         LINE#         181
  C:163DH         LINE#         182
  C:1647H         LINE#         183
  C:164CH         LINE#         184
  C:1654H         LINE#         186
  C:165CH         LINE#         187
  C:1661H         LINE#         188
  C:166BH         LINE#         189
  C:166BH         LINE#         190
  C:166DH         LINE#         191
  C:166FH         LINE#         192
  C:1679H         LINE#         193
  C:1679H         LINE#         194
  C:167EH         LINE#         195
  C:167EH         LINE#         207
  C:168BH         LINE#         208
  C:168BH         LINE#         209
  C:1695H         LINE#         210
  C:16ACH         LINE#         211
  C:16ACH         LINE#         212
  C:16AEH         LINE#         213
  C:16B0H         LINE#         215
  C:16B0H         LINE#         216
  C:16BBH         LINE#         217
  C:16BBH         LINE#         218
  C:16C0H         LINE#         219
  C:16C0H         LINE#         220
  C:16CDH         LINE#         221
  C:16CDH         LINE#         224
  C:16D7H         LINE#         225
  C:16EEH         LINE#         226
  C:16EEH         LINE#         227
  C:16F0H         LINE#         228
  C:16F2H         LINE#         230
  C:16F2H         LINE#         231
  C:16FDH         LINE#         232
  C:16FDH         LINE#         233
  C:1702H         LINE#         234
  C:1704H         LINE#         235
  C:1704H         LINE#         244
  C:1726H         LINE#         245
  C:1726H         LINE#         246
  C:1730H         LINE#         247
  C:1736H         LINE#         248
BL51 BANKED LINKER/LOCATER V6.22                                                      02/18/2019  12:58:25  PAGE 11


  C:1738H         LINE#         249
  C:173AH         LINE#         250
  C:173CH         LINE#         251
  C:173CH         LINE#         252
  C:173FH         LINE#         254
  C:173FH         LINE#         255
  C:1745H         LINE#         256
  C:174DH         LINE#         257
  C:1753H         LINE#         258
  C:175BH         LINE#         259
  C:1796H         LINE#         263
  C:17A3H         LINE#         264
  C:17A3H         LINE#         265
  C:17B0H         LINE#         266
  C:17E3H         LINE#         267
  C:17F0H         LINE#         268
  C:17F0H         LINE#         270
  C:181FH         LINE#         271
  C:181FH         LINE#         272
  C:1841H         LINE#         273
  C:1841H         LINE#         274
  C:18BDH         LINE#         275
  C:1927H         LINE#         279
  C:1927H         LINE#         280
  C:1927H         LINE#         281
  C:1927H         LINE#         283
  C:1927H         LINE#         284
  C:1927H         LINE#         285
  C:1927H         LINE#         287
  C:1927H         LINE#         288
  C:1927H         LINE#         289
  C:1927H         LINE#         291
  C:1927H         LINE#         292
  C:1927H         LINE#         293
  C:1927H         LINE#         294
  C:192AH         LINE#         295
  C:193BH         LINE#         296
  C:193BH         LINE#         297
  C:193BH         LINE#         299
  C:193BH         LINE#         302
  C:193EH         LINE#         304
  C:193EH         LINE#         305
  C:1960H         LINE#         306
  C:1960H         LINE#         307
  C:19DCH         LINE#         308
  C:1A31H         LINE#         309
  C:1A31H         LINE#         310
  C:1A31H         LINE#         311
  C:1A34H         LINE#         315
  C:1A34H         LINE#         318
  C:1A68H         LINE#         319
  C:1A68H         LINE#         320
  C:1A8AH         LINE#         321
  C:1A8AH         LINE#         322
  C:1B06H         LINE#         323
  C:1B84H         LINE#         327
  C:1B8CH         LINE#         328
BL51 BANKED LINKER/LOCATER V6.22                                                      02/18/2019  12:58:25  PAGE 12


  C:1B94H         LINE#         329
  C:1B9CH         LINE#         331
  C:1BA4H         LINE#         332
  C:1BADH         LINE#         333
  C:1BC3H         LINE#         335
  C:1BF2H         LINE#         336
  C:1BFBH         LINE#         337
  C:1C04H         LINE#         339
  C:1C1AH         LINE#         340
  C:1C49H         LINE#         341
  C:1C5BH         LINE#         343
  C:1C5EH         LINE#         344
  C:1C6FH         LINE#         345
  C:1C6FH         LINE#         346
  C:1C77H         LINE#         348
  C:1C77H         LINE#         351
  C:1C7AH         LINE#         353
  C:1C7AH         LINE#         355
  C:1C9CH         LINE#         356
  C:1C9CH         LINE#         357
  C:1D18H         LINE#         359
  C:1D45H         LINE#         360
  C:1D60H         LINE#         361
  C:1D8DH         LINE#         362
  C:1DA8H         LINE#         364
  C:1E44H         LINE#         367
  C:1E44H         LINE#         368
  C:1E44H         LINE#         369
  C:1E44H         LINE#         371
  C:1E44H         LINE#         374
  C:1E60H         LINE#         375
  C:1E65H         LINE#         377
  C:1E67H         LINE#         378
  -------         ENDPROC       MAIN
  -------         PROC          _DISPLAY_PROX
  D:0002H         SYMBOL        dat
  -------         DO            
  X:062AH         SYMBOL        unit
  X:062BH         SYMBOL        ten
  X:062CH         SYMBOL        hundred
  X:062DH         SYMBOL        thousand
  -------         ENDDO         
  C:44A3H         LINE#         462
  C:44A7H         LINE#         463
  C:44A7H         LINE#         465
  C:44B3H         LINE#         466
  C:44C3H         LINE#         467
  C:44DFH         LINE#         468
  C:450FH         LINE#         469
  C:4519H         LINE#         470
  C:4523H         LINE#         471
  C:452DH         LINE#         472
  C:4537H         LINE#         474
  -------         ENDPROC       _DISPLAY_PROX
  -------         PROC          _DISPLAY_POS
  X:045EH         SYMBOL        sign_dat
  -------         DO            
BL51 BANKED LINKER/LOCATER V6.22                                                      02/18/2019  12:58:25  PAGE 13


  X:0462H         SYMBOL        unit
  X:0463H         SYMBOL        ten
  X:0464H         SYMBOL        hundred
  D:0003H         SYMBOL        thousand
  X:0465H         SYMBOL        after_dot
  X:0466H         SYMBOL        dat
  -------         ENDDO         
  C:3943H         LINE#         477
  C:3949H         LINE#         478
  C:3949H         LINE#         482
  C:3965H         LINE#         483
  C:397FH         LINE#         484
  C:39A3H         LINE#         486
  C:39EDH         LINE#         488
  C:3A04H         LINE#         489
  C:3A11H         LINE#         490
  C:3A33H         LINE#         491
  C:3A68H         LINE#         492
  C:3A80H         LINE#         493
  C:3A80H         LINE#         495
  C:3A80H         LINE#         496
  C:3A80H         LINE#         497
  C:3A80H         LINE#         498
  C:3A80H         LINE#         499
  C:3A80H         LINE#         503
  C:3A82H         LINE#         505
  C:3A82H         LINE#         507
  C:3A87H         LINE#         508
  C:3A91H         LINE#         509
  C:3A9BH         LINE#         510
  C:3AA5H         LINE#         511
  C:3AAAH         LINE#         512
  C:3AB4H         LINE#         516
  C:3AB4H         LINE#         518
  -------         ENDPROC       _DISPLAY_POS
  -------         ENDMOD        MAIN

  -------         MODULE        PCF85063BTL
  C:0000H         SYMBOL        _ICE_DUMMY_
  D:0096H         PUBLIC        P2M0
  D:0080H         PUBLIC        P0
  D:0095H         PUBLIC        P2M1
  D:0090H         PUBLIC        P1
  D:00A0H         PUBLIC        P2
  D:00B0H         PUBLIC        P3
  D:00C0H         PUBLIC        P4
  D:00C8H         PUBLIC        P5
  D:00E8H         PUBLIC        P6
  B:00A0H.1       PUBLIC        PCF85063BTL_SDI
  D:00F8H         PUBLIC        P7
  B:00A0H.2       PUBLIC        PCF85063BTL_SCK
  B:00A0H.1       PUBLIC        PCF85063BTL_SDO
  D:00A8H         PUBLIC        IE
  C:46BDH         PUBLIC        _Read_time
  C:4C1EH         PUBLIC        _PCF85063BTL_Delay
  D:00B8H         PUBLIC        IP
  D:00D8H         PUBLIC        CCON
BL51 BANKED LINKER/LOCATER V6.22                                                      02/18/2019  12:58:25  PAGE 14


  C:45C4H         PUBLIC        _Day_Of_Year
  C:4B14H         PUBLIC        SPI_ReceiveByte
  D:0098H         PUBLIC        SCON
  D:0088H         PUBLIC        TCON
  C:4C51H         PUBLIC        _BCDtoDec
  B:00A0H.0       PUBLIC        PCF85063BTL_CS
  C:4C40H         PUBLIC        _SPI_ReadTime
  C:4CA0H         PUBLIC        SPI_Init
  C:4BA9H         PUBLIC        _SPI_WriteTime
  C:4AF4H         PUBLIC        _SPI_SendByte
  D:00D0H         PUBLIC        PSW
  C:4C1AH         SYMBOL        L?0047
  -------         PROC          L?0046
  -------         ENDPROC       L?0046
  C:4C1AH         SYMBOL        L?0047
  -------         PROC          _PCF85063BTL_DELAY
  D:0006H         SYMBOL        us
  C:4C1EH         LINE#         8
  C:4C1EH         LINE#         9
  C:4C1EH         LINE#         10
  C:4C28H         LINE#         11
  C:4C28H         LINE#         12
  C:4C29H         LINE#         13
  C:4C2BH         LINE#         14
  -------         ENDPROC       _PCF85063BTL_DELAY
  -------         PROC          _SPI_SENDBYTE
  D:0005H         SYMBOL        dat
  -------         DO            
  D:0003H         SYMBOL        i
  -------         ENDDO         
  C:4AF4H         LINE#         17
  C:4AF6H         LINE#         18
  C:4AF6H         LINE#         20
  C:4AF8H         LINE#         21
  C:4AF8H         LINE#         22
  C:4AFAH         LINE#         23
  C:4AFEH         LINE#         24
  C:4AFEH         LINE#         25
  C:4B00H         LINE#         26
  C:4B02H         LINE#         28
  C:4B02H         LINE#         29
  C:4B04H         LINE#         30
  C:4B04H         LINE#         31
  C:4B07H         LINE#         32
  C:4B07H         LINE#         33
  C:4B0AH         LINE#         34
  C:4B0EH         LINE#         35
  C:4B13H         LINE#         36
  -------         ENDPROC       _SPI_SENDBYTE
  -------         PROC          SPI_RECEIVEBYTE
  -------         DO            
  D:0003H         SYMBOL        i
  D:0005H         SYMBOL        dat
  -------         ENDDO         
  C:4B14H         LINE#         39
  C:4B14H         LINE#         40
  C:4B14H         LINE#         42
BL51 BANKED LINKER/LOCATER V6.22                                                      02/18/2019  12:58:25  PAGE 15


  C:4B16H         LINE#         44
  C:4B18H         LINE#         45
  C:4B19H         LINE#         46
  C:4B19H         LINE#         47
  C:4B1DH         LINE#         48
  C:4B1FH         LINE#         49
  C:4B22H         LINE#         51
  C:4B25H         LINE#         52
  C:4B25H         LINE#         53
  C:4B29H         LINE#         54
  C:4B29H         LINE#         55
  C:4B29H         LINE#         56
  C:4B2CH         LINE#         57
  C:4B31H         LINE#         58
  C:4B33H         LINE#         59
  -------         ENDPROC       SPI_RECEIVEBYTE
  -------         PROC          _SPI_READTIME
  D:0007H         SYMBOL        addr
  -------         DO            
  D:0006H         SYMBOL        dat
  -------         ENDDO         
  C:4C40H         LINE#         61
  C:4C40H         LINE#         62
  C:4C40H         LINE#         64
  C:4C42H         LINE#         65
  C:4C44H         LINE#         66
  C:4C4BH         LINE#         67
  C:4C4EH         LINE#         68
  C:4C50H         LINE#         69
  C:4C50H         LINE#         70
  -------         ENDPROC       _SPI_READTIME
  -------         PROC          _SPI_WRITETIME
  D:0002H         SYMBOL        val
  D:0005H         SYMBOL        addr
  C:4BA9H         LINE#         71
  C:4BABH         LINE#         72
  C:4BABH         LINE#         74
  C:4BADH         LINE#         75
  C:4BB4H         LINE#         76
  C:4BB9H         LINE#         77
  C:4BBEH         LINE#         78
  C:4BC0H         LINE#         79
  -------         ENDPROC       _SPI_WRITETIME
  -------         PROC          SPI_INIT
  C:4CA0H         LINE#         83
  C:4CA0H         LINE#         84
  C:4CA0H         LINE#         89
  C:4CA3H         LINE#         90
  C:4CA6H         LINE#         91
  C:4CA8H         LINE#         92
  C:4CAAH         LINE#         93
  C:4CACH         LINE#         94
  -------         ENDPROC       SPI_INIT
  -------         PROC          _READ_TIME
  X:03BBH         SYMBOL        months
  X:03BEH         SYMBOL        days
  X:03C1H         SYMBOL        hours
BL51 BANKED LINKER/LOCATER V6.22                                                      02/18/2019  12:58:25  PAGE 16


  X:03C4H         SYMBOL        mins
  X:03C7H         SYMBOL        seconds
  C:46BDH         LINE#         96
  C:46C8H         LINE#         97
  C:46C8H         LINE#         99
  C:46DCH         LINE#         101
  C:46F0H         LINE#         103
  C:4704H         LINE#         108
  C:4718H         LINE#         113
  -------         ENDPROC       _READ_TIME
  -------         PROC          _BCDTODEC
  D:0007H         SYMBOL        bcd
  -------         DO            
  D:0006H         SYMBOL        hi
  D:0007H         SYMBOL        lo
  -------         ENDDO         
  C:4C51H         LINE#         119
  C:4C51H         LINE#         120
  C:4C51H         LINE#         122
  C:4C56H         LINE#         123
  C:4C5AH         LINE#         124
  C:4C61H         LINE#         125
  -------         ENDPROC       _BCDTODEC
  -------         PROC          _DAY_OF_YEAR
  D:0007H         SYMBOL        months_bcd
  D:0005H         SYMBOL        days_bcd
  -------         DO            
  D:0004H         SYMBOL        months
  D:0007H         SYMBOL        days
  -------         ENDDO         
  C:45C4H         LINE#         126
  C:45C4H         LINE#         127
  C:45C4H         LINE#         130
  C:45C9H         LINE#         132
  C:45CEH         LINE#         134
  C:4607H         LINE#         135
  C:4607H         LINE#         136
  C:4607H         LINE#         137
  C:460AH         LINE#         138
  C:460AH         LINE#         139
  C:460AH         LINE#         140
  C:460FH         LINE#         141
  C:460FH         LINE#         142
  C:460FH         LINE#         143
  C:4614H         LINE#         144
  C:4614H         LINE#         145
  C:4614H         LINE#         146
  C:4619H         LINE#         147
  C:4619H         LINE#         148
  C:4619H         LINE#         149
  C:461EH         LINE#         150
  C:461EH         LINE#         151
  C:461EH         LINE#         152
  C:4623H         LINE#         153
  C:4623H         LINE#         154
  C:4623H         LINE#         155
  C:4628H         LINE#         156
BL51 BANKED LINKER/LOCATER V6.22                                                      02/18/2019  12:58:25  PAGE 17


  C:4628H         LINE#         157
  C:4628H         LINE#         158
  C:462DH         LINE#         159
  C:462DH         LINE#         160
  C:462DH         LINE#         161
  C:4635H         LINE#         162
  C:4635H         LINE#         163
  C:4635H         LINE#         164
  C:463AH         LINE#         165
  C:463AH         LINE#         166
  C:463AH         LINE#         167
  C:463FH         LINE#         168
  C:463FH         LINE#         169
  C:463FH         LINE#         170
  C:4647H         LINE#         171
  C:4647H         LINE#         172
  C:4647H         LINE#         173
  -------         ENDPROC       _DAY_OF_YEAR
  -------         ENDMOD        PCF85063BTL

  -------         MODULE        UART1
  C:0000H         SYMBOL        _ICE_DUMMY_
  D:0080H         PUBLIC        P0
  D:0090H         PUBLIC        P1
  D:00A0H         PUBLIC        P2
  D:00B0H         PUBLIC        P3
  D:00C0H         PUBLIC        P4
  D:00C8H         PUBLIC        P5
  B:00A8H.7       PUBLIC        EA
  D:00E8H         PUBLIC        P6
  D:00F8H         PUBLIC        P7
  C:49CCH         PUBLIC        _SendString
  D:00A8H         PUBLIC        IE
  B:00A8H.4       PUBLIC        ES
  D:00B8H         PUBLIC        IP
  C:4BC1H         PUBLIC        _ASCIItoBCD
  D:00D8H         PUBLIC        CCON
  C:4C62H         PUBLIC        initUART1
  D:0098H         PUBLIC        SCON
  D:0088H         PUBLIC        TCON
  C:000AH         PUBLIC        _DectoBCD
  C:4CE4H         PUBLIC        _ASCII_Letter
  D:008EH         PUBLIC        AUXR
  C:4CDFH         PUBLIC        _unit
  C:0003H         PUBLIC        _ten
  D:00D6H         PUBLIC        T2H
  D:00D7H         PUBLIC        T2L
  D:00D0H         PUBLIC        PSW
  -------         PROC          INITUART1
  C:4C62H         LINE#         21
  C:4C62H         LINE#         22
  C:4C62H         LINE#         23
  C:4C65H         LINE#         24
  C:4C68H         LINE#         25
  C:4C6BH         LINE#         26
  C:4C6EH         LINE#         27
  C:4C70H         LINE#         28
BL51 BANKED LINKER/LOCATER V6.22                                                      02/18/2019  12:58:25  PAGE 18


  C:4C72H         LINE#         30
  -------         ENDPROC       INITUART1
  -------         PROC          _SENDSTRING
  X:062EH         SYMBOL        s
  C:49CCH         LINE#         35
  C:49D7H         LINE#         36
  C:49D7H         LINE#         37
  C:49E7H         LINE#         38
  C:49E7H         LINE#         39
  C:49FCH         LINE#         40
  C:49FEH         LINE#         41
  -------         ENDPROC       _SENDSTRING
  -------         PROC          _TEN
  D:0007H         SYMBOL        BCD
  C:0003H         LINE#         43
  C:0003H         LINE#         44
  C:0003H         LINE#         45
  C:0008H         LINE#         46
  -------         ENDPROC       _TEN
  -------         PROC          _UNIT
  D:0007H         SYMBOL        BCD
  C:4CDFH         LINE#         47
  C:4CDFH         LINE#         48
  C:4CDFH         LINE#         52
  C:4CE3H         LINE#         53
  -------         ENDPROC       _UNIT
  -------         PROC          _DECTOBCD
  D:0007H         SYMBOL        dec
  C:000AH         LINE#         54
  C:000AH         LINE#         55
  C:000AH         LINE#         57
  C:000AH         LINE#         58
  -------         ENDPROC       _DECTOBCD
  -------         PROC          _ASCII_LETTER
  D:0007H         SYMBOL        dat
  C:4CE4H         LINE#         60
  C:4CE4H         LINE#         61
  C:4CE4H         LINE#         63
  C:4CE8H         LINE#         64
  -------         ENDPROC       _ASCII_LETTER
  -------         PROC          _ASCIITOBCD
  D:0001H         SYMBOL        ascii
  -------         DO            
  D:0007H         SYMBOL        dec_val
  D:0006H         SYMBOL        ten
  D:0007H         SYMBOL        unit
  -------         ENDDO         
  C:4BC1H         LINE#         66
  C:4BC1H         LINE#         67
  C:4BC1H         LINE#         69
  C:4BC4H         LINE#         70
  C:4BCAH         LINE#         71
  C:4BD1H         LINE#         72
  C:4BD7H         LINE#         74
  -------         ENDPROC       _ASCIITOBCD
  -------         ENDMOD        UART1

BL51 BANKED LINKER/LOCATER V6.22                                                      02/18/2019  12:58:25  PAGE 19


  -------         MODULE        LCD_DRIVER_SPLC780D
  C:0000H         SYMBOL        _ICE_DUMMY_
  D:0092H         PUBLIC        P1M0
  D:0091H         PUBLIC        P1M1
  D:0080H         PUBLIC        P0
  D:0090H         PUBLIC        P1
  D:00A0H         PUBLIC        P2
  D:00B0H         PUBLIC        P3
  D:00C0H         PUBLIC        P4
  D:00C8H         PUBLIC        P5
  D:00E8H         PUBLIC        P6
  D:00F8H         PUBLIC        P7
  C:4648H         PUBLIC        _WriteData
  D:00A8H         PUBLIC        IE
  D:00B8H         PUBLIC        IP
  D:00D8H         PUBLIC        CCON
  B:00B0H.4       PUBLIC        LCD_D4
  B:00B0H.5       PUBLIC        LCD_D5
  B:00B0H.6       PUBLIC        LCD_D6
  C:4B71H         PUBLIC        _DisplayLCD
  B:00B0H.7       PUBLIC        LCD_D7
  D:0098H         PUBLIC        SCON
  D:0088H         PUBLIC        TCON
  C:4CCFH         PUBLIC        LCD_clear
  C:4911H         PUBLIC        _Command
  C:4BEEH         PUBLIC        _Display_Line
  C:47E0H         PUBLIC        LCD_Init
  C:4AD6H         PUBLIC        _Wait_ms
  B:00C0H.0       PUBLIC        LCD_RS
  B:00B0H.2       PUBLIC        LCD_RW
  C:4CC5H         PUBLIC        LCD_return_home
  B:00B0H.3       PUBLIC        LCD_E
  D:00D0H         PUBLIC        PSW
  -------         PROC          LCD_INIT
  C:47E0H         LINE#         9
  C:47E0H         LINE#         10
  C:47E0H         LINE#         11
  C:47E3H         LINE#         12
  C:47E6H         LINE#         14
  C:47ECH         LINE#         15
  C:47F1H         LINE#         17
  C:47F8H         LINE#         18
  C:47FDH         LINE#         20
  C:4800H         LINE#         21
  C:4805H         LINE#         23
  C:4808H         LINE#         24
  C:480DH         LINE#         26
  C:4814H         LINE#         29
  C:4819H         LINE#         30
  C:481EH         LINE#         32
  C:4823H         LINE#         33
  C:4828H         LINE#         35
  C:482DH         LINE#         36
  C:4832H         LINE#         37
  -------         ENDPROC       LCD_INIT
  -------         PROC          _WRITEDATA
  X:0468H         SYMBOL        dat
BL51 BANKED LINKER/LOCATER V6.22                                                      02/18/2019  12:58:25  PAGE 20


  C:4648H         LINE#         40
  C:464DH         LINE#         41
  C:464DH         LINE#         46
  C:464FH         LINE#         47
  C:4651H         LINE#         49
  C:465FH         LINE#         50
  C:466BH         LINE#         51
  C:4677H         LINE#         52
  C:4681H         LINE#         53
  C:4683H         LINE#         54
  C:468AH         LINE#         55
  C:468CH         LINE#         57
  C:469CH         LINE#         58
  C:46A7H         LINE#         59
  C:46B1H         LINE#         60
  C:46B5H         LINE#         62
  C:46B5H         LINE#         63
  C:46B8H         LINE#         64
  C:46BAH         LINE#         65
  C:46BCH         LINE#         67
  -------         ENDPROC       _WRITEDATA
  -------         PROC          _COMMAND
  D:0007H         SYMBOL        dat
  C:4911H         LINE#         69
  C:4911H         LINE#         70
  C:4911H         LINE#         71
  C:4913H         LINE#         72
  C:4915H         LINE#         74
  C:491FH         LINE#         75
  C:4923H         LINE#         77
  C:4925H         LINE#         78
  C:492EH         LINE#         79
  C:4932H         LINE#         81
  C:4934H         LINE#         82
  C:493BH         LINE#         83
  C:493FH         LINE#         85
  C:4941H         LINE#         86
  C:4945H         LINE#         87
  C:4949H         LINE#         89
  C:494BH         LINE#         90
  C:494BH         LINE#         91
  C:494EH         LINE#         92
  C:4950H         LINE#         93
  -------         ENDPROC       _COMMAND
  C:4AD2H         SYMBOL        L?0028
  -------         PROC          L?0027
  -------         ENDPROC       L?0027
  C:4AD2H         SYMBOL        L?0028
  -------         PROC          _WAIT_MS
  D:0006H         SYMBOL        ms
  -------         DO            
  D:0004H         SYMBOL        De_Cnt
  -------         ENDDO         
  C:4AD6H         LINE#         95
  C:4AD6H         LINE#         96
  C:4AD6H         LINE#         98
  C:4AE0H         LINE#         99
BL51 BANKED LINKER/LOCATER V6.22                                                      02/18/2019  12:58:25  PAGE 21


  C:4AE0H         LINE#         100
  C:4AF3H         LINE#         101
  C:4AF3H         LINE#         102
  -------         ENDPROC       _WAIT_MS
  -------         PROC          _DISPLAYLCD
  D:0007H         SYMBOL        BCD
  -------         DO            
  D:0006H         SYMBOL        first_digit
  X:03BBH         SYMBOL        second_digit
  -------         ENDDO         
  C:4B71H         LINE#         103
  C:4B71H         LINE#         104
  C:4B71H         LINE#         106
  C:4B78H         LINE#         107
  C:4B81H         LINE#         109
  C:4B86H         LINE#         111
  -------         ENDPROC       _DISPLAYLCD
  -------         PROC          LCD_RETURN_HOME
  C:4CC5H         LINE#         115
  C:4CC5H         LINE#         116
  C:4CC5H         LINE#         117
  C:4CCAH         LINE#         118
  -------         ENDPROC       LCD_RETURN_HOME
  -------         PROC          LCD_CLEAR
  C:4CCFH         LINE#         121
  C:4CCFH         LINE#         122
  C:4CCFH         LINE#         123
  C:4CD4H         LINE#         124
  -------         ENDPROC       LCD_CLEAR
  -------         PROC          _DISPLAY_LINE
  D:0006H         SYMBOL        line
  C:4BEEH         LINE#         128
  C:4BEEH         LINE#         129
  C:4BEEH         LINE#         130
  C:4BF4H         LINE#         131
  C:4BF4H         LINE#         132
  C:4BF6H         LINE#         133
  C:4BF6H         LINE#         134
  C:4BF8H         LINE#         136
  C:4BF8H         LINE#         137
  C:4BFDH         LINE#         138
  C:4C02H         LINE#         139
  C:4C02H         LINE#         140
  -------         ENDPROC       _DISPLAY_LINE
  -------         ENDMOD        LCD_DRIVER_SPLC780D

  -------         MODULE        KEYPAD
  C:0000H         SYMBOL        _ICE_DUMMY_
  D:0093H         PUBLIC        P0M1
  D:0080H         PUBLIC        P0
  D:0090H         PUBLIC        P1
  D:00A0H         PUBLIC        P2
  D:00B0H         PUBLIC        P3
  D:00C0H         PUBLIC        P4
  D:00C8H         PUBLIC        P5
  B:0020H.0       PUBLIC        calib_mode
  D:00E8H         PUBLIC        P6
BL51 BANKED LINKER/LOCATER V6.22                                                      02/18/2019  12:58:25  PAGE 22


  D:00F8H         PUBLIC        P7
  D:00A8H         PUBLIC        IE
  C:362EH         PUBLIC        Key_Scan
  D:00B8H         PUBLIC        IP
  D:00D8H         PUBLIC        CCON
  C:4CADH         PUBLIC        KeyPad_IO_Init
  C:4B53H         PUBLIC        _Delay_ms
  D:0098H         PUBLIC        SCON
  D:0088H         PUBLIC        TCON
  B:0020H.1       PUBLIC        small_move
  B:0020H.2       PUBLIC        move
  B:0020H.3       PUBLIC        direction
  B:0020H.4       PUBLIC        auto_move
  C:2FC7H         PUBLIC        Key_Process
  D:00D0H         PUBLIC        PSW
  D:0094H         PUBLIC        P0M0
  -------         PROC          _DELAY_MS
  D:0006H         SYMBOL        ms
  -------         DO            
  D:0004H         SYMBOL        De_Cnt
  -------         ENDDO         
  C:4B53H         LINE#         19
  C:4B53H         LINE#         20
  C:4B53H         LINE#         22
  C:4B5DH         LINE#         23
  C:4B5DH         LINE#         24
  C:4B70H         LINE#         25
  C:4B70H         LINE#         26
  -------         ENDPROC       _DELAY_MS
  -------         PROC          KEY_SCAN
  -------         DO            
  X:03C1H         SYMBOL        KeyTemp1
  X:03C2H         SYMBOL        KeyTemp2
  X:03C3H         SYMBOL        KeyValue
  -------         ENDDO         
  C:362EH         LINE#         27
  C:362EH         LINE#         28
  C:362EH         LINE#         33
  C:3631H         LINE#         36
  C:3634H         LINE#         38
  C:363CH         LINE#         39
  C:3643H         LINE#         40
  C:3643H         LINE#         42
  C:3648H         LINE#         43
  C:364FH         LINE#         44
  C:364FH         LINE#         47
  C:3652H         LINE#         48
  C:3655H         LINE#         49
  C:365AH         LINE#         50
  C:365EH         LINE#         51
  C:365EH         LINE#         52
  C:3666H         LINE#         53
  C:3666H         LINE#         54
  C:3669H         LINE#         55
  C:3671H         LINE#         56
  C:3673H         LINE#         58
  C:3687H         LINE#         59
BL51 BANKED LINKER/LOCATER V6.22                                                      02/18/2019  12:58:25  PAGE 23


  C:3687H         LINE#         60
  C:3687H         LINE#         61
  C:3687H         LINE#         62
  C:368DH         LINE#         64
  C:368FH         LINE#         65
  C:368FH         LINE#         66
  C:368FH         LINE#         67
  C:3695H         LINE#         69
  C:3697H         LINE#         70
  C:3697H         LINE#         71
  C:3697H         LINE#         72
  C:369DH         LINE#         74
  C:369FH         LINE#         75
  C:369FH         LINE#         76
  C:369FH         LINE#         77
  C:36A5H         LINE#         79
  C:36A5H         LINE#         80
  C:36A5H         LINE#         81
  C:36A5H         LINE#         84
  C:36A8H         LINE#         85
  C:36ABH         LINE#         86
  C:36B3H         LINE#         87
  C:36B7H         LINE#         88
  C:36B7H         LINE#         89
  C:36BFH         LINE#         90
  C:36BFH         LINE#         91
  C:36C2H         LINE#         92
  C:36CAH         LINE#         93
  C:36CCH         LINE#         94
  C:36E0H         LINE#         95
  C:36E0H         LINE#         96
  C:36E0H         LINE#         97
  C:36E0H         LINE#         98
  C:36E6H         LINE#         100
  C:36E8H         LINE#         101
  C:36E8H         LINE#         102
  C:36E8H         LINE#         103
  C:36EEH         LINE#         105
  C:36F0H         LINE#         106
  C:36F0H         LINE#         107
  C:36F0H         LINE#         108
  C:36F6H         LINE#         110
  C:36F8H         LINE#         111
  C:36F8H         LINE#         112
  C:36F8H         LINE#         113
  C:36FDH         LINE#         115
  C:36FDH         LINE#         116
  C:36FDH         LINE#         117
  C:36FDH         LINE#         120
  C:3700H         LINE#         121
  C:3703H         LINE#         122
  C:370BH         LINE#         123
  C:370FH         LINE#         124
  C:370FH         LINE#         125
  C:3717H         LINE#         126
  C:3717H         LINE#         127
  C:371AH         LINE#         128
BL51 BANKED LINKER/LOCATER V6.22                                                      02/18/2019  12:58:25  PAGE 24


  C:3722H         LINE#         129
  C:3724H         LINE#         130
  C:3738H         LINE#         131
  C:3738H         LINE#         132
  C:3738H         LINE#         133
  C:3738H         LINE#         134
  C:373EH         LINE#         136
  C:3740H         LINE#         137
  C:3740H         LINE#         138
  C:3740H         LINE#         139
  C:3746H         LINE#         141
  C:3748H         LINE#         142
  C:3748H         LINE#         143
  C:3748H         LINE#         144
  C:374EH         LINE#         146
  C:3750H         LINE#         147
  C:3750H         LINE#         148
  C:3750H         LINE#         149
  C:3756H         LINE#         151
  C:3756H         LINE#         152
  C:3756H         LINE#         153
  C:3756H         LINE#         157
  C:3759H         LINE#         158
  C:375CH         LINE#         159
  C:3764H         LINE#         160
  C:3768H         LINE#         161
  C:3768H         LINE#         162
  C:3770H         LINE#         163
  C:3770H         LINE#         164
  C:3773H         LINE#         165
  C:377BH         LINE#         166
  C:377DH         LINE#         167
  C:3791H         LINE#         168
  C:3791H         LINE#         169
  C:3791H         LINE#         170
  C:3791H         LINE#         171
  C:3797H         LINE#         173
  C:3799H         LINE#         174
  C:3799H         LINE#         175
  C:3799H         LINE#         176
  C:379FH         LINE#         178
  C:37A1H         LINE#         179
  C:37A1H         LINE#         180
  C:37A1H         LINE#         181
  C:37A7H         LINE#         183
  C:37A9H         LINE#         184
  C:37A9H         LINE#         185
  C:37A9H         LINE#         186
  C:37AFH         LINE#         188
  C:37AFH         LINE#         189
  C:37AFH         LINE#         190
  C:37AFH         LINE#         192
  C:37B5H         LINE#         193
  C:37B5H         LINE#         195
  C:37B5H         LINE#         196
  C:37B8H         LINE#         197
  C:37B8H         LINE#         198
BL51 BANKED LINKER/LOCATER V6.22                                                      02/18/2019  12:58:25  PAGE 25


  C:37B8H         LINE#         200
  C:37B8H         LINE#         201
  C:37BAH         LINE#         202
  C:37BAH         LINE#         203
  -------         ENDPROC       KEY_SCAN
  -------         PROC          KEY_PROCESS
  -------         DO            
  X:0614H         SYMBOL        KeyCount
  X:0616H         SYMBOL        KeyNum_Old
  X:0617H         SYMBOL        KeyNum
  X:0618H         SYMBOL        PressedKey
  X:03BBH         SYMBOL        d
  D:0004H         SYMBOL        hours
  D:0006H         SYMBOL        mins
  X:03BDH         SYMBOL        months
  X:03BFH         SYMBOL        days
  -------         ENDDO         
  C:2FC7H         LINE#         204
  C:2FC7H         LINE#         205
  C:2FC7H         LINE#         209
  C:2FCFH         LINE#         210
  C:2FD7H         LINE#         212
  C:2FDAH         LINE#         213
  C:2FDAH         LINE#         214
  C:2FDDH         LINE#         216
  C:2FDDH         LINE#         217
  C:2FEAH         LINE#         218
  C:2FEAH         LINE#         219
  C:2FEDH         LINE#         220
  C:2FF0H         LINE#         222
  C:2FF3H         LINE#         224
  C:2FF3H         LINE#         225
  C:2FFEH         LINE#         226
  C:2FFEH         LINE#         227
  C:3001H         LINE#         229
  C:3001H         LINE#         230
  C:3008H         LINE#         231
  C:3008H         LINE#         232
  C:300BH         LINE#         234
  C:300BH         LINE#         235
  C:3013H         LINE#         236
  C:3013H         LINE#         237
  C:301DH         LINE#         238
  C:3025H         LINE#         240
  C:302EH         LINE#         242
  C:302EH         LINE#         251
  C:3043H         LINE#         252
  C:3043H         LINE#         253
  C:3055H         LINE#         254
  C:3063H         LINE#         255
  C:3072H         LINE#         256
  C:3072H         LINE#         258
  C:3078H         LINE#         262
  C:308EH         LINE#         263
  C:309FH         LINE#         264
  C:30BAH         LINE#         265
  C:30BAH         LINE#         266
BL51 BANKED LINKER/LOCATER V6.22                                                      02/18/2019  12:58:25  PAGE 26


  C:30CAH         LINE#         267
  C:30DBH         LINE#         268
  C:30DBH         LINE#         272
  C:30F4H         LINE#         273
  C:310BH         LINE#         274
  C:312BH         LINE#         275
  C:312BH         LINE#         276
  C:3135H         LINE#         277
  C:3135H         LINE#         278
  C:313EH         LINE#         279
  C:313EH         LINE#         280
  C:3152H         LINE#         281
  C:3152H         LINE#         282
  C:3152H         LINE#         283
  C:3152H         LINE#         284
  C:3152H         LINE#         285
  C:3154H         LINE#         287
  C:3154H         LINE#         288
  C:3160H         LINE#         289
  C:3160H         LINE#         290
  C:3171H         LINE#         291
  C:3171H         LINE#         292
  C:3171H         LINE#         293
  C:3171H         LINE#         294
  C:3171H         LINE#         296
  C:3173H         LINE#         298
  C:3173H         LINE#         299
  C:3184H         LINE#         300
  C:3184H         LINE#         301
  C:3184H         LINE#         302
  C:3184H         LINE#         303
  C:3184H         LINE#         305
  C:3184H         LINE#         307
  C:3184H         LINE#         308
  C:3186H         LINE#         310
  C:3186H         LINE#         311
  C:3199H         LINE#         312
  C:3199H         LINE#         313
  C:31AAH         LINE#         314
  C:31AAH         LINE#         315
  C:31AAH         LINE#         316
  C:31AAH         LINE#         317
  C:31AAH         LINE#         318
  C:31ACH         LINE#         320
  C:31ACH         LINE#         321
  C:31BDH         LINE#         322
  C:31BDH         LINE#         323
  C:31CEH         LINE#         324
  C:31DFH         LINE#         325
  C:31DFH         LINE#         326
  C:31DFH         LINE#         327
  C:31DFH         LINE#         328
  C:31DFH         LINE#         329
  C:31E2H         LINE#         330
  C:31E7H         LINE#         331
  C:31ECH         LINE#         332
  C:31F1H         LINE#         333
BL51 BANKED LINKER/LOCATER V6.22                                                      02/18/2019  12:58:25  PAGE 27


  C:31F6H         LINE#         334
  C:31FBH         LINE#         335
  C:3200H         LINE#         336
  C:3205H         LINE#         337
  C:3205H         LINE#         339
  C:3227H         LINE#         340
  C:3227H         LINE#         341
  C:3231H         LINE#         342
  C:3231H         LINE#         343
  C:3236H         LINE#         344
  C:323FH         LINE#         345
  C:3256H         LINE#         346
  C:3256H         LINE#         347
  C:3266H         LINE#         349
  C:3266H         LINE#         353
  -------         ENDPROC       KEY_PROCESS
  -------         PROC          KEYPAD_IO_INIT
  C:4CADH         LINE#         356
  C:4CADH         LINE#         357
  C:4CADH         LINE#         358
  C:4CB0H         LINE#         359
  C:4CB3H         LINE#         360
  C:4CB6H         LINE#         361
  C:4CB8H         LINE#         362
  -------         ENDPROC       KEYPAD_IO_INIT
  -------         ENDMOD        KEYPAD

  -------         MODULE        BIPOLARMOTOR
  C:0000H         SYMBOL        _ICE_DUMMY_
  D:0080H         PUBLIC        P0
  D:0090H         PUBLIC        P1
  X:0000H         PUBLIC        RX_pos_test
  D:00A0H         PUBLIC        P2
  D:00B0H         PUBLIC        P3
  D:00C0H         PUBLIC        P4
  D:00C8H         PUBLIC        P5
  D:00E8H         PUBLIC        P6
  D:00F8H         PUBLIC        P7
  X:00A0H         PUBLIC        low_date_azimuth_mapping
  D:00A8H         PUBLIC        IE
  C:4015H         PUBLIC        linear_interpolate
  C:4A81H         PUBLIC        _Move
  D:00B8H         PUBLIC        IP
  C:3490H         PUBLIC        _findDet3x3
  C:2D07H         PUBLIC        _findDet4x4
  D:00D8H         PUBLIC        CCON
  X:00C8H         PUBLIC        previous_move_time
  D:0098H         PUBLIC        SCON
  D:0088H         PUBLIC        TCON
  C:4CE9H         PUBLIC        wait
  C:4951H         PUBLIC        _Step_move
  X:00C9H         PUBLIC        dat
  C:000EH         PUBLIC        _Update_position
  C:4839H         PUBLIC        vOneStepMove
  X:00CFH         PUBLIC        elevation_stamp
  X:010BH         PUBLIC        date_azimuth_mapping
  X:0133H         PUBLIC        RX_pos
BL51 BANKED LINKER/LOCATER V6.22                                                      02/18/2019  12:58:25  PAGE 28


  C:4B98H         PUBLIC        _BCDtoDec1
  X:038BH         PUBLIC        degree
  D:00D0H         PUBLIC        PSW
  -------         PROC          L?0062
  -------         ENDPROC       L?0062
  -------         PROC          _BCDTODEC1
  D:0007H         SYMBOL        bcd
  -------         DO            
  D:0006H         SYMBOL        hi
  D:0007H         SYMBOL        lo
  -------         ENDDO         
  C:4B98H         LINE#         28
  C:4B98H         LINE#         29
  C:4B98H         LINE#         31
  C:4B9DH         LINE#         32
  C:4BA1H         LINE#         33
  C:4BA8H         LINE#         34
  -------         ENDPROC       _BCDTODEC1
  -------         PROC          WAIT
  C:4CE9H         LINE#         36
  C:4CE9H         LINE#         38
  -------         ENDPROC       WAIT
  -------         PROC          VONESTEPMOVE
  B:0020H.7       SYMBOL        bDir
  C:4839H         LINE#         40
  C:4839H         LINE#         41
  C:4839H         LINE#         43
  C:483FH         LINE#         44
  C:483FH         LINE#         45
  C:4842H         LINE#         46
  C:484BH         LINE#         47
  C:4852H         LINE#         48
  C:4857H         LINE#         49
  C:4857H         LINE#         50
  C:4857H         LINE#         52
  C:4859H         LINE#         55
  C:4859H         LINE#         56
  C:485CH         LINE#         57
  C:4865H         LINE#         58
  C:486CH         LINE#         59
  C:4872H         LINE#         60
  C:487BH         LINE#         61
  C:4882H         LINE#         62
  C:4882H         LINE#         66
  -------         ENDPROC       VONESTEPMOVE
  -------         PROC          _STEP_MOVE
  X:0477H         SYMBOL        step
  B:0020H.6       SYMBOL        dir
  -------         DO            
  X:0479H         SYMBOL        i
  -------         ENDDO         
  C:4951H         LINE#         68
  C:4959H         LINE#         69
  C:4959H         LINE#         71
  C:495EH         LINE#         74
  C:4979H         LINE#         75
  C:4979H         LINE#         76
BL51 BANKED LINKER/LOCATER V6.22                                                      02/18/2019  12:58:25  PAGE 29


  C:4980H         LINE#         78
  C:4990H         LINE#         80
  -------         ENDPROC       _STEP_MOVE
  -------         PROC          _MOVE
  X:0473H         SYMBOL        distance
  B:0020H.5       SYMBOL        direction
  -------         DO            
  D:0006H         SYMBOL        step
  -------         ENDDO         
  C:4A81H         LINE#         82
  C:4A87H         LINE#         83
  C:4A87H         LINE#         86
  C:4AA2H         LINE#         87
  -------         ENDPROC       _MOVE
  C:3471H         SYMBOL        L?0058
  C:3485H         SYMBOL        L?0059
  -------         PROC          L?0057
  -------         ENDPROC       L?0057
  C:3471H         SYMBOL        L?0058
  C:3485H         SYMBOL        L?0059
  -------         PROC          _FINDDET3X3
  X:05F0H         SYMBOL        a11
  X:05F4H         SYMBOL        a12
  X:05F8H         SYMBOL        a13
  X:05FCH         SYMBOL        a21
  X:0600H         SYMBOL        a22
  X:0604H         SYMBOL        a23
  X:0608H         SYMBOL        a31
  X:060CH         SYMBOL        a32
  X:0610H         SYMBOL        a33
  C:3490H         LINE#         91
  C:3496H         LINE#         95
  C:3496H         LINE#         96
  C:362DH         LINE#         98
  -------         ENDPROC       _FINDDET3X3
  -------         PROC          _FINDDET4X4
  X:05B0H         SYMBOL        a11
  X:05B4H         SYMBOL        a12
  X:05B8H         SYMBOL        a13
  X:05BCH         SYMBOL        a14
  X:05C0H         SYMBOL        a21
  X:05C4H         SYMBOL        a22
  X:05C8H         SYMBOL        a23
  X:05CCH         SYMBOL        a24
  X:05D0H         SYMBOL        a31
  X:05D4H         SYMBOL        a32
  X:05D8H         SYMBOL        a33
  X:05DCH         SYMBOL        a34
  X:05E0H         SYMBOL        a41
  X:05E4H         SYMBOL        a42
  X:05E8H         SYMBOL        a43
  X:05ECH         SYMBOL        a44
  C:2D07H         LINE#         99
  C:2D0DH         LINE#         103
  C:2D0DH         LINE#         110
  C:2FC6H         LINE#         114
  -------         ENDPROC       _FINDDET4X4
BL51 BANKED LINKER/LOCATER V6.22                                                      02/18/2019  12:58:25  PAGE 30


  C:4004H         SYMBOL        L?0061
  -------         PROC          L?0060
  -------         ENDPROC       L?0060
  C:4004H         SYMBOL        L?0061
  -------         PROC          LINEAR_INTERPOLATE
  X:0473H         SYMBOL        p1
  X:047BH         SYMBOL        p2
  X:0483H         SYMBOL        x
  -------         DO            
  D:0004H         SYMBOL        fx
  -------         ENDDO         
  C:4015H         LINE#         120
  C:4015H         LINE#         121
  C:4015H         LINE#         124
  C:40B4H         LINE#         126
  C:40B4H         LINE#         127
  -------         ENDPROC       LINEAR_INTERPOLATE
  -------         PROC          _UPDATE_POSITION
  D:0001H         SYMBOL        mnths
  D:0002H         SYMBOL        dys
  X:03D6H         SYMBOL        hurs
  X:03D7H         SYMBOL        mns
  X:03D8H         SYMBOL        sconds
  X:03D9H         SYMBOL        currnt_pos
  X:03DCH         SYMBOL        offset_calib
  -------         DO            
  X:03E0H         SYMBOL        date
  X:03E2H         SYMBOL        i
  X:03E4H         SYMBOL        yy
  X:03E6H         SYMBOL        desired_distance
  X:03EAH         SYMBOL        distance
  X:03EEH         SYMBOL        JP_pos
  X:03F2H         SYMBOL        pos_interpolate_azimuth
  X:042EH         SYMBOL        current_local_sun_time
  X:0432H         SYMBOL        azimuth
  X:0436H         SYMBOL        elevation
  X:043AH         SYMBOL        time_offset
  X:043EH         SYMBOL        UTC_time
  X:0442H         SYMBOL        declination
  X:0446H         SYMBOL        p1
  X:044EH         SYMBOL        p2
  X:0456H         SYMBOL        time
  X:0468H         SYMBOL        location
  X:0470H         SYMBOL        sunCoord
  -------         ENDDO         
  C:000EH         LINE#         131
  C:0017H         LINE#         134
  C:0017H         LINE#         135
  C:0022H         LINE#         137
  C:003EH         LINE#         138
  C:0048H         LINE#         146
  C:0052H         LINE#         147
  C:005CH         LINE#         148
  C:0066H         LINE#         149
  C:0071H         LINE#         150
  C:007CH         LINE#         151
  C:0095H         LINE#         152
BL51 BANKED LINKER/LOCATER V6.22                                                      02/18/2019  12:58:25  PAGE 31


  C:00A6H         LINE#         153
  C:00B5H         LINE#         156
  C:00C9H         LINE#         160
  C:011BH         LINE#         161
  C:027FH         LINE#         162
  C:02CFH         LINE#         164
  C:03F7H         LINE#         166
  C:04C6H         LINE#         173
  C:050DH         LINE#         174
  C:050DH         LINE#         176
  C:0527H         LINE#         177
  C:0527H         LINE#         178
  C:0597H         LINE#         179
  C:0597H         LINE#         180
  C:059EH         LINE#         181
  C:059EH         LINE#         182
  C:05CBH         LINE#         183
  C:05E6H         LINE#         185
  C:062DH         LINE#         186
  C:0661H         LINE#         188
  C:06A7H         LINE#         189
  C:06CAH         LINE#         191
  C:06CAH         LINE#         193
  C:0740H         LINE#         194
  C:0740H         LINE#         195
  C:0747H         LINE#         196
  C:0747H         LINE#         197
  C:0774H         LINE#         198
  C:078FH         LINE#         200
  C:07D6H         LINE#         201
  C:080AH         LINE#         203
  C:0850H         LINE#         204
  C:0870H         LINE#         206
  C:0870H         LINE#         207
  C:0881H         LINE#         210
  C:089BH         LINE#         211
  C:089BH         LINE#         212
  C:090BH         LINE#         213
  C:090BH         LINE#         214
  C:0938H         LINE#         215
  C:0953H         LINE#         217
  C:0980H         LINE#         218
  C:099BH         LINE#         220
  C:09CDH         LINE#         223
  C:09CDH         LINE#         225
  C:09DEH         LINE#         227
  C:0A0DH         LINE#         229
  C:0A32H         LINE#         230
  C:0A97H         LINE#         231
  C:0A97H         LINE#         232
  C:0AB1H         LINE#         233
  C:0AC3H         LINE#         234
  C:0ADBH         LINE#         235
  C:0AF1H         LINE#         237
  C:0B0DH         LINE#         238
  C:0B0DH         LINE#         239
  C:0B0DH         LINE#         242
BL51 BANKED LINKER/LOCATER V6.22                                                      02/18/2019  12:58:25  PAGE 32


  -------         ENDPROC       _UPDATE_POSITION
  -------         ENDMOD        BIPOLARMOTOR

  -------         MODULE        SUNPOS
  C:0000H         SYMBOL        _ICE_DUMMY_
  C:1E6AH         PUBLIC        sunpos
  -------         PROC          SUNPOS
  X:0473H         SYMBOL        udtTime
  X:0485H         SYMBOL        udtLocation
  X:048DH         SYMBOL        udtSunCoordinates
  -------         DO            
  X:0490H         SYMBOL        dElapsedJulianDays
  X:0494H         SYMBOL        dDecimalHours
  X:0498H         SYMBOL        dEclipticLongitude
  X:049CH         SYMBOL        dEclipticObliquity
  X:04A0H         SYMBOL        dRightAscension
  X:04A4H         SYMBOL        dDeclination
  X:04A8H         SYMBOL        dY
  X:04ACH         SYMBOL        dX
  -------         DO            
  X:04B0H         SYMBOL        dJulianDate
  X:04B4H         SYMBOL        liAux1
  X:04B8H         SYMBOL        liAux2
  X:04B0H         SYMBOL        dMeanLongitude
  X:04B4H         SYMBOL        dMeanAnomaly
  X:04B8H         SYMBOL        dOmega
  X:04B0H         SYMBOL        dSin_EclipticLongitude
  X:04B0H         SYMBOL        dGreenwichMeanSiderealTime
  X:04B4H         SYMBOL        dLocalMeanSiderealTime
  X:04B8H         SYMBOL        dLatitudeInRadians
  X:04BCH         SYMBOL        dHourAngle
  X:04C0H         SYMBOL        dCos_Latitude
  X:04C4H         SYMBOL        dSin_Latitude
  X:04C8H         SYMBOL        dCos_HourAngle
  X:04CCH         SYMBOL        dParallax
  -------         ENDDO         
  -------         DO            
  X:04B0H         SYMBOL        dMeanLongitude
  X:04B4H         SYMBOL        dMeanAnomaly
  X:04B8H         SYMBOL        dOmega
  X:04B0H         SYMBOL        dSin_EclipticLongitude
  X:04B0H         SYMBOL        dGreenwichMeanSiderealTime
  X:04B4H         SYMBOL        dLocalMeanSiderealTime
  X:04B8H         SYMBOL        dLatitudeInRadians
  X:04BCH         SYMBOL        dHourAngle
  X:04C0H         SYMBOL        dCos_Latitude
  X:04C4H         SYMBOL        dSin_Latitude
  X:04C8H         SYMBOL        dCos_HourAngle
  X:04CCH         SYMBOL        dParallax
  -------         ENDDO         
  -------         DO            
  X:04B0H         SYMBOL        dSin_EclipticLongitude
  X:04B0H         SYMBOL        dGreenwichMeanSiderealTime
  X:04B4H         SYMBOL        dLocalMeanSiderealTime
  X:04B8H         SYMBOL        dLatitudeInRadians
  X:04BCH         SYMBOL        dHourAngle
  X:04C0H         SYMBOL        dCos_Latitude
BL51 BANKED LINKER/LOCATER V6.22                                                      02/18/2019  12:58:25  PAGE 33


  X:04C4H         SYMBOL        dSin_Latitude
  X:04C8H         SYMBOL        dCos_HourAngle
  X:04CCH         SYMBOL        dParallax
  -------         ENDDO         
  -------         DO            
  X:04B0H         SYMBOL        dGreenwichMeanSiderealTime
  X:04B4H         SYMBOL        dLocalMeanSiderealTime
  X:04B8H         SYMBOL        dLatitudeInRadians
  X:04BCH         SYMBOL        dHourAngle
  X:04C0H         SYMBOL        dCos_Latitude
  X:04C4H         SYMBOL        dSin_Latitude
  X:04C8H         SYMBOL        dCos_HourAngle
  X:04CCH         SYMBOL        dParallax
  -------         ENDDO         
  -------         ENDDO         
  C:1E6AH         LINE#         6
  C:1E6AH         LINE#         7
  C:1E6AH         LINE#         9
  C:1E6AH         LINE#         27
  C:1EB4H         LINE#         30
  C:1ED5H         LINE#         31
  C:201CH         LINE#         34
  C:2068H         LINE#         36
  C:2087H         LINE#         37
  C:2087H         LINE#         42
  C:2087H         LINE#         46
  C:20B9H         LINE#         47
  C:20E3H         LINE#         48
  C:210DH         LINE#         49
  C:21BAH         LINE#         52
  C:221BH         LINE#         54
  C:221BH         LINE#         59
  C:221BH         LINE#         61
  C:2232H         LINE#         62
  C:225AH         LINE#         63
  C:2271H         LINE#         64
  C:229CH         LINE#         65
  C:22D3H         LINE#         66
  C:22FEH         LINE#         67
  C:22FEH         LINE#         70
  C:22FEH         LINE#         79
  C:2339H         LINE#         82
  C:2373H         LINE#         84
  C:2398H         LINE#         85
  C:23B7H         LINE#         86
  C:23CEH         LINE#         87
  C:23E5H         LINE#         88
  C:23FCH         LINE#         89
  C:2485H         LINE#         91
  C:249FH         LINE#         92
  C:2501H         LINE#         93
  C:2537H         LINE#         94
  C:2549H         LINE#         95
  C:2576H         LINE#         96
  C:25A3H         LINE#         98
  C:25C5H         LINE#         100
  C:25FDH         LINE#         103
BL51 BANKED LINKER/LOCATER V6.22                                                      02/18/2019  12:58:25  PAGE 34


  C:25FDH         LINE#         104
  C:260BH         LINE#         105
  -------         ENDPROC       SUNPOS
  -------         ENDMOD        SUNPOS

  -------         MODULE        ADC
  C:0000H         SYMBOL        _ICE_DUMMY_
  D:0092H         PUBLIC        P1M0
  D:0091H         PUBLIC        P1M1
  D:0080H         PUBLIC        P0
  D:0090H         PUBLIC        P1
  D:00A0H         PUBLIC        P2
  D:00B0H         PUBLIC        P3
  D:00C0H         PUBLIC        P4
  D:00C8H         PUBLIC        P5
  D:00E8H         PUBLIC        P6
  D:00F8H         PUBLIC        P7
  D:00A8H         PUBLIC        IE
  D:00BDH         PUBLIC        ADC_RES
  D:00B8H         PUBLIC        IP
  D:0097H         PUBLIC        CLK_DIV
  D:00D8H         PUBLIC        CCON
  D:00BCH         PUBLIC        ADC_CONTR
  D:0098H         PUBLIC        SCON
  D:0088H         PUBLIC        TCON
  B:00A0H.4       PUBLIC        P24
  B:00A0H.5       PUBLIC        P25
  B:00A0H.6       PUBLIC        P26
  C:4B34H         PUBLIC        ADC_Init
  C:49FFH         PUBLIC        _ADC_GetResult
  D:009DH         PUBLIC        P1ASF
  D:00BEH         PUBLIC        ADC_RESL
  D:00D0H         PUBLIC        PSW
  -------         PROC          ADC_INIT
  C:4B34H         LINE#         7
  C:4B34H         LINE#         8
  C:4B34H         LINE#         10
  C:4B36H         LINE#         11
  C:4B38H         LINE#         12
  C:4B3AH         LINE#         13
  C:4B3DH         LINE#         14
  C:4B40H         LINE#         15
  C:4B43H         LINE#         16
  C:4B46H         LINE#         18
  C:4B48H         LINE#         19
  C:4B4AH         LINE#         20
[...]
  C:3E8FH         LINE#         121
  C:3E91H         LINE#         123
  C:3E91H         LINE#         124
  C:3E91H         LINE#         125
  C:3E91H         LINE#         126
  C:3E94H         LINE#         127
  C:3EADH         LINE#         129
  C:3ECCH         LINE#         131
  C:3ED3H         LINE#         132
  C:3ED3H         LINE#         133
  C:3ED5H         LINE#         134
  C:3ED8H         LINE#         135
  C:3EDFH         LINE#         136
  C:3EDFH         LINE#         137
  C:3EE1H         LINE#         138
  C:3EE3H         LINE#         140
  C:3EE3H         LINE#         141
  C:3EE5H         LINE#         143
  C:3EE5H         LINE#         144
  C:3EE5H         LINE#         145
  C:3EE5H         LINE#         146
  C:3EE8H         LINE#         147
  C:3EEFH         LINE#         149
  C:3F0EH         LINE#         151
  C:3F10H         LINE#         152
  -------         ENDPROC       _AT25SF041_WRITE
  -------         PROC          _AT25SF041_READ
  D:0003H         SYMBOL        opcode
  X:061EH         SYMBOL        addr
  -------         DO            
  X:0622H         SYMBOL        dat
  X:0623H         SYMBOL        i
  -------         ENDDO         
  C:3D13H         LINE#         156
  C:3D15H         LINE#         157
  C:3D15H         LINE#         158
  C:3D1AH         LINE#         160
  C:3D1CH         LINE#         161
  C:3D22H         LINE#         165
  C:3D27H         LINE#         166
  C:3D27H         LINE#         167
  C:3D29H         LINE#         168
  C:3D2CH         LINE#         169
  C:3D30H         LINE#         170
  C:3D30H         LINE#         171
BL51 BANKED LINKER/LOCATER V6.22                                                      02/18/2019  12:58:25  PAGE 45


  C:3D32H         LINE#         172
  C:3D34H         LINE#         174
  C:3D34H         LINE#         175
  C:3D36H         LINE#         177
  C:3D36H         LINE#         178
  C:3D36H         LINE#         179
  C:3D36H         LINE#         180
  C:3D39H         LINE#         181
  C:3D3DH         LINE#         184
  C:3D5CH         LINE#         186
  C:3D63H         LINE#         187
  C:3D63H         LINE#         188
  C:3D65H         LINE#         189
  C:3D68H         LINE#         190
  C:3D81H         LINE#         191
  C:3D81H         LINE#         192
  C:3D83H         LINE#         193
  C:3D85H         LINE#         195
  C:3D85H         LINE#         196
  C:3D87H         LINE#         198
  C:3D87H         LINE#         199
  C:3D87H         LINE#         200
  C:3D87H         LINE#         201
  C:3D8AH         LINE#         202
  C:3DA3H         LINE#         204
  C:3DC2H         LINE#         207
  C:3DC9H         LINE#         209
  C:3DCBH         LINE#         210
  C:3DD2H         LINE#         212
  C:3DD9H         LINE#         213
  C:3DD9H         LINE#         214
  C:3DE0H         LINE#         215
  C:3DE0H         LINE#         216
  C:3DE3H         LINE#         217
  C:3DE5H         LINE#         218
  C:3DE8H         LINE#         220
  C:3DEBH         LINE#         221
  C:3DEBH         LINE#         223
  C:3DEFH         LINE#         224
  C:3DEFH         LINE#         230
  C:3E0EH         LINE#         233
  C:3E10H         LINE#         234
  C:3E13H         LINE#         235
  C:3E18H         LINE#         237
  -------         ENDPROC       _AT25SF041_READ
  -------         PROC          READ_STATUS_REGISTER_BYTE1
  -------         DO            
  D:0003H         SYMBOL        dat
  D:0001H         SYMBOL        opcode
  X:0631H         SYMBOL        count
  X:0632H         SYMBOL        i
  -------         ENDDO         
  C:42C9H         LINE#         241
  C:42C9H         LINE#         242
  C:42C9H         LINE#         243
  C:42CFH         LINE#         244
  C:42D3H         LINE#         245
BL51 BANKED LINKER/LOCATER V6.22                                                      02/18/2019  12:58:25  PAGE 46


  C:42D5H         LINE#         246
  C:42D7H         LINE#         247
  C:42DDH         LINE#         251
  C:42E4H         LINE#         252
  C:42E4H         LINE#         253
  C:42E6H         LINE#         254
  C:42E9H         LINE#         255
  C:42EDH         LINE#         256
  C:42EDH         LINE#         257
  C:42EFH         LINE#         258
  C:42F1H         LINE#         260
  C:42F1H         LINE#         261
  C:42F3H         LINE#         263
  C:42F3H         LINE#         264
  C:42F3H         LINE#         265
  C:42F3H         LINE#         266
  C:42F6H         LINE#         267
  C:42FAH         LINE#         270
  C:4319H         LINE#         274
  C:4320H         LINE#         276
  C:4322H         LINE#         277
  C:4329H         LINE#         278
  C:4330H         LINE#         279
  C:4330H         LINE#         280
  C:4334H         LINE#         281
  C:4334H         LINE#         282
  C:4337H         LINE#         283
  C:4339H         LINE#         284
  C:433CH         LINE#         286
  C:433FH         LINE#         287
  C:433FH         LINE#         289
  C:4343H         LINE#         290
  C:4343H         LINE#         292
  C:4362H         LINE#         296
  C:4364H         LINE#         297
  C:4367H         LINE#         298
  C:4369H         LINE#         299
  -------         ENDPROC       READ_STATUS_REGISTER_BYTE1
  -------         PROC          _SPI_NOR_WRITE_DATA
  X:03BBH         SYMBOL        dat
  X:03BEH         SYMBOL        addr
  C:3267H         LINE#         301
  C:3272H         LINE#         302
  C:3272H         LINE#         310
  C:3275H         LINE#         311
  C:329EH         LINE#         312
  C:329EH         LINE#         313
  C:32A1H         LINE#         314
  C:32C9H         LINE#         315
  C:32C9H         LINE#         317
  C:32C9H         LINE#         318
  C:32CCH         LINE#         319
  C:32F4H         LINE#         320
  C:32F4H         LINE#         322
  C:32F4H         LINE#         323
  C:32F7H         LINE#         324
  C:3320H         LINE#         325
BL51 BANKED LINKER/LOCATER V6.22                                                      02/18/2019  12:58:25  PAGE 47


  C:3320H         LINE#         327
  C:3320H         LINE#         328
  C:3323H         LINE#         329
  C:334CH         LINE#         330
  C:334CH         LINE#         332
  C:334CH         LINE#         333
  C:334FH         LINE#         334
  C:3378H         LINE#         335
  C:3378H         LINE#         336
  C:3378H         LINE#         337
  C:337BH         LINE#         338
  C:33A4H         LINE#         339
  C:33A4H         LINE#         341
  C:33A4H         LINE#         342
  C:33A7H         LINE#         343
  C:33D0H         LINE#         344
  C:33D0H         LINE#         346
  C:33D0H         LINE#         347
  C:33D3H         LINE#         348
  C:33FCH         LINE#         349
  C:33FCH         LINE#         351
  C:33FCH         LINE#         352
  C:33FFH         LINE#         353
  C:3428H         LINE#         354
  C:3428H         LINE#         356
  C:3428H         LINE#         357
  C:342BH         LINE#         358
  -------         ENDPROC       _SPI_NOR_WRITE_DATA
  -------         ENDMOD        AT25SF041

  -------         MODULE        ?C_STARTUP
  C:4538H         SEGMENT       ?C_C51STARTUP
  I:0022H         SEGMENT       ?STACK
  C:0000H         PUBLIC        ?C_STARTUP
  D:00E0H         SYMBOL        ACC
  D:00F0H         SYMBOL        B
  D:0083H         SYMBOL        DPH
  D:0082H         SYMBOL        DPL
  N:0000H         SYMBOL        IBPSTACK
  N:0100H         SYMBOL        IBPSTACKTOP
  N:0080H         SYMBOL        IDATALEN
  C:453BH         SYMBOL        IDATALOOP
  N:0000H         SYMBOL        PBPSTACK
  N:0100H         SYMBOL        PBPSTACKTOP
  N:0000H         SYMBOL        PDATALEN
  N:0000H         SYMBOL        PDATASTART
  N:0000H         SYMBOL        PPAGE
  N:0000H         SYMBOL        PPAGEENABLE
  D:00A0H         SYMBOL        PPAGE_SFR
  D:0081H         SYMBOL        SP
  C:4538H         SYMBOL        STARTUP1
  N:0000H         SYMBOL        XBPSTACK
  N:0000H         SYMBOL        XBPSTACKTOP
  N:0000H         SYMBOL        XDATALEN
  N:0000H         SYMBOL        XDATASTART
  C:0000H         LINE#         126
  C:4538H         LINE#         133
BL51 BANKED LINKER/LOCATER V6.22                                                      02/18/2019  12:58:25  PAGE 48


  C:453AH         LINE#         134
  C:453BH         LINE#         135
  C:453CH         LINE#         136
  C:453EH         LINE#         185
  C:4541H         LINE#         196
  -------         ENDMOD        ?C_STARTUP

  -------         MODULE        ?C?FPADD
  C:0B15H         PUBLIC        ?C?FPADD
  C:0B11H         PUBLIC        ?C?FPSUB
  -------         ENDMOD        ?C?FPADD

  -------         MODULE        ?C?FPMUL
  C:0C06H         PUBLIC        ?C?FPMUL
  -------         ENDMOD        ?C?FPMUL

  -------         MODULE        ?C?FPDIV
  C:0D0FH         PUBLIC        ?C?FPDIV
  -------         ENDMOD        ?C?FPDIV

  -------         MODULE        ?C?FPCMP
  C:0DAEH         PUBLIC        ?C?FPCMP
  C:0DACH         PUBLIC        ?C?FPCMP3
  -------         ENDMOD        ?C?FPCMP

  -------         MODULE        ?C?FPNEG
  C:0E25H         PUBLIC        ?C?FPNEG
  -------         ENDMOD        ?C?FPNEG

  -------         MODULE        ?C?FCAST
  C:0E40H         PUBLIC        ?C?FCASTC
  C:0E3BH         PUBLIC        ?C?FCASTI
  C:0E36H         PUBLIC        ?C?FCASTL
  -------         ENDMOD        ?C?FCAST

  -------         MODULE        ?C?CASTF
  C:0E74H         PUBLIC        ?C?CASTF
  -------         ENDMOD        ?C?CASTF

  -------         MODULE        ATAN2
  X:04D0H         PUBLIC        ?_atan2?BYTE
  C:436AH         PUBLIC        _atan2
  -------         ENDMOD        ATAN2

  -------         MODULE        SIN
  C:3803H         PUBLIC        _COS
  C:3819H         PUBLIC        _SIN
  C:3855H         PUBLIC        _TAN
  -------         ENDMOD        SIN

  -------         MODULE        ACOS
  C:4883H         PUBLIC        _ACOS
  -------         ENDMOD        ACOS

  -------         MODULE        ASIN
  C:4991H         PUBLIC        _ASIN
  -------         ENDMOD        ASIN
BL51 BANKED LINKER/LOCATER V6.22                                                      02/18/2019  12:58:25  PAGE 49



  -------         MODULE        SQRT
  C:4221H         PUBLIC        _SQRT
  -------         ENDMOD        SQRT

  -------         MODULE        ATAN
  C:3C11H         PUBLIC        _ATAN
  -------         ENDMOD        ATAN

  -------         MODULE        ?C?COPY
  C:1012H         PUBLIC        ?C?COPY
  -------         ENDMOD        ?C?COPY

  -------         MODULE        ?C?CLDPTR
  C:1038H         PUBLIC        ?C?CLDPTR
  -------         ENDMOD        ?C?CLDPTR

  -------         MODULE        ?C?CLDOPTR
  C:1051H         PUBLIC        ?C?CLDOPTR
  -------         ENDMOD        ?C?CLDOPTR

  -------         MODULE        ?C?CSTPTR
  C:107EH         PUBLIC        ?C?CSTPTR
  -------         ENDMOD        ?C?CSTPTR

  -------         MODULE        ?C?IMUL
  C:1090H         PUBLIC        ?C?IMUL
  -------         ENDMOD        ?C?IMUL

  -------         MODULE        ?C?UIDIV
  C:10A2H         PUBLIC        ?C?UIDIV
  -------         ENDMOD        ?C?UIDIV

  -------         MODULE        ?C?SIDIV
  C:10F7H         PUBLIC        ?C?SIDIV
  -------         ENDMOD        ?C?SIDIV

  -------         MODULE        ?C?IILDX
  C:112DH         PUBLIC        ?C?IILDX
  -------         ENDMOD        ?C?IILDX

  -------         MODULE        ?C?ILDIX
  C:1143H         PUBLIC        ?C?ILDIX
  -------         ENDMOD        ?C?ILDIX

  -------         MODULE        ?C?ILDOPTR
  C:1159H         PUBLIC        ?C?ILDOPTR
  -------         ENDMOD        ?C?ILDOPTR

  -------         MODULE        ?C?ISTPTR
  C:1191H         PUBLIC        ?C?ISTPTR
  -------         ENDMOD        ?C?ISTPTR

  -------         MODULE        ?C?LMUL
  C:11B0H         PUBLIC        ?C?LMUL
  -------         ENDMOD        ?C?LMUL

BL51 BANKED LINKER/LOCATER V6.22                                                      02/18/2019  12:58:25  PAGE 50


  -------         MODULE        ?C?SLDIV
  C:48CDH         PUBLIC        ?C?SLDIV
  -------         ENDMOD        ?C?SLDIV

  -------         MODULE        ?C?LNEG
  C:11FFH         PUBLIC        ?C?LNEG
  -------         ENDMOD        ?C?LNEG

  -------         MODULE        ?C?ULCMP
  C:120DH         PUBLIC        ?C?ULCMP
  -------         ENDMOD        ?C?ULCMP

  -------         MODULE        ?C?LSHL
  C:121EH         PUBLIC        ?C?LSHL
  -------         ENDMOD        ?C?LSHL

  -------         MODULE        ?C?LLDPTR
  C:1231H         PUBLIC        ?C?LLDPTR
  -------         ENDMOD        ?C?LLDPTR

  -------         MODULE        ?C?LLDOPTR
  C:1251H         PUBLIC        ?C?LLDOPTR
  -------         ENDMOD        ?C?LLDOPTR

  -------         MODULE        ?C?LSTPTR
  C:1281H         PUBLIC        ?C?LSTPTR
  -------         ENDMOD        ?C?LSTPTR

  -------         MODULE        ?C?LSTOPTR
  C:129BH         PUBLIC        ?C?LSTOPTR
  -------         ENDMOD        ?C?LSTOPTR

  -------         MODULE        ?C?LLDXDATA
  C:12BFH         PUBLIC        ?C?LLDXDATA
  -------         ENDMOD        ?C?LLDXDATA

  -------         MODULE        ?C?LLDCODE
  C:12CBH         PUBLIC        ?C?LLDCODE
  -------         ENDMOD        ?C?LLDCODE

  -------         MODULE        ?C?LLDXDATA0
  C:12DBH         PUBLIC        ?C?LLDXDATA0
  -------         ENDMOD        ?C?LLDXDATA0

  -------         MODULE        ?C?LLDCODE0
  C:12E7H         PUBLIC        ?C?LLDCODE0
  -------         ENDMOD        ?C?LLDCODE0

  -------         MODULE        ?C?LLDPTR0
  C:12F7H         PUBLIC        ?C?LLDPTR0
  -------         ENDMOD        ?C?LLDPTR0

  -------         MODULE        ?C?LSTXDATA
  C:1317H         PUBLIC        ?C?LSTXDATA
  -------         ENDMOD        ?C?LSTXDATA

  -------         MODULE        ?C?LSTKXDATA
BL51 BANKED LINKER/LOCATER V6.22                                                      02/18/2019  12:58:25  PAGE 51


  C:1323H         PUBLIC        ?C?LSTKXDATA
  -------         ENDMOD        ?C?LSTKXDATA

  -------         MODULE        ?C?LSTKPTR
  C:1354H         PUBLIC        ?C?LSTKPTR
  -------         ENDMOD        ?C?LSTKPTR

  -------         MODULE        ?C?OFFXADD
  C:136EH         PUBLIC        ?C?OFFXADD
  -------         ENDMOD        ?C?OFFXADD

  -------         MODULE        ABS
  C:4CB9H         PUBLIC        _ABS
  -------         ENDMOD        ABS

  -------         MODULE        ATOI
  C:3F17H         PUBLIC        _atoi
  -------         ENDMOD        ATOI

  -------         MODULE        ?C?ULDIV
  C:13B6H         PUBLIC        ?C?ULDIV
  -------         ENDMOD        ?C?ULDIV

  -------         MODULE        ?C?LLDIDATA
  C:1448H         PUBLIC        ?C?LLDIDATA
  -------         ENDMOD        ?C?LLDIDATA

  -------         MODULE        ?C?LLDPDATA
  C:1454H         PUBLIC        ?C?LLDPDATA
  -------         ENDMOD        ?C?LLDPDATA

  -------         MODULE        ?C?LLDIDATA0
  C:1460H         PUBLIC        ?C?LLDIDATA0
  -------         ENDMOD        ?C?LLDIDATA0

  -------         MODULE        ?C?LLDPDATA0
  C:146DH         PUBLIC        ?C?LLDPDATA0
  -------         ENDMOD        ?C?LLDPDATA0

  -------         MODULE        ?C?LSTIDATA
  C:147AH         PUBLIC        ?C?LSTIDATA
  -------         ENDMOD        ?C?LSTIDATA

  -------         MODULE        ?C?LSTPDATA
  C:1486H         PUBLIC        ?C?LSTPDATA
  -------         ENDMOD        ?C?LSTPDATA

  -------         MODULE        ?C?LSTKIDATA
  C:1492H         PUBLIC        ?C?LSTKIDATA
  -------         ENDMOD        ?C?LSTKIDATA

  -------         MODULE        ?C?LSTKPDATA
  C:14ABH         PUBLIC        ?C?LSTKPDATA
  -------         ENDMOD        ?C?LSTKPDATA

  -------         MODULE        ISDIGIT
  C:4C91H         PUBLIC        _isdigit
BL51 BANKED LINKER/LOCATER V6.22                                                      02/18/2019  12:58:25  PAGE 52


  -------         ENDMOD        ISDIGIT

  -------         MODULE        ISSPACE
  C:4C2CH         PUBLIC        _isspace
  -------         ENDMOD        ISSPACE

*** WARNING L16: UNCALLED SEGMENT, IGNORED FOR OVERLAY PROCESS
    SEGMENT: ?PR?_DISPLAY_PROX?MAIN

*** WARNING L16: UNCALLED SEGMENT, IGNORED FOR OVERLAY PROCESS
    SEGMENT: ?PR?_DAY_OF_YEAR?PCF85063BTL

*** WARNING L16: UNCALLED SEGMENT, IGNORED FOR OVERLAY PROCESS
    SEGMENT: ?PR?INITUART1?UART1

*** WARNING L16: UNCALLED SEGMENT, IGNORED FOR OVERLAY PROCESS
    SEGMENT: ?PR?_SENDSTRING?UART1

*** WARNING L16: UNCALLED SEGMENT, IGNORED FOR OVERLAY PROCESS
    SEGMENT: ?PR?_TEN?UART1

*** WARNING L16: UNCALLED SEGMENT, IGNORED FOR OVERLAY PROCESS
    SEGMENT: ?PR?_UNIT?UART1

*** WARNING L16: UNCALLED SEGMENT, IGNORED FOR OVERLAY PROCESS
    SEGMENT: ?PR?_DECTOBCD?UART1

*** WARNING L16: UNCALLED SEGMENT, IGNORED FOR OVERLAY PROCESS
    SEGMENT: ?PR?_ASCII_LETTER?UART1

*** WARNING L16: UNCALLED SEGMENT, IGNORED FOR OVERLAY PROCESS
    SEGMENT: ?PR?_ASCIITOBCD?UART1

*** WARNING L16: UNCALLED SEGMENT, IGNORED FOR OVERLAY PROCESS
    SEGMENT: ?PR?WAIT?BIPOLARMOTOR

*** WARNING L16: UNCALLED SEGMENT, IGNORED FOR OVERLAY PROCESS
    SEGMENT: ?PR?_FINDDET4X4?BIPOLARMOTOR

*** WARNING L16: UNCALLED SEGMENT, IGNORED FOR OVERLAY PROCESS
    SEGMENT: ?PR?NOP?IOEXPANDER_PI4IOE5V96248

*** WARNING L16: UNCALLED SEGMENT, IGNORED FOR OVERLAY PROCESS
    SEGMENT: ?PR?UC_ACK?IOEXPANDER_PI4IOE5V96248

*** WARNING L16: UNCALLED SEGMENT, IGNORED FOR OVERLAY PROCESS
    SEGMENT: ?PR?UC_NACK?IOEXPANDER_PI4IOE5V96248

*** WARNING L16: UNCALLED SEGMENT, IGNORED FOR OVERLAY PROCESS
    SEGMENT: ?PR?AT25SF041_CHIPERASE?AT25SF041

*** WARNING L16: UNCALLED SEGMENT, IGNORED FOR OVERLAY PROCESS
    SEGMENT: ?PR?_AT25SF041_READ?AT25SF041

*** WARNING L1: UNRESOLVED EXTERNAL SYMBOL
    SYMBOL:  AUTO_MODE
    MODULE:  .\Obj\main.obj (MAIN)
BL51 BANKED LINKER/LOCATER V6.22                                                      02/18/2019  12:58:25  PAGE 53



*** WARNING L2: REFERENCE MADE TO UNRESOLVED EXTERNAL
    SYMBOL:  AUTO_MODE
    MODULE:  .\Obj\main.obj (MAIN)
    ADDRESS: 14EDH

*** WARNING L2: REFERENCE MADE TO UNRESOLVED EXTERNAL
    SYMBOL:  AUTO_MODE
    MODULE:  .\Obj\main.obj (MAIN)
    ADDRESS: 1662H

*** WARNING L2: REFERENCE MADE TO UNRESOLVED EXTERNAL
    SYMBOL:  AUTO_MODE
    MODULE:  .\Obj\main.obj (MAIN)
    ADDRESS: 1670H

*** WARNING L2: REFERENCE MADE TO UNRESOLVED EXTERNAL
    SYMBOL:  AUTO_MODE
    MODULE:  .\Obj\main.obj (MAIN)
    ADDRESS: 1682H

*** WARNING L2: REFERENCE MADE TO UNRESOLVED EXTERNAL
    SYMBOL:  AUTO_MODE
    MODULE:  .\Obj\main.obj (MAIN)
    ADDRESS: 16C4H

*** WARNING L2: REFERENCE MADE TO UNRESOLVED EXTERNAL
    SYMBOL:  AUTO_MODE
    MODULE:  .\Obj\main.obj (MAIN)
    ADDRESS: 1797H

*** WARNING L1: UNRESOLVED EXTERNAL SYMBOL
    SYMBOL:  _SENDUART1
    MODULE:  .\Obj\UART1.obj (UART1)

*** WARNING L2: REFERENCE MADE TO UNRESOLVED EXTERNAL
    SYMBOL:  _SENDUART1
    MODULE:  .\Obj\UART1.obj (UART1)
    ADDRESS: 49FAH

*** WARNING L1: UNRESOLVED EXTERNAL SYMBOL
    SYMBOL:  AUTO_MODE
    MODULE:  .\Obj\KeyPad.obj (KEYPAD)

*** WARNING L2: REFERENCE MADE TO UNRESOLVED EXTERNAL
    SYMBOL:  AUTO_MODE
    MODULE:  .\Obj\KeyPad.obj (KEYPAD)
    ADDRESS: 3014H

*** WARNING L2: REFERENCE MADE TO UNRESOLVED EXTERNAL
    SYMBOL:  AUTO_MODE
    MODULE:  .\Obj\KeyPad.obj (KEYPAD)
    ADDRESS: 301FH

*** WARNING L2: REFERENCE MADE TO UNRESOLVED EXTERNAL
    SYMBOL:  AUTO_MODE
    MODULE:  .\Obj\KeyPad.obj (KEYPAD)
BL51 BANKED LINKER/LOCATER V6.22                                                      02/18/2019  12:58:25  PAGE 54


    ADDRESS: 3026H

Program Size: data=10.2 xdata=1592 code=19691
LINK/LOCATE RUN COMPLETE.  29 WARNING(S),  0 ERROR(S)
