BL51 BANKED LINKER/LOCATER V6.22                                                        02/25/2019  11:33:42  PAGE 1


BL51 BANKED LINKER/LOCATER V6.22, INVOKED BY:
C:\KEIL_V5\C51\BIN\BL51.EXE .\Obj\main.obj, .\Obj\PCF85063BTL.obj, .\Obj\UART1.obj, .\Obj\LCd_Driver_SPLC780D.obj, .\Obj
>> \KeyPad.obj, .\Obj\BipolarMotor.obj, .\Obj\SunPos.obj, .\Obj\ADC.obj, .\Obj\Calibration.obj, .\Obj\IOExpander_PI4IOE5
>> V96248.obj, .\Obj\AT25SF041.obj, .\Obj\STARTUP.obj TO .\Obj\GPIO_RTC_Test PRINT (.\Lis\GPIO_RTC_Test.m51) RAMSIZE (25
>> 6)


MEMORY MODEL: LARGE WITH FLOATING POINT ARITHMETIC


INPUT MODULES INCLUDED:
  .\Obj\main.obj (MAIN)
  .\Obj\PCF85063BTL.obj (PCF85063BTL)
  .\Obj\UART1.obj (UART1)
  .\Obj\LCd_Driver_SPLC780D.obj (LCD_DRIVER_SPLC780D)
  .\Obj\KeyPad.obj (KEYPAD)
  .\Obj\BipolarMotor.obj (BIPOLARMOTOR)
  .\Obj\SunPos.obj (SUNPOS)
  .\Obj\ADC.obj (ADC)
  .\Obj\Calibration.obj (CALIBRATION)
  .\Obj\IOExpander_PI4IOE5V96248.obj (IOEXPANDER_PI4IOE5V96248)
  .\Obj\AT25SF041.obj (AT25SF041)
  .\Obj\STARTUP.obj (?C_STARTUP)
  C:\KEIL_V5\C51\LIB\C51FPL.LIB (?C?FPADD)
  C:\KEIL_V5\C51\LIB\C51FPL.LIB (?C?FPMUL)
  C:\KEIL_V5\C51\LIB\C51FPL.LIB (?C?FPDIV)
  C:\KEIL_V5\C51\LIB\C51FPL.LIB (?C?FPCMP)
  C:\KEIL_V5\C51\LIB\C51FPL.LIB (?C?FPNEG)
  C:\KEIL_V5\C51\LIB\C51FPL.LIB (?C?FCAST)
  C:\KEIL_V5\C51\LIB\C51FPL.LIB (?C?CASTF)
  C:\KEIL_V5\C51\LIB\C51FPL.LIB (ATAN2)
  C:\KEIL_V5\C51\LIB\C51FPL.LIB (SIN)
  C:\KEIL_V5\C51\LIB\C51FPL.LIB (ACOS)
  C:\KEIL_V5\C51\LIB\C51FPL.LIB (ASIN)
  C:\KEIL_V5\C51\LIB\C51FPL.LIB (?C?FPGETOPN)
  C:\KEIL_V5\C51\LIB\C51FPL.LIB (?C?FPSERIES)
  C:\KEIL_V5\C51\LIB\C51FPL.LIB (SQRT)
  C:\KEIL_V5\C51\LIB\C51FPL.LIB (ATAN)
  C:\KEIL_V5\C51\LIB\C51L.LIB (?C_INIT)
  C:\KEIL_V5\C51\LIB\C51L.LIB (?C?COPY)
  C:\KEIL_V5\C51\LIB\C51L.LIB (?C?CLDPTR)
  C:\KEIL_V5\C51\LIB\C51L.LIB (?C?CLDOPTR)
  C:\KEIL_V5\C51\LIB\C51L.LIB (?C?CSTPTR)
  C:\KEIL_V5\C51\LIB\C51L.LIB (?C?IMUL)
  C:\KEIL_V5\C51\LIB\C51L.LIB (?C?UIDIV)
  C:\KEIL_V5\C51\LIB\C51L.LIB (?C?SIDIV)
  C:\KEIL_V5\C51\LIB\C51L.LIB (?C?ILDIX)
  C:\KEIL_V5\C51\LIB\C51L.LIB (?C?ILDOPTR)
  C:\KEIL_V5\C51\LIB\C51L.LIB (?C?ISTPTR)
  C:\KEIL_V5\C51\LIB\C51L.LIB (?C?LMUL)
  C:\KEIL_V5\C51\LIB\C51L.LIB (?C?SLDIV)
  C:\KEIL_V5\C51\LIB\C51L.LIB (?C?LNEG)
  C:\KEIL_V5\C51\LIB\C51L.LIB (?C?ULCMP)
  C:\KEIL_V5\C51\LIB\C51L.LIB (?C?LSHL)
  C:\KEIL_V5\C51\LIB\C51L.LIB (?C?LLDPTR)
  C:\KEIL_V5\C51\LIB\C51L.LIB (?C?LLDOPTR)
  C:\KEIL_V5\C51\LIB\C51L.LIB (?C?LSTPTR)
  C:\KEIL_V5\C51\LIB\C51L.LIB (?C?LSTOPTR)
BL51 BANKED LINKER/LOCATER V6.22                                                      02/25/2019  11:33:42  PAGE 2


  C:\KEIL_V5\C51\LIB\C51L.LIB (?C?LLDXDATA)
  C:\KEIL_V5\C51\LIB\C51L.LIB (?C?LLDCODE)
  C:\KEIL_V5\C51\LIB\C51L.LIB (?C?LLDXDATA0)
  C:\KEIL_V5\C51\LIB\C51L.LIB (?C?LLDCODE0)
  C:\KEIL_V5\C51\LIB\C51L.LIB (?C?LLDPTR0)
  C:\KEIL_V5\C51\LIB\C51L.LIB (?C?LSTXDATA)
  C:\KEIL_V5\C51\LIB\C51L.LIB (?C?LSTKXDATA)
  C:\KEIL_V5\C51\LIB\C51L.LIB (?C?LSTKPTR)
  C:\KEIL_V5\C51\LIB\C51L.LIB (?C?OFFXADD)
  C:\KEIL_V5\C51\LIB\C51L.LIB (ABS)
  C:\KEIL_V5\C51\LIB\C51L.LIB (ATOI)
  C:\KEIL_V5\C51\LIB\C51L.LIB (?C?IILDX)
  C:\KEIL_V5\C51\LIB\C51L.LIB (?C?ULDIV)
  C:\KEIL_V5\C51\LIB\C51L.LIB (?C?LLDIDATA)
  C:\KEIL_V5\C51\LIB\C51L.LIB (?C?LLDPDATA)
  C:\KEIL_V5\C51\LIB\C51L.LIB (?C?LLDIDATA0)
  C:\KEIL_V5\C51\LIB\C51L.LIB (?C?LLDPDATA0)
  C:\KEIL_V5\C51\LIB\C51L.LIB (?C?LSTIDATA)
  C:\KEIL_V5\C51\LIB\C51L.LIB (?C?LSTPDATA)
  C:\KEIL_V5\C51\LIB\C51L.LIB (?C?LSTKIDATA)
  C:\KEIL_V5\C51\LIB\C51L.LIB (?C?LSTKPDATA)
  C:\KEIL_V5\C51\LIB\C51L.LIB (ISDIGIT)
  C:\KEIL_V5\C51\LIB\C51L.LIB (ISSPACE)


LINK MAP OF MODULE:  .\Obj\GPIO_RTC_Test (MAIN)


            TYPE    BASE      LENGTH    RELOCATION   SEGMENT NAME
            -----------------------------------------------------

            * * * * * * *   D A T A   M E M O R Y   * * * * * * *
            REG     0000H     0008H     ABSOLUTE     "REG BANK 0"
                    0008H     0018H                  *** GAP ***
            BIT     0020H.0   0000H.5   UNIT         ?BI?KEYPAD
            BIT     0020H.5   0000H.3   UNIT         _BIT_GROUP_
            BIT     0021H.0   0000H.1   UNIT         ?BI?MAIN
            BIT     0021H.1   0000H.1   UNIT         ?BI?_ATOI?ATOI
                    0021H.2   0000H.6                *** GAP ***
            IDATA   0022H     0001H     UNIT         ?STACK

            * * * * * * *  X D A T A   M E M O R Y  * * * * * * *
            XDATA   0000H     038FH     UNIT         ?XD?BIPOLARMOTOR
            XDATA   038FH     014FH     UNIT         _XDATA_GROUP_
            XDATA   04DEH     00D8H     UNIT         ?XD?MAIN
            XDATA   05B6H     0040H     UNIT         ?XD?_FINDDET4X4?BIPOLARMOTOR
            XDATA   05F6H     0024H     UNIT         ?XD?_FINDDET3X3?BIPOLARMOTOR
            XDATA   061AH     0009H     UNIT         ?XD?KEYPAD
            XDATA   0623H     0008H     UNIT         ?XD?_AT25SF041_READ?AT25SF041
            XDATA   062BH     0005H     UNIT         ?XD?_ATOI?ATOI
            XDATA   0630H     0004H     UNIT         ?XD?_DISPLAY_PROX?MAIN
            XDATA   0634H     0003H     UNIT         ?XD?_SENDSTRING?UART1
            XDATA   0637H     0001H     UNIT         ?XD?UC_ACK?IOEXPANDER_PI4IOE5V96248
            XDATA   0638H     0001H     UNIT         ?XD?UC_NACK?IOEXPANDER_PI4IOE5V96248

            * * * * * * *   C O D E   M E M O R Y   * * * * * * *
            CODE    0000H     0003H     ABSOLUTE     
BL51 BANKED LINKER/LOCATER V6.22                                                      02/25/2019  11:33:42  PAGE 3


            CODE    0003H     0006H     UNIT         ?PR?_TEN?UART1
            CODE    0009H     0001H     UNIT         ?PR?TM0_ISR?MAIN
            CODE    000AH     0001H     UNIT         ?PR?_DECTOBCD?UART1
            CODE    000BH     0003H     ABSOLUTE     
            CODE    000EH     0B00H     UNIT         ?PR?_UPDATE_POSITION?BIPOLARMOTOR
            CODE    0B0EH     09B6H     UNIT         ?C?LIB_CODE
            CODE    14C4H     0945H     UNIT         ?PR?MAIN?MAIN
            CODE    1E09H     07A2H     UNIT         ?PR?SUNPOS?SUNPOS
            CODE    25ABH     03F9H     UNIT         ?C_INITSEG
            CODE    29A4H     0309H     UNIT         ?PR?_FIND_REAL_MAX?CALIBRATION
            CODE    2CADH     02C0H     UNIT         ?PR?_FINDDET4X4?BIPOLARMOTOR
            CODE    2F6DH     02A0H     UNIT         ?PR?KEY_PROCESS?KEYPAD
            CODE    320DH     01D1H     UNIT         ?PR?_FINDDET3X3?BIPOLARMOTOR
            CODE    33DEH     01AFH     UNIT         ?PR?SPI_NOR_WRITE_DATA?AT25SF041
            CODE    358DH     018DH     UNIT         ?PR?KEY_SCAN?KEYPAD
            CODE    371AH     0188H     UNIT         ?PR?SIN?SIN
            CODE    38A2H     0172H     UNIT         ?PR?_DISPLAY_POS?MAIN
            CODE    3A14H     015BH     UNIT         ?PR?_CALIBRATION?CALIBRATION
            CODE    3B6FH     0122H     UNIT         ?PR?ATAN?ATAN
            CODE    3C91H     0106H     UNIT         ?PR?_AT25SF041_READ?AT25SF041
            CODE    3D97H     00FBH     UNIT         ?PR?_AT25SF041_WRITE?AT25SF041
            CODE    3E92H     00DBH     UNIT         ?PR?_ATOI?ATOI
            CODE    3F6DH     00C3H     UNIT         ?PR?LINEAR_INTERPOLATE?BIPOLARMOTOR
            CODE    4030H     00BBH     UNIT         ?PR?VOLTAGE_IS_STABLE?CALIBRATION
            CODE    40EBH     00ADH     UNIT         ?PR?_WRITE_PI4IOE5V96248?IOEXPANDER_PI4IOE5V96248
            CODE    4198H     00ACH     UNIT         ?PR?SQRT?SQRT
            CODE    4244H     00A1H     UNIT         ?PR?READ_STATUS_REGISTER_BYTE1?AT25SF041
            CODE    42E5H     009DH     UNIT         ?PR?_ATAN2?ATAN2
            CODE    4382H     009CH     UNIT         ?PR?_MAX_VALUE?CALIBRATION
            CODE    441EH     0095H     UNIT         ?PR?_DISPLAY_PROX?MAIN
            CODE    44B3H     008CH     UNIT         ?C_C51STARTUP
            CODE    453FH     0084H     UNIT         ?PR?_DAY_OF_YEAR?PCF85063BTL
            CODE    45C3H     0075H     UNIT         ?PR?_WRITEDATA?LCD_DRIVER_SPLC780D
            CODE    4638H     006FH     UNIT         ?PR?_READ_TIME?PCF85063BTL
            CODE    46A7H     006EH     UNIT         ?PR?AT25SF041_WRITEENABLE?AT25SF041
            CODE    4715H     005AH     UNIT         ?PR?AT25SF041_CHIPERASE?AT25SF041
            CODE    476FH     0059H     UNIT         ?PR?LCD_INIT?LCD_DRIVER_SPLC780D
            CODE    47C8H     004AH     UNIT         ?PR?VONESTEPMOVE?BIPOLARMOTOR
            CODE    4812H     004AH     UNIT         ?PR?ACOS?ACOS
            CODE    485CH     0044H     UNIT         ?C?LDIV
            CODE    48A0H     0040H     UNIT         ?PR?_COMMAND?LCD_DRIVER_SPLC780D
            CODE    48E0H     0040H     UNIT         ?PR?_STEP_MOVE?BIPOLARMOTOR
            CODE    4920H     003BH     UNIT         ?PR?ASIN?ASIN
            CODE    495BH     0033H     UNIT         ?PR?_SENDSTRING?UART1
            CODE    498EH     002CH     UNIT         ?PR?_ADC_GETRESULT?ADC
            CODE    49BAH     002BH     UNIT         ?PR?_WAIT_MS_I2C?IOEXPANDER_PI4IOE5V96248
            CODE    49E5H     002BH     UNIT         ?PR?_WAIT_MS_SPINOR?AT25SF041
            CODE    4A10H     0028H     UNIT         ?PR?_MOVE?BIPOLARMOTOR
            CODE    4A38H     0027H     UNIT         ?PR?_I2C_SENDBYTE?IOEXPANDER_PI4IOE5V96248
            CODE    4A5FH     0024H     UNIT         ?PR?_WAIT_MS?LCD_DRIVER_SPLC780D
            CODE    4A83H     0020H     UNIT         ?PR?_SPI_SENDBYTE?PCF85063BTL
            CODE    4AA3H     0020H     UNIT         ?PR?SPI_RECEIVEBYTE?PCF85063BTL
            CODE    4AC3H     001FH     UNIT         ?PR?ADC_INIT?ADC
            CODE    4AE2H     001EH     UNIT         ?PR?_DELAY_MS?KEYPAD
            CODE    4B00H     001DH     UNIT         ?PR?_DISPLAYLCD?LCD_DRIVER_SPLC780D
            CODE    4B1DH     001BH     UNIT         ?PR?_BCDTODEC1?BIPOLARMOTOR
            CODE    4B38H     0018H     UNIT         ?PR?_SPI_WRITETIME?PCF85063BTL
BL51 BANKED LINKER/LOCATER V6.22                                                      02/25/2019  11:33:42  PAGE 4


            CODE    4B50H     0017H     UNIT         ?PR?_ASCIITOBCD?UART1
            CODE    4B67H     0016H     UNIT         ?PR?I2C_ACK?IOEXPANDER_PI4IOE5V96248
            CODE    4B7DH     0015H     UNIT         ?PR?_DISPLAY_LINE?LCD_DRIVER_SPLC780D
            CODE    4B92H     0015H     UNIT         ?PR?I2C_STOP?IOEXPANDER_PI4IOE5V96248
            CODE    4BA7H     0014H     UNIT         ?PR?_PCF85063BTL_DELAY?PCF85063BTL
            CODE    4BBBH     0014H     UNIT         ?PR?_ISSPACE?ISSPACE
            CODE    4BCFH     0011H     UNIT         ?PR?_SPI_READTIME?PCF85063BTL
            CODE    4BE0H     0011H     UNIT         ?PR?_BCDTODEC?PCF85063BTL
            CODE    4BF1H     0011H     UNIT         ?PR?INITUART1?UART1
            CODE    4C02H     000FH     UNIT         ?PR?I2C_START?IOEXPANDER_PI4IOE5V96248
            CODE    4C11H     000FH     UNIT         ?PR?UC_NACK?IOEXPANDER_PI4IOE5V96248
            CODE    4C20H     000FH     UNIT         ?PR?_ISDIGIT?ISDIGIT
            CODE    4C2FH     000DH     UNIT         ?PR?SPI_INIT?PCF85063BTL
            CODE    4C3CH     000CH     UNIT         ?PR?KEYPAD_IO_INIT?KEYPAD
            CODE    4C48H     000CH     UNIT         ?PR?_ABS?ABS
            CODE    4C54H     000AH     UNIT         ?PR?LCD_RETURN_HOME?LCD_DRIVER_SPLC780D
            CODE    4C5EH     000AH     UNIT         ?PR?LCD_CLEAR?LCD_DRIVER_SPLC780D
            CODE    4C68H     0006H     UNIT         ?PR?UC_ACK?IOEXPANDER_PI4IOE5V96248
            CODE    4C6EH     0005H     UNIT         ?PR?_UNIT?UART1
            CODE    4C73H     0005H     UNIT         ?PR?_ASCII_LETTER?UART1
            CODE    4C78H     0001H     UNIT         ?PR?WAIT?BIPOLARMOTOR
            CODE    4C79H     0001H     UNIT         ?PR?NOP?IOEXPANDER_PI4IOE5V96248



OVERLAY MAP OF MODULE:   .\Obj\GPIO_RTC_Test (MAIN)


SEGMENT                                             BIT_GROUP          XDATA_GROUP
  +--> CALLED SEGMENT                            START    LENGTH     START    LENGTH
------------------------------------------------------------------------------------
?C_C51STARTUP                                    -----    -----      -----    -----
  +--> ?PR?MAIN?MAIN
  +--> ?C_INITSEG

?PR?MAIN?MAIN                                    -----    -----      038FH    002CH
  +--> ?PR?LCD_INIT?LCD_DRIVER_SPLC780D
  +--> ?PR?SPI_INIT?PCF85063BTL
  +--> ?PR?KEYPAD_IO_INIT?KEYPAD
  +--> ?PR?ADC_INIT?ADC
  +--> ?PR?_SPI_WRITETIME?PCF85063BTL
  +--> ?PR?_DELAY_MS?KEYPAD
  +--> ?PR?_DISPLAY_LINE?LCD_DRIVER_SPLC780D
  +--> ?PR?_WRITEDATA?LCD_DRIVER_SPLC780D
  +--> ?PR?KEY_PROCESS?KEYPAD
  +--> ?PR?_COMMAND?LCD_DRIVER_SPLC780D
  +--> ?PR?_DISPLAY_POS?MAIN
  +--> ?PR?_DISPLAYLCD?LCD_DRIVER_SPLC780D
  +--> ?PR?_STEP_MOVE?BIPOLARMOTOR
  +--> ?PR?LCD_RETURN_HOME?LCD_DRIVER_SPLC780D
  +--> ?PR?_READ_TIME?PCF85063BTL
  +--> ?PR?_ADC_GETRESULT?ADC
  +--> ?PR?_BCDTODEC1?BIPOLARMOTOR
  +--> ?PR?_CALIBRATION?CALIBRATION
  +--> ?PR?_WAIT_MS_SPINOR?AT25SF041
  +--> ?PR?SPI_NOR_WRITE_DATA?AT25SF041
  +--> ?PR?LINEAR_INTERPOLATE?BIPOLARMOTOR
BL51 BANKED LINKER/LOCATER V6.22                                                      02/25/2019  11:33:42  PAGE 5


  +--> ?PR?_UPDATE_POSITION?BIPOLARMOTOR

?PR?LCD_INIT?LCD_DRIVER_SPLC780D                 -----    -----      -----    -----
  +--> ?PR?_WAIT_MS?LCD_DRIVER_SPLC780D
  +--> ?PR?_COMMAND?LCD_DRIVER_SPLC780D

?PR?_COMMAND?LCD_DRIVER_SPLC780D                 -----    -----      -----    -----
  +--> ?PR?_WAIT_MS?LCD_DRIVER_SPLC780D

?PR?ADC_INIT?ADC                                 -----    -----      -----    -----
  +--> ?PR?_WAIT_MS?LCD_DRIVER_SPLC780D

?PR?_SPI_WRITETIME?PCF85063BTL                   -----    -----      -----    -----
  +--> ?PR?_SPI_SENDBYTE?PCF85063BTL

?PR?_SPI_SENDBYTE?PCF85063BTL                    -----    -----      -----    -----
  +--> ?PR?_PCF85063BTL_DELAY?PCF85063BTL

?PR?_DISPLAY_LINE?LCD_DRIVER_SPLC780D            -----    -----      -----    -----
  +--> ?PR?_COMMAND?LCD_DRIVER_SPLC780D

?PR?_WRITEDATA?LCD_DRIVER_SPLC780D               -----    -----      046AH    0001H
  +--> ?PR?_WAIT_MS?LCD_DRIVER_SPLC780D

?PR?KEY_PROCESS?KEYPAD                           -----    -----      03BBH    0006H
  +--> ?PR?KEY_SCAN?KEYPAD
  +--> ?PR?_SPI_WRITETIME?PCF85063BTL
  +--> ?PR?LCD_CLEAR?LCD_DRIVER_SPLC780D
  +--> ?PR?_COMMAND?LCD_DRIVER_SPLC780D
  +--> ?PR?_WRITEDATA?LCD_DRIVER_SPLC780D

?PR?KEY_SCAN?KEYPAD                              -----    -----      03C1H    0003H

?PR?LCD_CLEAR?LCD_DRIVER_SPLC780D                -----    -----      -----    -----
  +--> ?PR?_COMMAND?LCD_DRIVER_SPLC780D

?PR?_DISPLAY_POS?MAIN                            -----    -----      0460H    000AH
  +--> ?PR?_ABS?ABS
  +--> ?PR?_WRITEDATA?LCD_DRIVER_SPLC780D

?PR?_DISPLAYLCD?LCD_DRIVER_SPLC780D              -----    -----      03BBH    0001H
  +--> ?PR?_WRITEDATA?LCD_DRIVER_SPLC780D

?PR?_STEP_MOVE?BIPOLARMOTOR                      0020H.6  0000H.1    0479H    0004H
  +--> ?PR?VONESTEPMOVE?BIPOLARMOTOR

?PR?VONESTEPMOVE?BIPOLARMOTOR                    0020H.7  0000H.1    -----    -----
  +--> ?PR?_WRITE_PI4IOE5V96248?IOEXPANDER_P...
  +--> ?PR?_DELAY_MS?KEYPAD

?PR?_WRITE_PI4IOE5V96248?IOEXPANDER_P...         -----    -----      047DH    0003H
  +--> ?PR?I2C_START?IOEXPANDER_PI4IOE5V96248
  +--> ?PR?_WAIT_MS_I2C?IOEXPANDER_PI4IOE5V9...
  +--> ?PR?_I2C_SENDBYTE?IOEXPANDER_PI4IOE5V...
  +--> ?PR?I2C_ACK?IOEXPANDER_PI4IOE5V96248
  +--> ?PR?I2C_STOP?IOEXPANDER_PI4IOE5V96248

BL51 BANKED LINKER/LOCATER V6.22                                                      02/25/2019  11:33:42  PAGE 6


?PR?I2C_START?IOEXPANDER_PI4IOE5V96248           -----    -----      -----    -----
  +--> ?PR?_WAIT_MS_I2C?IOEXPANDER_PI4IOE5V9...

?PR?_I2C_SENDBYTE?IOEXPANDER_PI4IOE5V...         -----    -----      -----    -----
  +--> ?PR?_WAIT_MS_I2C?IOEXPANDER_PI4IOE5V9...

?PR?I2C_ACK?IOEXPANDER_PI4IOE5V96248             -----    -----      0480H    0001H
  +--> ?PR?_WAIT_MS_I2C?IOEXPANDER_PI4IOE5V9...

?PR?I2C_STOP?IOEXPANDER_PI4IOE5V96248            -----    -----      -----    -----
  +--> ?PR?_WAIT_MS_I2C?IOEXPANDER_PI4IOE5V9...

?PR?LCD_RETURN_HOME?LCD_DRIVER_SPLC780D          -----    -----      -----    -----
  +--> ?PR?_COMMAND?LCD_DRIVER_SPLC780D

?PR?_READ_TIME?PCF85063BTL                       -----    -----      03BBH    000FH
  +--> ?PR?_SPI_READTIME?PCF85063BTL

?PR?_SPI_READTIME?PCF85063BTL                    -----    -----      -----    -----
  +--> ?PR?_SPI_SENDBYTE?PCF85063BTL
  +--> ?PR?SPI_RECEIVEBYTE?PCF85063BTL

?PR?SPI_RECEIVEBYTE?PCF85063BTL                  -----    -----      -----    -----
  +--> ?PR?_PCF85063BTL_DELAY?PCF85063BTL

?PR?_CALIBRATION?CALIBRATION                     -----    -----      03BBH    001BH
  +--> ?PR?VOLTAGE_IS_STABLE?CALIBRATION
  +--> ?PR?_UPDATE_POSITION?BIPOLARMOTOR
  +--> ?PR?_FIND_REAL_MAX?CALIBRATION

?PR?VOLTAGE_IS_STABLE?CALIBRATION                -----    -----      03D6H    0018H
  +--> ?PR?_ADC_GETRESULT?ADC
  +--> ?PR?_ABS?ABS

?PR?_UPDATE_POSITION?BIPOLARMOTOR                -----    -----      03D6H    009FH
  +--> ?PR?_BCDTODEC1?BIPOLARMOTOR
  +--> ?PR?SUNPOS?SUNPOS
  +--> ?PR?SIN?SIN
  +--> ?PR?ASIN?ASIN
  +--> ?PR?LINEAR_INTERPOLATE?BIPOLARMOTOR
  +--> ?PR?_ABS?ABS
  +--> ?PR?_MOVE?BIPOLARMOTOR

?PR?SUNPOS?SUNPOS                                -----    -----      0475H    005DH
  +--> ?PR?SIN?SIN
  +--> ?PR?_ATAN2?ATAN2
  +--> ?PR?ASIN?ASIN
  +--> ?PR?ACOS?ACOS

?PR?SIN?SIN                                      0020H.5  0000H.1    04D2H    0004H

?PR?_ATAN2?ATAN2                                 -----    -----      04D2H    0008H
  +--> ?PR?ATAN?ATAN

?PR?ATAN?ATAN                                    0020H.5  0000H.2    04DAH    0004H

?PR?ASIN?ASIN                                    -----    -----      -----    -----
BL51 BANKED LINKER/LOCATER V6.22                                                      02/25/2019  11:33:42  PAGE 7


  +--> ?PR?SQRT?SQRT
  +--> ?PR?ATAN?ATAN

?PR?SQRT?SQRT                                    -----    -----      04D2H    0004H

?PR?ACOS?ACOS                                    -----    -----      -----    -----
  +--> ?PR?SQRT?SQRT
  +--> ?PR?ATAN?ATAN

?PR?LINEAR_INTERPOLATE?BIPOLARMOTOR              -----    -----      0475H    0014H

?PR?_MOVE?BIPOLARMOTOR                           0020H.5  0000H.1    0475H    0004H
  +--> ?PR?_STEP_MOVE?BIPOLARMOTOR

?PR?_FIND_REAL_MAX?CALIBRATION                   -----    -----      03D6H    008AH
  +--> ?PR?_ADC_GETRESULT?ADC
  +--> ?PR?_MOVE?BIPOLARMOTOR
  +--> ?PR?_COMMAND?LCD_DRIVER_SPLC780D
  +--> ?PR?_WRITEDATA?LCD_DRIVER_SPLC780D
  +--> ?PR?_DISPLAY_POS?MAIN
  +--> ?PR?_WAIT_MS?LCD_DRIVER_SPLC780D
  +--> ?PR?_MAX_VALUE?CALIBRATION

?PR?_MAX_VALUE?CALIBRATION                       -----    -----      0460H    0004H

?PR?SPI_NOR_WRITE_DATA?AT25SF041                 -----    -----      03BBH    000EH
  +--> ?PR?AT25SF041_WRITEENABLE?AT25SF041
  +--> ?PR?AT25SF041_CHIPERASE?AT25SF041
  +--> ?PR?_WAIT_MS_SPINOR?AT25SF041
  +--> ?PR?_AT25SF041_WRITE?AT25SF041

?PR?AT25SF041_WRITEENABLE?AT25SF041              -----    -----      03C9H    0002H
  +--> ?PR?_WAIT_MS_SPINOR?AT25SF041

?PR?AT25SF041_CHIPERASE?AT25SF041                -----    -----      03C9H    0002H
  +--> ?PR?_WAIT_MS_SPINOR?AT25SF041
  +--> ?PR?READ_STATUS_REGISTER_BYTE1?AT25SF041

?PR?READ_STATUS_REGISTER_BYTE1?AT25SF041         -----    -----      03CBH    0003H
  +--> ?PR?_WAIT_MS_SPINOR?AT25SF041

?PR?_AT25SF041_WRITE?AT25SF041                   -----    -----      03C9H    0008H
  +--> ?PR?_WAIT_MS_SPINOR?AT25SF041



UNRESOLVED EXTERNAL SYMBOLS:
   AUTO_MODE
   _SENDUART1



SYMBOL TABLE OF MODULE:  .\Obj\GPIO_RTC_Test (MAIN)

  VALUE           TYPE          NAME
  ----------------------------------

BL51 BANKED LINKER/LOCATER V6.22                                                      02/25/2019  11:33:42  PAGE 8


  -------         MODULE        MAIN
  C:0000H         SYMBOL        _ICE_DUMMY_
  X:04E6H         PUBLIC        calib_value
  D:0080H         PUBLIC        P0
  D:00B2H         PUBLIC        P3M0
  D:0090H         PUBLIC        P1
  D:00B1H         PUBLIC        P3M1
  D:00A0H         PUBLIC        P2
  D:00B0H         PUBLIC        P3
  D:00C0H         PUBLIC        P4
  D:00C8H         PUBLIC        P5
  X:053AH         SYMBOL        PressedKey
  B:00A8H.7       PUBLIC        EA
  D:00E8H         PUBLIC        P6
  X:053EH         PUBLIC        calib_stamp
  D:00F8H         PUBLIC        P7
  X:053FH         PUBLIC        RX_Data_Uart_Cnt
  D:00A8H         PUBLIC        IE
  X:0541H         PUBLIC        calib_time
  D:00B8H         PUBLIC        IP
  X:0595H         PUBLIC        months
  D:00D8H         PUBLIC        CCON
  C:14C4H         PUBLIC        main
  X:0596H         PUBLIC        count
  X:0598H         PUBLIC        days
  X:0599H         PUBLIC        hours
  D:0098H         PUBLIC        SCON
  D:0089H         PUBLIC        TMOD
  D:0088H         PUBLIC        TCON
  B:00A0H.3       PUBLIC        P23
  X:059AH         SYMBOL        KeyCount
  X:059CH         PUBLIC        mins
  X:059DH         PUBLIC        Rec_data_hour
  B:00C8H.5       PUBLIC        P55
  X:05A0H         PUBLIC        Rec_data_min
  D:008EH         PUBLIC        AUXR
  C:0009H         PUBLIC        tm0_isr
  B:0021H.0       PUBLIC        busy
  B:00A8H.1       PUBLIC        ET0
  X:05A3H         PUBLIC        SPI_NOR_INTERNAL_FLASH_ADDR
  D:008CH         PUBLIC        TH0
  X:05A7H         PUBLIC        hour_count
  D:008AH         PUBLIC        TL0
  X:05A8H         PUBLIC        min_count
  B:0088H.4       PUBLIC        TR0
  X:05A9H         SYMBOL        KeyNum
  X:05AAH         SYMBOL        KeyNum_Old
  X:05ABH         PUBLIC        current_position
  X:05AFH         PUBLIC        hours1
  X:05B0H         PUBLIC        hours2
  C:441EH         PUBLIC        _Display_Prox
  X:05B1H         PUBLIC        mins1
  X:05B2H         PUBLIC        mins2
  C:38A2H         PUBLIC        _Display_Pos
  X:05B3H         PUBLIC        seconds
  X:05B4H         PUBLIC        st_time
  D:00D0H         PUBLIC        PSW
BL51 BANKED LINKER/LOCATER V6.22                                                      02/25/2019  11:33:42  PAGE 9


  -------         PROC          TM0_ISR
  C:0009H         LINE#         86
  C:0009H         LINE#         88
  -------         ENDPROC       TM0_ISR
  -------         PROC          MAIN
  -------         DO            
  X:038FH         SYMBOL        sunlight_ADC
  X:04DEH         SYMBOL        KeyCount
  X:04E0H         SYMBOL        KeyNum_Old
  X:04E1H         SYMBOL        KeyNum
  X:04E2H         SYMBOL        PressedKey
  X:0391H         SYMBOL        prox_flag
  X:0392H         SYMBOL        iUse_prevday_calib_value
  X:0394H         SYMBOL        max_ADC_Val_JP
  X:0396H         SYMBOL        max_ADC_Val
  X:0398H         SYMBOL        calib_point1
  X:03A0H         SYMBOL        calib_point2
  X:03A8H         SYMBOL        dat_to_store
  X:03B3H         SYMBOL        calib_day
  X:03B5H         SYMBOL        calib_count
  X:03B7H         SYMBOL        theorical_JP_max_pos
  -------         ENDDO         
  C:14C4H         LINE#         90
  C:14C4H         LINE#         91
  C:14C4H         LINE#         96
  C:14CAH         LINE#         97
  C:14CFH         LINE#         99
  C:14D7H         LINE#         103
  C:14DDH         LINE#         104
  C:14E7H         LINE#         108
  C:14E9H         LINE#         109
  C:14EBH         LINE#         110
  C:14EDH         LINE#         111
  C:14EFH         LINE#         113
  C:14F6H         LINE#         122
  C:14F8H         LINE#         123
  C:14FBH         LINE#         124
  C:14FEH         LINE#         125
  C:1501H         LINE#         126
  C:1504H         LINE#         127
  C:1507H         LINE#         130
  C:150AH         LINE#         132
  C:150DH         LINE#         133
  C:1510H         LINE#         134
  C:1513H         LINE#         135
  C:1515H         LINE#         136
  C:1517H         LINE#         137
  C:1519H         LINE#         139
  C:151BH         LINE#         140
  C:1522H         LINE#         141
  C:1529H         LINE#         142
  C:1530H         LINE#         143
  C:1537H         LINE#         147
  C:153EH         LINE#         148
  C:1543H         LINE#         149
  C:1548H         LINE#         150
  C:154DH         LINE#         151
BL51 BANKED LINKER/LOCATER V6.22                                                      02/25/2019  11:33:42  PAGE 10


  C:1552H         LINE#         152
  C:1557H         LINE#         155
  C:1570H         LINE#         156
  C:1570H         LINE#         157
  C:158CH         LINE#         158
  C:15D3H         LINE#         159
  C:15E4H         LINE#         160
  C:15E4H         LINE#         161
  C:15E4H         LINE#         162
  C:15E7H         LINE#         165
  C:15E7H         LINE#         168
  C:15ECH         LINE#         169
  C:15F1H         LINE#         171
  C:15F6H         LINE#         172
  C:15FBH         LINE#         173
  C:1600H         LINE#         174
  C:1605H         LINE#         176
  C:1616H         LINE#         177
  C:161BH         LINE#         178
  C:1620H         LINE#         180
  C:1627H         LINE#         181
  C:162FH         LINE#         182
  C:1634H         LINE#         183
  C:163CH         LINE#         184
  C:1641H         LINE#         185
  C:164BH         LINE#         186
  C:1650H         LINE#         187
  C:1658H         LINE#         189
  C:1660H         LINE#         190
  C:1665H         LINE#         191
  C:166FH         LINE#         192
  C:166FH         LINE#         193
  C:1671H         LINE#         194
  C:1673H         LINE#         195
  C:167DH         LINE#         196
  C:167DH         LINE#         197
  C:1682H         LINE#         198
  C:1682H         LINE#         210
  C:168FH         LINE#         211
  C:168FH         LINE#         212
  C:1699H         LINE#         213
  C:16B0H         LINE#         214
  C:16B0H         LINE#         215
  C:16B2H         LINE#         216
  C:16B4H         LINE#         218
  C:16B4H         LINE#         219
  C:16BFH         LINE#         220
  C:16BFH         LINE#         221
  C:16C4H         LINE#         222
  C:16C4H         LINE#         223
  C:16D1H         LINE#         224
  C:16D1H         LINE#         227
  C:16DBH         LINE#         228
  C:16F2H         LINE#         229
  C:16F2H         LINE#         230
  C:16F4H         LINE#         231
  C:16F6H         LINE#         233
BL51 BANKED LINKER/LOCATER V6.22                                                      02/25/2019  11:33:42  PAGE 11


  C:16F6H         LINE#         234
  C:1701H         LINE#         235
  C:1701H         LINE#         236
  C:1706H         LINE#         237
  C:1708H         LINE#         238
  C:1708H         LINE#         247
  C:172AH         LINE#         248
  C:172AH         LINE#         249
  C:1734H         LINE#         250
  C:173AH         LINE#         251
  C:173CH         LINE#         252
  C:173EH         LINE#         253
  C:1740H         LINE#         254
  C:1740H         LINE#         255
  C:1743H         LINE#         257
  C:1743H         LINE#         258
  C:1749H         LINE#         259
  C:1751H         LINE#         260
  C:1757H         LINE#         261
  C:175FH         LINE#         262
  C:179AH         LINE#         266
  C:17A7H         LINE#         267
  C:17A7H         LINE#         268
  C:17B4H         LINE#         269
  C:17E7H         LINE#         270
  C:17F4H         LINE#         271
  C:17F4H         LINE#         273
  C:1823H         LINE#         274
  C:1823H         LINE#         275
  C:1845H         LINE#         276
  C:1845H         LINE#         277
  C:18C1H         LINE#         278
  C:193FH         LINE#         282
  C:1947H         LINE#         283
  C:194FH         LINE#         284
  C:1957H         LINE#         286
  C:195FH         LINE#         287
  C:1963H         LINE#         289
  C:1965H         LINE#         293
  C:1968H         LINE#         295
  C:196AH         LINE#         297
  C:196DH         LINE#         303
  C:196FH         LINE#         304
  C:1972H         LINE#         369
  C:1979H         LINE#         370
  C:199DH         LINE#         373
  C:19A0H         LINE#         374
  C:19B1H         LINE#         375
  C:19B1H         LINE#         376
  C:19B1H         LINE#         378
  C:19B1H         LINE#         381
  C:19B4H         LINE#         383
  C:19B4H         LINE#         384
  C:19D6H         LINE#         385
  C:19D6H         LINE#         386
  C:1A52H         LINE#         387
  C:1AA7H         LINE#         388
BL51 BANKED LINKER/LOCATER V6.22                                                      02/25/2019  11:33:42  PAGE 12


  C:1AA7H         LINE#         389
  C:1AA7H         LINE#         390
  C:1AAAH         LINE#         394
  C:1AAAH         LINE#         397
  C:1ADEH         LINE#         398
  C:1ADEH         LINE#         399
  C:1B00H         LINE#         400
  C:1B00H         LINE#         401
  C:1B7CH         LINE#         402
  C:1BFAH         LINE#         422
  C:1BFDH         LINE#         423
  C:1C0EH         LINE#         424
  C:1C0EH         LINE#         425
  C:1C16H         LINE#         427
  C:1C16H         LINE#         430
  C:1C19H         LINE#         432
  C:1C19H         LINE#         434
  C:1C3BH         LINE#         435
  C:1C3BH         LINE#         436
  C:1CB7H         LINE#         438
  C:1CE4H         LINE#         439
  C:1CFFH         LINE#         440
  C:1D2CH         LINE#         441
  C:1D47H         LINE#         443
  C:1DE3H         LINE#         446
  C:1DE3H         LINE#         447
  C:1DE3H         LINE#         448
  C:1DE3H         LINE#         450
  C:1DE3H         LINE#         453
  C:1DFFH         LINE#         454
  C:1E04H         LINE#         456
  C:1E06H         LINE#         457
  -------         ENDPROC       MAIN
  -------         PROC          _DISPLAY_PROX
  D:0002H         SYMBOL        dat
  -------         DO            
  X:0630H         SYMBOL        unit
  X:0631H         SYMBOL        ten
  X:0632H         SYMBOL        hundred
  X:0633H         SYMBOL        thousand
  -------         ENDDO         
  C:441EH         LINE#         541
  C:4422H         LINE#         542
  C:4422H         LINE#         544
  C:442EH         LINE#         545
  C:443EH         LINE#         546
  C:445AH         LINE#         547
  C:448AH         LINE#         548
  C:4494H         LINE#         549
  C:449EH         LINE#         550
  C:44A8H         LINE#         551
  C:44B2H         LINE#         553
  -------         ENDPROC       _DISPLAY_PROX
  -------         PROC          _DISPLAY_POS
  X:0460H         SYMBOL        sign_dat
  -------         DO            
  X:0464H         SYMBOL        unit
BL51 BANKED LINKER/LOCATER V6.22                                                      02/25/2019  11:33:42  PAGE 13


  X:0465H         SYMBOL        ten
  X:0466H         SYMBOL        hundred
  D:0003H         SYMBOL        thousand
  X:0467H         SYMBOL        after_dot
  X:0468H         SYMBOL        dat
  -------         ENDDO         
  C:38A2H         LINE#         556
  C:38A8H         LINE#         557
  C:38A8H         LINE#         561
  C:38C4H         LINE#         562
  C:38DEH         LINE#         563
  C:3902H         LINE#         565
  C:394CH         LINE#         567
  C:3963H         LINE#         568
  C:3970H         LINE#         569
  C:3992H         LINE#         570
  C:39C7H         LINE#         571
  C:39DFH         LINE#         572
  C:39DFH         LINE#         574
  C:39DFH         LINE#         575
  C:39DFH         LINE#         576
  C:39DFH         LINE#         577
  C:39DFH         LINE#         578
  C:39DFH         LINE#         582
  C:39E1H         LINE#         584
  C:39E1H         LINE#         586
  C:39E6H         LINE#         587
  C:39F0H         LINE#         588
  C:39FAH         LINE#         589
  C:3A04H         LINE#         590
  C:3A09H         LINE#         591
  C:3A13H         LINE#         595
  C:3A13H         LINE#         597
  -------         ENDPROC       _DISPLAY_POS
  -------         ENDMOD        MAIN

  -------         MODULE        PCF85063BTL
  C:0000H         SYMBOL        _ICE_DUMMY_
  D:0096H         PUBLIC        P2M0
  D:0080H         PUBLIC        P0
  D:0095H         PUBLIC        P2M1
  D:0090H         PUBLIC        P1
  D:00A0H         PUBLIC        P2
  D:00B0H         PUBLIC        P3
  D:00C0H         PUBLIC        P4
  D:00C8H         PUBLIC        P5
  D:00E8H         PUBLIC        P6
  B:00A0H.1       PUBLIC        PCF85063BTL_SDI
  D:00F8H         PUBLIC        P7
  B:00A0H.2       PUBLIC        PCF85063BTL_SCK
  B:00A0H.1       PUBLIC        PCF85063BTL_SDO
  D:00A8H         PUBLIC        IE
  C:4638H         PUBLIC        _Read_time
  C:4BADH         PUBLIC        _PCF85063BTL_Delay
  D:00B8H         PUBLIC        IP
  D:00D8H         PUBLIC        CCON
  C:453FH         PUBLIC        _Day_Of_Year
BL51 BANKED LINKER/LOCATER V6.22                                                      02/25/2019  11:33:42  PAGE 14


  C:4AA3H         PUBLIC        SPI_ReceiveByte
  D:0098H         PUBLIC        SCON
  D:0088H         PUBLIC        TCON
  C:4BE0H         PUBLIC        _BCDtoDec
  B:00A0H.0       PUBLIC        PCF85063BTL_CS
  C:4BCFH         PUBLIC        _SPI_ReadTime
  C:4C2FH         PUBLIC        SPI_Init
  C:4B38H         PUBLIC        _SPI_WriteTime
  C:4A83H         PUBLIC        _SPI_SendByte
  D:00D0H         PUBLIC        PSW
  C:4BA9H         SYMBOL        L?0047
  -------         PROC          L?0046
  -------         ENDPROC       L?0046
  C:4BA9H         SYMBOL        L?0047
  -------         PROC          _PCF85063BTL_DELAY
  D:0006H         SYMBOL        us
  C:4BADH         LINE#         8
  C:4BADH         LINE#         9
  C:4BADH         LINE#         10
  C:4BB7H         LINE#         11
  C:4BB7H         LINE#         12
  C:4BB8H         LINE#         13
  C:4BBAH         LINE#         14
  -------         ENDPROC       _PCF85063BTL_DELAY
  -------         PROC          _SPI_SENDBYTE
  D:0005H         SYMBOL        dat
  -------         DO            
  D:0003H         SYMBOL        i
  -------         ENDDO         
  C:4A83H         LINE#         17
  C:4A85H         LINE#         18
  C:4A85H         LINE#         20
  C:4A87H         LINE#         21
  C:4A87H         LINE#         22
  C:4A89H         LINE#         23
  C:4A8DH         LINE#         24
  C:4A8DH         LINE#         25
  C:4A8FH         LINE#         26
  C:4A91H         LINE#         28
  C:4A91H         LINE#         29
  C:4A93H         LINE#         30
  C:4A93H         LINE#         31
  C:4A96H         LINE#         32
  C:4A96H         LINE#         33
  C:4A99H         LINE#         34
  C:4A9DH         LINE#         35
  C:4AA2H         LINE#         36
  -------         ENDPROC       _SPI_SENDBYTE
  -------         PROC          SPI_RECEIVEBYTE
  -------         DO            
  D:0003H         SYMBOL        i
  D:0005H         SYMBOL        dat
  -------         ENDDO         
  C:4AA3H         LINE#         39
  C:4AA3H         LINE#         40
  C:4AA3H         LINE#         42
  C:4AA5H         LINE#         44
BL51 BANKED LINKER/LOCATER V6.22                                                      02/25/2019  11:33:42  PAGE 15


  C:4AA7H         LINE#         45
  C:4AA8H         LINE#         46
  C:4AA8H         LINE#         47
  C:4AACH         LINE#         48
  C:4AAEH         LINE#         49
  C:4AB1H         LINE#         51
  C:4AB4H         LINE#         52
  C:4AB4H         LINE#         53
  C:4AB8H         LINE#         54
  C:4AB8H         LINE#         55
  C:4AB8H         LINE#         56
  C:4ABBH         LINE#         57
  C:4AC0H         LINE#         58
  C:4AC2H         LINE#         59
  -------         ENDPROC       SPI_RECEIVEBYTE
  -------         PROC          _SPI_READTIME
  D:0007H         SYMBOL        addr
  -------         DO            
  D:0006H         SYMBOL        dat
  -------         ENDDO         
  C:4BCFH         LINE#         61
  C:4BCFH         LINE#         62
  C:4BCFH         LINE#         64
  C:4BD1H         LINE#         65
  C:4BD3H         LINE#         66
  C:4BDAH         LINE#         67
  C:4BDDH         LINE#         68
  C:4BDFH         LINE#         69
  C:4BDFH         LINE#         70
  -------         ENDPROC       _SPI_READTIME
  -------         PROC          _SPI_WRITETIME
  D:0002H         SYMBOL        val
  D:0005H         SYMBOL        addr
  C:4B38H         LINE#         71
  C:4B3AH         LINE#         72
  C:4B3AH         LINE#         74
  C:4B3CH         LINE#         75
  C:4B43H         LINE#         76
  C:4B48H         LINE#         77
  C:4B4DH         LINE#         78
  C:4B4FH         LINE#         79
  -------         ENDPROC       _SPI_WRITETIME
  -------         PROC          SPI_INIT
  C:4C2FH         LINE#         83
  C:4C2FH         LINE#         84
  C:4C2FH         LINE#         89
  C:4C32H         LINE#         90
  C:4C35H         LINE#         91
  C:4C37H         LINE#         92
  C:4C39H         LINE#         93
  C:4C3BH         LINE#         94
  -------         ENDPROC       SPI_INIT
  -------         PROC          _READ_TIME
  X:03BBH         SYMBOL        months
  X:03BEH         SYMBOL        days
  X:03C1H         SYMBOL        hours
  X:03C4H         SYMBOL        mins
BL51 BANKED LINKER/LOCATER V6.22                                                      02/25/2019  11:33:42  PAGE 16


  X:03C7H         SYMBOL        seconds
  C:4638H         LINE#         96
  C:4643H         LINE#         97
  C:4643H         LINE#         99
  C:4657H         LINE#         101
  C:466BH         LINE#         103
  C:467FH         LINE#         108
  C:4693H         LINE#         113
  -------         ENDPROC       _READ_TIME
  -------         PROC          _BCDTODEC
  D:0007H         SYMBOL        bcd
  -------         DO            
  D:0006H         SYMBOL        hi
  D:0007H         SYMBOL        lo
  -------         ENDDO         
  C:4BE0H         LINE#         119
  C:4BE0H         LINE#         120
  C:4BE0H         LINE#         122
  C:4BE5H         LINE#         123
  C:4BE9H         LINE#         124
  C:4BF0H         LINE#         125
  -------         ENDPROC       _BCDTODEC
  -------         PROC          _DAY_OF_YEAR
  D:0007H         SYMBOL        months_bcd
  D:0005H         SYMBOL        days_bcd
  -------         DO            
  D:0004H         SYMBOL        months
  D:0007H         SYMBOL        days
  -------         ENDDO         
  C:453FH         LINE#         126
  C:453FH         LINE#         127
  C:453FH         LINE#         130
  C:4544H         LINE#         132
  C:4549H         LINE#         134
  C:4582H         LINE#         135
  C:4582H         LINE#         136
  C:4582H         LINE#         137
  C:4585H         LINE#         138
  C:4585H         LINE#         139
  C:4585H         LINE#         140
  C:458AH         LINE#         141
  C:458AH         LINE#         142
  C:458AH         LINE#         143
  C:458FH         LINE#         144
  C:458FH         LINE#         145
  C:458FH         LINE#         146
  C:4594H         LINE#         147
  C:4594H         LINE#         148
  C:4594H         LINE#         149
  C:4599H         LINE#         150
  C:4599H         LINE#         151
  C:4599H         LINE#         152
  C:459EH         LINE#         153
  C:459EH         LINE#         154
  C:459EH         LINE#         155
  C:45A3H         LINE#         156
  C:45A3H         LINE#         157
BL51 BANKED LINKER/LOCATER V6.22                                                      02/25/2019  11:33:42  PAGE 17


  C:45A3H         LINE#         158
  C:45A8H         LINE#         159
  C:45A8H         LINE#         160
  C:45A8H         LINE#         161
  C:45B0H         LINE#         162
  C:45B0H         LINE#         163
  C:45B0H         LINE#         164
  C:45B5H         LINE#         165
  C:45B5H         LINE#         166
  C:45B5H         LINE#         167
  C:45BAH         LINE#         168
  C:45BAH         LINE#         169
  C:45BAH         LINE#         170
  C:45C2H         LINE#         171
  C:45C2H         LINE#         172
  C:45C2H         LINE#         173
  -------         ENDPROC       _DAY_OF_YEAR
  -------         ENDMOD        PCF85063BTL

  -------         MODULE        UART1
  C:0000H         SYMBOL        _ICE_DUMMY_
  D:0080H         PUBLIC        P0
  D:0090H         PUBLIC        P1
  D:00A0H         PUBLIC        P2
  D:00B0H         PUBLIC        P3
  D:00C0H         PUBLIC        P4
  D:00C8H         PUBLIC        P5
  B:00A8H.7       PUBLIC        EA
  D:00E8H         PUBLIC        P6
  D:00F8H         PUBLIC        P7
  C:495BH         PUBLIC        _SendString
  D:00A8H         PUBLIC        IE
  B:00A8H.4       PUBLIC        ES
  D:00B8H         PUBLIC        IP
  C:4B50H         PUBLIC        _ASCIItoBCD
  D:00D8H         PUBLIC        CCON
  C:4BF1H         PUBLIC        initUART1
  D:0098H         PUBLIC        SCON
  D:0088H         PUBLIC        TCON
  C:000AH         PUBLIC        _DectoBCD
  C:4C73H         PUBLIC        _ASCII_Letter
  D:008EH         PUBLIC        AUXR
  C:4C6EH         PUBLIC        _unit
  C:0003H         PUBLIC        _ten
  D:00D6H         PUBLIC        T2H
  D:00D7H         PUBLIC        T2L
  D:00D0H         PUBLIC        PSW
  -------         PROC          INITUART1
  C:4BF1H         LINE#         21
  C:4BF1H         LINE#         22
  C:4BF1H         LINE#         23
  C:4BF4H         LINE#         24
  C:4BF7H         LINE#         25
  C:4BFAH         LINE#         26
  C:4BFDH         LINE#         27
  C:4BFFH         LINE#         28
  C:4C01H         LINE#         30
BL51 BANKED LINKER/LOCATER V6.22                                                      02/25/2019  11:33:42  PAGE 18


  -------         ENDPROC       INITUART1
  -------         PROC          _SENDSTRING
  X:0634H         SYMBOL        s
  C:495BH         LINE#         35
  C:4966H         LINE#         36
  C:4966H         LINE#         37
  C:4976H         LINE#         38
  C:4976H         LINE#         39
  C:498BH         LINE#         40
  C:498DH         LINE#         41
  -------         ENDPROC       _SENDSTRING
  -------         PROC          _TEN
  D:0007H         SYMBOL        BCD
  C:0003H         LINE#         43
  C:0003H         LINE#         44
  C:0003H         LINE#         45
  C:0008H         LINE#         46
  -------         ENDPROC       _TEN
  -------         PROC          _UNIT
  D:0007H         SYMBOL        BCD
  C:4C6EH         LINE#         47
  C:4C6EH         LINE#         48
  C:4C6EH         LINE#         52
  C:4C72H         LINE#         53
  -------         ENDPROC       _UNIT
  -------         PROC          _DECTOBCD
  D:0007H         SYMBOL        dec
  C:000AH         LINE#         54
  C:000AH         LINE#         55
  C:000AH         LINE#         57
  C:000AH         LINE#         58
  -------         ENDPROC       _DECTOBCD
  -------         PROC          _ASCII_LETTER
  D:0007H         SYMBOL        dat
  C:4C73H         LINE#         60
  C:4C73H         LINE#         61
  C:4C73H         LINE#         63
  C:4C77H         LINE#         64
  -------         ENDPROC       _ASCII_LETTER
  -------         PROC          _ASCIITOBCD
  D:0001H         SYMBOL        ascii
  -------         DO            
  D:0007H         SYMBOL        dec_val
  D:0006H         SYMBOL        ten
  D:0007H         SYMBOL        unit
  -------         ENDDO         
  C:4B50H         LINE#         66
  C:4B50H         LINE#         67
  C:4B50H         LINE#         69
  C:4B53H         LINE#         70
  C:4B59H         LINE#         71
  C:4B60H         LINE#         72
  C:4B66H         LINE#         74
  -------         ENDPROC       _ASCIITOBCD
  -------         ENDMOD        UART1

  -------         MODULE        LCD_DRIVER_SPLC780D
BL51 BANKED LINKER/LOCATER V6.22                                                      02/25/2019  11:33:42  PAGE 19


  C:0000H         SYMBOL        _ICE_DUMMY_
  D:0092H         PUBLIC        P1M0
  D:0091H         PUBLIC        P1M1
  D:0080H         PUBLIC        P0
  D:0090H         PUBLIC        P1
  D:00A0H         PUBLIC        P2
  D:00B0H         PUBLIC        P3
  D:00C0H         PUBLIC        P4
  D:00C8H         PUBLIC        P5
  D:00E8H         PUBLIC        P6
  D:00F8H         PUBLIC        P7
  C:45C3H         PUBLIC        _WriteData
  D:00A8H         PUBLIC        IE
  D:00B8H         PUBLIC        IP
  D:00D8H         PUBLIC        CCON
  B:00B0H.4       PUBLIC        LCD_D4
  B:00B0H.5       PUBLIC        LCD_D5
  B:00B0H.6       PUBLIC        LCD_D6
  C:4B00H         PUBLIC        _DisplayLCD
  B:00B0H.7       PUBLIC        LCD_D7
  D:0098H         PUBLIC        SCON
  D:0088H         PUBLIC        TCON
  C:4C5EH         PUBLIC        LCD_clear
  C:48A0H         PUBLIC        _Command
  C:4B7DH         PUBLIC        _Display_Line
  C:476FH         PUBLIC        LCD_Init
  C:4A65H         PUBLIC        _Wait_ms
  B:00C0H.0       PUBLIC        LCD_RS
  B:00B0H.2       PUBLIC        LCD_RW
  C:4C54H         PUBLIC        LCD_return_home
  B:00B0H.3       PUBLIC        LCD_E
  D:00D0H         PUBLIC        PSW
  -------         PROC          LCD_INIT
  C:476FH         LINE#         9
  C:476FH         LINE#         10
  C:476FH         LINE#         11
  C:4772H         LINE#         12
  C:4775H         LINE#         14
  C:477BH         LINE#         15
  C:4780H         LINE#         17
  C:4787H         LINE#         18
  C:478CH         LINE#         20
  C:478FH         LINE#         21
  C:4794H         LINE#         23
  C:4797H         LINE#         24
  C:479CH         LINE#         26
  C:47A3H         LINE#         29
  C:47A8H         LINE#         30
  C:47ADH         LINE#         32
  C:47B2H         LINE#         33
  C:47B7H         LINE#         35
  C:47BCH         LINE#         36
  C:47C1H         LINE#         37
  -------         ENDPROC       LCD_INIT
  -------         PROC          _WRITEDATA
  X:046AH         SYMBOL        dat
  C:45C3H         LINE#         40
BL51 BANKED LINKER/LOCATER V6.22                                                      02/25/2019  11:33:42  PAGE 20


  C:45C8H         LINE#         41
  C:45C8H         LINE#         46
  C:45CAH         LINE#         47
  C:45CCH         LINE#         49
  C:45DAH         LINE#         50
  C:45E6H         LINE#         51
  C:45F2H         LINE#         52
  C:45FCH         LINE#         53
  C:45FEH         LINE#         54
  C:4605H         LINE#         55
  C:4607H         LINE#         57
  C:4617H         LINE#         58
  C:4622H         LINE#         59
  C:462CH         LINE#         60
  C:4630H         LINE#         62
  C:4630H         LINE#         63
  C:4633H         LINE#         64
  C:4635H         LINE#         65
  C:4637H         LINE#         67
  -------         ENDPROC       _WRITEDATA
  -------         PROC          _COMMAND
  D:0007H         SYMBOL        dat
  C:48A0H         LINE#         69
  C:48A0H         LINE#         70
  C:48A0H         LINE#         71
  C:48A2H         LINE#         72
  C:48A4H         LINE#         74
  C:48AEH         LINE#         75
  C:48B2H         LINE#         77
  C:48B4H         LINE#         78
  C:48BDH         LINE#         79
  C:48C1H         LINE#         81
  C:48C3H         LINE#         82
  C:48CAH         LINE#         83
  C:48CEH         LINE#         85
  C:48D0H         LINE#         86
  C:48D4H         LINE#         87
  C:48D8H         LINE#         89
  C:48DAH         LINE#         90
  C:48DAH         LINE#         91
  C:48DDH         LINE#         92
  C:48DFH         LINE#         93
  -------         ENDPROC       _COMMAND
  C:4A61H         SYMBOL        L?0028
  -------         PROC          L?0027
  -------         ENDPROC       L?0027
  C:4A61H         SYMBOL        L?0028
  -------         PROC          _WAIT_MS
  D:0006H         SYMBOL        ms
  -------         DO            
  D:0004H         SYMBOL        De_Cnt
  -------         ENDDO         
  C:4A65H         LINE#         95
  C:4A65H         LINE#         96
  C:4A65H         LINE#         98
  C:4A6FH         LINE#         99
  C:4A6FH         LINE#         100
BL51 BANKED LINKER/LOCATER V6.22                                                      02/25/2019  11:33:42  PAGE 21


  C:4A82H         LINE#         101
  C:4A82H         LINE#         102
  -------         ENDPROC       _WAIT_MS
  -------         PROC          _DISPLAYLCD
  D:0007H         SYMBOL        BCD
  -------         DO            
  D:0006H         SYMBOL        first_digit
  X:03BBH         SYMBOL        second_digit
  -------         ENDDO         
  C:4B00H         LINE#         103
  C:4B00H         LINE#         104
  C:4B00H         LINE#         106
  C:4B07H         LINE#         107
  C:4B10H         LINE#         109
  C:4B15H         LINE#         111
  -------         ENDPROC       _DISPLAYLCD
  -------         PROC          LCD_RETURN_HOME
  C:4C54H         LINE#         115
  C:4C54H         LINE#         116
  C:4C54H         LINE#         117
  C:4C59H         LINE#         118
  -------         ENDPROC       LCD_RETURN_HOME
  -------         PROC          LCD_CLEAR
  C:4C5EH         LINE#         121
  C:4C5EH         LINE#         122
  C:4C5EH         LINE#         123
  C:4C63H         LINE#         124
  -------         ENDPROC       LCD_CLEAR
  -------         PROC          _DISPLAY_LINE
  D:0006H         SYMBOL        line
  C:4B7DH         LINE#         128
  C:4B7DH         LINE#         129
  C:4B7DH         LINE#         130
  C:4B83H         LINE#         131
  C:4B83H         LINE#         132
  C:4B85H         LINE#         133
  C:4B85H         LINE#         134
  C:4B87H         LINE#         136
  C:4B87H         LINE#         137
  C:4B8CH         LINE#         138
  C:4B91H         LINE#         139
  C:4B91H         LINE#         140
  -------         ENDPROC       _DISPLAY_LINE
  -------         ENDMOD        LCD_DRIVER_SPLC780D

  -------         MODULE        KEYPAD
  C:0000H         SYMBOL        _ICE_DUMMY_
  D:0093H         PUBLIC        P0M1
  D:0080H         PUBLIC        P0
  D:0090H         PUBLIC        P1
  D:00A0H         PUBLIC        P2
  D:00B0H         PUBLIC        P3
  D:00C0H         PUBLIC        P4
  D:00C8H         PUBLIC        P5
  B:0020H.0       PUBLIC        calib_mode
  D:00E8H         PUBLIC        P6
  D:00F8H         PUBLIC        P7
BL51 BANKED LINKER/LOCATER V6.22                                                      02/25/2019  11:33:42  PAGE 22


  D:00A8H         PUBLIC        IE
  C:358DH         PUBLIC        Key_Scan
  D:00B8H         PUBLIC        IP
  D:00D8H         PUBLIC        CCON
  C:4C3CH         PUBLIC        KeyPad_IO_Init
  C:4AE2H         PUBLIC        _Delay_ms
  D:0098H         PUBLIC        SCON
  D:0088H         PUBLIC        TCON
  B:0020H.1       PUBLIC        small_move
  B:0020H.2       PUBLIC        move
  B:0020H.3       PUBLIC        direction
  B:0020H.4       PUBLIC        auto_move
  C:2F6DH         PUBLIC        Key_Process
  D:00D0H         PUBLIC        PSW
  D:0094H         PUBLIC        P0M0
  -------         PROC          _DELAY_MS
  D:0006H         SYMBOL        ms
  -------         DO            
  D:0004H         SYMBOL        De_Cnt
  -------         ENDDO         
  C:4AE2H         LINE#         19
  C:4AE2H         LINE#         20
  C:4AE2H         LINE#         22
  C:4AECH         LINE#         23
  C:4AECH         LINE#         24
  C:4AFFH         LINE#         25
  C:4AFFH         LINE#         26
  -------         ENDPROC       _DELAY_MS
  -------         PROC          KEY_SCAN
  -------         DO            
  X:03C1H         SYMBOL        KeyTemp1
  X:03C2H         SYMBOL        KeyTemp2
  X:03C3H         SYMBOL        KeyValue
  -------         ENDDO         
  C:358DH         LINE#         27
  C:358DH         LINE#         28
  C:358DH         LINE#         33
  C:3590H         LINE#         36
  C:3593H         LINE#         38
  C:359BH         LINE#         39
  C:35A2H         LINE#         40
  C:35A2H         LINE#         42
  C:35A7H         LINE#         43
  C:35AEH         LINE#         44
  C:35AEH         LINE#         47
  C:35B1H         LINE#         48
  C:35B4H         LINE#         49
  C:35B9H         LINE#         50
  C:35BDH         LINE#         51
  C:35BDH         LINE#         52
  C:35C5H         LINE#         53
  C:35C5H         LINE#         54
  C:35C8H         LINE#         55
  C:35D0H         LINE#         56
  C:35D2H         LINE#         58
  C:35E6H         LINE#         59
  C:35E6H         LINE#         60
BL51 BANKED LINKER/LOCATER V6.22                                                      02/25/2019  11:33:42  PAGE 23


  C:35E6H         LINE#         61
  C:35E6H         LINE#         62
  C:35ECH         LINE#         64
  C:35EEH         LINE#         65
  C:35EEH         LINE#         66
  C:35EEH         LINE#         67
  C:35F4H         LINE#         69
  C:35F6H         LINE#         70
  C:35F6H         LINE#         71
  C:35F6H         LINE#         72
  C:35FCH         LINE#         74
  C:35FEH         LINE#         75
  C:35FEH         LINE#         76
  C:35FEH         LINE#         77
  C:3604H         LINE#         79
  C:3604H         LINE#         80
  C:3604H         LINE#         81
  C:3604H         LINE#         84
  C:3607H         LINE#         85
  C:360AH         LINE#         86
  C:3612H         LINE#         87
  C:3616H         LINE#         88
  C:3616H         LINE#         89
  C:361EH         LINE#         90
  C:361EH         LINE#         91
  C:3621H         LINE#         92
  C:3629H         LINE#         93
  C:362BH         LINE#         94
  C:363FH         LINE#         95
  C:363FH         LINE#         96
  C:363FH         LINE#         97
  C:363FH         LINE#         98
  C:3645H         LINE#         100
  C:3647H         LINE#         101
  C:3647H         LINE#         102
  C:3647H         LINE#         103
  C:364DH         LINE#         105
  C:364FH         LINE#         106
  C:364FH         LINE#         107
  C:364FH         LINE#         108
  C:3655H         LINE#         110
  C:3657H         LINE#         111
  C:3657H         LINE#         112
  C:3657H         LINE#         113
  C:365CH         LINE#         115
  C:365CH         LINE#         116
  C:365CH         LINE#         117
  C:365CH         LINE#         120
  C:365FH         LINE#         121
  C:3662H         LINE#         122
  C:366AH         LINE#         123
  C:366EH         LINE#         124
  C:366EH         LINE#         125
  C:3676H         LINE#         126
  C:3676H         LINE#         127
  C:3679H         LINE#         128
  C:3681H         LINE#         129
BL51 BANKED LINKER/LOCATER V6.22                                                      02/25/2019  11:33:42  PAGE 24


  C:3683H         LINE#         130
  C:3697H         LINE#         131
  C:3697H         LINE#         132
  C:3697H         LINE#         133
  C:3697H         LINE#         134
  C:369DH         LINE#         136
  C:369FH         LINE#         137
  C:369FH         LINE#         138
  C:369FH         LINE#         139
  C:36A5H         LINE#         141
  C:36A7H         LINE#         142
  C:36A7H         LINE#         143
  C:36A7H         LINE#         144
  C:36ADH         LINE#         146
  C:36AFH         LINE#         147
  C:36AFH         LINE#         148
  C:36AFH         LINE#         149
  C:36B5H         LINE#         151
  C:36B5H         LINE#         152
  C:36B5H         LINE#         153
  C:36B5H         LINE#         157
  C:36B8H         LINE#         158
  C:36BBH         LINE#         159
  C:36C3H         LINE#         160
  C:36C7H         LINE#         161
  C:36C7H         LINE#         162
  C:36CFH         LINE#         163
  C:36CFH         LINE#         164
  C:36D2H         LINE#         165
  C:36DAH         LINE#         166
  C:36DCH         LINE#         167
  C:36F0H         LINE#         168
  C:36F0H         LINE#         169
  C:36F0H         LINE#         170
  C:36F0H         LINE#         171
  C:36F6H         LINE#         173
  C:36F8H         LINE#         174
  C:36F8H         LINE#         175
  C:36F8H         LINE#         176
  C:36FEH         LINE#         178
  C:3700H         LINE#         179
  C:3700H         LINE#         180
  C:3700H         LINE#         181
  C:3706H         LINE#         183
  C:3708H         LINE#         184
  C:3708H         LINE#         185
  C:3708H         LINE#         186
  C:370EH         LINE#         188
  C:370EH         LINE#         189
  C:370EH         LINE#         190
  C:370EH         LINE#         192
  C:3714H         LINE#         193
  C:3714H         LINE#         195
  C:3714H         LINE#         196
  C:3717H         LINE#         197
  C:3717H         LINE#         198
  C:3717H         LINE#         200
BL51 BANKED LINKER/LOCATER V6.22                                                      02/25/2019  11:33:42  PAGE 25


  C:3717H         LINE#         201
  C:3719H         LINE#         202
  C:3719H         LINE#         203
  -------         ENDPROC       KEY_SCAN
  -------         PROC          KEY_PROCESS
  -------         DO            
  X:061AH         SYMBOL        KeyCount
  X:061CH         SYMBOL        KeyNum_Old
  X:061DH         SYMBOL        KeyNum
  X:061EH         SYMBOL        PressedKey
  X:03BBH         SYMBOL        d
  D:0004H         SYMBOL        hours
  D:0006H         SYMBOL        mins
  X:03BDH         SYMBOL        months
  X:03BFH         SYMBOL        days
  -------         ENDDO         
  C:2F6DH         LINE#         204
  C:2F6DH         LINE#         205
  C:2F6DH         LINE#         209
  C:2F75H         LINE#         210
  C:2F7DH         LINE#         212
  C:2F80H         LINE#         213
  C:2F80H         LINE#         214
  C:2F83H         LINE#         216
  C:2F83H         LINE#         217
  C:2F90H         LINE#         218
  C:2F90H         LINE#         219
  C:2F93H         LINE#         220
  C:2F96H         LINE#         222
  C:2F99H         LINE#         224
  C:2F99H         LINE#         225
  C:2FA4H         LINE#         226
  C:2FA4H         LINE#         227
  C:2FA7H         LINE#         229
  C:2FA7H         LINE#         230
  C:2FAEH         LINE#         231
  C:2FAEH         LINE#         232
  C:2FB1H         LINE#         234
  C:2FB1H         LINE#         235
  C:2FB9H         LINE#         236
  C:2FB9H         LINE#         237
  C:2FC3H         LINE#         238
  C:2FCBH         LINE#         240
  C:2FD4H         LINE#         242
  C:2FD4H         LINE#         251
  C:2FE9H         LINE#         252
  C:2FE9H         LINE#         253
  C:2FFBH         LINE#         254
  C:3009H         LINE#         255
  C:3018H         LINE#         256
  C:3018H         LINE#         258
  C:301EH         LINE#         262
  C:3034H         LINE#         263
  C:3045H         LINE#         264
  C:3060H         LINE#         265
  C:3060H         LINE#         266
  C:3070H         LINE#         267
BL51 BANKED LINKER/LOCATER V6.22                                                      02/25/2019  11:33:42  PAGE 26


  C:3081H         LINE#         268
  C:3081H         LINE#         272
  C:309AH         LINE#         273
  C:30B1H         LINE#         274
  C:30D1H         LINE#         275
  C:30D1H         LINE#         276
  C:30DBH         LINE#         277
  C:30DBH         LINE#         278
  C:30E4H         LINE#         279
  C:30E4H         LINE#         280
  C:30F8H         LINE#         281
  C:30F8H         LINE#         282
  C:30F8H         LINE#         283
  C:30F8H         LINE#         284
  C:30F8H         LINE#         285
  C:30FAH         LINE#         287
  C:30FAH         LINE#         288
  C:3106H         LINE#         289
  C:3106H         LINE#         290
  C:3117H         LINE#         291
  C:3117H         LINE#         292
  C:3117H         LINE#         293
  C:3117H         LINE#         294
  C:3117H         LINE#         296
  C:3119H         LINE#         298
  C:3119H         LINE#         299
  C:312AH         LINE#         300
  C:312AH         LINE#         301
  C:312AH         LINE#         302
  C:312AH         LINE#         303
  C:312AH         LINE#         305
  C:312AH         LINE#         307
  C:312AH         LINE#         308
  C:312CH         LINE#         310
  C:312CH         LINE#         311
  C:313FH         LINE#         312
  C:313FH         LINE#         313
  C:3150H         LINE#         314
  C:3150H         LINE#         315
  C:3150H         LINE#         316
  C:3150H         LINE#         317
  C:3150H         LINE#         318
  C:3152H         LINE#         320
  C:3152H         LINE#         321
  C:3163H         LINE#         322
  C:3163H         LINE#         323
  C:3174H         LINE#         324
  C:3185H         LINE#         325
  C:3185H         LINE#         326
  C:3185H         LINE#         327
  C:3185H         LINE#         328
  C:3185H         LINE#         329
  C:3188H         LINE#         330
  C:318DH         LINE#         331
  C:3192H         LINE#         332
  C:3197H         LINE#         333
  C:319CH         LINE#         334
BL51 BANKED LINKER/LOCATER V6.22                                                      02/25/2019  11:33:42  PAGE 27


  C:31A1H         LINE#         335
  C:31A6H         LINE#         336
  C:31ABH         LINE#         337
  C:31ABH         LINE#         339
  C:31CDH         LINE#         340
  C:31CDH         LINE#         341
  C:31D7H         LINE#         342
  C:31D7H         LINE#         343
  C:31DCH         LINE#         344
  C:31E5H         LINE#         345
  C:31FCH         LINE#         346
  C:31FCH         LINE#         347
  C:320CH         LINE#         349
  C:320CH         LINE#         353
  -------         ENDPROC       KEY_PROCESS
  -------         PROC          KEYPAD_IO_INIT
  C:4C3CH         LINE#         356
  C:4C3CH         LINE#         357
  C:4C3CH         LINE#         358
  C:4C3FH         LINE#         359
  C:4C42H         LINE#         360
  C:4C45H         LINE#         361
  C:4C47H         LINE#         362
  -------         ENDPROC       KEYPAD_IO_INIT
  -------         ENDMOD        KEYPAD

  -------         MODULE        BIPOLARMOTOR
  C:0000H         SYMBOL        _ICE_DUMMY_
  D:0080H         PUBLIC        P0
  D:0090H         PUBLIC        P1
  X:0000H         PUBLIC        RX_pos_test
  D:00A0H         PUBLIC        P2
  D:00B0H         PUBLIC        P3
  D:00C0H         PUBLIC        P4
  D:00C8H         PUBLIC        P5
  D:00E8H         PUBLIC        P6
  D:00F8H         PUBLIC        P7
  X:00A0H         PUBLIC        low_date_azimuth_mapping
  D:00A8H         PUBLIC        IE
  C:3F90H         PUBLIC        linear_interpolate
  C:4A10H         PUBLIC        _Move
  D:00B8H         PUBLIC        IP
  C:3240H         PUBLIC        _findDet3x3
  C:2CADH         PUBLIC        _findDet4x4
  D:00D8H         PUBLIC        CCON
  X:00C8H         PUBLIC        previous_move_time
  D:0098H         PUBLIC        SCON
  D:0088H         PUBLIC        TCON
  C:4C78H         PUBLIC        wait
  C:48E0H         PUBLIC        _Step_move
  X:00C9H         PUBLIC        dat
  C:000EH         PUBLIC        _Update_position
  C:47C8H         PUBLIC        vOneStepMove
  X:00CFH         PUBLIC        elevation_stamp
  X:010BH         PUBLIC        date_azimuth_mapping
  X:0133H         PUBLIC        RX_pos
  C:4B27H         PUBLIC        _BCDtoDec1
BL51 BANKED LINKER/LOCATER V6.22                                                      02/25/2019  11:33:42  PAGE 28


  X:038BH         PUBLIC        degree
  D:00D0H         PUBLIC        PSW
  -------         PROC          L?0062
  -------         ENDPROC       L?0062
  -------         PROC          _BCDTODEC1
  D:0007H         SYMBOL        bcd
  -------         DO            
  D:0006H         SYMBOL        hi
  D:0007H         SYMBOL        lo
  -------         ENDDO         
  C:4B27H         LINE#         28
  C:4B27H         LINE#         29
  C:4B27H         LINE#         31
  C:4B2CH         LINE#         32
  C:4B30H         LINE#         33
  C:4B37H         LINE#         34
  -------         ENDPROC       _BCDTODEC1
  -------         PROC          WAIT
  C:4C78H         LINE#         36
  C:4C78H         LINE#         38
  -------         ENDPROC       WAIT
  -------         PROC          VONESTEPMOVE
  B:0020H.7       SYMBOL        bDir
  C:47C8H         LINE#         40
  C:47C8H         LINE#         41
  C:47C8H         LINE#         43
  C:47CEH         LINE#         44
  C:47CEH         LINE#         45
  C:47D1H         LINE#         46
  C:47DAH         LINE#         47
  C:47E1H         LINE#         48
  C:47E6H         LINE#         49
  C:47E6H         LINE#         50
  C:47E6H         LINE#         52
  C:47E8H         LINE#         55
  C:47E8H         LINE#         56
  C:47EBH         LINE#         57
  C:47F4H         LINE#         58
  C:47FBH         LINE#         59
  C:4801H         LINE#         60
  C:480AH         LINE#         61
  C:4811H         LINE#         62
  C:4811H         LINE#         66
  -------         ENDPROC       VONESTEPMOVE
  -------         PROC          _STEP_MOVE
  X:0479H         SYMBOL        step
  B:0020H.6       SYMBOL        dir
  -------         DO            
  X:047BH         SYMBOL        i
  -------         ENDDO         
  C:48E0H         LINE#         68
  C:48E8H         LINE#         69
  C:48E8H         LINE#         71
  C:48EDH         LINE#         74
  C:4908H         LINE#         75
  C:4908H         LINE#         76
  C:490FH         LINE#         78
BL51 BANKED LINKER/LOCATER V6.22                                                      02/25/2019  11:33:42  PAGE 29


  C:491FH         LINE#         80
  -------         ENDPROC       _STEP_MOVE
  -------         PROC          _MOVE
  X:0475H         SYMBOL        distance
  B:0020H.5       SYMBOL        direction
  -------         DO            
  D:0006H         SYMBOL        step
  -------         ENDDO         
  C:4A10H         LINE#         82
  C:4A16H         LINE#         83
  C:4A16H         LINE#         86
  C:4A31H         LINE#         87
  -------         ENDPROC       _MOVE
  C:3221H         SYMBOL        L?0058
  C:3235H         SYMBOL        L?0059
  -------         PROC          L?0057
  -------         ENDPROC       L?0057
  C:3221H         SYMBOL        L?0058
  C:3235H         SYMBOL        L?0059
  -------         PROC          _FINDDET3X3
  X:05F6H         SYMBOL        a11
  X:05FAH         SYMBOL        a12
  X:05FEH         SYMBOL        a13
  X:0602H         SYMBOL        a21
  X:0606H         SYMBOL        a22
  X:060AH         SYMBOL        a23
  X:060EH         SYMBOL        a31
  X:0612H         SYMBOL        a32
  X:0616H         SYMBOL        a33
  C:3240H         LINE#         91
  C:3246H         LINE#         95
  C:3246H         LINE#         96
  C:33DDH         LINE#         98
  -------         ENDPROC       _FINDDET3X3
  -------         PROC          _FINDDET4X4
  X:05B6H         SYMBOL        a11
  X:05BAH         SYMBOL        a12
  X:05BEH         SYMBOL        a13
  X:05C2H         SYMBOL        a14
  X:05C6H         SYMBOL        a21
  X:05CAH         SYMBOL        a22
  X:05CEH         SYMBOL        a23
  X:05D2H         SYMBOL        a24
  X:05D6H         SYMBOL        a31
  X:05DAH         SYMBOL        a32
  X:05DEH         SYMBOL        a33
  X:05E2H         SYMBOL        a34
  X:05E6H         SYMBOL        a41
  X:05EAH         SYMBOL        a42
  X:05EEH         SYMBOL        a43
  X:05F2H         SYMBOL        a44
  C:2CADH         LINE#         99
  C:2CB3H         LINE#         103
  C:2CB3H         LINE#         110
  C:2F6CH         LINE#         114
  -------         ENDPROC       _FINDDET4X4
  C:3F7FH         SYMBOL        L?0061
BL51 BANKED LINKER/LOCATER V6.22                                                      02/25/2019  11:33:42  PAGE 30


  -------         PROC          L?0060
  -------         ENDPROC       L?0060
  C:3F7FH         SYMBOL        L?0061
  -------         PROC          LINEAR_INTERPOLATE
  X:0475H         SYMBOL        p1
  X:047DH         SYMBOL        p2
  X:0485H         SYMBOL        x
  -------         DO            
  D:0004H         SYMBOL        fx
  -------         ENDDO         
  C:3F90H         LINE#         120
  C:3F90H         LINE#         121
  C:3F90H         LINE#         124
  C:402FH         LINE#         126
  C:402FH         LINE#         127
  -------         ENDPROC       LINEAR_INTERPOLATE
  -------         PROC          _UPDATE_POSITION
  D:0001H         SYMBOL        mnths
  D:0002H         SYMBOL        dys
  X:03D8H         SYMBOL        hurs
  X:03D9H         SYMBOL        mns
  X:03DAH         SYMBOL        sconds
  X:03DBH         SYMBOL        currnt_pos
  X:03DEH         SYMBOL        offset_calib
  -------         DO            
  X:03E2H         SYMBOL        date
  X:03E4H         SYMBOL        i
  X:03E6H         SYMBOL        yy
  X:03E8H         SYMBOL        desired_distance
  X:03ECH         SYMBOL        distance
  X:03F0H         SYMBOL        JP_pos
  X:03F4H         SYMBOL        pos_interpolate_azimuth
  X:0430H         SYMBOL        current_local_sun_time
  X:0434H         SYMBOL        azimuth
  X:0438H         SYMBOL        elevation
  X:043CH         SYMBOL        time_offset
  X:0440H         SYMBOL        UTC_time
  X:0444H         SYMBOL        declination
  X:0448H         SYMBOL        p1
  X:0450H         SYMBOL        p2
  X:0458H         SYMBOL        time
  X:046AH         SYMBOL        location
  X:0472H         SYMBOL        sunCoord
  -------         ENDDO         
  C:000EH         LINE#         131
  C:0017H         LINE#         134
  C:0017H         LINE#         135
  C:0022H         LINE#         137
  C:003EH         LINE#         138
  C:0048H         LINE#         146
  C:0052H         LINE#         147
  C:005CH         LINE#         148
  C:0066H         LINE#         149
  C:0071H         LINE#         150
  C:007CH         LINE#         151
  C:0095H         LINE#         152
  C:00A6H         LINE#         153
BL51 BANKED LINKER/LOCATER V6.22                                                      02/25/2019  11:33:42  PAGE 31


  C:00B5H         LINE#         156
  C:00C9H         LINE#         160
  C:011BH         LINE#         161
  C:027FH         LINE#         162
  C:02CFH         LINE#         164
  C:03F7H         LINE#         166
  C:04C6H         LINE#         173
  C:050DH         LINE#         174
  C:050DH         LINE#         176
  C:0527H         LINE#         177
  C:0527H         LINE#         178
  C:0597H         LINE#         179
  C:0597H         LINE#         180
  C:059EH         LINE#         181
  C:059EH         LINE#         182
  C:05CBH         LINE#         183
  C:05E6H         LINE#         185
  C:062DH         LINE#         186
  C:0661H         LINE#         188
  C:06A7H         LINE#         189
  C:06CAH         LINE#         191
  C:06CAH         LINE#         193
  C:0740H         LINE#         194
  C:0740H         LINE#         195
  C:0747H         LINE#         196
  C:0747H         LINE#         197
  C:0774H         LINE#         198
  C:078FH         LINE#         200
  C:07D6H         LINE#         201
  C:080AH         LINE#         203
  C:0850H         LINE#         204
  C:0870H         LINE#         206
  C:0870H         LINE#         207
  C:0881H         LINE#         210
  C:089BH         LINE#         211
  C:089BH         LINE#         212
  C:090BH         LINE#         213
  C:090BH         LINE#         214
  C:0938H         LINE#         215
  C:0953H         LINE#         217
  C:0980H         LINE#         218
  C:099BH         LINE#         220
  C:09CDH         LINE#         223
  C:09CDH         LINE#         225
  C:09DEH         LINE#         227
  C:0A0DH         LINE#         229
  C:0A32H         LINE#         230
  C:0A97H         LINE#         231
  C:0A97H         LINE#         232
  C:0AB1H         LINE#         233
  C:0AC3H         LINE#         234
  C:0ADBH         LINE#         235
  C:0AF1H         LINE#         237
  C:0B0DH         LINE#         238
  C:0B0DH         LINE#         239
  C:0B0DH         LINE#         242
  -------         ENDPROC       _UPDATE_POSITION
BL51 BANKED LINKER/LOCATER V6.22                                                      02/25/2019  11:33:42  PAGE 32


  -------         ENDMOD        BIPOLARMOTOR

  -------         MODULE        SUNPOS
  C:0000H         SYMBOL        _ICE_DUMMY_
  C:1E09H         PUBLIC        sunpos
  -------         PROC          SUNPOS
  X:0475H         SYMBOL        udtTime
  X:0487H         SYMBOL        udtLocation
  X:048FH         SYMBOL        udtSunCoordinates
  -------         DO            
  X:0492H         SYMBOL        dElapsedJulianDays
  X:0496H         SYMBOL        dDecimalHours
  X:049AH         SYMBOL        dEclipticLongitude
  X:049EH         SYMBOL        dEclipticObliquity
  X:04A2H         SYMBOL        dRightAscension
  X:04A6H         SYMBOL        dDeclination
  X:04AAH         SYMBOL        dY
  X:04AEH         SYMBOL        dX
  -------         DO            
  X:04B2H         SYMBOL        dJulianDate
  X:04B6H         SYMBOL        liAux1
  X:04BAH         SYMBOL        liAux2
  X:04B2H         SYMBOL        dMeanLongitude
  X:04B6H         SYMBOL        dMeanAnomaly
  X:04BAH         SYMBOL        dOmega
  X:04B2H         SYMBOL        dSin_EclipticLongitude
  X:04B2H         SYMBOL        dGreenwichMeanSiderealTime
  X:04B6H         SYMBOL        dLocalMeanSiderealTime
  X:04BAH         SYMBOL        dLatitudeInRadians
  X:04BEH         SYMBOL        dHourAngle
  X:04C2H         SYMBOL        dCos_Latitude
  X:04C6H         SYMBOL        dSin_Latitude
  X:04CAH         SYMBOL        dCos_HourAngle
  X:04CEH         SYMBOL        dParallax
  -------         ENDDO         
  -------         DO            
  X:04B2H         SYMBOL        dMeanLongitude
  X:04B6H         SYMBOL        dMeanAnomaly
  X:04BAH         SYMBOL        dOmega
  X:04B2H         SYMBOL        dSin_EclipticLongitude
  X:04B2H         SYMBOL        dGreenwichMeanSiderealTime
  X:04B6H         SYMBOL        dLocalMeanSiderealTime
  X:04BAH         SYMBOL        dLatitudeInRadians
  X:04BEH         SYMBOL        dHourAngle
  X:04C2H         SYMBOL        dCos_Latitude
  X:04C6H         SYMBOL        dSin_Latitude
  X:04CAH         SYMBOL        dCos_HourAngle
  X:04CEH         SYMBOL        dParallax
  -------         ENDDO         
  -------         DO            
  X:04B2H         SYMBOL        dSin_EclipticLongitude
  X:04B2H         SYMBOL        dGreenwichMeanSiderealTime
  X:04B6H         SYMBOL        dLocalMeanSiderealTime
  X:04BAH         SYMBOL        dLatitudeInRadians
  X:04BEH         SYMBOL        dHourAngle
  X:04C2H         SYMBOL        dCos_Latitude
  X:04C6H         SYMBOL        dSin_Latitude
BL51 BANKED LINKER/LOCATER V6.22                                                      02/25/2019  11:33:42  PAGE 33


  X:04CAH         SYMBOL        dCos_HourAngle
  X:04CEH         SYMBOL        dParallax
  -------         ENDDO         
  -------         DO            
  X:04B2H         SYMBOL        dGreenwichMeanSiderealTime
  X:04B6H         SYMBOL        dLocalMeanSiderealTime
  X:04BAH         SYMBOL        dLatitudeInRadians
  X:04BEH         SYMBOL        dHourAngle
  X:04C2H         SYMBOL        dCos_Latitude
  X:04C6H         SYMBOL        dSin_Latitude
  X:04CAH         SYMBOL        dCos_HourAngle
  X:04CEH         SYMBOL        dParallax
  -------         ENDDO         
  -------         ENDDO         
  C:1E09H         LINE#         6
  C:1E09H         LINE#         7
  C:1E09H         LINE#         9
  C:1E09H         LINE#         27
  C:1E53H         LINE#         30
  C:1E74H         LINE#         31
  C:1FBBH         LINE#         34
  C:2007H         LINE#         36
  C:2026H         LINE#         37
  C:2026H         LINE#         42
  C:2026H         LINE#         46
  C:2058H         LINE#         47
  C:2082H         LINE#         48
  C:20ACH         LINE#         49
  C:2159H         LINE#         52
  C:21BAH         LINE#         54
  C:21BAH         LINE#         59
  C:21BAH         LINE#         61
  C:21D1H         LINE#         62
  C:21F9H         LINE#         63
  C:2210H         LINE#         64
  C:223BH         LINE#         65
  C:2272H         LINE#         66
  C:229DH         LINE#         67
  C:229DH         LINE#         70
  C:229DH         LINE#         79
  C:22D8H         LINE#         82
  C:2312H         LINE#         84
  C:2337H         LINE#         85
  C:2356H         LINE#         86
  C:236DH         LINE#         87
  C:2384H         LINE#         88
  C:239BH         LINE#         89
  C:2424H         LINE#         91
  C:243EH         LINE#         92
  C:24A0H         LINE#         93
  C:24D6H         LINE#         94
  C:24E8H         LINE#         95
  C:2515H         LINE#         96
  C:2542H         LINE#         98
  C:2564H         LINE#         100
  C:259CH         LINE#         103
  C:259CH         LINE#         104
BL51 BANKED LINKER/LOCATER V6.22                                                      02/25/2019  11:33:42  PAGE 34


  C:25AAH         LINE#         105
  -------         ENDPROC       SUNPOS
  -------         ENDMOD        SUNPOS

  -------         MODULE        ADC
  C:0000H         SYMBOL        _ICE_DUMMY_
  D:0092H         PUBLIC        P1M0
  D:0091H         PUBLIC        P1M1
  D:0080H         PUBLIC        P0
  D:0090H         PUBLIC        P1
  D:00A0H         PUBLIC        P2
  D:00B0H         PUBLIC        P3
  D:00C0H         PUBLIC        P4
  D:00C8H         PUBLIC        P5
  D:00E8H         PUBLIC        P6
  D:00F8H         PUBLIC        P7
  D:00A8H         PUBLIC        IE
  D:00BDH         PUBLIC        ADC_RES
  D:00B8H         PUBLIC        IP
  D:0097H         PUBLIC        CLK_DIV
  D:00D8H         PUBLIC        CCON
  D:00BCH         PUBLIC        ADC_CONTR
  D:0098H         PUBLIC        SCON
  D:0088H         PUBLIC        TCON
  B:00A0H.4       PUBLIC        P24
  B:00A0H.5       PUBLIC        P25
  B:00A0H.6       PUBLIC        P26
  C:4AC3H         PUBLIC        ADC_Init
  C:498EH         PUBLIC        _ADC_GetResult
  D:009DH         PUBLIC        P1ASF
  D:00BEH         PUBLIC        ADC_RESL
  D:00D0H         PUBLIC        PSW
  -------         PROC          ADC_INIT
  C:4AC3H         LINE#         7
  C:4AC3H         LINE#         8
  C:4AC3H         LINE#         10
  C:4AC5H         LINE#         11
  C:4AC7H         LINE#         12
  C:4AC9H         LINE#         13
  C:4ACCH         LINE#         14
  C:4ACFH         LINE#         15
  C:4AD2H         LINE#         16
  C:4AD5H         LINE#         18
  C:4AD7H         LINE#         19
  C:4AD9H         LINE#         20
  C:4ADCH         LINE#         22
  -------         ENDPROC       ADC_INIT
[...]
  C:3E28H         LINE#         129
  C:3E47H         LINE#         131
  C:3E4EH         LINE#         132
  C:3E4EH         LINE#         133
  C:3E50H         LINE#         134
  C:3E53H         LINE#         135
  C:3E5AH         LINE#         136
  C:3E5AH         LINE#         137
  C:3E5CH         LINE#         138
  C:3E5EH         LINE#         140
  C:3E5EH         LINE#         141
  C:3E60H         LINE#         143
  C:3E60H         LINE#         144
  C:3E60H         LINE#         145
  C:3E60H         LINE#         146
  C:3E63H         LINE#         147
  C:3E6AH         LINE#         149
  C:3E89H         LINE#         151
  C:3E8BH         LINE#         152
  -------         ENDPROC       _AT25SF041_WRITE
  -------         PROC          _AT25SF041_READ
  D:0003H         SYMBOL        opcode
  X:0624H         SYMBOL        addr
  -------         DO            
  X:0628H         SYMBOL        dat
  X:0629H         SYMBOL        i
  -------         ENDDO         
  C:3C91H         LINE#         156
  C:3C93H         LINE#         157
  C:3C93H         LINE#         158
  C:3C98H         LINE#         160
  C:3C9AH         LINE#         161
  C:3CA0H         LINE#         165
  C:3CA5H         LINE#         166
  C:3CA5H         LINE#         167
  C:3CA7H         LINE#         168
  C:3CAAH         LINE#         169
  C:3CAEH         LINE#         170
  C:3CAEH         LINE#         171
  C:3CB0H         LINE#         172
  C:3CB2H         LINE#         174
BL51 BANKED LINKER/LOCATER V6.22                                                      02/25/2019  11:33:42  PAGE 45


  C:3CB2H         LINE#         175
  C:3CB4H         LINE#         177
  C:3CB4H         LINE#         178
  C:3CB4H         LINE#         179
  C:3CB4H         LINE#         180
  C:3CB7H         LINE#         181
  C:3CBBH         LINE#         184
  C:3CDAH         LINE#         186
  C:3CE1H         LINE#         187
  C:3CE1H         LINE#         188
  C:3CE3H         LINE#         189
  C:3CE6H         LINE#         190
  C:3CFFH         LINE#         191
  C:3CFFH         LINE#         192
  C:3D01H         LINE#         193
  C:3D03H         LINE#         195
  C:3D03H         LINE#         196
  C:3D05H         LINE#         198
  C:3D05H         LINE#         199
  C:3D05H         LINE#         200
  C:3D05H         LINE#         201
  C:3D08H         LINE#         202
  C:3D21H         LINE#         204
  C:3D40H         LINE#         207
  C:3D47H         LINE#         209
  C:3D49H         LINE#         210
  C:3D50H         LINE#         212
  C:3D57H         LINE#         213
  C:3D57H         LINE#         214
  C:3D5EH         LINE#         215
  C:3D5EH         LINE#         216
  C:3D61H         LINE#         217
  C:3D63H         LINE#         218
  C:3D66H         LINE#         220
  C:3D69H         LINE#         221
  C:3D69H         LINE#         223
  C:3D6DH         LINE#         224
  C:3D6DH         LINE#         230
  C:3D8CH         LINE#         233
  C:3D8EH         LINE#         234
  C:3D91H         LINE#         235
  C:3D96H         LINE#         237
  -------         ENDPROC       _AT25SF041_READ
  -------         PROC          READ_STATUS_REGISTER_BYTE1
  -------         DO            
  D:0003H         SYMBOL        dat
  D:0001H         SYMBOL        opcode
  X:03CBH         SYMBOL        count
  X:03CCH         SYMBOL        i
  -------         ENDDO         
  C:4244H         LINE#         241
  C:4244H         LINE#         242
  C:4244H         LINE#         243
  C:424AH         LINE#         244
  C:424EH         LINE#         245
  C:4250H         LINE#         246
  C:4252H         LINE#         247
BL51 BANKED LINKER/LOCATER V6.22                                                      02/25/2019  11:33:42  PAGE 46


  C:4258H         LINE#         251
  C:425FH         LINE#         252
  C:425FH         LINE#         253
  C:4261H         LINE#         254
  C:4264H         LINE#         255
  C:4268H         LINE#         256
  C:4268H         LINE#         257
  C:426AH         LINE#         258
  C:426CH         LINE#         260
  C:426CH         LINE#         261
  C:426EH         LINE#         263
  C:426EH         LINE#         264
  C:426EH         LINE#         265
  C:426EH         LINE#         266
  C:4271H         LINE#         267
  C:4275H         LINE#         270
  C:4294H         LINE#         274
  C:429BH         LINE#         276
  C:429DH         LINE#         277
  C:42A4H         LINE#         278
  C:42ABH         LINE#         279
  C:42ABH         LINE#         280
  C:42AFH         LINE#         281
  C:42AFH         LINE#         282
  C:42B2H         LINE#         283
  C:42B4H         LINE#         284
  C:42B7H         LINE#         286
  C:42BAH         LINE#         287
  C:42BAH         LINE#         289
  C:42BEH         LINE#         290
  C:42BEH         LINE#         292
  C:42DDH         LINE#         296
  C:42DFH         LINE#         297
  C:42E2H         LINE#         298
  C:42E4H         LINE#         299
  -------         ENDPROC       READ_STATUS_REGISTER_BYTE1
  -------         PROC          SPI_NOR_WRITE_DATA
  X:03BBH         SYMBOL        dat
  X:03C6H         SYMBOL        addr
  C:33DEH         LINE#         301
  C:33DEH         LINE#         302
  C:33DEH         LINE#         303
  C:33F7H         LINE#         304
  C:33F7H         LINE#         305
  C:33FAH         LINE#         307
  C:33FDH         LINE#         308
  C:3404H         LINE#         309
  C:3404H         LINE#         310
  C:3407H         LINE#         312
  C:3421H         LINE#         313
  C:343FH         LINE#         315
  C:3446H         LINE#         316
  C:3449H         LINE#         318
  C:3463H         LINE#         319
  C:3463H         LINE#         320
  C:3463H         LINE#         323
  C:3466H         LINE#         325
BL51 BANKED LINKER/LOCATER V6.22                                                      02/25/2019  11:33:42  PAGE 47


  C:3480H         LINE#         326
  C:3480H         LINE#         327
  C:3480H         LINE#         329
  C:3483H         LINE#         331
  C:349DH         LINE#         332
  C:349DH         LINE#         333
  C:349DH         LINE#         335
  C:34A0H         LINE#         337
  C:34BAH         LINE#         338
  C:34BAH         LINE#         339
  C:34BAH         LINE#         341
  C:34BDH         LINE#         343
  C:34D7H         LINE#         344
  C:34D7H         LINE#         345
  C:34D7H         LINE#         347
  C:34DAH         LINE#         349
  C:34F4H         LINE#         350
  C:34F4H         LINE#         351
  C:34F4H         LINE#         353
  C:34F7H         LINE#         355
  C:3511H         LINE#         356
  C:3511H         LINE#         357
  C:3511H         LINE#         359
  C:3514H         LINE#         361
  C:352EH         LINE#         362
  C:352EH         LINE#         363
  C:352EH         LINE#         365
  C:3531H         LINE#         367
  C:354BH         LINE#         368
  C:354BH         LINE#         369
  C:354BH         LINE#         371
  C:354EH         LINE#         373
  C:3568H         LINE#         374
  C:356FH         LINE#         375
  -------         ENDPROC       SPI_NOR_WRITE_DATA
  -------         ENDMOD        AT25SF041

  -------         MODULE        ?C_STARTUP
  C:44B3H         SEGMENT       ?C_C51STARTUP
  I:0022H         SEGMENT       ?STACK
  C:0000H         PUBLIC        ?C_STARTUP
  D:00E0H         SYMBOL        ACC
  D:00F0H         SYMBOL        B
  D:0083H         SYMBOL        DPH
  D:0082H         SYMBOL        DPL
  N:0000H         SYMBOL        IBPSTACK
  N:0100H         SYMBOL        IBPSTACKTOP
  N:0080H         SYMBOL        IDATALEN
  C:44B6H         SYMBOL        IDATALOOP
  N:0000H         SYMBOL        PBPSTACK
  N:0100H         SYMBOL        PBPSTACKTOP
  N:0000H         SYMBOL        PDATALEN
  N:0000H         SYMBOL        PDATASTART
  N:0000H         SYMBOL        PPAGE
  N:0000H         SYMBOL        PPAGEENABLE
  D:00A0H         SYMBOL        PPAGE_SFR
  D:0081H         SYMBOL        SP
BL51 BANKED LINKER/LOCATER V6.22                                                      02/25/2019  11:33:42  PAGE 48


  C:44B3H         SYMBOL        STARTUP1
  N:0000H         SYMBOL        XBPSTACK
  N:0000H         SYMBOL        XBPSTACKTOP
  N:0000H         SYMBOL        XDATALEN
  N:0000H         SYMBOL        XDATASTART
  C:0000H         LINE#         126
  C:44B3H         LINE#         133
  C:44B5H         LINE#         134
  C:44B6H         LINE#         135
  C:44B7H         LINE#         136
  C:44B9H         LINE#         185
  C:44BCH         LINE#         196
  -------         ENDMOD        ?C_STARTUP

  -------         MODULE        ?C?FPADD
  C:0B15H         PUBLIC        ?C?FPADD
  C:0B11H         PUBLIC        ?C?FPSUB
  -------         ENDMOD        ?C?FPADD

  -------         MODULE        ?C?FPMUL
  C:0C06H         PUBLIC        ?C?FPMUL
  -------         ENDMOD        ?C?FPMUL

  -------         MODULE        ?C?FPDIV
  C:0D0FH         PUBLIC        ?C?FPDIV
  -------         ENDMOD        ?C?FPDIV

  -------         MODULE        ?C?FPCMP
  C:0DAEH         PUBLIC        ?C?FPCMP
  C:0DACH         PUBLIC        ?C?FPCMP3
  -------         ENDMOD        ?C?FPCMP

  -------         MODULE        ?C?FPNEG
  C:0E25H         PUBLIC        ?C?FPNEG
  -------         ENDMOD        ?C?FPNEG

  -------         MODULE        ?C?FCAST
  C:0E40H         PUBLIC        ?C?FCASTC
  C:0E3BH         PUBLIC        ?C?FCASTI
  C:0E36H         PUBLIC        ?C?FCASTL
  -------         ENDMOD        ?C?FCAST

  -------         MODULE        ?C?CASTF
  C:0E74H         PUBLIC        ?C?CASTF
  -------         ENDMOD        ?C?CASTF

  -------         MODULE        ATAN2
  X:04D2H         PUBLIC        ?_atan2?BYTE
  C:42E5H         PUBLIC        _atan2
  -------         ENDMOD        ATAN2

  -------         MODULE        SIN
  C:3762H         PUBLIC        _COS
  C:3778H         PUBLIC        _SIN
  C:37B4H         PUBLIC        _TAN
  -------         ENDMOD        SIN

BL51 BANKED LINKER/LOCATER V6.22                                                      02/25/2019  11:33:42  PAGE 49


  -------         MODULE        ACOS
  C:4812H         PUBLIC        _ACOS
  -------         ENDMOD        ACOS

  -------         MODULE        ASIN
  C:4920H         PUBLIC        _ASIN
  -------         ENDMOD        ASIN

  -------         MODULE        SQRT
  C:419CH         PUBLIC        _SQRT
  -------         ENDMOD        SQRT

  -------         MODULE        ATAN
  C:3B8FH         PUBLIC        _ATAN
  -------         ENDMOD        ATAN

  -------         MODULE        ?C?COPY
  C:1012H         PUBLIC        ?C?COPY
  -------         ENDMOD        ?C?COPY

  -------         MODULE        ?C?CLDPTR
  C:1038H         PUBLIC        ?C?CLDPTR
  -------         ENDMOD        ?C?CLDPTR

  -------         MODULE        ?C?CLDOPTR
  C:1051H         PUBLIC        ?C?CLDOPTR
  -------         ENDMOD        ?C?CLDOPTR

  -------         MODULE        ?C?CSTPTR
  C:107EH         PUBLIC        ?C?CSTPTR
  -------         ENDMOD        ?C?CSTPTR

  -------         MODULE        ?C?IMUL
  C:1090H         PUBLIC        ?C?IMUL
  -------         ENDMOD        ?C?IMUL

  -------         MODULE        ?C?UIDIV
  C:10A2H         PUBLIC        ?C?UIDIV
  -------         ENDMOD        ?C?UIDIV

  -------         MODULE        ?C?SIDIV
  C:10F7H         PUBLIC        ?C?SIDIV
  -------         ENDMOD        ?C?SIDIV

  -------         MODULE        ?C?ILDIX
  C:112DH         PUBLIC        ?C?ILDIX
  -------         ENDMOD        ?C?ILDIX

  -------         MODULE        ?C?ILDOPTR
  C:1143H         PUBLIC        ?C?ILDOPTR
  -------         ENDMOD        ?C?ILDOPTR

  -------         MODULE        ?C?ISTPTR
  C:117BH         PUBLIC        ?C?ISTPTR
  -------         ENDMOD        ?C?ISTPTR

  -------         MODULE        ?C?LMUL
BL51 BANKED LINKER/LOCATER V6.22                                                      02/25/2019  11:33:42  PAGE 50


  C:119AH         PUBLIC        ?C?LMUL
  -------         ENDMOD        ?C?LMUL

  -------         MODULE        ?C?SLDIV
  C:485CH         PUBLIC        ?C?SLDIV
  -------         ENDMOD        ?C?SLDIV

  -------         MODULE        ?C?LNEG
  C:11E9H         PUBLIC        ?C?LNEG
  -------         ENDMOD        ?C?LNEG

  -------         MODULE        ?C?ULCMP
  C:11F7H         PUBLIC        ?C?ULCMP
  -------         ENDMOD        ?C?ULCMP

  -------         MODULE        ?C?LSHL
  C:1208H         PUBLIC        ?C?LSHL
  -------         ENDMOD        ?C?LSHL

  -------         MODULE        ?C?LLDPTR
  C:121BH         PUBLIC        ?C?LLDPTR
  -------         ENDMOD        ?C?LLDPTR

  -------         MODULE        ?C?LLDOPTR
  C:123BH         PUBLIC        ?C?LLDOPTR
  -------         ENDMOD        ?C?LLDOPTR

  -------         MODULE        ?C?LSTPTR
  C:126BH         PUBLIC        ?C?LSTPTR
  -------         ENDMOD        ?C?LSTPTR

  -------         MODULE        ?C?LSTOPTR
  C:1285H         PUBLIC        ?C?LSTOPTR
  -------         ENDMOD        ?C?LSTOPTR

  -------         MODULE        ?C?LLDXDATA
  C:12A9H         PUBLIC        ?C?LLDXDATA
  -------         ENDMOD        ?C?LLDXDATA

  -------         MODULE        ?C?LLDCODE
  C:12B5H         PUBLIC        ?C?LLDCODE
  -------         ENDMOD        ?C?LLDCODE

  -------         MODULE        ?C?LLDXDATA0
  C:12C5H         PUBLIC        ?C?LLDXDATA0
  -------         ENDMOD        ?C?LLDXDATA0

  -------         MODULE        ?C?LLDCODE0
  C:12D1H         PUBLIC        ?C?LLDCODE0
  -------         ENDMOD        ?C?LLDCODE0

  -------         MODULE        ?C?LLDPTR0
  C:12E1H         PUBLIC        ?C?LLDPTR0
  -------         ENDMOD        ?C?LLDPTR0

  -------         MODULE        ?C?LSTXDATA
  C:1301H         PUBLIC        ?C?LSTXDATA
BL51 BANKED LINKER/LOCATER V6.22                                                      02/25/2019  11:33:42  PAGE 51


  -------         ENDMOD        ?C?LSTXDATA

  -------         MODULE        ?C?LSTKXDATA
  C:130DH         PUBLIC        ?C?LSTKXDATA
  -------         ENDMOD        ?C?LSTKXDATA

  -------         MODULE        ?C?LSTKPTR
  C:133EH         PUBLIC        ?C?LSTKPTR
  -------         ENDMOD        ?C?LSTKPTR

  -------         MODULE        ?C?OFFXADD
  C:1358H         PUBLIC        ?C?OFFXADD
  -------         ENDMOD        ?C?OFFXADD

  -------         MODULE        ABS
  C:4C48H         PUBLIC        _ABS
  -------         ENDMOD        ABS

  -------         MODULE        ATOI
  C:3E92H         PUBLIC        _atoi
  -------         ENDMOD        ATOI

  -------         MODULE        ?C?IILDX
  C:1364H         PUBLIC        ?C?IILDX
  -------         ENDMOD        ?C?IILDX

  -------         MODULE        ?C?ULDIV
  C:13B6H         PUBLIC        ?C?ULDIV
  -------         ENDMOD        ?C?ULDIV

  -------         MODULE        ?C?LLDIDATA
  C:1448H         PUBLIC        ?C?LLDIDATA
  -------         ENDMOD        ?C?LLDIDATA

  -------         MODULE        ?C?LLDPDATA
  C:1454H         PUBLIC        ?C?LLDPDATA
  -------         ENDMOD        ?C?LLDPDATA

  -------         MODULE        ?C?LLDIDATA0
  C:1460H         PUBLIC        ?C?LLDIDATA0
  -------         ENDMOD        ?C?LLDIDATA0

  -------         MODULE        ?C?LLDPDATA0
  C:146DH         PUBLIC        ?C?LLDPDATA0
  -------         ENDMOD        ?C?LLDPDATA0

  -------         MODULE        ?C?LSTIDATA
  C:147AH         PUBLIC        ?C?LSTIDATA
  -------         ENDMOD        ?C?LSTIDATA

  -------         MODULE        ?C?LSTPDATA
  C:1486H         PUBLIC        ?C?LSTPDATA
  -------         ENDMOD        ?C?LSTPDATA

  -------         MODULE        ?C?LSTKIDATA
  C:1492H         PUBLIC        ?C?LSTKIDATA
  -------         ENDMOD        ?C?LSTKIDATA
BL51 BANKED LINKER/LOCATER V6.22                                                      02/25/2019  11:33:42  PAGE 52



  -------         MODULE        ?C?LSTKPDATA
  C:14ABH         PUBLIC        ?C?LSTKPDATA
  -------         ENDMOD        ?C?LSTKPDATA

  -------         MODULE        ISDIGIT
  C:4C20H         PUBLIC        _isdigit
  -------         ENDMOD        ISDIGIT

  -------         MODULE        ISSPACE
  C:4BBBH         PUBLIC        _isspace
  -------         ENDMOD        ISSPACE

*** WARNING L16: UNCALLED SEGMENT, IGNORED FOR OVERLAY PROCESS
    SEGMENT: ?PR?_DISPLAY_PROX?MAIN

*** WARNING L16: UNCALLED SEGMENT, IGNORED FOR OVERLAY PROCESS
    SEGMENT: ?PR?_DAY_OF_YEAR?PCF85063BTL

*** WARNING L16: UNCALLED SEGMENT, IGNORED FOR OVERLAY PROCESS
    SEGMENT: ?PR?INITUART1?UART1

*** WARNING L16: UNCALLED SEGMENT, IGNORED FOR OVERLAY PROCESS
    SEGMENT: ?PR?_SENDSTRING?UART1

*** WARNING L16: UNCALLED SEGMENT, IGNORED FOR OVERLAY PROCESS
    SEGMENT: ?PR?_TEN?UART1

*** WARNING L16: UNCALLED SEGMENT, IGNORED FOR OVERLAY PROCESS
    SEGMENT: ?PR?_UNIT?UART1

*** WARNING L16: UNCALLED SEGMENT, IGNORED FOR OVERLAY PROCESS
    SEGMENT: ?PR?_DECTOBCD?UART1

*** WARNING L16: UNCALLED SEGMENT, IGNORED FOR OVERLAY PROCESS
    SEGMENT: ?PR?_ASCII_LETTER?UART1

*** WARNING L16: UNCALLED SEGMENT, IGNORED FOR OVERLAY PROCESS
    SEGMENT: ?PR?_ASCIITOBCD?UART1

*** WARNING L16: UNCALLED SEGMENT, IGNORED FOR OVERLAY PROCESS
    SEGMENT: ?PR?WAIT?BIPOLARMOTOR

*** WARNING L16: UNCALLED SEGMENT, IGNORED FOR OVERLAY PROCESS
    SEGMENT: ?PR?_FINDDET4X4?BIPOLARMOTOR

*** WARNING L16: UNCALLED SEGMENT, IGNORED FOR OVERLAY PROCESS
    SEGMENT: ?PR?NOP?IOEXPANDER_PI4IOE5V96248

*** WARNING L16: UNCALLED SEGMENT, IGNORED FOR OVERLAY PROCESS
    SEGMENT: ?PR?UC_ACK?IOEXPANDER_PI4IOE5V96248

*** WARNING L16: UNCALLED SEGMENT, IGNORED FOR OVERLAY PROCESS
    SEGMENT: ?PR?UC_NACK?IOEXPANDER_PI4IOE5V96248

*** WARNING L16: UNCALLED SEGMENT, IGNORED FOR OVERLAY PROCESS
    SEGMENT: ?PR?_AT25SF041_READ?AT25SF041
BL51 BANKED LINKER/LOCATER V6.22                                                      02/25/2019  11:33:42  PAGE 53



*** WARNING L1: UNRESOLVED EXTERNAL SYMBOL
    SYMBOL:  AUTO_MODE
    MODULE:  .\Obj\main.obj (MAIN)

*** WARNING L2: REFERENCE MADE TO UNRESOLVED EXTERNAL
    SYMBOL:  AUTO_MODE
    MODULE:  .\Obj\main.obj (MAIN)
    ADDRESS: 14F1H

*** WARNING L2: REFERENCE MADE TO UNRESOLVED EXTERNAL
    SYMBOL:  AUTO_MODE
    MODULE:  .\Obj\main.obj (MAIN)
    ADDRESS: 1666H

*** WARNING L2: REFERENCE MADE TO UNRESOLVED EXTERNAL
    SYMBOL:  AUTO_MODE
    MODULE:  .\Obj\main.obj (MAIN)
    ADDRESS: 1674H

*** WARNING L2: REFERENCE MADE TO UNRESOLVED EXTERNAL
    SYMBOL:  AUTO_MODE
    MODULE:  .\Obj\main.obj (MAIN)
    ADDRESS: 1686H

*** WARNING L2: REFERENCE MADE TO UNRESOLVED EXTERNAL
    SYMBOL:  AUTO_MODE
    MODULE:  .\Obj\main.obj (MAIN)
    ADDRESS: 16C8H

*** WARNING L2: REFERENCE MADE TO UNRESOLVED EXTERNAL
    SYMBOL:  AUTO_MODE
    MODULE:  .\Obj\main.obj (MAIN)
    ADDRESS: 179BH

*** WARNING L1: UNRESOLVED EXTERNAL SYMBOL
    SYMBOL:  _SENDUART1
    MODULE:  .\Obj\UART1.obj (UART1)

*** WARNING L2: REFERENCE MADE TO UNRESOLVED EXTERNAL
    SYMBOL:  _SENDUART1
    MODULE:  .\Obj\UART1.obj (UART1)
    ADDRESS: 4989H

*** WARNING L1: UNRESOLVED EXTERNAL SYMBOL
    SYMBOL:  AUTO_MODE
    MODULE:  .\Obj\KeyPad.obj (KEYPAD)

*** WARNING L2: REFERENCE MADE TO UNRESOLVED EXTERNAL
    SYMBOL:  AUTO_MODE
    MODULE:  .\Obj\KeyPad.obj (KEYPAD)
    ADDRESS: 2FBAH

*** WARNING L2: REFERENCE MADE TO UNRESOLVED EXTERNAL
    SYMBOL:  AUTO_MODE
    MODULE:  .\Obj\KeyPad.obj (KEYPAD)
    ADDRESS: 2FC5H
BL51 BANKED LINKER/LOCATER V6.22                                                      02/25/2019  11:33:42  PAGE 54



*** WARNING L2: REFERENCE MADE TO UNRESOLVED EXTERNAL
    SYMBOL:  AUTO_MODE
    MODULE:  .\Obj\KeyPad.obj (KEYPAD)
    ADDRESS: 2FCCH

Program Size: data=10.2 xdata=1593 code=19578
LINK/LOCATE RUN COMPLETE.  28 WARNING(S),  0 ERROR(S)
