BL51 BANKED LINKER/LOCATER V6.22                                                        08/26/2019  17:16:10  PAGE 1


BL51 BANKED LINKER/LOCATER V6.22, INVOKED BY:
C:\KEIL_V5\C51\BIN\BL51.EXE .\Obj\main.obj, .\Obj\PCF85063BTL.obj, .\Obj\LCd_Driver_SPLC780D.obj, .\Obj\KeyPad.obj, .\Ob
>> j\BipolarMotor.obj, .\Obj\SunPos.obj, .\Obj\ADC.obj, .\Obj\Calibration.obj, .\Obj\IOExpander_PI4IOE5V96248.obj, .\Obj
>> \AT25SF041.obj, .\Obj\SI1120.obj, .\Obj\UART1.obj, .\Obj\STARTUP.obj TO .\Obj\GPIO_RTC_Test RTX51TINY PRINT (.\Lis\GP
>> IO_RTC_Test.m51) RAMSIZE (256)


MEMORY MODEL: LARGE WITH FLOATING POINT ARITHMETIC


INPUT MODULES INCLUDED:
  .\Obj\main.obj (MAIN)
  .\Obj\PCF85063BTL.obj (PCF85063BTL)
  .\Obj\LCd_Driver_SPLC780D.obj (LCD_DRIVER_SPLC780D)
  .\Obj\KeyPad.obj (KEYPAD)
  .\Obj\BipolarMotor.obj (BIPOLARMOTOR)
  .\Obj\SunPos.obj (SUNPOS)
  .\Obj\ADC.obj (ADC)
  .\Obj\Calibration.obj (CALIBRATION)
  .\Obj\IOExpander_PI4IOE5V96248.obj (IOEXPANDER_PI4IOE5V96248)
  .\Obj\AT25SF041.obj (AT25SF041)
  .\Obj\SI1120.obj (SI1120)
  .\Obj\UART1.obj (UART1)
  .\Obj\STARTUP.obj (?C_STARTUP)
  C:\KEIL_V5\C51\LIB\C51FPL.LIB (?C?FPADD)
  C:\KEIL_V5\C51\LIB\C51FPL.LIB (?C?FPMUL)
  C:\KEIL_V5\C51\LIB\C51FPL.LIB (?C?FPDIV)
  C:\KEIL_V5\C51\LIB\C51FPL.LIB (?C?FPCMP)
  C:\KEIL_V5\C51\LIB\C51FPL.LIB (?C?FPNEG)
  C:\KEIL_V5\C51\LIB\C51FPL.LIB (?C?FCAST)
  C:\KEIL_V5\C51\LIB\C51FPL.LIB (?C?CASTF)
  C:\KEIL_V5\C51\LIB\C51FPL.LIB (PRINTF)
  C:\KEIL_V5\C51\LIB\C51FPL.LIB (FABS)
  C:\KEIL_V5\C51\LIB\C51FPL.LIB (ATAN2)
  C:\KEIL_V5\C51\LIB\C51FPL.LIB (SIN)
  C:\KEIL_V5\C51\LIB\C51FPL.LIB (ACOS)
  C:\KEIL_V5\C51\LIB\C51FPL.LIB (ASIN)
  C:\KEIL_V5\C51\LIB\C51FPL.LIB (POW)
  C:\KEIL_V5\C51\LIB\C51FPL.LIB (?C?FPGETOPN)
  C:\KEIL_V5\C51\LIB\C51FPL.LIB (?C?CHKFLOAT)
  C:\KEIL_V5\C51\LIB\C51FPL.LIB (?C?FPROUND)
  C:\KEIL_V5\C51\LIB\C51FPL.LIB (?C?FPCONVERT)
  C:\KEIL_V5\C51\LIB\C51FPL.LIB (?C?FPSERIES)
  C:\KEIL_V5\C51\LIB\C51FPL.LIB (EXP)
  C:\KEIL_V5\C51\LIB\C51FPL.LIB (LOG)
  C:\KEIL_V5\C51\LIB\C51FPL.LIB (SQRT)
  C:\KEIL_V5\C51\LIB\C51FPL.LIB (ATAN)
  C:\KEIL_V5\C51\LIB\C51FPL.LIB (?C?FTNPWR)
  C:\KEIL_V5\C51\LIB\C51L.LIB (?C_INIT)
  C:\KEIL_V5\C51\LIB\C51L.LIB (?C?COPY)
  C:\KEIL_V5\C51\LIB\C51L.LIB (?C?CLDPTR)
  C:\KEIL_V5\C51\LIB\C51L.LIB (?C?CLDOPTR)
  C:\KEIL_V5\C51\LIB\C51L.LIB (?C?CSTPTR)
  C:\KEIL_V5\C51\LIB\C51L.LIB (?C?IMUL)
  C:\KEIL_V5\C51\LIB\C51L.LIB (?C?UIDIV)
  C:\KEIL_V5\C51\LIB\C51L.LIB (?C?SIDIV)
  C:\KEIL_V5\C51\LIB\C51L.LIB (?C?ILDIX)
  C:\KEIL_V5\C51\LIB\C51L.LIB (?C?ILDOPTR)
BL51 BANKED LINKER/LOCATER V6.22                                                      08/26/2019  17:16:10  PAGE 2


  C:\KEIL_V5\C51\LIB\C51L.LIB (?C?ISTPTR)
  C:\KEIL_V5\C51\LIB\C51L.LIB (?C?LMUL)
  C:\KEIL_V5\C51\LIB\C51L.LIB (?C?SLDIV)
  C:\KEIL_V5\C51\LIB\C51L.LIB (?C?LNEG)
  C:\KEIL_V5\C51\LIB\C51L.LIB (?C?ULCMP)
  C:\KEIL_V5\C51\LIB\C51L.LIB (?C?LSHL)
  C:\KEIL_V5\C51\LIB\C51L.LIB (?C?LLDPTR)
  C:\KEIL_V5\C51\LIB\C51L.LIB (?C?LLDOPTR)
  C:\KEIL_V5\C51\LIB\C51L.LIB (?C?LSTPTR)
  C:\KEIL_V5\C51\LIB\C51L.LIB (?C?LSTOPTR)
  C:\KEIL_V5\C51\LIB\C51L.LIB (?C?LLDXDATA)
  C:\KEIL_V5\C51\LIB\C51L.LIB (?C?LLDCODE)
  C:\KEIL_V5\C51\LIB\C51L.LIB (?C?LLDXDATA0)
  C:\KEIL_V5\C51\LIB\C51L.LIB (?C?LLDCODE0)
  C:\KEIL_V5\C51\LIB\C51L.LIB (?C?LLDPTR0)
  C:\KEIL_V5\C51\LIB\C51L.LIB (?C?LSTXDATA)
  C:\KEIL_V5\C51\LIB\C51L.LIB (?C?LSTKXDATA)
  C:\KEIL_V5\C51\LIB\C51L.LIB (?C?LSTKPTR)
  C:\KEIL_V5\C51\LIB\C51L.LIB (?C?OFFXADD)
  C:\KEIL_V5\C51\LIB\C51L.LIB (?C?PLDIXDATA)
  C:\KEIL_V5\C51\LIB\C51L.LIB (?C?PSTXDATA)
  C:\KEIL_V5\C51\LIB\C51L.LIB (?C?CCASE)
  C:\KEIL_V5\C51\LIB\C51L.LIB (PUTCHAR)
  C:\KEIL_V5\C51\LIB\C51L.LIB (ABS)
  C:\KEIL_V5\C51\LIB\C51L.LIB (ATOI)
  C:\KEIL_V5\C51\LIB\C51L.LIB (?C?IILDX)
  C:\KEIL_V5\C51\LIB\C51L.LIB (?C?ULDIV)
  C:\KEIL_V5\C51\LIB\C51L.LIB (?C?LLDIDATA)
  C:\KEIL_V5\C51\LIB\C51L.LIB (?C?LLDPDATA)
  C:\KEIL_V5\C51\LIB\C51L.LIB (?C?LLDIDATA0)
  C:\KEIL_V5\C51\LIB\C51L.LIB (?C?LLDPDATA0)
  C:\KEIL_V5\C51\LIB\C51L.LIB (?C?LSTIDATA)
  C:\KEIL_V5\C51\LIB\C51L.LIB (?C?LSTPDATA)
  C:\KEIL_V5\C51\LIB\C51L.LIB (?C?LSTKIDATA)
  C:\KEIL_V5\C51\LIB\C51L.LIB (?C?LSTKPDATA)
  C:\KEIL_V5\C51\LIB\C51L.LIB (ISDIGIT)
  C:\KEIL_V5\C51\LIB\C51L.LIB (ISSPACE)


LINK MAP OF MODULE:  .\Obj\GPIO_RTC_Test (MAIN)


            TYPE    BASE      LENGTH    RELOCATION   SEGMENT NAME
            -----------------------------------------------------

            * * * * * * *   D A T A   M E M O R Y   * * * * * * *
            REG     0000H     0008H     ABSOLUTE     "REG BANK 0"
            DATA    0008H     0005H     UNIT         _DATA_GROUP_
                    000DH     0013H                  *** GAP ***
            BIT     0020H.0   0001H.2   UNIT         _BIT_GROUP_
            BIT     0021H.2   0000H.1   UNIT         ?BI?MAIN
            BIT     0021H.3   0000H.1   UNIT         ?BI?_ATOI?ATOI
                    0021H.4   0000H.4                *** GAP ***
            IDATA   0022H     0001H     UNIT         ?STACK

            * * * * * * *  X D A T A   M E M O R Y  * * * * * * *
            XDATA   0000H     03BCH     UNIT         ?XD?BIPOLARMOTOR
BL51 BANKED LINKER/LOCATER V6.22                                                      08/26/2019  17:16:10  PAGE 3


            XDATA   03BCH     0161H     UNIT         _XDATA_GROUP_
            XDATA   051DH     011DH     UNIT         ?XD?MAIN
            XDATA   063AH     0019H     UNIT         ?XD?KEYPAD
            XDATA   0653H     0005H     UNIT         ?XD?_ATOI?ATOI
            XDATA   0658H     0001H     UNIT         ?XD?UC_ACK?IOEXPANDER_PI4IOE5V96248
            XDATA   0659H     0001H     UNIT         ?XD?UC_NACK?IOEXPANDER_PI4IOE5V96248

            * * * * * * *   C O D E   M E M O R Y   * * * * * * *
            CODE    0000H     0003H     ABSOLUTE     
            CODE    0003H     0003H     ABSOLUTE     
            CODE    0006H     0005H     UNIT         ?PR?_UNIT?UART1
            CODE    000BH     0003H     ABSOLUTE     
            CODE    000EH     000DH     UNIT         ?PR?UART?MAIN
            CODE    001BH     0003H     ABSOLUTE     
            CODE    001EH     0005H     UNIT         ?PR?_ASCII_LETTER?UART1
            CODE    0023H     0003H     ABSOLUTE     
            CODE    0026H     244AH     UNIT         ?PR?MAIN?MAIN
            CODE    2470H     0BC8H     UNIT         ?C?LIB_CODE
            CODE    3038H     07A2H     UNIT         ?PR?SUNPOS?SUNPOS
            CODE    37DAH     06F4H     UNIT         ?PR?_FIND_REAL_MAX?CALIBRATION
            CODE    3ECEH     0645H     UNIT         ?PR?_UPDATE_POSITION?BIPOLARMOTOR
            CODE    4513H     04FBH     UNIT         ?PR?_THEORICALJP_POSITION?BIPOLARMOTOR
            CODE    4A0EH     0483H     UNIT         ?PR?PRINTF?PRINTF
            CODE    4E91H     041AH     UNIT         ?C_INITSEG
            CODE    52ABH     038CH     UNIT         ?PR?KEY_PROCESS?KEYPAD
            CODE    5637H     036DH     UNIT         ?PR?_ELEVATION_CALCULATION?BIPOLARMOTOR
            CODE    59A4H     0322H     UNIT         ?PR?_AZIMUTH_CALCULATION?BIPOLARMOTOR
            CODE    5CC6H     01C7H     UNIT         ?PR?_CALIBRATION?CALIBRATION
            CODE    5E8DH     018DH     UNIT         ?PR?KEY_SCAN?KEYPAD
            CODE    601AH     0189H     UNIT         ?PR?SPI_NOR_WRITE_DATA?AT25SF041
            CODE    61A3H     0188H     UNIT         ?PR?SIN?SIN
            CODE    632BH     0166H     UNIT         ?PR?_POW?POW
            CODE    6491H     0155H     UNIT         ?PR?_DISPLAY_POS?LCD_DRIVER_SPLC780D
            CODE    65E6H     0129H     UNIT         ?PR?LOG?LOG
            CODE    670FH     0122H     UNIT         ?PR?ATAN?ATAN
            CODE    6831H     0110H     UNIT         ?PR?_AT25SF041_READ?AT25SF041
            CODE    6941H     0102H     UNIT         ?PR?_AT25SF041_WRITE?AT25SF041
            CODE    6A43H     00F5H     UNIT         ?PR?EXINT0?MAIN
            CODE    6B38H     00DBH     UNIT         ?PR?_ATOI?ATOI
            CODE    6C13H     00C3H     UNIT         ?PR?LINEAR_INTERPOLATE?BIPOLARMOTOR
            CODE    6CD6H     00BBH     UNIT         ?PR?VOLTAGE_IS_STABLE?CALIBRATION
            CODE    6D91H     00ADH     UNIT         ?PR?_WRITE_PI4IOE5V96248?IOEXPANDER_PI4IOE5V96248
            CODE    6E3EH     00ACH     UNIT         ?PR?SQRT?SQRT
            CODE    6EEAH     00A1H     UNIT         ?PR?UCREAD_STATUS_REGISTER_BYTE1?AT25SF041
            CODE    6F8BH     009DH     UNIT         ?PR?_ATAN2?ATAN2
            CODE    7028H     009CH     UNIT         ?PR?_MAX_VALUE?CALIBRATION
            CODE    70C4H     009AH     UNIT         ?PR?EXP?EXP
            CODE    715EH     008CH     UNIT         ?C_C51STARTUP
            CODE    71EAH     0088H     UNIT         ?PR?_DAY_OF_YEAR?PCF85063BTL
            CODE    7272H     0079H     UNIT         ?PR?_WRITEDATA?LCD_DRIVER_SPLC780D
            CODE    72EBH     0072H     UNIT         ?PR?AT25SF041_WRITEENABLE?AT25SF041
            CODE    735DH     006FH     UNIT         ?PR?_READ_TIME?PCF85063BTL
            CODE    73CCH     005AH     UNIT         ?PR?AT25SF041_CHIPERASE?AT25SF041
            CODE    7426H     0059H     UNIT         ?PR?LCD_INIT?LCD_DRIVER_SPLC780D
            CODE    747FH     0056H     UNIT         ?CO?MAIN
            CODE    74D5H     004BH     UNIT         ?CO?UART1
            CODE    7520H     004AH     UNIT         ?PR?VONESTEPMOVE?BIPOLARMOTOR
BL51 BANKED LINKER/LOCATER V6.22                                                      08/26/2019  17:16:10  PAGE 4


            CODE    756AH     004AH     UNIT         ?PR?ACOS?ACOS
            CODE    75B4H     0044H     UNIT         ?C?LDIV
            CODE    75F8H     0040H     UNIT         ?PR?_COMMAND?LCD_DRIVER_SPLC780D
            CODE    7638H     0040H     UNIT         ?PR?_STEP_MOVE?BIPOLARMOTOR
            CODE    7678H     003BH     UNIT         ?PR?ASIN?ASIN
            CODE    76B3H     0033H     UNIT         ?PR?_SENDSTRING?UART1
            CODE    76E6H     0031H     UNIT         ?PR?SI1120_CONFIG_MODE_VIRH?SI1120
            CODE    7717H     002BH     UNIT         ?PR?_WAIT_MS_I2C?IOEXPANDER_PI4IOE5V96248
            CODE    7742H     002BH     UNIT         ?PR?_WAIT_MS_SPINOR?AT25SF041
            CODE    776DH     002AH     UNIT         ?PR?_ADC_GETRESULT?ADC
            CODE    7797H     0028H     UNIT         ?PR?_BCDTODEC1?BIPOLARMOTOR
            CODE    77BFH     0028H     UNIT         ?PR?_MOVE?BIPOLARMOTOR
            CODE    77E7H     0028H     UNIT         ?CO?CALIBRATION
            CODE    780FH     0027H     UNIT         ?PR?_I2C_SENDBYTE?IOEXPANDER_PI4IOE5V96248
            CODE    7836H     0027H     UNIT         ?PR?PUTCHAR?PUTCHAR
            CODE    785DH     0025H     UNIT         ?PR?_FINDCLOSESTSAMEDAYCALIBTIME?CALIBRATION
            CODE    7882H     0024H     UNIT         ?PR?_WAIT_MS?LCD_DRIVER_SPLC780D
            CODE    78A6H     0024H     UNIT         ?PR?_UART1_SENDTOTCPSERVER?UART1
            CODE    78CAH     0021H     UNIT         ?PR?TM0_ISR?MAIN
            CODE    78EBH     0020H     UNIT         ?PR?_SPI_SENDBYTE?PCF85063BTL
            CODE    790BH     0020H     UNIT         ?PR?SPI_RECEIVEBYTE?PCF85063BTL
            CODE    792BH     001EH     UNIT         ?PR?_DELAY_MS?KEYPAD
            CODE    7949H     001DH     UNIT         ?PR?_DISPLAYLCD?LCD_DRIVER_SPLC780D
            CODE    7966H     001AH     UNIT         ?PR?ADC_INIT?ADC
            CODE    7980H     0018H     UNIT         ?PR?_SPI_WRITETIME?PCF85063BTL
            CODE    7998H     0017H     UNIT         ?PR?_ASCIITOBCD?UART1
            CODE    79AFH     0016H     UNIT         ?PR?I2C_ACK?IOEXPANDER_PI4IOE5V96248
            CODE    79C5H     0015H     UNIT         ?PR?_DISPLAY_LINE?LCD_DRIVER_SPLC780D
            CODE    79DAH     0015H     UNIT         ?PR?VSETLOCATION?BIPOLARMOTOR
            CODE    79EFH     0015H     UNIT         ?PR?I2C_STOP?IOEXPANDER_PI4IOE5V96248
            CODE    7A04H     0014H     UNIT         ?PR?_PCF85063BTL_DELAY?PCF85063BTL
            CODE    7A18H     0014H     UNIT         ?PR?_ISSPACE?ISSPACE
            CODE    7A2CH     0011H     UNIT         ?PR?_SPI_READTIME?PCF85063BTL
            CODE    7A3DH     0011H     UNIT         ?PR?_BCDTODEC?PCF85063BTL
            CODE    7A4EH     0011H     UNIT         ?PR?INITUART1?UART1
            CODE    7A5FH     000FH     UNIT         ?PR?I2C_START?IOEXPANDER_PI4IOE5V96248
            CODE    7A6EH     000FH     UNIT         ?PR?UC_NACK?IOEXPANDER_PI4IOE5V96248
            CODE    7A7DH     000FH     UNIT         ?PR?_ISDIGIT?ISDIGIT
            CODE    7A8CH     000DH     UNIT         ?PR?SPI_INIT?PCF85063BTL
            CODE    7A99H     000DH     UNIT         ?PR?ENABLE_EXTINT0?SI1120
            CODE    7AA6H     000DH     UNIT         ?PR?_FABS?FABS
            CODE    7AB3H     000CH     UNIT         ?PR?KEYPAD_IO_INIT?KEYPAD
            CODE    7ABFH     000CH     UNIT         ?PR?_ABS?ABS
            CODE    7ACBH     000AH     UNIT         ?PR?LCD_RETURN_HOME?LCD_DRIVER_SPLC780D
            CODE    7AD5H     000AH     UNIT         ?PR?LCD_CLEAR?LCD_DRIVER_SPLC780D
            CODE    7ADFH     0009H     UNIT         ?PR?TM1_ISR?MAIN
            CODE    7AE8H     0009H     UNIT         ?PR?_SENDUART1?MAIN
            CODE    7AF1H     0009H     UNIT         ?PR?UART1_INITTCPCONN?UART1
            CODE    7AFAH     0006H     UNIT         ?PR?UC_ACK?IOEXPANDER_PI4IOE5V96248
            CODE    7B00H     0006H     UNIT         ?PR?_TEN?UART1
            CODE    7B06H     0001H     UNIT         ?PR?NOP?IOEXPANDER_PI4IOE5V96248
            CODE    7B07H     0001H     UNIT         ?PR?_DECTOBCD?UART1



OVERLAY MAP OF MODULE:   .\Obj\GPIO_RTC_Test (MAIN)

BL51 BANKED LINKER/LOCATER V6.22                                                      08/26/2019  17:16:10  PAGE 5



SEGMENT                                             BIT_GROUP          DATA_GROUP          XDATA_GROUP
  +--> CALLED SEGMENT                            START    LENGTH     START    LENGTH     START    LENGTH
--------------------------------------------------------------------------------------------------------
?PR?EXINT0?MAIN                                  -----    -----      -----    -----      -----    -----
  +--> ?PR?_POW?POW

?PR?_POW?POW                                     -----    -----      -----    -----      03BCH    000AH
  +--> ?PR?LOG?LOG
  +--> ?PR?EXP?EXP

?PR?LOG?LOG                                      0020H.0  0000H.1    -----    -----      03C6H    0004H

*** NEW ROOT ***************************************************

?C_C51STARTUP                                    -----    -----      -----    -----      -----    -----
  +--> ?PR?MAIN?MAIN
  +--> ?C_INITSEG

?PR?MAIN?MAIN                                    -----    -----      -----    -----      03CAH    0032H
  +--> ?PR?LCD_INIT?LCD_DRIVER_SPLC780D
  +--> ?PR?SPI_INIT?PCF85063BTL
  +--> ?PR?KEYPAD_IO_INIT?KEYPAD
  +--> ?PR?ADC_INIT?ADC
  +--> ?PR?SI1120_CONFIG_MODE_VIRH?SI1120
  +--> ?PR?ENABLE_EXTINT0?SI1120
  +--> ?PR?VSETLOCATION?BIPOLARMOTOR
  +--> ?PR?_SPI_WRITETIME?PCF85063BTL
  +--> ?PR?_DELAY_MS?KEYPAD
  +--> ?PR?_DISPLAY_LINE?LCD_DRIVER_SPLC780D
  +--> ?PR?_WRITEDATA?LCD_DRIVER_SPLC780D
  +--> ?PR?INITUART1?UART1
  +--> ?PR?UART1_INITTCPCONN?UART1
  +--> ?CO?MAIN
  +--> ?PR?_UART1_SENDTOTCPSERVER?UART1
  +--> ?PR?KEY_PROCESS?KEYPAD
  +--> ?PR?_COMMAND?LCD_DRIVER_SPLC780D
  +--> ?PR?_DISPLAY_POS?LCD_DRIVER_SPLC780D
  +--> ?PR?_DISPLAYLCD?LCD_DRIVER_SPLC780D
  +--> ?PR?_STEP_MOVE?BIPOLARMOTOR
  +--> ?PR?LCD_RETURN_HOME?LCD_DRIVER_SPLC780D
  +--> ?PR?_READ_TIME?PCF85063BTL
  +--> ?PR?_BCDTODEC1?BIPOLARMOTOR
  +--> ?PR?_SENDSTRING?UART1
  +--> ?PR?_ELEVATION_CALCULATION?BIPOLARMOTOR
  +--> ?PR?_AZIMUTH_CALCULATION?BIPOLARMOTOR
  +--> ?PR?PRINTF?PRINTF
  +--> ?PR?SIN?SIN
  +--> ?PR?_CALIBRATION?CALIBRATION
  +--> ?PR?_UPDATE_POSITION?BIPOLARMOTOR
  +--> ?PR?_AT25SF041_READ?AT25SF041
  +--> ?PR?_WAIT_MS_SPINOR?AT25SF041
  +--> ?PR?AT25SF041_WRITEENABLE?AT25SF041
  +--> ?PR?_AT25SF041_WRITE?AT25SF041
  +--> ?PR?_ABS?ABS
  +--> ?PR?_FABS?FABS
  +--> ?PR?_ADC_GETRESULT?ADC
BL51 BANKED LINKER/LOCATER V6.22                                                      08/26/2019  17:16:10  PAGE 6


  +--> ?PR?SPI_NOR_WRITE_DATA?AT25SF041
  +--> ?PR?_WAIT_MS?LCD_DRIVER_SPLC780D
  +--> ?PR?LINEAR_INTERPOLATE?BIPOLARMOTOR
  +--> ?PR?_THEORICALJP_POSITION?BIPOLARMOTOR
  +--> ?PR?AT25SF041_CHIPERASE?AT25SF041
  +--> ?PR?LCD_CLEAR?LCD_DRIVER_SPLC780D

?PR?LCD_INIT?LCD_DRIVER_SPLC780D                 -----    -----      -----    -----      -----    -----
  +--> ?PR?_WAIT_MS?LCD_DRIVER_SPLC780D
  +--> ?PR?_COMMAND?LCD_DRIVER_SPLC780D

?PR?_COMMAND?LCD_DRIVER_SPLC780D                 -----    -----      -----    -----      -----    -----
  +--> ?PR?_WAIT_MS?LCD_DRIVER_SPLC780D

?PR?SI1120_CONFIG_MODE_VIRH?SI1120               -----    -----      -----    -----      -----    -----
  +--> ?PR?_WAIT_MS?LCD_DRIVER_SPLC780D

?PR?_SPI_WRITETIME?PCF85063BTL                   -----    -----      -----    -----      -----    -----
  +--> ?PR?_SPI_SENDBYTE?PCF85063BTL

?PR?_SPI_SENDBYTE?PCF85063BTL                    -----    -----      -----    -----      -----    -----
  +--> ?PR?_PCF85063BTL_DELAY?PCF85063BTL

?PR?_DISPLAY_LINE?LCD_DRIVER_SPLC780D            -----    -----      -----    -----      -----    -----
  +--> ?PR?_COMMAND?LCD_DRIVER_SPLC780D

?PR?_WRITEDATA?LCD_DRIVER_SPLC780D               -----    -----      -----    -----      04F8H    0001H
  +--> ?PR?_WAIT_MS?LCD_DRIVER_SPLC780D

?PR?UART1_INITTCPCONN?UART1                      -----    -----      -----    -----      -----    -----
  +--> ?CO?UART1
  +--> ?PR?_SENDSTRING?UART1

?PR?_SENDSTRING?UART1                            -----    -----      -----    -----      04EDH    0003H
  +--> ?PR?_SENDUART1?MAIN

?PR?_UART1_SENDTOTCPSERVER?UART1                 -----    -----      -----    -----      03FCH    0003H
  +--> ?CO?UART1
  +--> ?PR?_SENDSTRING?UART1
  +--> ?PR?_DELAY_MS?KEYPAD

?PR?KEY_PROCESS?KEYPAD                           -----    -----      -----    -----      03FCH    0006H
  +--> ?PR?KEY_SCAN?KEYPAD
  +--> ?PR?_SPI_WRITETIME?PCF85063BTL
  +--> ?PR?LCD_CLEAR?LCD_DRIVER_SPLC780D
  +--> ?PR?_COMMAND?LCD_DRIVER_SPLC780D
  +--> ?PR?_WRITEDATA?LCD_DRIVER_SPLC780D

?PR?KEY_SCAN?KEYPAD                              -----    -----      -----    -----      0402H    0003H

?PR?LCD_CLEAR?LCD_DRIVER_SPLC780D                -----    -----      -----    -----      -----    -----
  +--> ?PR?_COMMAND?LCD_DRIVER_SPLC780D

?PR?_DISPLAY_POS?LCD_DRIVER_SPLC780D             -----    -----      -----    -----      04EDH    000BH
  +--> ?PR?_ABS?ABS
  +--> ?PR?_WRITEDATA?LCD_DRIVER_SPLC780D

BL51 BANKED LINKER/LOCATER V6.22                                                      08/26/2019  17:16:10  PAGE 7


?PR?_DISPLAYLCD?LCD_DRIVER_SPLC780D              -----    -----      -----    -----      03FCH    0001H
  +--> ?PR?_WRITEDATA?LCD_DRIVER_SPLC780D

?PR?_STEP_MOVE?BIPOLARMOTOR                      0020H.2  0000H.1    -----    -----      04F1H    0004H
  +--> ?PR?VONESTEPMOVE?BIPOLARMOTOR

?PR?VONESTEPMOVE?BIPOLARMOTOR                    0020H.3  0000H.1    -----    -----      -----    -----
  +--> ?PR?_WRITE_PI4IOE5V96248?IOEXPANDER_P...
  +--> ?PR?_DELAY_MS?KEYPAD

?PR?_WRITE_PI4IOE5V96248?IOEXPANDER_P...         -----    -----      -----    -----      04F5H    0003H
  +--> ?PR?I2C_START?IOEXPANDER_PI4IOE5V96248
  +--> ?PR?_WAIT_MS_I2C?IOEXPANDER_PI4IOE5V9...
  +--> ?PR?_I2C_SENDBYTE?IOEXPANDER_PI4IOE5V...
  +--> ?PR?I2C_ACK?IOEXPANDER_PI4IOE5V96248
  +--> ?PR?I2C_STOP?IOEXPANDER_PI4IOE5V96248

?PR?I2C_START?IOEXPANDER_PI4IOE5V96248           -----    -----      -----    -----      -----    -----
  +--> ?PR?_WAIT_MS_I2C?IOEXPANDER_PI4IOE5V9...

?PR?_I2C_SENDBYTE?IOEXPANDER_PI4IOE5V...         -----    -----      -----    -----      -----    -----
  +--> ?PR?_WAIT_MS_I2C?IOEXPANDER_PI4IOE5V9...

?PR?I2C_ACK?IOEXPANDER_PI4IOE5V96248             -----    -----      -----    -----      04F8H    0001H
  +--> ?PR?_WAIT_MS_I2C?IOEXPANDER_PI4IOE5V9...

?PR?I2C_STOP?IOEXPANDER_PI4IOE5V96248            -----    -----      -----    -----      -----    -----
  +--> ?PR?_WAIT_MS_I2C?IOEXPANDER_PI4IOE5V9...

?PR?LCD_RETURN_HOME?LCD_DRIVER_SPLC780D          -----    -----      -----    -----      -----    -----
  +--> ?PR?_COMMAND?LCD_DRIVER_SPLC780D

?PR?_READ_TIME?PCF85063BTL                       -----    -----      -----    -----      04EDH    000FH
  +--> ?PR?_SPI_READTIME?PCF85063BTL

?PR?_SPI_READTIME?PCF85063BTL                    -----    -----      -----    -----      -----    -----
  +--> ?PR?_SPI_SENDBYTE?PCF85063BTL
  +--> ?PR?SPI_RECEIVEBYTE?PCF85063BTL

?PR?SPI_RECEIVEBYTE?PCF85063BTL                  -----    -----      -----    -----      -----    -----
  +--> ?PR?_PCF85063BTL_DELAY?PCF85063BTL

?PR?_ELEVATION_CALCULATION?BIPOLARMOTOR          -----    -----      -----    -----      03FCH    0005H
  +--> ?PR?_BCDTODEC1?BIPOLARMOTOR
  +--> ?PR?SUNPOS?SUNPOS
  +--> ?PR?SIN?SIN
  +--> ?PR?ASIN?ASIN

?PR?SUNPOS?SUNPOS                                -----    -----      -----    -----      0446H    005DH
  +--> ?PR?SIN?SIN
  +--> ?PR?_ATAN2?ATAN2
  +--> ?PR?ASIN?ASIN
  +--> ?PR?ACOS?ACOS

?PR?SIN?SIN                                      0020H.1  0000H.1    -----    -----      04A3H    0004H

?PR?_ATAN2?ATAN2                                 -----    -----      -----    -----      04A3H    0008H
BL51 BANKED LINKER/LOCATER V6.22                                                      08/26/2019  17:16:10  PAGE 8


  +--> ?PR?ATAN?ATAN

?PR?ATAN?ATAN                                    0020H.1  0000H.2    -----    -----      04ABH    0004H

?PR?ASIN?ASIN                                    -----    -----      -----    -----      -----    -----
  +--> ?PR?SQRT?SQRT
  +--> ?PR?ATAN?ATAN

?PR?SQRT?SQRT                                    -----    -----      -----    -----      04A3H    0004H

?PR?ACOS?ACOS                                    -----    -----      -----    -----      -----    -----
  +--> ?PR?SQRT?SQRT
  +--> ?PR?ATAN?ATAN

?PR?_AZIMUTH_CALCULATION?BIPOLARMOTOR            -----    -----      -----    -----      03FCH    0009H
  +--> ?PR?_BCDTODEC1?BIPOLARMOTOR
  +--> ?PR?SUNPOS?SUNPOS
  +--> ?PR?SIN?SIN
  +--> ?PR?ASIN?ASIN

?PR?PRINTF?PRINTF                                0020H.1  0001H.1    0008H    0005H      04EDH    0030H
  +--> ?PR?PUTCHAR?PUTCHAR

?PR?_CALIBRATION?CALIBRATION                     -----    -----      -----    -----      03FCH    0024H
  +--> ?PR?VOLTAGE_IS_STABLE?CALIBRATION
  +--> ?PR?_UPDATE_POSITION?BIPOLARMOTOR
  +--> ?PR?_FIND_REAL_MAX?CALIBRATION

?PR?VOLTAGE_IS_STABLE?CALIBRATION                -----    -----      -----    -----      0420H    0018H
  +--> ?PR?_ADC_GETRESULT?ADC
  +--> ?PR?_ABS?ABS

?PR?_UPDATE_POSITION?BIPOLARMOTOR                -----    -----      -----    -----      0420H    0026H
  +--> ?PR?_BCDTODEC1?BIPOLARMOTOR
  +--> ?PR?SUNPOS?SUNPOS
  +--> ?PR?SIN?SIN
  +--> ?PR?ASIN?ASIN
  +--> ?PR?_THEORICALJP_POSITION?BIPOLARMOTOR
  +--> ?PR?_FABS?FABS
  +--> ?PR?_MOVE?BIPOLARMOTOR

?PR?_THEORICALJP_POSITION?BIPOLARMOTOR           -----    -----      -----    -----      0446H    005CH
  +--> ?PR?LINEAR_INTERPOLATE?BIPOLARMOTOR

?PR?LINEAR_INTERPOLATE?BIPOLARMOTOR              -----    -----      -----    -----      04A2H    0014H

?PR?_MOVE?BIPOLARMOTOR                           0020H.1  0000H.1    -----    -----      04EDH    0004H
  +--> ?PR?_STEP_MOVE?BIPOLARMOTOR

?PR?_FIND_REAL_MAX?CALIBRATION                   -----    -----      -----    -----      0420H    00CDH
  +--> ?PR?_ADC_GETRESULT?ADC
  +--> ?PR?_WAIT_MS?LCD_DRIVER_SPLC780D
  +--> ?CO?CALIBRATION
  +--> ?PR?PRINTF?PRINTF
  +--> ?PR?_SENDSTRING?UART1
  +--> ?PR?_COMMAND?LCD_DRIVER_SPLC780D
  +--> ?PR?_WRITEDATA?LCD_DRIVER_SPLC780D
BL51 BANKED LINKER/LOCATER V6.22                                                      08/26/2019  17:16:10  PAGE 9


  +--> ?PR?_DISPLAY_POS?LCD_DRIVER_SPLC780D
  +--> ?PR?_MOVE?BIPOLARMOTOR
  +--> ?PR?_READ_TIME?PCF85063BTL
  +--> ?PR?_BCDTODEC1?BIPOLARMOTOR
  +--> ?PR?_MAX_VALUE?CALIBRATION

?PR?_MAX_VALUE?CALIBRATION                       -----    -----      -----    -----      04EDH    0004H

?PR?_AT25SF041_READ?AT25SF041                    -----    -----      -----    -----      03FCH    0008H
  +--> ?PR?_WAIT_MS_SPINOR?AT25SF041
  +--> ?PR?UCREAD_STATUS_REGISTER_BYTE1?AT25...

?PR?UCREAD_STATUS_REGISTER_BYTE1?AT25...         -----    -----      -----    -----      0412H    0003H
  +--> ?PR?_WAIT_MS_SPINOR?AT25SF041

?PR?AT25SF041_WRITEENABLE?AT25SF041              -----    -----      -----    -----      040AH    0002H
  +--> ?PR?_WAIT_MS_SPINOR?AT25SF041
  +--> ?PR?UCREAD_STATUS_REGISTER_BYTE1?AT25...

?PR?_AT25SF041_WRITE?AT25SF041                   -----    -----      -----    -----      040AH    0008H
  +--> ?PR?_WAIT_MS_SPINOR?AT25SF041
  +--> ?PR?UCREAD_STATUS_REGISTER_BYTE1?AT25...

?PR?SPI_NOR_WRITE_DATA?AT25SF041                 -----    -----      -----    -----      03FCH    000EH
  +--> ?PR?AT25SF041_WRITEENABLE?AT25SF041
  +--> ?PR?_AT25SF041_WRITE?AT25SF041
  +--> ?PR?_WAIT_MS_SPINOR?AT25SF041

?PR?AT25SF041_CHIPERASE?AT25SF041                -----    -----      -----    -----      03FCH    0002H
  +--> ?PR?_WAIT_MS_SPINOR?AT25SF041
  +--> ?PR?UCREAD_STATUS_REGISTER_BYTE1?AT25...



SYMBOL TABLE OF MODULE:  .\Obj\GPIO_RTC_Test (MAIN)

  VALUE           TYPE          NAME
  ----------------------------------

  -------         MODULE        MAIN
  C:0000H         SYMBOL        _ICE_DUMMY_
  X:0525H         PUBLIC        calib_value
  D:0080H         PUBLIC        P0
  D:0090H         PUBLIC        P1
  D:00A0H         PUBLIC        P2
  D:00B0H         PUBLIC        P3
  D:00C0H         PUBLIC        P4
  D:00C8H         PUBLIC        P5
  X:0579H         SYMBOL        PressedKey
  B:00A8H.7       PUBLIC        EA
  D:00E8H         PUBLIC        P6
  X:057DH         PUBLIC        calib_stamp
  D:00F8H         PUBLIC        P7
  X:057EH         PUBLIC        sTempString
  X:0587H         PUBLIC        calib_bool
  X:05B1H         PUBLIC        pwm_time_min
  D:00A8H         PUBLIC        IE
BL51 BANKED LINKER/LOCATER V6.22                                                      08/26/2019  17:16:10  PAGE 10


  X:05B5H         PUBLIC        calib_time
  X:0609H         PUBLIC        pwm_time_max
  B:0090H.7       PUBLIC        Connect_Electronics_Load
  D:00B8H         PUBLIC        IP
  B:0098H.0       PUBLIC        RI
  B:00B0H.2       PUBLIC        INT0
  X:060DH         PUBLIC        months
  B:0098H.1       PUBLIC        TI
  C:000EH         PUBLIC        Uart
  D:00D8H         PUBLIC        CCON
  C:0026H         PUBLIC        main
  X:060EH         PUBLIC        found_1st_point
  X:0610H         PUBLIC        i_point1
  X:0612H         PUBLIC        i_point2
  X:0614H         PUBLIC        count
  B:0090H.2       PUBLIC        Connect_IV_Load
  D:0099H         PUBLIC        SBUF
  X:0616H         PUBLIC        days
  X:0617H         PUBLIC        hours
  D:0098H         PUBLIC        SCON
  D:0089H         PUBLIC        TMOD
  D:0088H         PUBLIC        TCON
  B:00A0H.3       PUBLIC        P23
  X:0618H         SYMBOL        KeyCount
  X:061AH         PUBLIC        mins
  B:00C8H.5       PUBLIC        P55
  X:061BH         PUBLIC        diff_of_offset
  D:008EH         PUBLIC        AUXR
  C:78CAH         PUBLIC        tm0_isr
  B:0090H.5       PUBLIC        SI1120_STX
  C:7ADFH         PUBLIC        tm1_isr
  B:0021H.2       PUBLIC        busy
  D:00E0H         PUBLIC        ACC
  B:00A8H.1       PUBLIC        ET0
  B:00A8H.3       PUBLIC        ET1
  X:061FH         PUBLIC        SPI_NOR_INTERNAL_FLASH_ADDR
  D:008CH         PUBLIC        TH0
  D:008DH         PUBLIC        TH1
  D:008AH         PUBLIC        TL0
  D:008BH         PUBLIC        TL1
  X:0623H         PUBLIC        ii
  X:0625H         PUBLIC        jj
  B:0088H.4       PUBLIC        TR0
  B:0088H.6       PUBLIC        TR1
  X:0627H         PUBLIC        old_mins
  C:6A43H         PUBLIC        exint0
  X:0628H         SYMBOL        KeyNum
  X:0629H         SYMBOL        KeyNum_Old
  X:062AH         PUBLIC        timer0_count
  X:062CH         PUBLIC        current_position
  X:0630H         PUBLIC        pwm_time
  X:0634H         PUBLIC        i
  X:0636H         PUBLIC        j
  X:0638H         PUBLIC        start_timer0_count
  X:0639H         PUBLIC        seconds
  D:00D0H         PUBLIC        PSW
  C:7AE8H         PUBLIC        _SendUART1
BL51 BANKED LINKER/LOCATER V6.22                                                      08/26/2019  17:16:10  PAGE 11


  -------         PROC          TM0_ISR
  C:78CAH         LINE#         110
  C:78D0H         LINE#         114
  C:78D3H         LINE#         115
  C:78D6H         LINE#         116
  C:78E4H         LINE#         117
  -------         ENDPROC       TM0_ISR
  -------         PROC          TM1_ISR
  C:7ADFH         LINE#         118
  C:7ADFH         LINE#         120
  C:7AE1H         LINE#         122
  C:7AE4H         LINE#         123
  C:7AE7H         LINE#         124
  -------         ENDPROC       TM1_ISR
  -------         PROC          EXINT0
  C:6A43H         LINE#         125
  C:6A60H         LINE#         129
  C:6A63H         LINE#         130
  C:6A63H         LINE#         131
  C:6A66H         LINE#         132
  C:6A69H         LINE#         133
  C:6A6BH         LINE#         134
  C:6A6DH         LINE#         138
  C:6A70H         LINE#         141
  C:6A70H         LINE#         142
  C:6A72H         LINE#         144
  C:6A7EH         LINE#         145
  C:6AD8H         LINE#         146
  C:6B16H         LINE#         147
  C:6B1DH         LINE#         152
  C:6B1DH         LINE#         154
  -------         ENDPROC       EXINT0
  -------         PROC          MAIN
  -------         DO            
  X:051DH         SYMBOL        KeyCount
  X:051FH         SYMBOL        KeyNum_Old
  X:0520H         SYMBOL        KeyNum
  X:0521H         SYMBOL        PressedKey
  X:03CAH         SYMBOL        prox_flag
  X:03CBH         SYMBOL        iUse_prevday_calib_value
  X:03CDH         SYMBOL        max_ADC_Val_JP
  X:03CFH         SYMBOL        max_ADC_Val
  X:03D1H         SYMBOL        calib_point1
  X:03D9H         SYMBOL        calib_point2
  X:03E1H         SYMBOL        dat_to_store
  X:03ECH         SYMBOL        calib_day
  X:03EEH         SYMBOL        calib_count
  X:03F0H         SYMBOL        theorical_JP_max_pos
  X:03F4H         SYMBOL        elevation
  X:03F8H         SYMBOL        azimuth
  -------         ENDDO         
  C:0026H         LINE#         156
  C:0026H         LINE#         157
  C:0026H         LINE#         162
  C:002CH         LINE#         163
  C:0031H         LINE#         165
  C:0039H         LINE#         169
BL51 BANKED LINKER/LOCATER V6.22                                                      08/26/2019  17:16:10  PAGE 12


  C:003FH         LINE#         170
  C:0049H         LINE#         181
  C:0051H         LINE#         182
  C:0058H         LINE#         183
  C:005EH         LINE#         185
  C:0064H         LINE#         197
  C:0067H         LINE#         198
  C:006AH         LINE#         199
  C:006DH         LINE#         201
  C:0070H         LINE#         204
  C:0073H         LINE#         205
  C:0076H         LINE#         207
  C:0079H         LINE#         209
  C:007CH         LINE#         210
  C:007FH         LINE#         211
  C:0082H         LINE#         212
  C:0084H         LINE#         213
  C:0086H         LINE#         214
  C:0089H         LINE#         215
  C:008BH         LINE#         216
  C:008DH         LINE#         218
  C:008FH         LINE#         219
  C:0096H         LINE#         220
  C:009DH         LINE#         221
  C:00A4H         LINE#         222
  C:00ABH         LINE#         226
  C:00B2H         LINE#         227
  C:00B7H         LINE#         228
  C:00BCH         LINE#         229
  C:00C1H         LINE#         230
  C:00C6H         LINE#         231
  C:00CBH         LINE#         234
  C:00D2H         LINE#         235
  C:00D2H         LINE#         236
  C:00F5H         LINE#         237
  C:013FH         LINE#         238
  C:0154H         LINE#         239
  C:0171H         LINE#         240
  C:0174H         LINE#         243
  C:017BH         LINE#         246
  C:017EH         LINE#         248
  C:0185H         LINE#         249
  C:018EH         LINE#         252
  C:018EH         LINE#         253
  C:018EH         LINE#         254
  C:0191H         LINE#         264
  C:0191H         LINE#         268
  C:0196H         LINE#         269
  C:019BH         LINE#         271
  C:01A0H         LINE#         273
  C:01A5H         LINE#         274
  C:01AAH         LINE#         277
  C:01BBH         LINE#         279
  C:01C0H         LINE#         280
  C:01C5H         LINE#         282
  C:01CCH         LINE#         283
  C:01D4H         LINE#         284
BL51 BANKED LINKER/LOCATER V6.22                                                      08/26/2019  17:16:10  PAGE 13


  C:01D9H         LINE#         285
  C:01E1H         LINE#         286
  C:01E6H         LINE#         287
  C:01F0H         LINE#         288
  C:01F5H         LINE#         289
  C:01FDH         LINE#         291
  C:0205H         LINE#         292
  C:020AH         LINE#         293
  C:0214H         LINE#         294
  C:0214H         LINE#         295
  C:0216H         LINE#         296
  C:0218H         LINE#         297
  C:0222H         LINE#         298
  C:0222H         LINE#         299
  C:0227H         LINE#         300
  C:0227H         LINE#         312
  C:023BH         LINE#         313
  C:023BH         LINE#         314
  C:0250H         LINE#         315
  C:025FH         LINE#         316
  C:025FH         LINE#         317
  C:0272H         LINE#         318
  C:0274H         LINE#         320
  C:0274H         LINE#         321
  C:0290H         LINE#         322
  C:0290H         LINE#         323
  C:0295H         LINE#         324
  C:0295H         LINE#         325
  C:02A9H         LINE#         326
  C:02A9H         LINE#         329
  C:02BEH         LINE#         330
  C:02CDH         LINE#         331
  C:02CDH         LINE#         332
  C:02E0H         LINE#         333
  C:02E2H         LINE#         335
  C:02E2H         LINE#         336
  C:02FEH         LINE#         337
  C:02FEH         LINE#         338
  C:0303H         LINE#         339
  C:0309H         LINE#         340
  C:0309H         LINE#         342
  C:032BH         LINE#         343
  C:032BH         LINE#         344
  C:0335H         LINE#         345
  C:033BH         LINE#         346
  C:0342H         LINE#         347
  C:0348H         LINE#         348
  C:034FH         LINE#         349
  C:034FH         LINE#         350
  C:0352H         LINE#         352
  C:0352H         LINE#         357
  C:035AH         LINE#         358
  C:0395H         LINE#         359
  C:03B3H         LINE#         360
  C:03B3H         LINE#         362
  C:03BCH         LINE#         363
  C:03C3H         LINE#         364
BL51 BANKED LINKER/LOCATER V6.22                                                      08/26/2019  17:16:10  PAGE 14


  C:03CCH         LINE#         365
  C:03D3H         LINE#         367
  C:03D3H         LINE#         371
  C:03E0H         LINE#         372
  C:03E0H         LINE#         375
  C:03E7H         LINE#         376
  C:03F8H         LINE#         379
  C:03F8H         LINE#         380
  C:0420H         LINE#         381
  C:0420H         LINE#         382
  C:0442H         LINE#         383
  C:0442H         LINE#         385
  C:0468H         LINE#         386
  C:04A4H         LINE#         387
  C:04FAH         LINE#         388
  C:0503H         LINE#         389
  C:050AH         LINE#         390
  C:0513H         LINE#         391
  C:051CH         LINE#         392
  C:0523H         LINE#         396
  C:0560H         LINE#         404
  C:0560H         LINE#         406
  C:05DCH         LINE#         407
  C:05F5H         LINE#         408
  C:05F7H         LINE#         409
  C:05F9H         LINE#         411
  C:0683H         LINE#         416
  C:06B1H         LINE#         417
  C:06B1H         LINE#         419
  C:06E7H         LINE#         420
  C:070AH         LINE#         421
  C:071FH         LINE#         422
  C:0729H         LINE#         424
  C:072CH         LINE#         426
  C:072CH         LINE#         427
  C:0752H         LINE#         428
  C:0752H         LINE#         429
  C:077AH         LINE#         430
  C:0829H         LINE#         431
  C:084FH         LINE#         432
  C:0901H         LINE#         435
  C:0901H         LINE#         437
  C:0908H         LINE#         438
  C:090BH         LINE#         441
  C:0940H         LINE#         442
  C:0947H         LINE#         443
  C:094AH         LINE#         445
  C:0984H         LINE#         446
  C:09B0H         LINE#         448
  C:09DFH         LINE#         450
  C:09E6H         LINE#         451
  C:09EDH         LINE#         452
  C:09F0H         LINE#         455
  C:0A58H         LINE#         457
  C:0A5FH         LINE#         459
  C:0A66H         LINE#         460
  C:0A69H         LINE#         463
BL51 BANKED LINKER/LOCATER V6.22                                                      08/26/2019  17:16:10  PAGE 15


  C:0B28H         LINE#         465
  C:0B2FH         LINE#         466
  C:0B2FH         LINE#         468
  C:0B32H         LINE#         470
  C:0B32H         LINE#         472
  C:0B39H         LINE#         473
  C:0B39H         LINE#         474
  C:0B3CH         LINE#         475
  C:0B5AH         LINE#         476
  C:0B61H         LINE#         477
  C:0B80H         LINE#         478
  C:0B9FH         LINE#         480
  C:0C1BH         LINE#         481
  C:0C33H         LINE#         483
  C:0C35H         LINE#         484
  C:0C37H         LINE#         485
  C:0C8FH         LINE#         486
  C:0CCAH         LINE#         487
  C:0CD7H         LINE#         488
  C:0CE6H         LINE#         489
  C:0CE6H         LINE#         491
  C:0CEEH         LINE#         492
  C:0CF6H         LINE#         493
  C:0CFEH         LINE#         494
  C:0D06H         LINE#         496
  C:0D1AH         LINE#         497
  C:0D30H         LINE#         498
  C:0D60H         LINE#         499
  C:0D80H         LINE#         501
  C:0D94H         LINE#         502
  C:0DAAH         LINE#         503
  C:0DDAH         LINE#         504
  C:0DE1H         LINE#         506
  C:0E05H         LINE#         509
  C:0E30H         LINE#         511
  C:0E39H         LINE#         512
  C:0E40H         LINE#         513
  C:0E49H         LINE#         514
  C:0E52H         LINE#         515
  C:0E59H         LINE#         517
  C:0E96H         LINE#         519
  C:0E9FH         LINE#         520
  C:0EA6H         LINE#         521
  C:0EAFH         LINE#         522
  C:0EB8H         LINE#         523
  C:0EBFH         LINE#         525
  C:0EEAH         LINE#         527
  C:0EF3H         LINE#         528
  C:0EFAH         LINE#         529
  C:0F03H         LINE#         530
  C:0F0CH         LINE#         531
  C:0F13H         LINE#         533
  C:0F3EH         LINE#         535
  C:0F47H         LINE#         536
  C:0F4EH         LINE#         537
  C:0F57H         LINE#         538
  C:0F5EH         LINE#         539
BL51 BANKED LINKER/LOCATER V6.22                                                      08/26/2019  17:16:10  PAGE 16


  C:0F67H         LINE#         540
  C:0F6EH         LINE#         542
  C:0F70H         LINE#         544
  C:0F7EH         LINE#         545
  C:0F7EH         LINE#         546
  C:0F86H         LINE#         549
  C:0F86H         LINE#         550
  C:0F86H         LINE#         552
  C:0FABH         LINE#         553
  C:0FABH         LINE#         554
  C:0FCDH         LINE#         555
  C:0FCDH         LINE#         556
  C:1049H         LINE#         557
  C:104BH         LINE#         558
  C:104DH         LINE#         560
  C:10A5H         LINE#         563
  C:10B4H         LINE#         564
  C:10B4H         LINE#         565
  C:10B4H         LINE#         566
  C:10B4H         LINE#         567
  C:10B4H         LINE#         568
  C:10B4H         LINE#         569
  C:10B4H         LINE#         570
  C:10B4H         LINE#         573
  C:10B4H         LINE#         575
  C:10B4H         LINE#         576
  C:10B4H         LINE#         577
  C:10B4H         LINE#         578
  C:10B4H         LINE#         582
  C:10B4H         LINE#         584
  C:10B4H         LINE#         586
  C:10B4H         LINE#         587
  C:10B4H         LINE#         588
  C:10B4H         LINE#         589
  C:10B4H         LINE#         590
  C:10B4H         LINE#         591
  C:10B4H         LINE#         594
  C:10B4H         LINE#         596
  C:10B4H         LINE#         597
  C:10B4H         LINE#         598
  C:10B4H         LINE#         599
  C:10B4H         LINE#         600
  C:10B4H         LINE#         601
  C:10B4H         LINE#         602
  C:10B4H         LINE#         604
  C:10B7H         LINE#         607
  C:10DEH         LINE#         608
  C:10DEH         LINE#         611
  C:1100H         LINE#         612
  C:1100H         LINE#         614
  C:117CH         LINE#         616
  C:11A9H         LINE#         617
  C:11C4H         LINE#         623
  C:11C6H         LINE#         624
  C:11C8H         LINE#         632
  C:11F5H         LINE#         634
  C:121CH         LINE#         635
BL51 BANKED LINKER/LOCATER V6.22                                                      08/26/2019  17:16:10  PAGE 17


  C:1290H         LINE#         637
  C:131CH         LINE#         641
  C:133CH         LINE#         642
  C:133CH         LINE#         643
  C:13A4H         LINE#         644
  C:13A7H         LINE#         646
  C:13A7H         LINE#         647
  C:13CFH         LINE#         648
  C:1443H         LINE#         650
  C:14BEH         LINE#         655
  C:1620H         LINE#         660
  C:1620H         LINE#         663
  C:162FH         LINE#         664
  C:162FH         LINE#         665
  C:16ADH         LINE#         666
  C:16B6H         LINE#         667
  C:16BDH         LINE#         668
  C:16C6H         LINE#         669
  C:16CFH         LINE#         670
  C:16D6H         LINE#         673
  C:1701H         LINE#         675
  C:170AH         LINE#         676
  C:1711H         LINE#         677
  C:171AH         LINE#         678
  C:1723H         LINE#         682
  C:172AH         LINE#         684
  C:1755H         LINE#         686
  C:175EH         LINE#         687
  C:1765H         LINE#         688
  C:176EH         LINE#         689
  C:1775H         LINE#         691
  C:177EH         LINE#         692
  C:1785H         LINE#         695
  C:17C3H         LINE#         697
  C:17CCH         LINE#         698
  C:17D3H         LINE#         699
  C:17DCH         LINE#         700
  C:17E5H         LINE#         701
  C:17ECH         LINE#         702
  C:17ECH         LINE#         704
  C:17ECH         LINE#         706
  C:17ECH         LINE#         707
  C:17ECH         LINE#         709
  C:17ECH         LINE#         713
  C:1808H         LINE#         714
  C:1808H         LINE#         715
  C:180AH         LINE#         718
  C:180DH         LINE#         720
  C:183BH         LINE#         721
  C:183BH         LINE#         722
  C:183DH         LINE#         724
  C:184CH         LINE#         725
  C:184CH         LINE#         727
  C:184FH         LINE#         729
  C:1852H         LINE#         730
  C:1859H         LINE#         732
  C:1875H         LINE#         733
BL51 BANKED LINKER/LOCATER V6.22                                                      08/26/2019  17:16:10  PAGE 18


  C:1875H         LINE#         734
  C:1892H         LINE#         735
  C:1892H         LINE#         736
  C:1898H         LINE#         737
  C:189BH         LINE#         740
  C:18D0H         LINE#         741
  C:18D7H         LINE#         742
  C:18DAH         LINE#         744
  C:1914H         LINE#         745
  C:192AH         LINE#         747
  C:1943H         LINE#         749
  C:194AH         LINE#         750
  C:1951H         LINE#         751
  C:1954H         LINE#         754
  C:19A9H         LINE#         756
  C:19B0H         LINE#         758
  C:19B7H         LINE#         759
  C:19BAH         LINE#         762
  C:1A66H         LINE#         764
  C:1A6DH         LINE#         765
  C:1A6DH         LINE#         766
  C:1A7EH         LINE#         768
  C:1A7EH         LINE#         772
  C:1A85H         LINE#         773
  C:1A85H         LINE#         776
  C:1A94H         LINE#         777
  C:1A94H         LINE#         778
  C:1AC6H         LINE#         779
  C:1AC6H         LINE#         780
  C:1B45H         LINE#         782
  C:1B4CH         LINE#         783
  C:1B4FH         LINE#         785
  C:1B89H         LINE#         786
  C:1B9FH         LINE#         788
  C:1BB8H         LINE#         790
  C:1BBFH         LINE#         791
  C:1BC6H         LINE#         792
  C:1BC9H         LINE#         794
  C:1C1EH         LINE#         795
  C:1C25H         LINE#         797
  C:1C2CH         LINE#         798
  C:1C2FH         LINE#         800
  C:1CDBH         LINE#         801
  C:1CE2H         LINE#         803
  C:1CE9H         LINE#         804
  C:1CECH         LINE#         806
  C:1D10H         LINE#         807
  C:1D17H         LINE#         808
  C:1D28H         LINE#         811
  C:1D3CH         LINE#         812
  C:1D50H         LINE#         813
  C:1D5FH         LINE#         814
  C:1D5FH         LINE#         816
  C:1D8BH         LINE#         817
  C:1D8BH         LINE#         818
  C:1DB8H         LINE#         825
  C:1DD3H         LINE#         828
BL51 BANKED LINKER/LOCATER V6.22                                                      08/26/2019  17:16:10  PAGE 19


  C:1DE2H         LINE#         829
  C:1DE5H         LINE#         832
  C:1E15H         LINE#         833
  C:1E15H         LINE#         835
  C:1E42H         LINE#         841
  C:1E5DH         LINE#         844
  C:1E6DH         LINE#         845
  C:1E73H         LINE#         846
  C:1E87H         LINE#         847
  C:1E9BH         LINE#         848
  C:1EA3H         LINE#         849
  C:1EB0H         LINE#         850
  C:1EB0H         LINE#         851
  C:1ED4H         LINE#         852
  C:1ED4H         LINE#         853
  C:1F1EH         LINE#         854
  C:1F25H         LINE#         855
  C:1F28H         LINE#         858
  C:1F4CH         LINE#         860
  C:1F53H         LINE#         861
  C:1F56H         LINE#         863
  C:1F89H         LINE#         864
  C:1FA8H         LINE#         866
  C:1FCAH         LINE#         868
  C:1FD1H         LINE#         870
  C:1FD8H         LINE#         871
  C:1FDBH         LINE#         873
  C:2030H         LINE#         874
  C:2037H         LINE#         876
  C:203EH         LINE#         877
  C:2041H         LINE#         879
  C:20EDH         LINE#         880
  C:20F4H         LINE#         881
  C:2105H         LINE#         882
  C:2105H         LINE#         883
  C:2105H         LINE#         887
  C:2127H         LINE#         888
  C:2134H         LINE#         889
  C:2134H         LINE#         890
  C:2157H         LINE#         891
  C:2157H         LINE#         892
  C:21A7H         LINE#         893
  C:21A7H         LINE#         894
  C:21AEH         LINE#         895
  C:21B1H         LINE#         897
  C:21EBH         LINE#         898
  C:2201H         LINE#         900
  C:221AH         LINE#         902
  C:2221H         LINE#         903
  C:2228H         LINE#         904
  C:222BH         LINE#         906
  C:2280H         LINE#         907
  C:2287H         LINE#         909
  C:228EH         LINE#         910
  C:2291H         LINE#         912
  C:233DH         LINE#         913
  C:2344H         LINE#         915
BL51 BANKED LINKER/LOCATER V6.22                                                      08/26/2019  17:16:10  PAGE 20


  C:234BH         LINE#         916
  C:234EH         LINE#         918
  C:2372H         LINE#         919
  C:2379H         LINE#         920
  C:2379H         LINE#         921
  C:238AH         LINE#         922
  C:238AH         LINE#         923
  C:238AH         LINE#         924
  C:23B4H         LINE#         925
  C:23B4H         LINE#         928
  C:23BBH         LINE#         929
  C:23C2H         LINE#         931
  C:23C8H         LINE#         932
  C:23C8H         LINE#         933
  C:23EBH         LINE#         934
  C:2400H         LINE#         936
  C:241AH         LINE#         938
  C:241AH         LINE#         941
  C:2429H         LINE#         942
  C:2429H         LINE#         943
  C:242CH         LINE#         944
  C:2433H         LINE#         945
  C:2438H         LINE#         946
  C:243DH         LINE#         947
  C:2442H         LINE#         948
  C:2447H         LINE#         949
  C:244CH         LINE#         959
  C:244FH         LINE#         961
  C:2452H         LINE#         962
  C:2459H         LINE#         963
  C:2463H         LINE#         964
  C:246AH         LINE#         966
  C:246DH         LINE#         975
  C:246DH         LINE#         976
  -------         ENDPROC       MAIN
  -------         PROC          UART
  C:000EH         LINE#         990
  C:000EH         LINE#         992
  C:0011H         LINE#         993
  C:0011H         LINE#         994
  C:0013H         LINE#         996
  C:0013H         LINE#         997
  C:0016H         LINE#         998
  C:0016H         LINE#         999
  C:0018H         LINE#         1000
  C:001AH         LINE#         1001
  C:001AH         LINE#         1002
  -------         ENDPROC       UART
  -------         PROC          _SENDUART1
  D:0007H         SYMBOL        dat
  C:7AE8H         LINE#         1004
  C:7AE8H         LINE#         1005
  C:7AE8H         LINE#         1006
  C:7AEBH         LINE#         1007
  C:7AEDH         LINE#         1008
  C:7AEEH         LINE#         1009
  C:7AF0H         LINE#         1010
BL51 BANKED LINKER/LOCATER V6.22                                                      08/26/2019  17:16:10  PAGE 21


  -------         ENDPROC       _SENDUART1
  -------         ENDMOD        MAIN

  -------         MODULE        PCF85063BTL
  C:0000H         SYMBOL        _ICE_DUMMY_
  D:0096H         PUBLIC        P2M0
  D:0080H         PUBLIC        P0
  D:0095H         PUBLIC        P2M1
  D:0090H         PUBLIC        P1
  D:00A0H         PUBLIC        P2
  D:00B0H         PUBLIC        P3
  D:00C0H         PUBLIC        P4
  D:00C8H         PUBLIC        P5
  D:00E8H         PUBLIC        P6
  B:00A0H.1       PUBLIC        PCF85063BTL_SDI
  D:00F8H         PUBLIC        P7
  B:00A0H.2       PUBLIC        PCF85063BTL_SCK
  B:00A0H.1       PUBLIC        PCF85063BTL_SDO
  D:00A8H         PUBLIC        IE
  C:735DH         PUBLIC        _Read_time
  C:7A0AH         PUBLIC        _PCF85063BTL_Delay
  D:00B8H         PUBLIC        IP
  D:00D8H         PUBLIC        CCON
  C:71EAH         PUBLIC        _Day_Of_Year
  C:790BH         PUBLIC        SPI_ReceiveByte
  D:0098H         PUBLIC        SCON
  D:0088H         PUBLIC        TCON
  C:7A3DH         PUBLIC        _BCDtoDec
  B:00A0H.0       PUBLIC        PCF85063BTL_CS
  C:7A2CH         PUBLIC        _SPI_ReadTime
  C:7A8CH         PUBLIC        SPI_Init
  C:7980H         PUBLIC        _SPI_WriteTime
  C:78EBH         PUBLIC        _SPI_SendByte
  D:00D0H         PUBLIC        PSW
  C:7A06H         SYMBOL        L?0048
  -------         PROC          L?0047
  -------         ENDPROC       L?0047
  C:7A06H         SYMBOL        L?0048
  -------         PROC          _PCF85063BTL_DELAY
  D:0006H         SYMBOL        us
  C:7A0AH         LINE#         8
  C:7A0AH         LINE#         9
  C:7A0AH         LINE#         10
  C:7A14H         LINE#         11
  C:7A14H         LINE#         12
  C:7A15H         LINE#         13
  C:7A17H         LINE#         14
  -------         ENDPROC       _PCF85063BTL_DELAY
  -------         PROC          _SPI_SENDBYTE
  D:0005H         SYMBOL        dat
  -------         DO            
  D:0003H         SYMBOL        i
  -------         ENDDO         
  C:78EBH         LINE#         17
  C:78EDH         LINE#         18
  C:78EDH         LINE#         20
  C:78EFH         LINE#         21
BL51 BANKED LINKER/LOCATER V6.22                                                      08/26/2019  17:16:10  PAGE 22


  C:78EFH         LINE#         22
  C:78F1H         LINE#         23
  C:78F5H         LINE#         24
  C:78F5H         LINE#         25
  C:78F7H         LINE#         26
  C:78F9H         LINE#         28
  C:78F9H         LINE#         29
  C:78FBH         LINE#         30
  C:78FBH         LINE#         31
  C:78FEH         LINE#         32
  C:78FEH         LINE#         33
  C:7901H         LINE#         34
  C:7905H         LINE#         35
  C:790AH         LINE#         36
  -------         ENDPROC       _SPI_SENDBYTE
  -------         PROC          SPI_RECEIVEBYTE
  -------         DO            
  D:0003H         SYMBOL        i
  D:0005H         SYMBOL        dat
  -------         ENDDO         
  C:790BH         LINE#         39
  C:790BH         LINE#         40
  C:790BH         LINE#         42
  C:790DH         LINE#         44
  C:790FH         LINE#         45
  C:7910H         LINE#         46
  C:7910H         LINE#         47
  C:7914H         LINE#         48
  C:7916H         LINE#         49
  C:7919H         LINE#         51
  C:791CH         LINE#         52
  C:791CH         LINE#         53
  C:7920H         LINE#         54
  C:7920H         LINE#         55
  C:7920H         LINE#         56
  C:7923H         LINE#         57
  C:7928H         LINE#         58
  C:792AH         LINE#         59
  -------         ENDPROC       SPI_RECEIVEBYTE
  -------         PROC          _SPI_READTIME
  D:0007H         SYMBOL        addr
  -------         DO            
  D:0006H         SYMBOL        dat
  -------         ENDDO         
  C:7A2CH         LINE#         61
  C:7A2CH         LINE#         62
  C:7A2CH         LINE#         64
  C:7A2EH         LINE#         65
  C:7A30H         LINE#         66
  C:7A37H         LINE#         67
  C:7A3AH         LINE#         68
  C:7A3CH         LINE#         69
  C:7A3CH         LINE#         70
  -------         ENDPROC       _SPI_READTIME
  -------         PROC          _SPI_WRITETIME
  D:0002H         SYMBOL        val
  D:0005H         SYMBOL        addr
BL51 BANKED LINKER/LOCATER V6.22                                                      08/26/2019  17:16:10  PAGE 23


  C:7980H         LINE#         71
  C:7982H         LINE#         72
  C:7982H         LINE#         74
  C:7984H         LINE#         75
  C:798BH         LINE#         76
  C:7990H         LINE#         77
  C:7995H         LINE#         78
  C:7997H         LINE#         79
  -------         ENDPROC       _SPI_WRITETIME
  -------         PROC          SPI_INIT
  C:7A8CH         LINE#         83
  C:7A8CH         LINE#         84
  C:7A8CH         LINE#         89
  C:7A8FH         LINE#         90
  C:7A92H         LINE#         91
  C:7A94H         LINE#         92
  C:7A96H         LINE#         93
  C:7A98H         LINE#         94
  -------         ENDPROC       SPI_INIT
  -------         PROC          _READ_TIME
  X:04EDH         SYMBOL        months
  X:04F0H         SYMBOL        days
  X:04F3H         SYMBOL        hours
  X:04F6H         SYMBOL        mins
  X:04F9H         SYMBOL        seconds
  C:735DH         LINE#         96
  C:7368H         LINE#         97
  C:7368H         LINE#         99
  C:737CH         LINE#         101
  C:7390H         LINE#         103
  C:73A4H         LINE#         108
  C:73B8H         LINE#         113
  -------         ENDPROC       _READ_TIME
  -------         PROC          _BCDTODEC
  D:0007H         SYMBOL        bcd
  -------         DO            
  D:0006H         SYMBOL        hi
  D:0007H         SYMBOL        lo
  -------         ENDDO         
  C:7A3DH         LINE#         119
  C:7A3DH         LINE#         120
  C:7A3DH         LINE#         122
  C:7A42H         LINE#         123
  C:7A46H         LINE#         124
  C:7A4DH         LINE#         125
  -------         ENDPROC       _BCDTODEC
  -------         PROC          _DAY_OF_YEAR
  D:0007H         SYMBOL        months_bcd
  D:0005H         SYMBOL        days_bcd
  -------         DO            
  D:0004H         SYMBOL        months
  D:0007H         SYMBOL        days
  -------         ENDDO         
  C:71EAH         LINE#         126
  C:71EAH         LINE#         127
  C:71EAH         LINE#         130
  C:71EFH         LINE#         132
BL51 BANKED LINKER/LOCATER V6.22                                                      08/26/2019  17:16:10  PAGE 24


  C:71F4H         LINE#         134
  C:722DH         LINE#         135
  C:722DH         LINE#         136
  C:722DH         LINE#         137
  C:7230H         LINE#         138
  C:7230H         LINE#         139
  C:7230H         LINE#         140
  C:7235H         LINE#         141
  C:7235H         LINE#         142
  C:7235H         LINE#         143
  C:723AH         LINE#         144
  C:723AH         LINE#         145
  C:723AH         LINE#         146
  C:723FH         LINE#         147
  C:723FH         LINE#         148
  C:723FH         LINE#         149
  C:7244H         LINE#         150
  C:7244H         LINE#         151
  C:7244H         LINE#         152
  C:7249H         LINE#         153
  C:7249H         LINE#         154
  C:7249H         LINE#         155
  C:724EH         LINE#         156
  C:724EH         LINE#         157
  C:724EH         LINE#         158
  C:7253H         LINE#         159
  C:7253H         LINE#         160
  C:7253H         LINE#         161
  C:725BH         LINE#         162
  C:725BH         LINE#         163
  C:725BH         LINE#         164
  C:7260H         LINE#         165
  C:7260H         LINE#         166
  C:7260H         LINE#         167
  C:7265H         LINE#         168
  C:7265H         LINE#         169
  C:7265H         LINE#         170
  C:726EH         LINE#         171
  C:726EH         LINE#         172
  C:726EH         LINE#         173
  C:7271H         LINE#         174
  C:7271H         LINE#         175
  -------         ENDPROC       _DAY_OF_YEAR
  -------         ENDMOD        PCF85063BTL

  -------         MODULE        LCD_DRIVER_SPLC780D
  C:0000H         SYMBOL        _ICE_DUMMY_
  D:0092H         PUBLIC        P1M0
  D:0091H         PUBLIC        P1M1
  D:0080H         PUBLIC        P0
  D:0090H         PUBLIC        P1
  D:00A0H         PUBLIC        P2
  D:00B0H         PUBLIC        P3
  D:00C0H         PUBLIC        P4
  D:00C8H         PUBLIC        P5
  D:00E8H         PUBLIC        P6
  D:00F8H         PUBLIC        P7
BL51 BANKED LINKER/LOCATER V6.22                                                      08/26/2019  17:16:10  PAGE 25


  C:7276H         PUBLIC        _WriteData
  D:00A8H         PUBLIC        IE
  D:00B8H         PUBLIC        IP
  D:00D8H         PUBLIC        CCON
  B:00B0H.4       PUBLIC        LCD_D4
  B:00B0H.5       PUBLIC        LCD_D5
  B:00B0H.6       PUBLIC        LCD_D6
  C:7949H         PUBLIC        _DisplayLCD
  B:00B0H.7       PUBLIC        LCD_D7
  D:0098H         PUBLIC        SCON
  D:0088H         PUBLIC        TCON
  C:7AD5H         PUBLIC        LCD_clear
  C:75F8H         PUBLIC        _Command
  C:79C5H         PUBLIC        _Display_Line
  C:7426H         PUBLIC        LCD_Init
  C:7888H         PUBLIC        _Wait_ms
  B:00C0H.0       PUBLIC        LCD_RS
  B:0090H.3       PUBLIC        LCD_RW
  C:7ACBH         PUBLIC        LCD_return_home
  C:6491H         PUBLIC        _Display_Pos
  B:00B0H.3       PUBLIC        LCD_E
  D:00D0H         PUBLIC        PSW
  -------         PROC          LCD_INIT
  C:7426H         LINE#         9
  C:7426H         LINE#         10
  C:7426H         LINE#         11
  C:7429H         LINE#         12
  C:742CH         LINE#         14
  C:7432H         LINE#         15
  C:7437H         LINE#         17
  C:743EH         LINE#         18
  C:7443H         LINE#         20
  C:7446H         LINE#         21
  C:744BH         LINE#         23
  C:744EH         LINE#         24
  C:7453H         LINE#         26
  C:745AH         LINE#         29
  C:745FH         LINE#         30
  C:7464H         LINE#         32
  C:7469H         LINE#         33
  C:746EH         LINE#         35
  C:7473H         LINE#         36
  C:7478H         LINE#         37
  -------         ENDPROC       LCD_INIT
  C:7272H         SYMBOL        L?0035
  -------         PROC          L?0034
  -------         ENDPROC       L?0034
  C:7272H         SYMBOL        L?0035
  -------         PROC          _WRITEDATA
  X:04F8H         SYMBOL        dat
  C:7276H         LINE#         40
  C:727BH         LINE#         41
  C:727BH         LINE#         46
  C:727DH         LINE#         47
  C:727FH         LINE#         49
  C:728DH         LINE#         50
  C:7299H         LINE#         51
BL51 BANKED LINKER/LOCATER V6.22                                                      08/26/2019  17:16:10  PAGE 26


  C:72A5H         LINE#         52
  C:72AFH         LINE#         53
  C:72B1H         LINE#         54
  C:72B8H         LINE#         55
  C:72BAH         LINE#         57
  C:72CAH         LINE#         58
  C:72D5H         LINE#         59
  C:72DFH         LINE#         60
  C:72E3H         LINE#         62
  C:72E3H         LINE#         63
  C:72E6H         LINE#         64
  C:72E8H         LINE#         65
  C:72EAH         LINE#         67
  -------         ENDPROC       _WRITEDATA
  -------         PROC          _COMMAND
  D:0007H         SYMBOL        dat
  C:75F8H         LINE#         69
  C:75F8H         LINE#         70
  C:75F8H         LINE#         71
  C:75FAH         LINE#         72
  C:75FCH         LINE#         74
  C:7606H         LINE#         75
  C:760AH         LINE#         77
  C:760CH         LINE#         78
  C:7615H         LINE#         79
  C:7619H         LINE#         81
  C:761BH         LINE#         82
  C:7622H         LINE#         83
  C:7626H         LINE#         85
  C:7628H         LINE#         86
  C:762CH         LINE#         87
  C:7630H         LINE#         89
  C:7632H         LINE#         90
  C:7632H         LINE#         91
  C:7635H         LINE#         92
  C:7637H         LINE#         93
  -------         ENDPROC       _COMMAND
  C:7884H         SYMBOL        L?0037
  -------         PROC          L?0036
  -------         ENDPROC       L?0036
  C:7884H         SYMBOL        L?0037
  -------         PROC          _WAIT_MS
  D:0006H         SYMBOL        ms
  -------         DO            
  D:0004H         SYMBOL        De_Cnt
  -------         ENDDO         
  C:7888H         LINE#         95
  C:7888H         LINE#         96
  C:7888H         LINE#         98
  C:7892H         LINE#         99
  C:7892H         LINE#         100
  C:78A5H         LINE#         101
  C:78A5H         LINE#         102
  -------         ENDPROC       _WAIT_MS
  -------         PROC          _DISPLAYLCD
  D:0007H         SYMBOL        BCD
  -------         DO            
BL51 BANKED LINKER/LOCATER V6.22                                                      08/26/2019  17:16:10  PAGE 27


  D:0006H         SYMBOL        first_digit
  X:03FCH         SYMBOL        second_digit
  -------         ENDDO         
  C:7949H         LINE#         103
  C:7949H         LINE#         104
  C:7949H         LINE#         106
  C:7950H         LINE#         107
  C:7959H         LINE#         109
  C:795EH         LINE#         111
  -------         ENDPROC       _DISPLAYLCD
  -------         PROC          LCD_RETURN_HOME
  C:7ACBH         LINE#         115
  C:7ACBH         LINE#         116
  C:7ACBH         LINE#         117
  C:7AD0H         LINE#         118
  -------         ENDPROC       LCD_RETURN_HOME
  -------         PROC          LCD_CLEAR
  C:7AD5H         LINE#         121
  C:7AD5H         LINE#         122
  C:7AD5H         LINE#         123
  C:7ADAH         LINE#         124
  -------         ENDPROC       LCD_CLEAR
  -------         PROC          _DISPLAY_LINE
  D:0006H         SYMBOL        line
  C:79C5H         LINE#         128
  C:79C5H         LINE#         129
  C:79C5H         LINE#         130
  C:79CBH         LINE#         131
  C:79CBH         LINE#         132
  C:79CDH         LINE#         133
  C:79CDH         LINE#         134
  C:79CFH         LINE#         136
  C:79CFH         LINE#         137
  C:79D4H         LINE#         138
  C:79D9H         LINE#         139
  C:79D9H         LINE#         140
  -------         ENDPROC       _DISPLAY_LINE
  -------         PROC          _DISPLAY_POS
  X:04EDH         SYMBOL        sign_dat
  -------         DO            
  X:04F1H         SYMBOL        unit
  X:04F2H         SYMBOL        ten
  X:04F3H         SYMBOL        hundred
  X:04F4H         SYMBOL        thousand
  X:04F5H         SYMBOL        after_dot
  X:04F6H         SYMBOL        dat
  -------         ENDDO         
  C:6491H         LINE#         142
  C:6497H         LINE#         143
  C:6497H         LINE#         147
  C:64B3H         LINE#         148
  C:64CDH         LINE#         149
  C:64F1H         LINE#         151
  C:653BH         LINE#         153
  C:6552H         LINE#         154
  C:6564H         LINE#         155
  C:6589H         LINE#         156
BL51 BANKED LINKER/LOCATER V6.22                                                      08/26/2019  17:16:10  PAGE 28


  C:65A3H         LINE#         157
  C:65BBH         LINE#         158
  C:65BBH         LINE#         159
  C:65BBH         LINE#         160
  C:65BBH         LINE#         161
  C:65BBH         LINE#         162
  C:65BBH         LINE#         163
  C:65BBH         LINE#         164
  C:65BBH         LINE#         168
  C:65BDH         LINE#         170
  C:65BDH         LINE#         172
  C:65C2H         LINE#         173
  C:65C8H         LINE#         174
  C:65CEH         LINE#         175
  C:65D4H         LINE#         176
  C:65DAH         LINE#         177
  C:65DFH         LINE#         178
  C:65E5H         LINE#         182
  C:65E5H         LINE#         184
  -------         ENDPROC       _DISPLAY_POS
  -------         ENDMOD        LCD_DRIVER_SPLC780D

  -------         MODULE        KEYPAD
  C:0000H         SYMBOL        _ICE_DUMMY_
  D:0093H         PUBLIC        P0M1
  D:0080H         PUBLIC        P0
  D:0090H         PUBLIC        P1
  D:00A0H         PUBLIC        P2
  D:00B0H         PUBLIC        P3
  D:00C0H         PUBLIC        P4
  D:00C8H         PUBLIC        P5
  D:00E8H         PUBLIC        P6
  D:00F8H         PUBLIC        P7
  D:00A8H         PUBLIC        IE
  C:5E8DH         PUBLIC        Key_Scan
  D:00B8H         PUBLIC        IP
  D:00D8H         PUBLIC        CCON
  C:7AB3H         PUBLIC        KeyPad_IO_Init
  C:792BH         PUBLIC        _Delay_ms
  D:0098H         PUBLIC        SCON
  D:0088H         PUBLIC        TCON
  X:0649H         PUBLIC        small_move
  X:064BH         PUBLIC        move
  X:064DH         PUBLIC        auto_mode
  X:064FH         PUBLIC        direction
  X:0651H         PUBLIC        SPI_NOR_ClearEnable
  C:52ABH         PUBLIC        Key_Process
  D:00D0H         PUBLIC        PSW
  D:0094H         PUBLIC        P0M0
  -------         PROC          _DELAY_MS
  D:0006H         SYMBOL        ms
  -------         DO            
  D:0004H         SYMBOL        De_Cnt
  -------         ENDDO         
  C:792BH         LINE#         20
  C:792BH         LINE#         21
  C:792BH         LINE#         23
BL51 BANKED LINKER/LOCATER V6.22                                                      08/26/2019  17:16:10  PAGE 29


  C:7935H         LINE#         24
  C:7935H         LINE#         25
  C:7948H         LINE#         26
  C:7948H         LINE#         27
  -------         ENDPROC       _DELAY_MS
  -------         PROC          KEY_SCAN
  -------         DO            
  X:0402H         SYMBOL        KeyTemp1
  X:0403H         SYMBOL        KeyTemp2
  X:0404H         SYMBOL        KeyValue
  -------         ENDDO         
  C:5E8DH         LINE#         28
  C:5E8DH         LINE#         29
  C:5E8DH         LINE#         34
  C:5E90H         LINE#         37
  C:5E93H         LINE#         39
  C:5E9BH         LINE#         40
  C:5EA2H         LINE#         41
  C:5EA2H         LINE#         43
  C:5EA7H         LINE#         44
  C:5EAEH         LINE#         45
  C:5EAEH         LINE#         48
  C:5EB1H         LINE#         49
  C:5EB4H         LINE#         50
  C:5EB9H         LINE#         51
  C:5EBDH         LINE#         52
  C:5EBDH         LINE#         53
  C:5EC5H         LINE#         54
  C:5EC5H         LINE#         55
  C:5EC8H         LINE#         56
  C:5ED0H         LINE#         57
  C:5ED2H         LINE#         59
  C:5EE6H         LINE#         60
  C:5EE6H         LINE#         61
  C:5EE6H         LINE#         62
  C:5EE6H         LINE#         63
  C:5EECH         LINE#         65
  C:5EEEH         LINE#         66
  C:5EEEH         LINE#         67
  C:5EEEH         LINE#         68
  C:5EF4H         LINE#         70
  C:5EF6H         LINE#         71
  C:5EF6H         LINE#         72
  C:5EF6H         LINE#         73
  C:5EFCH         LINE#         75
  C:5EFEH         LINE#         76
  C:5EFEH         LINE#         77
  C:5EFEH         LINE#         78
  C:5F04H         LINE#         80
  C:5F04H         LINE#         81
  C:5F04H         LINE#         82
  C:5F04H         LINE#         85
  C:5F07H         LINE#         86
  C:5F0AH         LINE#         87
  C:5F12H         LINE#         88
  C:5F16H         LINE#         89
  C:5F16H         LINE#         90
BL51 BANKED LINKER/LOCATER V6.22                                                      08/26/2019  17:16:10  PAGE 30


  C:5F1EH         LINE#         91
  C:5F1EH         LINE#         92
  C:5F21H         LINE#         93
  C:5F29H         LINE#         94
  C:5F2BH         LINE#         95
  C:5F3FH         LINE#         96
  C:5F3FH         LINE#         97
  C:5F3FH         LINE#         98
  C:5F3FH         LINE#         99
  C:5F45H         LINE#         101
  C:5F47H         LINE#         102
  C:5F47H         LINE#         103
  C:5F47H         LINE#         104
  C:5F4DH         LINE#         106
  C:5F4FH         LINE#         107
  C:5F4FH         LINE#         108
  C:5F4FH         LINE#         109
  C:5F55H         LINE#         111
  C:5F57H         LINE#         112
  C:5F57H         LINE#         113
  C:5F57H         LINE#         114
  C:5F5CH         LINE#         116
  C:5F5CH         LINE#         117
  C:5F5CH         LINE#         118
  C:5F5CH         LINE#         121
  C:5F5FH         LINE#         122
  C:5F62H         LINE#         123
  C:5F6AH         LINE#         124
  C:5F6EH         LINE#         125
  C:5F6EH         LINE#         126
  C:5F76H         LINE#         127
  C:5F76H         LINE#         128
  C:5F79H         LINE#         129
  C:5F81H         LINE#         130
  C:5F83H         LINE#         131
  C:5F97H         LINE#         132
  C:5F97H         LINE#         133
  C:5F97H         LINE#         134
  C:5F97H         LINE#         135
  C:5F9DH         LINE#         137
  C:5F9FH         LINE#         138
  C:5F9FH         LINE#         139
  C:5F9FH         LINE#         140
  C:5FA5H         LINE#         142
  C:5FA7H         LINE#         143
  C:5FA7H         LINE#         144
  C:5FA7H         LINE#         145
  C:5FADH         LINE#         147
  C:5FAFH         LINE#         148
  C:5FAFH         LINE#         149
  C:5FAFH         LINE#         150
  C:5FB5H         LINE#         152
  C:5FB5H         LINE#         153
  C:5FB5H         LINE#         154
  C:5FB5H         LINE#         158
  C:5FB8H         LINE#         159
  C:5FBBH         LINE#         160
BL51 BANKED LINKER/LOCATER V6.22                                                      08/26/2019  17:16:10  PAGE 31


  C:5FC3H         LINE#         161
  C:5FC7H         LINE#         162
  C:5FC7H         LINE#         163
  C:5FCFH         LINE#         164
  C:5FCFH         LINE#         165
  C:5FD2H         LINE#         166
  C:5FDAH         LINE#         167
  C:5FDCH         LINE#         168
  C:5FF0H         LINE#         169
  C:5FF0H         LINE#         170
  C:5FF0H         LINE#         171
  C:5FF0H         LINE#         172
  C:5FF6H         LINE#         174
  C:5FF8H         LINE#         175
  C:5FF8H         LINE#         176
  C:5FF8H         LINE#         177
  C:5FFEH         LINE#         179
  C:6000H         LINE#         180
  C:6000H         LINE#         181
  C:6000H         LINE#         182
  C:6006H         LINE#         184
  C:6008H         LINE#         185
  C:6008H         LINE#         186
  C:6008H         LINE#         187
  C:600EH         LINE#         189
  C:600EH         LINE#         190
  C:600EH         LINE#         191
  C:600EH         LINE#         193
  C:6014H         LINE#         194
  C:6014H         LINE#         196
  C:6014H         LINE#         197
  C:6017H         LINE#         198
  C:6017H         LINE#         199
  C:6017H         LINE#         201
  C:6017H         LINE#         202
  C:6019H         LINE#         203
  C:6019H         LINE#         204
  -------         ENDPROC       KEY_SCAN
  -------         PROC          KEY_PROCESS
  -------         DO            
  X:063AH         SYMBOL        KeyCount
  X:063BH         SYMBOL        KeyNum_Old
  X:063DH         SYMBOL        KeyNum
  X:063FH         SYMBOL        PressedKey
  X:03FCH         SYMBOL        d
  D:0002H         SYMBOL        hours
  D:0006H         SYMBOL        mins
  X:03FEH         SYMBOL        months
  X:0400H         SYMBOL        days
  -------         ENDDO         
  C:52ABH         LINE#         205
  C:52ABH         LINE#         206
  C:52ABH         LINE#         210
  C:52BAH         LINE#         211
  C:52C7H         LINE#         213
  C:52CBH         LINE#         214
  C:52CBH         LINE#         215
BL51 BANKED LINKER/LOCATER V6.22                                                      08/26/2019  17:16:10  PAGE 32


  C:52D1H         LINE#         217
  C:52D1H         LINE#         218
  C:52E8H         LINE#         219
  C:52E8H         LINE#         220
  C:52F2H         LINE#         221
  C:52F8H         LINE#         223
  C:52FEH         LINE#         225
  C:52FEH         LINE#         226
  C:5315H         LINE#         227
  C:5315H         LINE#         228
  C:531AH         LINE#         230
  C:531AH         LINE#         231
  C:532AH         LINE#         232
  C:532AH         LINE#         233
  C:5330H         LINE#         235
  C:5330H         LINE#         236
  C:5342H         LINE#         237
  C:5342H         LINE#         238
  C:534CH         LINE#         239
  C:5354H         LINE#         241
  C:535DH         LINE#         243
  C:535DH         LINE#         252
  C:537CH         LINE#         253
  C:537CH         LINE#         254
  C:539BH         LINE#         255
  C:53A1H         LINE#         256
  C:53A9H         LINE#         257
  C:53A9H         LINE#         259
  C:53AAH         LINE#         265
  C:53B6H         LINE#         266
  C:53B6H         LINE#         267
  C:53D3H         LINE#         268
  C:53EAH         LINE#         269
  C:5401H         LINE#         270
  C:5401H         LINE#         271
  C:5414H         LINE#         272
  C:5427H         LINE#         273
  C:5427H         LINE#         274
  C:5427H         LINE#         275
  C:542AH         LINE#         280
  C:5439H         LINE#         281
  C:5439H         LINE#         282
  C:545CH         LINE#         283
  C:5479H         LINE#         284
  C:5482H         LINE#         285
  C:5482H         LINE#         286
  C:5489H         LINE#         287
  C:5489H         LINE#         288
  C:549AH         LINE#         289
  C:549AH         LINE#         290
  C:54A9H         LINE#         291
  C:54A9H         LINE#         292
  C:54A9H         LINE#         293
  C:54ACH         LINE#         295
  C:54ACH         LINE#         296
  C:54B8H         LINE#         297
  C:54B8H         LINE#         298
BL51 BANKED LINKER/LOCATER V6.22                                                      08/26/2019  17:16:10  PAGE 33


  C:54CAH         LINE#         299
  C:54CAH         LINE#         300
  C:54DAH         LINE#         301
  C:54DAH         LINE#         302
  C:54DAH         LINE#         304
  C:54DCH         LINE#         306
  C:54DCH         LINE#         307
  C:54EBH         LINE#         308
  C:54EBH         LINE#         309
  C:54FBH         LINE#         310
  C:54FBH         LINE#         311
  C:54FBH         LINE#         313
  C:54FBH         LINE#         315
  C:54FBH         LINE#         316
  C:54FDH         LINE#         318
  C:54FDH         LINE#         319
  C:5504H         LINE#         320
  C:5504H         LINE#         321
  C:5513H         LINE#         322
  C:5513H         LINE#         323
  C:5523H         LINE#         324
  C:5523H         LINE#         325
  C:5523H         LINE#         326
  C:5525H         LINE#         328
  C:5525H         LINE#         329
  C:5534H         LINE#         330
  C:5534H         LINE#         331
  C:5547H         LINE#         332
  C:555AH         LINE#         333
  C:555AH         LINE#         334
  C:555AH         LINE#         335
  C:555AH         LINE#         336
  C:5563H         LINE#         338
  C:5563H         LINE#         340
  C:559DH         LINE#         341
  C:559DH         LINE#         342
  C:55A4H         LINE#         343
  C:55A4H         LINE#         344
  C:55AEH         LINE#         345
  C:55AEH         LINE#         346
  C:55B1H         LINE#         347
  C:55B6H         LINE#         348
  C:55BBH         LINE#         349
  C:55C0H         LINE#         350
  C:55C5H         LINE#         351
  C:55CAH         LINE#         352
  C:55CFH         LINE#         353
  C:55D4H         LINE#         354
  C:55D4H         LINE#         355
  C:55D4H         LINE#         357
  C:55F2H         LINE#         358
  C:55F2H         LINE#         359
  C:55F9H         LINE#         360
  C:55F9H         LINE#         361
  C:55FEH         LINE#         362
  C:5607H         LINE#         363
  C:5626H         LINE#         364
BL51 BANKED LINKER/LOCATER V6.22                                                      08/26/2019  17:16:10  PAGE 34


  C:5626H         LINE#         365
  C:5636H         LINE#         367
  C:5636H         LINE#         371
  -------         ENDPROC       KEY_PROCESS
  -------         PROC          KEYPAD_IO_INIT
  C:7AB3H         LINE#         374
  C:7AB3H         LINE#         375
  C:7AB3H         LINE#         376
  C:7AB6H         LINE#         377
  C:7AB9H         LINE#         378
  C:7ABCH         LINE#         379
  C:7ABEH         LINE#         380
  -------         ENDPROC       KEYPAD_IO_INIT
  -------         ENDMOD        KEYPAD

  -------         MODULE        BIPOLARMOTOR
  C:0000H         SYMBOL        _ICE_DUMMY_
[...]
  C:60B3H         LINE#         332
  C:60B3H         LINE#         334
  C:60B6H         LINE#         336
  C:60D0H         LINE#         337
  C:60D0H         LINE#         338
  C:60D0H         LINE#         340
  C:60D3H         LINE#         342
  C:60EDH         LINE#         343
  C:60EDH         LINE#         344
  C:60EDH         LINE#         346
  C:60F0H         LINE#         348
  C:610AH         LINE#         349
  C:610AH         LINE#         350
  C:610AH         LINE#         352
  C:610DH         LINE#         354
  C:6127H         LINE#         355
  C:6127H         LINE#         356
  C:6127H         LINE#         358
  C:612AH         LINE#         360
BL51 BANKED LINKER/LOCATER V6.22                                                      08/26/2019  17:16:10  PAGE 56


  C:6144H         LINE#         361
  C:6144H         LINE#         362
  C:6144H         LINE#         364
  C:6147H         LINE#         366
  C:6161H         LINE#         367
  C:6161H         LINE#         368
  C:6161H         LINE#         370
  C:6164H         LINE#         372
  C:617EH         LINE#         373
  C:6185H         LINE#         374
  -------         ENDPROC       SPI_NOR_WRITE_DATA
  -------         ENDMOD        AT25SF041

  -------         MODULE        SI1120
  C:0000H         SYMBOL        _ICE_DUMMY_
  D:0080H         PUBLIC        P0
  D:00B2H         PUBLIC        P3M0
  D:0090H         PUBLIC        P1
  D:00B1H         PUBLIC        P3M1
  D:00A0H         PUBLIC        P2
  D:00B0H         PUBLIC        P3
  D:00C0H         PUBLIC        P4
  D:00C8H         PUBLIC        P5
  B:00A8H.7       PUBLIC        EA
  D:00E8H         PUBLIC        P6
  D:00F8H         PUBLIC        P7
  D:00A8H         PUBLIC        IE
  D:00B8H         PUBLIC        IP
  C:76E6H         PUBLIC        SI1120_CONFIG_MODE_VIRH
  D:00D8H         PUBLIC        CCON
  D:0098H         PUBLIC        SCON
  D:0088H         PUBLIC        TCON
  C:7A99H         PUBLIC        Enable_EXTINT0
  B:0090H.5       PUBLIC        SI1120_STX
  B:0088H.0       PUBLIC        IT0
  B:00A8H.0       PUBLIC        EX0
  B:0090H.4       PUBLIC        SI1120_MD
  B:0090H.6       PUBLIC        SI1120_SC
  D:00D0H         PUBLIC        PSW
  -------         PROC          SI1120_CONFIG_MODE_VIRH
  C:76E6H         LINE#         4
  C:76E6H         LINE#         5
  C:76E6H         LINE#         6
  C:76E8H         LINE#         7
  C:76EAH         LINE#         8
  C:76ECH         LINE#         10
  C:76F3H         LINE#         11
  C:76F5H         LINE#         13
  C:76F7H         LINE#         14
  C:76F9H         LINE#         16
  C:7700H         LINE#         18
  C:7702H         LINE#         20
  C:7709H         LINE#         23
  C:770BH         LINE#         25
  C:770DH         LINE#         27
  C:7714H         LINE#         29
  C:7716H         LINE#         31
BL51 BANKED LINKER/LOCATER V6.22                                                      08/26/2019  17:16:10  PAGE 57


  -------         ENDPROC       SI1120_CONFIG_MODE_VIRH
  -------         PROC          ENABLE_EXTINT0
  C:7A99H         LINE#         33
  C:7A99H         LINE#         34
  C:7A99H         LINE#         35
  C:7A9CH         LINE#         36
  C:7A9FH         LINE#         37
  C:7AA1H         LINE#         38
  C:7AA3H         LINE#         39
  C:7AA5H         LINE#         40
  -------         ENDPROC       ENABLE_EXTINT0
  -------         ENDMOD        SI1120

  -------         MODULE        UART1
  C:0000H         SYMBOL        _ICE_DUMMY_
  D:0080H         PUBLIC        P0
  D:0090H         PUBLIC        P1
  D:00A0H         PUBLIC        P2
  D:00B0H         PUBLIC        P3
  D:00C0H         PUBLIC        P4
  D:00C8H         PUBLIC        P5
  C:78A6H         PUBLIC        _uart1_SendToTCPServer
  B:00A8H.7       PUBLIC        EA
  D:00E8H         PUBLIC        P6
  D:00F8H         PUBLIC        P7
  C:76B3H         PUBLIC        _SendString
  D:00A8H         PUBLIC        IE
  B:00A8H.4       PUBLIC        ES
  D:00B8H         PUBLIC        IP
  C:7998H         PUBLIC        _ASCIItoBCD
  D:00D8H         PUBLIC        CCON
  C:7A4EH         PUBLIC        initUART1
  D:0098H         PUBLIC        SCON
  D:0088H         PUBLIC        TCON
  C:7B07H         PUBLIC        _DectoBCD
  C:001EH         PUBLIC        _ASCII_Letter
  D:008EH         PUBLIC        AUXR
  C:0006H         PUBLIC        _unit
  C:7B00H         PUBLIC        _ten
  D:00D6H         PUBLIC        T2H
  D:00D7H         PUBLIC        T2L
  C:7AF1H         PUBLIC        uart1_InitTCPConn
  D:00D0H         PUBLIC        PSW
  -------         PROC          INITUART1
  C:7A4EH         LINE#         24
  C:7A4EH         LINE#         25
  C:7A4EH         LINE#         26
  C:7A51H         LINE#         27
  C:7A54H         LINE#         28
  C:7A57H         LINE#         29
  C:7A5AH         LINE#         30
  C:7A5CH         LINE#         31
  C:7A5EH         LINE#         33
  -------         ENDPROC       INITUART1
  -------         PROC          _SENDSTRING
  X:04EDH         SYMBOL        s
  C:76B3H         LINE#         36
BL51 BANKED LINKER/LOCATER V6.22                                                      08/26/2019  17:16:10  PAGE 58


  C:76BEH         LINE#         37
  C:76BEH         LINE#         38
  C:76CEH         LINE#         39
  C:76CEH         LINE#         40
  C:76E3H         LINE#         41
  C:76E5H         LINE#         42
  -------         ENDPROC       _SENDSTRING
  -------         PROC          _TEN
  D:0007H         SYMBOL        BCD
  C:7B00H         LINE#         44
  C:7B00H         LINE#         45
  C:7B00H         LINE#         46
  C:7B05H         LINE#         47
  -------         ENDPROC       _TEN
  -------         PROC          _UNIT
  D:0007H         SYMBOL        BCD
  C:0006H         LINE#         48
  C:0006H         LINE#         49
  C:0006H         LINE#         53
  C:000AH         LINE#         54
  -------         ENDPROC       _UNIT
  -------         PROC          _DECTOBCD
  D:0007H         SYMBOL        dec
  C:7B07H         LINE#         55
  C:7B07H         LINE#         56
  C:7B07H         LINE#         58
  C:7B07H         LINE#         59
  -------         ENDPROC       _DECTOBCD
  -------         PROC          _ASCII_LETTER
  D:0007H         SYMBOL        dat
  C:001EH         LINE#         61
  C:001EH         LINE#         62
  C:001EH         LINE#         64
  C:0022H         LINE#         65
  -------         ENDPROC       _ASCII_LETTER
  -------         PROC          _ASCIITOBCD
  D:0001H         SYMBOL        ascii
  -------         DO            
  D:0007H         SYMBOL        dec_val
  D:0006H         SYMBOL        ten
  D:0007H         SYMBOL        unit
  -------         ENDDO         
  C:7998H         LINE#         67
  C:7998H         LINE#         68
  C:7998H         LINE#         70
  C:799BH         LINE#         71
  C:79A1H         LINE#         72
  C:79A8H         LINE#         73
  C:79AEH         LINE#         75
  -------         ENDPROC       _ASCIITOBCD
  -------         PROC          UART1_INITTCPCONN
  C:7AF1H         LINE#         77
  C:7AF1H         LINE#         78
  C:7AF1H         LINE#         82
  -------         ENDPROC       UART1_INITTCPCONN
  -------         PROC          _UART1_SENDTOTCPSERVER
  X:03FCH         SYMBOL        str
BL51 BANKED LINKER/LOCATER V6.22                                                      08/26/2019  17:16:10  PAGE 59


  C:78A6H         LINE#         85
  C:78B1H         LINE#         86
  C:78B1H         LINE#         87
  C:78BAH         LINE#         88
  C:78C1H         LINE#         89
  -------         ENDPROC       _UART1_SENDTOTCPSERVER
  -------         ENDMOD        UART1

  -------         MODULE        ?C_STARTUP
  C:715EH         SEGMENT       ?C_C51STARTUP
  I:0022H         SEGMENT       ?STACK
  C:0000H         PUBLIC        ?C_STARTUP
  D:00E0H         SYMBOL        ACC
  D:00F0H         SYMBOL        B
  D:0083H         SYMBOL        DPH
  D:0082H         SYMBOL        DPL
  N:0000H         SYMBOL        IBPSTACK
  N:0100H         SYMBOL        IBPSTACKTOP
  N:0080H         SYMBOL        IDATALEN
  C:7161H         SYMBOL        IDATALOOP
  N:0000H         SYMBOL        PBPSTACK
  N:0100H         SYMBOL        PBPSTACKTOP
  N:0000H         SYMBOL        PDATALEN
  N:0000H         SYMBOL        PDATASTART
  N:0000H         SYMBOL        PPAGE
  N:0000H         SYMBOL        PPAGEENABLE
  D:00A0H         SYMBOL        PPAGE_SFR
  D:0081H         SYMBOL        SP
  C:715EH         SYMBOL        STARTUP1
  N:0000H         SYMBOL        XBPSTACK
  N:0000H         SYMBOL        XBPSTACKTOP
  N:0000H         SYMBOL        XDATALEN
  N:0000H         SYMBOL        XDATASTART
  C:0000H         LINE#         126
  C:715EH         LINE#         133
  C:7160H         LINE#         134
  C:7161H         LINE#         135
  C:7162H         LINE#         136
  C:7164H         LINE#         185
  C:7167H         LINE#         196
  -------         ENDMOD        ?C_STARTUP

  -------         MODULE        ?C?FPADD
  C:2477H         PUBLIC        ?C?FPADD
  C:2473H         PUBLIC        ?C?FPSUB
  -------         ENDMOD        ?C?FPADD

  -------         MODULE        ?C?FPMUL
  C:2568H         PUBLIC        ?C?FPMUL
  -------         ENDMOD        ?C?FPMUL

  -------         MODULE        ?C?FPDIV
  C:2671H         PUBLIC        ?C?FPDIV
  -------         ENDMOD        ?C?FPDIV

  -------         MODULE        ?C?FPCMP
  C:2710H         PUBLIC        ?C?FPCMP
BL51 BANKED LINKER/LOCATER V6.22                                                      08/26/2019  17:16:10  PAGE 60


  C:270EH         PUBLIC        ?C?FPCMP3
  -------         ENDMOD        ?C?FPCMP

  -------         MODULE        ?C?FPNEG
  C:2787H         PUBLIC        ?C?FPNEG
  -------         ENDMOD        ?C?FPNEG

  -------         MODULE        ?C?FCAST
  C:27A2H         PUBLIC        ?C?FCASTC
  C:279DH         PUBLIC        ?C?FCASTI
  C:2798H         PUBLIC        ?C?FCASTL
  -------         ENDMOD        ?C?FCAST

  -------         MODULE        ?C?CASTF
  C:27D6H         PUBLIC        ?C?CASTF
  -------         ENDMOD        ?C?CASTF

  -------         MODULE        PRINTF
  X:04EDH         PUBLIC        ?_PRINTF?BYTE
  X:04EDH         PUBLIC        ?_SPRINTF?BYTE
  C:4A79H         PUBLIC        _PRINTF
  C:4A73H         PUBLIC        _SPRINTF
  -------         ENDMOD        PRINTF

  -------         MODULE        FABS
  C:7AA6H         PUBLIC        _FABS
  -------         ENDMOD        FABS

  -------         MODULE        ATAN2
  X:04A3H         PUBLIC        ?_atan2?BYTE
  C:6F8BH         PUBLIC        _atan2
  -------         ENDMOD        ATAN2

  -------         MODULE        SIN
  C:61EBH         PUBLIC        _COS
  C:6201H         PUBLIC        _SIN
  C:623DH         PUBLIC        _TAN
  -------         ENDMOD        SIN

  -------         MODULE        ACOS
  C:756AH         PUBLIC        _ACOS
  -------         ENDMOD        ACOS

  -------         MODULE        ASIN
  C:7678H         PUBLIC        _ASIN
  -------         ENDMOD        ASIN

  -------         MODULE        POW
  X:03BCH         PUBLIC        ?_pow?BYTE
  C:632BH         PUBLIC        _pow
  -------         ENDMOD        POW

  -------         MODULE        ?C?CHKFLOAT
  C:2857H         PUBLIC        ?C?CHKFLOAT
  -------         ENDMOD        ?C?CHKFLOAT

  -------         MODULE        ?C?FPROUND
BL51 BANKED LINKER/LOCATER V6.22                                                      08/26/2019  17:16:10  PAGE 61


  C:2871H         PUBLIC        ?C?FPROUND
  -------         ENDMOD        ?C?FPROUND

  -------         MODULE        ?C?FPCONVERT
  C:28AEH         PUBLIC        ?C?FPCONVERT
  -------         ENDMOD        ?C?FPCONVERT

  -------         MODULE        EXP
  C:70FCH         PUBLIC        _EXP
  -------         ENDMOD        EXP

  -------         MODULE        LOG
  C:661AH         PUBLIC        _LOG
  C:6616H         PUBLIC        _LOG10
  -------         ENDMOD        LOG

  -------         MODULE        SQRT
  C:6E42H         PUBLIC        _SQRT
  -------         ENDMOD        SQRT

  -------         MODULE        ATAN
  C:672FH         PUBLIC        _ATAN
  -------         ENDMOD        ATAN

  -------         MODULE        ?C?FTNPWR
  C:2A30H         PUBLIC        ?C?FTNPWR
  -------         ENDMOD        ?C?FTNPWR

  -------         MODULE        ?C?COPY
  C:2B40H         PUBLIC        ?C?COPY
  -------         ENDMOD        ?C?COPY

  -------         MODULE        ?C?CLDPTR
  C:2B66H         PUBLIC        ?C?CLDPTR
  -------         ENDMOD        ?C?CLDPTR

  -------         MODULE        ?C?CLDOPTR
  C:2B7FH         PUBLIC        ?C?CLDOPTR
  -------         ENDMOD        ?C?CLDOPTR

  -------         MODULE        ?C?CSTPTR
  C:2BACH         PUBLIC        ?C?CSTPTR
  -------         ENDMOD        ?C?CSTPTR

  -------         MODULE        ?C?IMUL
  C:2BBEH         PUBLIC        ?C?IMUL
  -------         ENDMOD        ?C?IMUL

  -------         MODULE        ?C?UIDIV
  C:2BD0H         PUBLIC        ?C?UIDIV
  -------         ENDMOD        ?C?UIDIV

  -------         MODULE        ?C?SIDIV
  C:2C25H         PUBLIC        ?C?SIDIV
  -------         ENDMOD        ?C?SIDIV

  -------         MODULE        ?C?ILDIX
BL51 BANKED LINKER/LOCATER V6.22                                                      08/26/2019  17:16:10  PAGE 62


  C:2C5BH         PUBLIC        ?C?ILDIX
  -------         ENDMOD        ?C?ILDIX

  -------         MODULE        ?C?ILDOPTR
  C:2C71H         PUBLIC        ?C?ILDOPTR
  -------         ENDMOD        ?C?ILDOPTR

  -------         MODULE        ?C?ISTPTR
  C:2CA9H         PUBLIC        ?C?ISTPTR
  -------         ENDMOD        ?C?ISTPTR

  -------         MODULE        ?C?LMUL
  C:2CC8H         PUBLIC        ?C?LMUL
  -------         ENDMOD        ?C?LMUL

  -------         MODULE        ?C?SLDIV
  C:75B4H         PUBLIC        ?C?SLDIV
  -------         ENDMOD        ?C?SLDIV

  -------         MODULE        ?C?LNEG
  C:2D17H         PUBLIC        ?C?LNEG
  -------         ENDMOD        ?C?LNEG

  -------         MODULE        ?C?ULCMP
  C:2D25H         PUBLIC        ?C?ULCMP
  -------         ENDMOD        ?C?ULCMP

  -------         MODULE        ?C?LSHL
  C:2D36H         PUBLIC        ?C?LSHL
  -------         ENDMOD        ?C?LSHL

  -------         MODULE        ?C?LLDPTR
  C:2D49H         PUBLIC        ?C?LLDPTR
  -------         ENDMOD        ?C?LLDPTR

  -------         MODULE        ?C?LLDOPTR
  C:2D69H         PUBLIC        ?C?LLDOPTR
  -------         ENDMOD        ?C?LLDOPTR

  -------         MODULE        ?C?LSTPTR
  C:2D99H         PUBLIC        ?C?LSTPTR
  -------         ENDMOD        ?C?LSTPTR

  -------         MODULE        ?C?LSTOPTR
  C:2DB3H         PUBLIC        ?C?LSTOPTR
  -------         ENDMOD        ?C?LSTOPTR

  -------         MODULE        ?C?LLDXDATA
  C:2DD7H         PUBLIC        ?C?LLDXDATA
  -------         ENDMOD        ?C?LLDXDATA

  -------         MODULE        ?C?LLDCODE
  C:2DE3H         PUBLIC        ?C?LLDCODE
  -------         ENDMOD        ?C?LLDCODE

  -------         MODULE        ?C?LLDXDATA0
  C:2DF3H         PUBLIC        ?C?LLDXDATA0
BL51 BANKED LINKER/LOCATER V6.22                                                      08/26/2019  17:16:10  PAGE 63


  -------         ENDMOD        ?C?LLDXDATA0

  -------         MODULE        ?C?LLDCODE0
  C:2DFFH         PUBLIC        ?C?LLDCODE0
  -------         ENDMOD        ?C?LLDCODE0

  -------         MODULE        ?C?LLDPTR0
  C:2E0FH         PUBLIC        ?C?LLDPTR0
  -------         ENDMOD        ?C?LLDPTR0

  -------         MODULE        ?C?LSTXDATA
  C:2E2FH         PUBLIC        ?C?LSTXDATA
  -------         ENDMOD        ?C?LSTXDATA

  -------         MODULE        ?C?LSTKXDATA
  C:2E3BH         PUBLIC        ?C?LSTKXDATA
  -------         ENDMOD        ?C?LSTKXDATA

  -------         MODULE        ?C?LSTKPTR
  C:2E6CH         PUBLIC        ?C?LSTKPTR
  -------         ENDMOD        ?C?LSTKPTR

  -------         MODULE        ?C?OFFXADD
  C:2E86H         PUBLIC        ?C?OFFXADD
  -------         ENDMOD        ?C?OFFXADD

  -------         MODULE        ?C?PLDIXDATA
  C:2E92H         PUBLIC        ?C?PLDIXDATA
  -------         ENDMOD        ?C?PLDIXDATA

  -------         MODULE        ?C?PSTXDATA
  C:2EA9H         PUBLIC        ?C?PSTXDATA
  -------         ENDMOD        ?C?PSTXDATA

  -------         MODULE        ?C?CCASE
  C:2EB2H         PUBLIC        ?C?CCASE
  -------         ENDMOD        ?C?CCASE

  -------         MODULE        PUTCHAR
  C:7836H         PUBLIC        _PUTCHAR
  -------         ENDMOD        PUTCHAR

  -------         MODULE        ABS
  C:7ABFH         PUBLIC        _ABS
  -------         ENDMOD        ABS

  -------         MODULE        ATOI
  C:6B38H         PUBLIC        _atoi
  -------         ENDMOD        ATOI

  -------         MODULE        ?C?IILDX
  C:2ED8H         PUBLIC        ?C?IILDX
  -------         ENDMOD        ?C?IILDX

  -------         MODULE        ?C?ULDIV
  C:2F2AH         PUBLIC        ?C?ULDIV
  -------         ENDMOD        ?C?ULDIV
BL51 BANKED LINKER/LOCATER V6.22                                                      08/26/2019  17:16:10  PAGE 64



  -------         MODULE        ?C?LLDIDATA
  C:2FBCH         PUBLIC        ?C?LLDIDATA
  -------         ENDMOD        ?C?LLDIDATA

  -------         MODULE        ?C?LLDPDATA
  C:2FC8H         PUBLIC        ?C?LLDPDATA
  -------         ENDMOD        ?C?LLDPDATA

  -------         MODULE        ?C?LLDIDATA0
  C:2FD4H         PUBLIC        ?C?LLDIDATA0
  -------         ENDMOD        ?C?LLDIDATA0

  -------         MODULE        ?C?LLDPDATA0
  C:2FE1H         PUBLIC        ?C?LLDPDATA0
  -------         ENDMOD        ?C?LLDPDATA0

  -------         MODULE        ?C?LSTIDATA
  C:2FEEH         PUBLIC        ?C?LSTIDATA
  -------         ENDMOD        ?C?LSTIDATA

  -------         MODULE        ?C?LSTPDATA
  C:2FFAH         PUBLIC        ?C?LSTPDATA
  -------         ENDMOD        ?C?LSTPDATA

  -------         MODULE        ?C?LSTKIDATA
  C:3006H         PUBLIC        ?C?LSTKIDATA
  -------         ENDMOD        ?C?LSTKIDATA

  -------         MODULE        ?C?LSTKPDATA
  C:301FH         PUBLIC        ?C?LSTKPDATA
  -------         ENDMOD        ?C?LSTKPDATA

  -------         MODULE        ISDIGIT
  C:7A7DH         PUBLIC        _isdigit
  -------         ENDMOD        ISDIGIT

  -------         MODULE        ISSPACE
  C:7A18H         PUBLIC        _isspace
  -------         ENDMOD        ISSPACE

*** WARNING L16: UNCALLED SEGMENT, IGNORED FOR OVERLAY PROCESS
    SEGMENT: ?PR?_DAY_OF_YEAR?PCF85063BTL

*** WARNING L16: UNCALLED SEGMENT, IGNORED FOR OVERLAY PROCESS
    SEGMENT: ?PR?_FINDCLOSESTSAMEDAYCALIBTIME?CALIBRATION

*** WARNING L16: UNCALLED SEGMENT, IGNORED FOR OVERLAY PROCESS
    SEGMENT: ?PR?NOP?IOEXPANDER_PI4IOE5V96248

*** WARNING L16: UNCALLED SEGMENT, IGNORED FOR OVERLAY PROCESS
    SEGMENT: ?PR?UC_ACK?IOEXPANDER_PI4IOE5V96248

*** WARNING L16: UNCALLED SEGMENT, IGNORED FOR OVERLAY PROCESS
    SEGMENT: ?PR?UC_NACK?IOEXPANDER_PI4IOE5V96248

*** WARNING L16: UNCALLED SEGMENT, IGNORED FOR OVERLAY PROCESS
BL51 BANKED LINKER/LOCATER V6.22                                                      08/26/2019  17:16:10  PAGE 65


    SEGMENT: ?PR?_TEN?UART1

*** WARNING L16: UNCALLED SEGMENT, IGNORED FOR OVERLAY PROCESS
    SEGMENT: ?PR?_UNIT?UART1

*** WARNING L16: UNCALLED SEGMENT, IGNORED FOR OVERLAY PROCESS
    SEGMENT: ?PR?_DECTOBCD?UART1

*** WARNING L16: UNCALLED SEGMENT, IGNORED FOR OVERLAY PROCESS
    SEGMENT: ?PR?_ASCII_LETTER?UART1

*** WARNING L16: UNCALLED SEGMENT, IGNORED FOR OVERLAY PROCESS
    SEGMENT: ?PR?_ASCIITOBCD?UART1

Program Size: data=15.4 xdata=1626 code=31496
LINK/LOCATE RUN COMPLETE.  10 WARNING(S),  0 ERROR(S)
