BL51 BANKED LINKER/LOCATER V6.22                                                        08/28/2019  12:03:15  PAGE 1


BL51 BANKED LINKER/LOCATER V6.22, INVOKED BY:
C:\KEIL_V5\C51\BIN\BL51.EXE .\Obj\main.obj, .\Obj\PCF85063BTL.obj, .\Obj\LCd_Driver_SPLC780D.obj, .\Obj\KeyPad.obj, .\Ob
>> j\BipolarMotor.obj, .\Obj\SunPos.obj, .\Obj\ADC.obj, .\Obj\Calibration.obj, .\Obj\IOExpander_PI4IOE5V96248.obj, .\Obj
>> \AT25SF041.obj, .\Obj\SI1120.obj, .\Obj\UART1.obj, .\Obj\STARTUP.obj TO .\Obj\GPIO_RTC_Test RTX51TINY PRINT (.\Lis\GP
>> IO_RTC_Test.m51) RAMSIZE (256)


MEMORY MODEL: LARGE WITH FLOATING POINT ARITHMETIC


INPUT MODULES INCLUDED:
  .\Obj\main.obj (MAIN)
  .\Obj\PCF85063BTL.obj (PCF85063BTL)
  .\Obj\LCd_Driver_SPLC780D.obj (LCD_DRIVER_SPLC780D)
  .\Obj\KeyPad.obj (KEYPAD)
  .\Obj\BipolarMotor.obj (BIPOLARMOTOR)
  .\Obj\SunPos.obj (SUNPOS)
  .\Obj\ADC.obj (ADC)
  .\Obj\Calibration.obj (CALIBRATION)
  .\Obj\IOExpander_PI4IOE5V96248.obj (IOEXPANDER_PI4IOE5V96248)
  .\Obj\AT25SF041.obj (AT25SF041)
  .\Obj\SI1120.obj (SI1120)
  .\Obj\UART1.obj (UART1)
  .\Obj\STARTUP.obj (?C_STARTUP)
  C:\KEIL_V5\C51\LIB\C51FPL.LIB (?C?FPADD)
  C:\KEIL_V5\C51\LIB\C51FPL.LIB (?C?FPMUL)
  C:\KEIL_V5\C51\LIB\C51FPL.LIB (?C?FPDIV)
  C:\KEIL_V5\C51\LIB\C51FPL.LIB (?C?FPCMP)
  C:\KEIL_V5\C51\LIB\C51FPL.LIB (?C?FPNEG)
  C:\KEIL_V5\C51\LIB\C51FPL.LIB (?C?FCAST)
  C:\KEIL_V5\C51\LIB\C51FPL.LIB (?C?CASTF)
  C:\KEIL_V5\C51\LIB\C51FPL.LIB (PRINTF)
  C:\KEIL_V5\C51\LIB\C51FPL.LIB (FABS)
  C:\KEIL_V5\C51\LIB\C51FPL.LIB (ATAN2)
  C:\KEIL_V5\C51\LIB\C51FPL.LIB (SIN)
  C:\KEIL_V5\C51\LIB\C51FPL.LIB (ACOS)
  C:\KEIL_V5\C51\LIB\C51FPL.LIB (ASIN)
  C:\KEIL_V5\C51\LIB\C51FPL.LIB (POW)
  C:\KEIL_V5\C51\LIB\C51FPL.LIB (?C?FPGETOPN)
  C:\KEIL_V5\C51\LIB\C51FPL.LIB (?C?CHKFLOAT)
  C:\KEIL_V5\C51\LIB\C51FPL.LIB (?C?FPROUND)
  C:\KEIL_V5\C51\LIB\C51FPL.LIB (?C?FPCONVERT)
  C:\KEIL_V5\C51\LIB\C51FPL.LIB (?C?FPSERIES)
  C:\KEIL_V5\C51\LIB\C51FPL.LIB (EXP)
  C:\KEIL_V5\C51\LIB\C51FPL.LIB (LOG)
  C:\KEIL_V5\C51\LIB\C51FPL.LIB (SQRT)
  C:\KEIL_V5\C51\LIB\C51FPL.LIB (ATAN)
  C:\KEIL_V5\C51\LIB\C51FPL.LIB (?C?FTNPWR)
  C:\KEIL_V5\C51\LIB\C51L.LIB (?C_INIT)
  C:\KEIL_V5\C51\LIB\C51L.LIB (?C?COPY)
  C:\KEIL_V5\C51\LIB\C51L.LIB (?C?CLDPTR)
  C:\KEIL_V5\C51\LIB\C51L.LIB (?C?CLDOPTR)
  C:\KEIL_V5\C51\LIB\C51L.LIB (?C?CSTPTR)
  C:\KEIL_V5\C51\LIB\C51L.LIB (?C?IMUL)
  C:\KEIL_V5\C51\LIB\C51L.LIB (?C?UIDIV)
  C:\KEIL_V5\C51\LIB\C51L.LIB (?C?SIDIV)
  C:\KEIL_V5\C51\LIB\C51L.LIB (?C?ILDIX)
  C:\KEIL_V5\C51\LIB\C51L.LIB (?C?ILDOPTR)
BL51 BANKED LINKER/LOCATER V6.22                                                      08/28/2019  12:03:15  PAGE 2


  C:\KEIL_V5\C51\LIB\C51L.LIB (?C?ISTPTR)
  C:\KEIL_V5\C51\LIB\C51L.LIB (?C?LMUL)
  C:\KEIL_V5\C51\LIB\C51L.LIB (?C?SLDIV)
  C:\KEIL_V5\C51\LIB\C51L.LIB (?C?LNEG)
  C:\KEIL_V5\C51\LIB\C51L.LIB (?C?ULCMP)
  C:\KEIL_V5\C51\LIB\C51L.LIB (?C?LSHL)
  C:\KEIL_V5\C51\LIB\C51L.LIB (?C?LLDPTR)
  C:\KEIL_V5\C51\LIB\C51L.LIB (?C?LLDOPTR)
  C:\KEIL_V5\C51\LIB\C51L.LIB (?C?LSTPTR)
  C:\KEIL_V5\C51\LIB\C51L.LIB (?C?LSTOPTR)
  C:\KEIL_V5\C51\LIB\C51L.LIB (?C?LLDXDATA)
  C:\KEIL_V5\C51\LIB\C51L.LIB (?C?LLDCODE)
  C:\KEIL_V5\C51\LIB\C51L.LIB (?C?LLDXDATA0)
  C:\KEIL_V5\C51\LIB\C51L.LIB (?C?LLDCODE0)
  C:\KEIL_V5\C51\LIB\C51L.LIB (?C?LLDPTR0)
  C:\KEIL_V5\C51\LIB\C51L.LIB (?C?LSTXDATA)
  C:\KEIL_V5\C51\LIB\C51L.LIB (?C?LSTKXDATA)
  C:\KEIL_V5\C51\LIB\C51L.LIB (?C?LSTKPTR)
  C:\KEIL_V5\C51\LIB\C51L.LIB (?C?OFFXADD)
  C:\KEIL_V5\C51\LIB\C51L.LIB (?C?PLDIXDATA)
  C:\KEIL_V5\C51\LIB\C51L.LIB (?C?PSTXDATA)
  C:\KEIL_V5\C51\LIB\C51L.LIB (?C?CCASE)
  C:\KEIL_V5\C51\LIB\C51L.LIB (PUTCHAR)
  C:\KEIL_V5\C51\LIB\C51L.LIB (ABS)
  C:\KEIL_V5\C51\LIB\C51L.LIB (ATOI)
  C:\KEIL_V5\C51\LIB\C51L.LIB (?C?IILDX)
  C:\KEIL_V5\C51\LIB\C51L.LIB (?C?ULDIV)
  C:\KEIL_V5\C51\LIB\C51L.LIB (?C?LLDIDATA)
  C:\KEIL_V5\C51\LIB\C51L.LIB (?C?LLDPDATA)
  C:\KEIL_V5\C51\LIB\C51L.LIB (?C?LLDIDATA0)
  C:\KEIL_V5\C51\LIB\C51L.LIB (?C?LLDPDATA0)
  C:\KEIL_V5\C51\LIB\C51L.LIB (?C?LSTIDATA)
  C:\KEIL_V5\C51\LIB\C51L.LIB (?C?LSTPDATA)
  C:\KEIL_V5\C51\LIB\C51L.LIB (?C?LSTKIDATA)
  C:\KEIL_V5\C51\LIB\C51L.LIB (?C?LSTKPDATA)
  C:\KEIL_V5\C51\LIB\C51L.LIB (ISDIGIT)
  C:\KEIL_V5\C51\LIB\C51L.LIB (ISSPACE)


LINK MAP OF MODULE:  .\Obj\GPIO_RTC_Test (MAIN)


            TYPE    BASE      LENGTH    RELOCATION   SEGMENT NAME
            -----------------------------------------------------

            * * * * * * *   D A T A   M E M O R Y   * * * * * * *
            REG     0000H     0008H     ABSOLUTE     "REG BANK 0"
            DATA    0008H     0005H     UNIT         _DATA_GROUP_
                    000DH     0013H                  *** GAP ***
            BIT     0020H.0   0001H.2   UNIT         _BIT_GROUP_
            BIT     0021H.2   0000H.1   UNIT         ?BI?MAIN
            BIT     0021H.3   0000H.1   UNIT         ?BI?_ATOI?ATOI
                    0021H.4   0000H.4                *** GAP ***
            IDATA   0022H     0001H     UNIT         ?STACK

            * * * * * * *  X D A T A   M E M O R Y  * * * * * * *
            XDATA   0000H     03BCH     UNIT         ?XD?BIPOLARMOTOR
BL51 BANKED LINKER/LOCATER V6.22                                                      08/28/2019  12:03:15  PAGE 3


            XDATA   03BCH     0165H     UNIT         _XDATA_GROUP_
            XDATA   0521H     011DH     UNIT         ?XD?MAIN
            XDATA   063EH     0019H     UNIT         ?XD?KEYPAD
            XDATA   0657H     0005H     UNIT         ?XD?_ATOI?ATOI
            XDATA   065CH     0001H     UNIT         ?XD?UC_ACK?IOEXPANDER_PI4IOE5V96248
            XDATA   065DH     0001H     UNIT         ?XD?UC_NACK?IOEXPANDER_PI4IOE5V96248

            * * * * * * *   C O D E   M E M O R Y   * * * * * * *
            CODE    0000H     0003H     ABSOLUTE     
            CODE    0003H     0003H     ABSOLUTE     
            CODE    0006H     0005H     UNIT         ?PR?_UNIT?UART1
            CODE    000BH     0003H     ABSOLUTE     
            CODE    000EH     000DH     UNIT         ?PR?UART?MAIN
            CODE    001BH     0003H     ABSOLUTE     
            CODE    001EH     0005H     UNIT         ?PR?_ASCII_LETTER?UART1
            CODE    0023H     0003H     ABSOLUTE     
            CODE    0026H     23BBH     UNIT         ?PR?MAIN?MAIN
            CODE    23E1H     0BC8H     UNIT         ?C?LIB_CODE
            CODE    2FA9H     07F7H     UNIT         ?PR?_FIND_REAL_MAX?CALIBRATION
            CODE    37A0H     07A2H     UNIT         ?PR?SUNPOS?SUNPOS
            CODE    3F42H     0645H     UNIT         ?PR?_UPDATE_POSITION?BIPOLARMOTOR
            CODE    4587H     04FBH     UNIT         ?PR?_THEORICALJP_POSITION?BIPOLARMOTOR
            CODE    4A82H     0483H     UNIT         ?PR?PRINTF?PRINTF
            CODE    4F05H     041AH     UNIT         ?C_INITSEG
            CODE    531FH     038CH     UNIT         ?PR?KEY_PROCESS?KEYPAD
            CODE    56ABH     036DH     UNIT         ?PR?_ELEVATION_CALCULATION?BIPOLARMOTOR
            CODE    5A18H     0322H     UNIT         ?PR?_AZIMUTH_CALCULATION?BIPOLARMOTOR
            CODE    5D3AH     01C7H     UNIT         ?PR?_CALIBRATION?CALIBRATION
            CODE    5F01H     018DH     UNIT         ?PR?KEY_SCAN?KEYPAD
            CODE    608EH     0189H     UNIT         ?PR?SPI_NOR_WRITE_DATA?AT25SF041
            CODE    6217H     0188H     UNIT         ?PR?SIN?SIN
            CODE    639FH     0166H     UNIT         ?PR?_POW?POW
            CODE    6505H     0155H     UNIT         ?PR?_DISPLAY_POS?LCD_DRIVER_SPLC780D
            CODE    665AH     0129H     UNIT         ?PR?LOG?LOG
            CODE    6783H     0122H     UNIT         ?PR?ATAN?ATAN
            CODE    68A5H     0110H     UNIT         ?PR?_AT25SF041_READ?AT25SF041
            CODE    69B5H     0102H     UNIT         ?PR?_AT25SF041_WRITE?AT25SF041
            CODE    6AB7H     00F5H     UNIT         ?PR?EXINT0?MAIN
            CODE    6BACH     00DBH     UNIT         ?PR?_ATOI?ATOI
            CODE    6C87H     00C3H     UNIT         ?PR?LINEAR_INTERPOLATE?BIPOLARMOTOR
            CODE    6D4AH     00BBH     UNIT         ?PR?VOLTAGE_IS_STABLE?CALIBRATION
            CODE    6E05H     00ADH     UNIT         ?PR?_WRITE_PI4IOE5V96248?IOEXPANDER_PI4IOE5V96248
            CODE    6EB2H     00ACH     UNIT         ?PR?SQRT?SQRT
            CODE    6F5EH     00A1H     UNIT         ?PR?UCREAD_STATUS_REGISTER_BYTE1?AT25SF041
            CODE    6FFFH     009DH     UNIT         ?PR?_ATAN2?ATAN2
            CODE    709CH     009CH     UNIT         ?PR?_MAX_VALUE?CALIBRATION
            CODE    7138H     009AH     UNIT         ?PR?EXP?EXP
            CODE    71D2H     008CH     UNIT         ?C_C51STARTUP
            CODE    725EH     0088H     UNIT         ?PR?_DAY_OF_YEAR?PCF85063BTL
            CODE    72E6H     0079H     UNIT         ?PR?_WRITEDATA?LCD_DRIVER_SPLC780D
            CODE    735FH     0072H     UNIT         ?PR?AT25SF041_WRITEENABLE?AT25SF041
            CODE    73D1H     006FH     UNIT         ?PR?_READ_TIME?PCF85063BTL
            CODE    7440H     005AH     UNIT         ?PR?AT25SF041_CHIPERASE?AT25SF041
            CODE    749AH     0059H     UNIT         ?PR?LCD_INIT?LCD_DRIVER_SPLC780D
            CODE    74F3H     0056H     UNIT         ?CO?MAIN
            CODE    7549H     004BH     UNIT         ?CO?UART1
            CODE    7594H     004AH     UNIT         ?PR?VONESTEPMOVE?BIPOLARMOTOR
BL51 BANKED LINKER/LOCATER V6.22                                                      08/28/2019  12:03:15  PAGE 4


            CODE    75DEH     004AH     UNIT         ?PR?ACOS?ACOS
            CODE    7628H     0044H     UNIT         ?C?LDIV
            CODE    766CH     0040H     UNIT         ?PR?_COMMAND?LCD_DRIVER_SPLC780D
            CODE    76ACH     0040H     UNIT         ?PR?_STEP_MOVE?BIPOLARMOTOR
            CODE    76ECH     003BH     UNIT         ?PR?ASIN?ASIN
            CODE    7727H     0033H     UNIT         ?PR?_SENDSTRING?UART1
            CODE    775AH     0031H     UNIT         ?PR?SI1120_CONFIG_MODE_VIRH?SI1120
            CODE    778BH     002BH     UNIT         ?PR?_WAIT_MS_I2C?IOEXPANDER_PI4IOE5V96248
            CODE    77B6H     002BH     UNIT         ?PR?_WAIT_MS_SPINOR?AT25SF041
            CODE    77E1H     002AH     UNIT         ?PR?_ADC_GETRESULT?ADC
            CODE    780BH     0028H     UNIT         ?PR?_BCDTODEC1?BIPOLARMOTOR
            CODE    7833H     0028H     UNIT         ?PR?_MOVE?BIPOLARMOTOR
            CODE    785BH     0028H     UNIT         ?CO?CALIBRATION
            CODE    7883H     0027H     UNIT         ?PR?_I2C_SENDBYTE?IOEXPANDER_PI4IOE5V96248
            CODE    78AAH     0027H     UNIT         ?PR?PUTCHAR?PUTCHAR
            CODE    78D1H     0025H     UNIT         ?PR?_FINDCLOSESTSAMEDAYCALIBTIME?CALIBRATION
            CODE    78F6H     0024H     UNIT         ?PR?_WAIT_MS?LCD_DRIVER_SPLC780D
            CODE    791AH     0024H     UNIT         ?PR?_UART1_SENDTOTCPSERVER?UART1
            CODE    793EH     0021H     UNIT         ?PR?TM0_ISR?MAIN
            CODE    795FH     0020H     UNIT         ?PR?_SPI_SENDBYTE?PCF85063BTL
            CODE    797FH     0020H     UNIT         ?PR?SPI_RECEIVEBYTE?PCF85063BTL
            CODE    799FH     001EH     UNIT         ?PR?_DELAY_MS?KEYPAD
            CODE    79BDH     001DH     UNIT         ?PR?_DISPLAYLCD?LCD_DRIVER_SPLC780D
            CODE    79DAH     001AH     UNIT         ?PR?ADC_INIT?ADC
            CODE    79F4H     0018H     UNIT         ?PR?_SPI_WRITETIME?PCF85063BTL
            CODE    7A0CH     0017H     UNIT         ?PR?_ASCIITOBCD?UART1
            CODE    7A23H     0016H     UNIT         ?PR?I2C_ACK?IOEXPANDER_PI4IOE5V96248
            CODE    7A39H     0015H     UNIT         ?PR?_DISPLAY_LINE?LCD_DRIVER_SPLC780D
            CODE    7A4EH     0015H     UNIT         ?PR?VSETLOCATION?BIPOLARMOTOR
            CODE    7A63H     0015H     UNIT         ?PR?I2C_STOP?IOEXPANDER_PI4IOE5V96248
            CODE    7A78H     0014H     UNIT         ?PR?_PCF85063BTL_DELAY?PCF85063BTL
            CODE    7A8CH     0014H     UNIT         ?PR?_ISSPACE?ISSPACE
            CODE    7AA0H     0011H     UNIT         ?PR?_SPI_READTIME?PCF85063BTL
            CODE    7AB1H     0011H     UNIT         ?PR?_BCDTODEC?PCF85063BTL
            CODE    7AC2H     0011H     UNIT         ?PR?INITUART1?UART1
            CODE    7AD3H     000FH     UNIT         ?PR?I2C_START?IOEXPANDER_PI4IOE5V96248
            CODE    7AE2H     000FH     UNIT         ?PR?UC_NACK?IOEXPANDER_PI4IOE5V96248
            CODE    7AF1H     000FH     UNIT         ?PR?_ISDIGIT?ISDIGIT
            CODE    7B00H     000DH     UNIT         ?PR?SPI_INIT?PCF85063BTL
            CODE    7B0DH     000DH     UNIT         ?PR?ENABLE_EXTINT0?SI1120
            CODE    7B1AH     000DH     UNIT         ?PR?_FABS?FABS
            CODE    7B27H     000CH     UNIT         ?PR?KEYPAD_IO_INIT?KEYPAD
            CODE    7B33H     000CH     UNIT         ?PR?_ABS?ABS
            CODE    7B3FH     000AH     UNIT         ?PR?LCD_RETURN_HOME?LCD_DRIVER_SPLC780D
            CODE    7B49H     000AH     UNIT         ?PR?LCD_CLEAR?LCD_DRIVER_SPLC780D
            CODE    7B53H     0009H     UNIT         ?PR?TM1_ISR?MAIN
            CODE    7B5CH     0009H     UNIT         ?PR?_SENDUART1?MAIN
            CODE    7B65H     0009H     UNIT         ?PR?UART1_INITTCPCONN?UART1
            CODE    7B6EH     0006H     UNIT         ?PR?UC_ACK?IOEXPANDER_PI4IOE5V96248
            CODE    7B74H     0006H     UNIT         ?PR?_TEN?UART1
            CODE    7B7AH     0001H     UNIT         ?PR?NOP?IOEXPANDER_PI4IOE5V96248
            CODE    7B7BH     0001H     UNIT         ?PR?_DECTOBCD?UART1



OVERLAY MAP OF MODULE:   .\Obj\GPIO_RTC_Test (MAIN)

BL51 BANKED LINKER/LOCATER V6.22                                                      08/28/2019  12:03:15  PAGE 5



SEGMENT                                             BIT_GROUP          DATA_GROUP          XDATA_GROUP
  +--> CALLED SEGMENT                            START    LENGTH     START    LENGTH     START    LENGTH
--------------------------------------------------------------------------------------------------------
?PR?EXINT0?MAIN                                  -----    -----      -----    -----      -----    -----
  +--> ?PR?_POW?POW

?PR?_POW?POW                                     -----    -----      -----    -----      03BCH    000AH
  +--> ?PR?LOG?LOG
  +--> ?PR?EXP?EXP

?PR?LOG?LOG                                      0020H.0  0000H.1    -----    -----      03C6H    0004H

*** NEW ROOT ***************************************************

?C_C51STARTUP                                    -----    -----      -----    -----      -----    -----
  +--> ?PR?MAIN?MAIN
  +--> ?C_INITSEG

?PR?MAIN?MAIN                                    -----    -----      -----    -----      03CAH    0032H
  +--> ?PR?LCD_INIT?LCD_DRIVER_SPLC780D
  +--> ?PR?SPI_INIT?PCF85063BTL
  +--> ?PR?KEYPAD_IO_INIT?KEYPAD
  +--> ?PR?ADC_INIT?ADC
  +--> ?PR?SI1120_CONFIG_MODE_VIRH?SI1120
  +--> ?PR?ENABLE_EXTINT0?SI1120
  +--> ?PR?VSETLOCATION?BIPOLARMOTOR
  +--> ?PR?_SPI_WRITETIME?PCF85063BTL
  +--> ?PR?_DELAY_MS?KEYPAD
  +--> ?PR?_DISPLAY_LINE?LCD_DRIVER_SPLC780D
  +--> ?PR?_WRITEDATA?LCD_DRIVER_SPLC780D
  +--> ?PR?INITUART1?UART1
  +--> ?PR?UART1_INITTCPCONN?UART1
  +--> ?CO?MAIN
  +--> ?PR?_UART1_SENDTOTCPSERVER?UART1
  +--> ?PR?KEY_PROCESS?KEYPAD
  +--> ?PR?_COMMAND?LCD_DRIVER_SPLC780D
  +--> ?PR?_DISPLAY_POS?LCD_DRIVER_SPLC780D
  +--> ?PR?_DISPLAYLCD?LCD_DRIVER_SPLC780D
  +--> ?PR?_STEP_MOVE?BIPOLARMOTOR
  +--> ?PR?LCD_RETURN_HOME?LCD_DRIVER_SPLC780D
  +--> ?PR?_READ_TIME?PCF85063BTL
  +--> ?PR?_BCDTODEC1?BIPOLARMOTOR
  +--> ?PR?_SENDSTRING?UART1
  +--> ?PR?_ELEVATION_CALCULATION?BIPOLARMOTOR
  +--> ?PR?_AZIMUTH_CALCULATION?BIPOLARMOTOR
  +--> ?PR?PRINTF?PRINTF
  +--> ?PR?SIN?SIN
  +--> ?PR?_CALIBRATION?CALIBRATION
  +--> ?PR?_UPDATE_POSITION?BIPOLARMOTOR
  +--> ?PR?_AT25SF041_READ?AT25SF041
  +--> ?PR?_WAIT_MS_SPINOR?AT25SF041
  +--> ?PR?AT25SF041_WRITEENABLE?AT25SF041
  +--> ?PR?_AT25SF041_WRITE?AT25SF041
  +--> ?PR?_ABS?ABS
  +--> ?PR?_FABS?FABS
  +--> ?PR?_ADC_GETRESULT?ADC
BL51 BANKED LINKER/LOCATER V6.22                                                      08/28/2019  12:03:15  PAGE 6


  +--> ?PR?SPI_NOR_WRITE_DATA?AT25SF041
  +--> ?PR?_WAIT_MS?LCD_DRIVER_SPLC780D
  +--> ?PR?LINEAR_INTERPOLATE?BIPOLARMOTOR
  +--> ?PR?AT25SF041_CHIPERASE?AT25SF041
  +--> ?PR?LCD_CLEAR?LCD_DRIVER_SPLC780D

?PR?LCD_INIT?LCD_DRIVER_SPLC780D                 -----    -----      -----    -----      -----    -----
  +--> ?PR?_WAIT_MS?LCD_DRIVER_SPLC780D
  +--> ?PR?_COMMAND?LCD_DRIVER_SPLC780D

?PR?_COMMAND?LCD_DRIVER_SPLC780D                 -----    -----      -----    -----      -----    -----
  +--> ?PR?_WAIT_MS?LCD_DRIVER_SPLC780D

?PR?SI1120_CONFIG_MODE_VIRH?SI1120               -----    -----      -----    -----      -----    -----
  +--> ?PR?_WAIT_MS?LCD_DRIVER_SPLC780D

?PR?_SPI_WRITETIME?PCF85063BTL                   -----    -----      -----    -----      -----    -----
  +--> ?PR?_SPI_SENDBYTE?PCF85063BTL

?PR?_SPI_SENDBYTE?PCF85063BTL                    -----    -----      -----    -----      -----    -----
  +--> ?PR?_PCF85063BTL_DELAY?PCF85063BTL

?PR?_DISPLAY_LINE?LCD_DRIVER_SPLC780D            -----    -----      -----    -----      -----    -----
  +--> ?PR?_COMMAND?LCD_DRIVER_SPLC780D

?PR?_WRITEDATA?LCD_DRIVER_SPLC780D               -----    -----      -----    -----      04FCH    0001H
  +--> ?PR?_WAIT_MS?LCD_DRIVER_SPLC780D

?PR?UART1_INITTCPCONN?UART1                      -----    -----      -----    -----      -----    -----
  +--> ?CO?UART1
  +--> ?PR?_SENDSTRING?UART1

?PR?_SENDSTRING?UART1                            -----    -----      -----    -----      04F1H    0003H
  +--> ?PR?_SENDUART1?MAIN

?PR?_UART1_SENDTOTCPSERVER?UART1                 -----    -----      -----    -----      03FCH    0003H
  +--> ?CO?UART1
  +--> ?PR?_SENDSTRING?UART1
  +--> ?PR?_DELAY_MS?KEYPAD

?PR?KEY_PROCESS?KEYPAD                           -----    -----      -----    -----      03FCH    0006H
  +--> ?PR?KEY_SCAN?KEYPAD
  +--> ?PR?_SPI_WRITETIME?PCF85063BTL
  +--> ?PR?LCD_CLEAR?LCD_DRIVER_SPLC780D
  +--> ?PR?_COMMAND?LCD_DRIVER_SPLC780D
  +--> ?PR?_WRITEDATA?LCD_DRIVER_SPLC780D

?PR?KEY_SCAN?KEYPAD                              -----    -----      -----    -----      0402H    0003H

?PR?LCD_CLEAR?LCD_DRIVER_SPLC780D                -----    -----      -----    -----      -----    -----
  +--> ?PR?_COMMAND?LCD_DRIVER_SPLC780D

?PR?_DISPLAY_POS?LCD_DRIVER_SPLC780D             -----    -----      -----    -----      04F1H    000BH
  +--> ?PR?_ABS?ABS
  +--> ?PR?_WRITEDATA?LCD_DRIVER_SPLC780D

?PR?_DISPLAYLCD?LCD_DRIVER_SPLC780D              -----    -----      -----    -----      03FCH    0001H
BL51 BANKED LINKER/LOCATER V6.22                                                      08/28/2019  12:03:15  PAGE 7


  +--> ?PR?_WRITEDATA?LCD_DRIVER_SPLC780D

?PR?_STEP_MOVE?BIPOLARMOTOR                      0020H.2  0000H.1    -----    -----      04F5H    0004H
  +--> ?PR?VONESTEPMOVE?BIPOLARMOTOR

?PR?VONESTEPMOVE?BIPOLARMOTOR                    0020H.3  0000H.1    -----    -----      -----    -----
  +--> ?PR?_WRITE_PI4IOE5V96248?IOEXPANDER_P...
  +--> ?PR?_DELAY_MS?KEYPAD

?PR?_WRITE_PI4IOE5V96248?IOEXPANDER_P...         -----    -----      -----    -----      04F9H    0003H
  +--> ?PR?I2C_START?IOEXPANDER_PI4IOE5V96248
  +--> ?PR?_WAIT_MS_I2C?IOEXPANDER_PI4IOE5V9...
  +--> ?PR?_I2C_SENDBYTE?IOEXPANDER_PI4IOE5V...
  +--> ?PR?I2C_ACK?IOEXPANDER_PI4IOE5V96248
  +--> ?PR?I2C_STOP?IOEXPANDER_PI4IOE5V96248

?PR?I2C_START?IOEXPANDER_PI4IOE5V96248           -----    -----      -----    -----      -----    -----
  +--> ?PR?_WAIT_MS_I2C?IOEXPANDER_PI4IOE5V9...

?PR?_I2C_SENDBYTE?IOEXPANDER_PI4IOE5V...         -----    -----      -----    -----      -----    -----
  +--> ?PR?_WAIT_MS_I2C?IOEXPANDER_PI4IOE5V9...

?PR?I2C_ACK?IOEXPANDER_PI4IOE5V96248             -----    -----      -----    -----      04FCH    0001H
  +--> ?PR?_WAIT_MS_I2C?IOEXPANDER_PI4IOE5V9...

?PR?I2C_STOP?IOEXPANDER_PI4IOE5V96248            -----    -----      -----    -----      -----    -----
  +--> ?PR?_WAIT_MS_I2C?IOEXPANDER_PI4IOE5V9...

?PR?LCD_RETURN_HOME?LCD_DRIVER_SPLC780D          -----    -----      -----    -----      -----    -----
  +--> ?PR?_COMMAND?LCD_DRIVER_SPLC780D

?PR?_READ_TIME?PCF85063BTL                       -----    -----      -----    -----      04F1H    000FH
  +--> ?PR?_SPI_READTIME?PCF85063BTL

?PR?_SPI_READTIME?PCF85063BTL                    -----    -----      -----    -----      -----    -----
  +--> ?PR?_SPI_SENDBYTE?PCF85063BTL
  +--> ?PR?SPI_RECEIVEBYTE?PCF85063BTL

?PR?SPI_RECEIVEBYTE?PCF85063BTL                  -----    -----      -----    -----      -----    -----
  +--> ?PR?_PCF85063BTL_DELAY?PCF85063BTL

?PR?_ELEVATION_CALCULATION?BIPOLARMOTOR          -----    -----      -----    -----      03FCH    0005H
  +--> ?PR?_BCDTODEC1?BIPOLARMOTOR
  +--> ?PR?SUNPOS?SUNPOS
  +--> ?PR?SIN?SIN
  +--> ?PR?ASIN?ASIN

?PR?SUNPOS?SUNPOS                                -----    -----      -----    -----      0446H    005DH
  +--> ?PR?SIN?SIN
  +--> ?PR?_ATAN2?ATAN2
  +--> ?PR?ASIN?ASIN
  +--> ?PR?ACOS?ACOS

?PR?SIN?SIN                                      0020H.1  0000H.1    -----    -----      04A3H    0004H

?PR?_ATAN2?ATAN2                                 -----    -----      -----    -----      04A3H    0008H
  +--> ?PR?ATAN?ATAN
BL51 BANKED LINKER/LOCATER V6.22                                                      08/28/2019  12:03:15  PAGE 8



?PR?ATAN?ATAN                                    0020H.1  0000H.2    -----    -----      04ABH    0004H

?PR?ASIN?ASIN                                    -----    -----      -----    -----      -----    -----
  +--> ?PR?SQRT?SQRT
  +--> ?PR?ATAN?ATAN

?PR?SQRT?SQRT                                    -----    -----      -----    -----      04A3H    0004H

?PR?ACOS?ACOS                                    -----    -----      -----    -----      -----    -----
  +--> ?PR?SQRT?SQRT
  +--> ?PR?ATAN?ATAN

?PR?_AZIMUTH_CALCULATION?BIPOLARMOTOR            -----    -----      -----    -----      03FCH    0009H
  +--> ?PR?_BCDTODEC1?BIPOLARMOTOR
  +--> ?PR?SUNPOS?SUNPOS
  +--> ?PR?SIN?SIN
  +--> ?PR?ASIN?ASIN

?PR?PRINTF?PRINTF                                0020H.1  0001H.1    0008H    0005H      04F1H    0030H
  +--> ?PR?PUTCHAR?PUTCHAR

?PR?_CALIBRATION?CALIBRATION                     -----    -----      -----    -----      03FCH    0024H
  +--> ?PR?VOLTAGE_IS_STABLE?CALIBRATION
  +--> ?PR?_UPDATE_POSITION?BIPOLARMOTOR
  +--> ?PR?_FIND_REAL_MAX?CALIBRATION

?PR?VOLTAGE_IS_STABLE?CALIBRATION                -----    -----      -----    -----      0420H    0018H
  +--> ?PR?_ADC_GETRESULT?ADC
  +--> ?PR?_ABS?ABS

?PR?_UPDATE_POSITION?BIPOLARMOTOR                -----    -----      -----    -----      0420H    0026H
  +--> ?PR?_BCDTODEC1?BIPOLARMOTOR
  +--> ?PR?SUNPOS?SUNPOS
  +--> ?PR?SIN?SIN
  +--> ?PR?ASIN?ASIN
  +--> ?PR?_THEORICALJP_POSITION?BIPOLARMOTOR
  +--> ?PR?_FABS?FABS
  +--> ?PR?_MOVE?BIPOLARMOTOR

?PR?_THEORICALJP_POSITION?BIPOLARMOTOR           -----    -----      -----    -----      0446H    005CH
  +--> ?PR?LINEAR_INTERPOLATE?BIPOLARMOTOR

?PR?LINEAR_INTERPOLATE?BIPOLARMOTOR              -----    -----      -----    -----      04A2H    0014H

?PR?_MOVE?BIPOLARMOTOR                           0020H.1  0000H.1    -----    -----      04F1H    0004H
  +--> ?PR?_STEP_MOVE?BIPOLARMOTOR

?PR?_FIND_REAL_MAX?CALIBRATION                   -----    -----      -----    -----      0420H    00D1H
  +--> ?PR?_ADC_GETRESULT?ADC
  +--> ?PR?_WAIT_MS?LCD_DRIVER_SPLC780D
  +--> ?CO?CALIBRATION
  +--> ?PR?PRINTF?PRINTF
  +--> ?PR?_SENDSTRING?UART1
  +--> ?PR?_COMMAND?LCD_DRIVER_SPLC780D
  +--> ?PR?_WRITEDATA?LCD_DRIVER_SPLC780D
  +--> ?PR?_DISPLAY_POS?LCD_DRIVER_SPLC780D
BL51 BANKED LINKER/LOCATER V6.22                                                      08/28/2019  12:03:15  PAGE 9


  +--> ?PR?_MOVE?BIPOLARMOTOR
  +--> ?PR?_READ_TIME?PCF85063BTL
  +--> ?PR?_BCDTODEC1?BIPOLARMOTOR
  +--> ?PR?_MAX_VALUE?CALIBRATION

?PR?_MAX_VALUE?CALIBRATION                       -----    -----      -----    -----      04F1H    0004H

?PR?_AT25SF041_READ?AT25SF041                    -----    -----      -----    -----      03FCH    0008H
  +--> ?PR?_WAIT_MS_SPINOR?AT25SF041
  +--> ?PR?UCREAD_STATUS_REGISTER_BYTE1?AT25...

?PR?UCREAD_STATUS_REGISTER_BYTE1?AT25...         -----    -----      -----    -----      0412H    0003H
  +--> ?PR?_WAIT_MS_SPINOR?AT25SF041

?PR?AT25SF041_WRITEENABLE?AT25SF041              -----    -----      -----    -----      040AH    0002H
  +--> ?PR?_WAIT_MS_SPINOR?AT25SF041
  +--> ?PR?UCREAD_STATUS_REGISTER_BYTE1?AT25...

?PR?_AT25SF041_WRITE?AT25SF041                   -----    -----      -----    -----      040AH    0008H
  +--> ?PR?_WAIT_MS_SPINOR?AT25SF041
  +--> ?PR?UCREAD_STATUS_REGISTER_BYTE1?AT25...

?PR?SPI_NOR_WRITE_DATA?AT25SF041                 -----    -----      -----    -----      03FCH    000EH
  +--> ?PR?AT25SF041_WRITEENABLE?AT25SF041
  +--> ?PR?_AT25SF041_WRITE?AT25SF041
  +--> ?PR?_WAIT_MS_SPINOR?AT25SF041

?PR?AT25SF041_CHIPERASE?AT25SF041                -----    -----      -----    -----      03FCH    0002H
  +--> ?PR?_WAIT_MS_SPINOR?AT25SF041
  +--> ?PR?UCREAD_STATUS_REGISTER_BYTE1?AT25...



SYMBOL TABLE OF MODULE:  .\Obj\GPIO_RTC_Test (MAIN)

  VALUE           TYPE          NAME
  ----------------------------------

  -------         MODULE        MAIN
  C:0000H         SYMBOL        _ICE_DUMMY_
  X:0529H         PUBLIC        calib_value
  D:0080H         PUBLIC        P0
  D:0090H         PUBLIC        P1
  D:00A0H         PUBLIC        P2
  D:00B0H         PUBLIC        P3
  D:00C0H         PUBLIC        P4
  D:00C8H         PUBLIC        P5
  X:057DH         SYMBOL        PressedKey
  B:00A8H.7       PUBLIC        EA
  D:00E8H         PUBLIC        P6
  X:0581H         PUBLIC        calib_stamp
  D:00F8H         PUBLIC        P7
  X:0582H         PUBLIC        sTempString
  X:058BH         PUBLIC        calib_bool
  X:05B5H         PUBLIC        pwm_time_min
  D:00A8H         PUBLIC        IE
  X:05B9H         PUBLIC        calib_time
BL51 BANKED LINKER/LOCATER V6.22                                                      08/28/2019  12:03:15  PAGE 10


  X:060DH         PUBLIC        pwm_time_max
  B:0090H.7       PUBLIC        Connect_Electronics_Load
  D:00B8H         PUBLIC        IP
  B:0098H.0       PUBLIC        RI
  B:00B0H.2       PUBLIC        INT0
  X:0611H         PUBLIC        months
  B:0098H.1       PUBLIC        TI
  C:000EH         PUBLIC        Uart
  D:00D8H         PUBLIC        CCON
  C:0026H         PUBLIC        main
  X:0612H         PUBLIC        found_1st_point
  X:0614H         PUBLIC        i_point1
  X:0616H         PUBLIC        i_point2
  X:0618H         PUBLIC        count
  B:0090H.2       PUBLIC        Connect_IV_Load
  D:0099H         PUBLIC        SBUF
  X:061AH         PUBLIC        days
  X:061BH         PUBLIC        hours
  D:0098H         PUBLIC        SCON
  D:0089H         PUBLIC        TMOD
  D:0088H         PUBLIC        TCON
  B:00A0H.3       PUBLIC        P23
  X:061CH         SYMBOL        KeyCount
  X:061EH         PUBLIC        mins
  B:00C8H.5       PUBLIC        P55
  X:061FH         PUBLIC        diff_of_offset
  D:008EH         PUBLIC        AUXR
  C:793EH         PUBLIC        tm0_isr
  B:0090H.5       PUBLIC        SI1120_STX
  C:7B53H         PUBLIC        tm1_isr
  B:0021H.2       PUBLIC        busy
  D:00E0H         PUBLIC        ACC
  B:00A8H.1       PUBLIC        ET0
  B:00A8H.3       PUBLIC        ET1
  X:0623H         PUBLIC        SPI_NOR_INTERNAL_FLASH_ADDR
  D:008CH         PUBLIC        TH0
  D:008DH         PUBLIC        TH1
  D:008AH         PUBLIC        TL0
  D:008BH         PUBLIC        TL1
  X:0627H         PUBLIC        ii
  X:0629H         PUBLIC        jj
  B:0088H.4       PUBLIC        TR0
  B:0088H.6       PUBLIC        TR1
  X:062BH         PUBLIC        old_mins
  C:6AB7H         PUBLIC        exint0
  X:062CH         SYMBOL        KeyNum
  X:062DH         SYMBOL        KeyNum_Old
  X:062EH         PUBLIC        timer0_count
  X:0630H         PUBLIC        current_position
  X:0634H         PUBLIC        pwm_time
  X:0638H         PUBLIC        i
  X:063AH         PUBLIC        j
  X:063CH         PUBLIC        start_timer0_count
  X:063DH         PUBLIC        seconds
  D:00D0H         PUBLIC        PSW
  C:7B5CH         PUBLIC        _SendUART1
  -------         PROC          TM0_ISR
BL51 BANKED LINKER/LOCATER V6.22                                                      08/28/2019  12:03:15  PAGE 11


  C:793EH         LINE#         110
  C:7944H         LINE#         114
  C:7947H         LINE#         115
  C:794AH         LINE#         116
  C:7958H         LINE#         117
  -------         ENDPROC       TM0_ISR
  -------         PROC          TM1_ISR
  C:7B53H         LINE#         118
  C:7B53H         LINE#         120
  C:7B55H         LINE#         122
  C:7B58H         LINE#         123
  C:7B5BH         LINE#         124
  -------         ENDPROC       TM1_ISR
  -------         PROC          EXINT0
  C:6AB7H         LINE#         125
  C:6AD4H         LINE#         129
  C:6AD7H         LINE#         130
  C:6AD7H         LINE#         131
  C:6ADAH         LINE#         132
  C:6ADDH         LINE#         133
  C:6ADFH         LINE#         134
  C:6AE1H         LINE#         138
  C:6AE4H         LINE#         141
  C:6AE4H         LINE#         142
  C:6AE6H         LINE#         144
  C:6AF2H         LINE#         145
  C:6B4CH         LINE#         146
  C:6B8AH         LINE#         147
  C:6B91H         LINE#         152
  C:6B91H         LINE#         154
  -------         ENDPROC       EXINT0
  -------         PROC          MAIN
  -------         DO            
  X:0521H         SYMBOL        KeyCount
  X:0523H         SYMBOL        KeyNum_Old
  X:0524H         SYMBOL        KeyNum
  X:0525H         SYMBOL        PressedKey
  X:03CAH         SYMBOL        prox_flag
  X:03CBH         SYMBOL        iUse_prevday_calib_value
  X:03CDH         SYMBOL        max_ADC_Val_JP
  X:03CFH         SYMBOL        max_ADC_Val
  X:03D1H         SYMBOL        calib_point1
  X:03D9H         SYMBOL        calib_point2
  X:03E1H         SYMBOL        dat_to_store
  X:03ECH         SYMBOL        calib_day
  X:03EEH         SYMBOL        calib_count
  X:03F0H         SYMBOL        theorical_JP_max_pos
  X:03F4H         SYMBOL        elevation
  X:03F8H         SYMBOL        azimuth
  -------         ENDDO         
  C:0026H         LINE#         156
  C:0026H         LINE#         157
  C:0026H         LINE#         162
  C:002CH         LINE#         163
  C:0031H         LINE#         165
  C:0039H         LINE#         169
  C:003FH         LINE#         170
BL51 BANKED LINKER/LOCATER V6.22                                                      08/28/2019  12:03:15  PAGE 12


  C:0049H         LINE#         181
  C:0051H         LINE#         182
  C:0058H         LINE#         183
  C:005EH         LINE#         185
  C:0064H         LINE#         197
  C:0067H         LINE#         198
  C:006AH         LINE#         199
  C:006DH         LINE#         201
  C:0070H         LINE#         204
  C:0073H         LINE#         205
  C:0076H         LINE#         207
  C:0079H         LINE#         209
  C:007CH         LINE#         210
  C:007FH         LINE#         211
  C:0082H         LINE#         212
  C:0084H         LINE#         213
  C:0086H         LINE#         214
  C:0089H         LINE#         215
  C:008BH         LINE#         216
  C:008DH         LINE#         218
  C:008FH         LINE#         219
  C:0096H         LINE#         220
  C:009DH         LINE#         221
  C:00A4H         LINE#         222
  C:00ABH         LINE#         226
  C:00B2H         LINE#         227
  C:00B7H         LINE#         228
  C:00BCH         LINE#         229
  C:00C1H         LINE#         230
  C:00C6H         LINE#         231
  C:00CBH         LINE#         234
  C:00D2H         LINE#         235
  C:00D2H         LINE#         236
  C:00F5H         LINE#         237
  C:013FH         LINE#         238
  C:0154H         LINE#         239
  C:0171H         LINE#         240
  C:0174H         LINE#         243
  C:017BH         LINE#         246
  C:017EH         LINE#         248
  C:0185H         LINE#         249
  C:018EH         LINE#         252
  C:018EH         LINE#         253
  C:018EH         LINE#         254
  C:0191H         LINE#         264
  C:0191H         LINE#         268
  C:0196H         LINE#         269
  C:019BH         LINE#         271
  C:01A0H         LINE#         273
  C:01A5H         LINE#         274
  C:01AAH         LINE#         277
  C:01BBH         LINE#         279
  C:01C0H         LINE#         280
  C:01C5H         LINE#         282
  C:01CCH         LINE#         283
  C:01D4H         LINE#         284
  C:01D9H         LINE#         285
BL51 BANKED LINKER/LOCATER V6.22                                                      08/28/2019  12:03:15  PAGE 13


  C:01E1H         LINE#         286
  C:01E6H         LINE#         287
  C:01F0H         LINE#         288
  C:01F5H         LINE#         289
  C:01FDH         LINE#         291
  C:0205H         LINE#         292
  C:020AH         LINE#         293
  C:0214H         LINE#         294
  C:0214H         LINE#         295
  C:0216H         LINE#         296
  C:0218H         LINE#         297
  C:0222H         LINE#         298
  C:0222H         LINE#         299
  C:0227H         LINE#         300
  C:0227H         LINE#         312
  C:023BH         LINE#         313
  C:023BH         LINE#         314
  C:0250H         LINE#         315
  C:025FH         LINE#         316
  C:025FH         LINE#         317
  C:0272H         LINE#         318
  C:0274H         LINE#         320
  C:0274H         LINE#         321
  C:0290H         LINE#         322
  C:0290H         LINE#         323
  C:0295H         LINE#         324
  C:0295H         LINE#         325
  C:02A9H         LINE#         326
  C:02A9H         LINE#         329
  C:02BEH         LINE#         330
  C:02CDH         LINE#         331
  C:02CDH         LINE#         332
  C:02E0H         LINE#         333
  C:02E2H         LINE#         335
  C:02E2H         LINE#         336
  C:02FEH         LINE#         337
  C:02FEH         LINE#         338
  C:0303H         LINE#         339
  C:0309H         LINE#         340
  C:0309H         LINE#         342
  C:032BH         LINE#         343
  C:032BH         LINE#         344
  C:0335H         LINE#         345
  C:033BH         LINE#         346
  C:0342H         LINE#         347
  C:0348H         LINE#         348
  C:034FH         LINE#         349
  C:034FH         LINE#         350
  C:0352H         LINE#         352
  C:0352H         LINE#         357
  C:035AH         LINE#         358
  C:0395H         LINE#         359
  C:03B3H         LINE#         360
  C:03B3H         LINE#         362
  C:03BCH         LINE#         363
  C:03C3H         LINE#         364
  C:03CCH         LINE#         365
BL51 BANKED LINKER/LOCATER V6.22                                                      08/28/2019  12:03:15  PAGE 14


  C:03D3H         LINE#         367
  C:03D3H         LINE#         371
  C:03E0H         LINE#         372
  C:03E0H         LINE#         379
  C:03E0H         LINE#         380
  C:0408H         LINE#         381
  C:0408H         LINE#         382
  C:042AH         LINE#         383
  C:042AH         LINE#         385
  C:0450H         LINE#         386
  C:048CH         LINE#         387
  C:04E2H         LINE#         388
  C:04EBH         LINE#         389
  C:04F2H         LINE#         390
  C:04FBH         LINE#         391
  C:0504H         LINE#         392
  C:050BH         LINE#         396
  C:0548H         LINE#         404
  C:0548H         LINE#         406
  C:05C4H         LINE#         407
  C:05DDH         LINE#         408
  C:05DFH         LINE#         409
  C:05E1H         LINE#         411
  C:066BH         LINE#         416
  C:0699H         LINE#         417
  C:0699H         LINE#         419
  C:06CFH         LINE#         420
  C:06F2H         LINE#         421
  C:0707H         LINE#         422
  C:0711H         LINE#         424
  C:0714H         LINE#         426
  C:0714H         LINE#         427
  C:073AH         LINE#         428
  C:073AH         LINE#         429
  C:0762H         LINE#         430
  C:0811H         LINE#         431
  C:0837H         LINE#         432
  C:08E9H         LINE#         435
  C:08E9H         LINE#         437
  C:08F0H         LINE#         438
  C:08F3H         LINE#         441
  C:0928H         LINE#         442
  C:092FH         LINE#         443
  C:0932H         LINE#         445
  C:096CH         LINE#         446
  C:0998H         LINE#         448
  C:09C7H         LINE#         450
  C:09CEH         LINE#         451
  C:09D5H         LINE#         452
  C:09D8H         LINE#         455
  C:0A40H         LINE#         457
  C:0A47H         LINE#         459
  C:0A4EH         LINE#         460
  C:0A51H         LINE#         463
  C:0B10H         LINE#         465
  C:0B17H         LINE#         466
  C:0B17H         LINE#         468
BL51 BANKED LINKER/LOCATER V6.22                                                      08/28/2019  12:03:15  PAGE 15


  C:0B1AH         LINE#         470
  C:0B1AH         LINE#         472
  C:0B21H         LINE#         473
  C:0B21H         LINE#         474
  C:0B24H         LINE#         475
  C:0B42H         LINE#         476
  C:0B49H         LINE#         477
  C:0B68H         LINE#         478
  C:0B87H         LINE#         480
  C:0C03H         LINE#         481
  C:0C1BH         LINE#         483
  C:0C1DH         LINE#         484
  C:0C1FH         LINE#         485
  C:0C77H         LINE#         486
  C:0CB2H         LINE#         487
  C:0CBFH         LINE#         488
  C:0CCEH         LINE#         489
  C:0CCEH         LINE#         491
  C:0CD6H         LINE#         492
  C:0CDEH         LINE#         493
  C:0CE6H         LINE#         494
  C:0CEEH         LINE#         496
  C:0D02H         LINE#         497
  C:0D18H         LINE#         498
  C:0D48H         LINE#         499
  C:0D68H         LINE#         501
  C:0D7CH         LINE#         502
  C:0D92H         LINE#         503
  C:0DC2H         LINE#         504
  C:0DC9H         LINE#         506
  C:0DEDH         LINE#         509
  C:0E18H         LINE#         511
  C:0E21H         LINE#         512
  C:0E28H         LINE#         513
  C:0E31H         LINE#         514
  C:0E3AH         LINE#         515
  C:0E41H         LINE#         517
  C:0E7EH         LINE#         519
  C:0E87H         LINE#         520
  C:0E8EH         LINE#         521
  C:0E97H         LINE#         522
  C:0EA0H         LINE#         523
  C:0EA7H         LINE#         525
  C:0ED2H         LINE#         527
  C:0EDBH         LINE#         528
  C:0EE2H         LINE#         529
  C:0EEBH         LINE#         530
  C:0EF4H         LINE#         531
  C:0EFBH         LINE#         533
  C:0F26H         LINE#         535
  C:0F2FH         LINE#         536
  C:0F36H         LINE#         537
  C:0F3FH         LINE#         538
  C:0F46H         LINE#         539
  C:0F4FH         LINE#         540
  C:0F56H         LINE#         542
  C:0F58H         LINE#         544
BL51 BANKED LINKER/LOCATER V6.22                                                      08/28/2019  12:03:15  PAGE 16


  C:0F66H         LINE#         545
  C:0F66H         LINE#         546
  C:0F6EH         LINE#         549
  C:0F6EH         LINE#         550
  C:0F6EH         LINE#         552
  C:0F93H         LINE#         553
  C:0F93H         LINE#         554
  C:0FB5H         LINE#         555
  C:0FB5H         LINE#         556
  C:1031H         LINE#         557
  C:1033H         LINE#         558
  C:1035H         LINE#         560
  C:108DH         LINE#         563
  C:109CH         LINE#         564
  C:109CH         LINE#         565
  C:109CH         LINE#         566
  C:109CH         LINE#         567
  C:109CH         LINE#         568
  C:109CH         LINE#         569
  C:109CH         LINE#         570
  C:109CH         LINE#         573
  C:109CH         LINE#         575
  C:109CH         LINE#         576
  C:109CH         LINE#         577
  C:109CH         LINE#         578
  C:109CH         LINE#         582
  C:109CH         LINE#         584
  C:109CH         LINE#         586
  C:109CH         LINE#         587
  C:109CH         LINE#         588
  C:109CH         LINE#         589
  C:109CH         LINE#         590
  C:109CH         LINE#         591
  C:109CH         LINE#         594
  C:109CH         LINE#         596
  C:109CH         LINE#         597
  C:109CH         LINE#         598
  C:109CH         LINE#         599
  C:109CH         LINE#         600
  C:109CH         LINE#         601
  C:109CH         LINE#         602
  C:109CH         LINE#         604
  C:109FH         LINE#         607
  C:10C6H         LINE#         608
  C:10C6H         LINE#         611
  C:10E8H         LINE#         612
  C:10E8H         LINE#         614
  C:1164H         LINE#         616
  C:1191H         LINE#         617
  C:11ACH         LINE#         623
  C:11AEH         LINE#         624
  C:11B0H         LINE#         632
  C:11DDH         LINE#         634
  C:1204H         LINE#         635
  C:1278H         LINE#         637
  C:1304H         LINE#         641
  C:1327H         LINE#         642
BL51 BANKED LINKER/LOCATER V6.22                                                      08/28/2019  12:03:15  PAGE 17


  C:1327H         LINE#         643
  C:13C3H         LINE#         644
  C:13C6H         LINE#         646
  C:13C6H         LINE#         647
  C:13EEH         LINE#         648
  C:1462H         LINE#         650
  C:14DDH         LINE#         653
  C:1579H         LINE#         657
  C:1580H         LINE#         658
  C:1591H         LINE#         659
  C:1591H         LINE#         662
  C:15A0H         LINE#         663
  C:15A0H         LINE#         664
  C:161EH         LINE#         665
  C:1627H         LINE#         666
  C:162EH         LINE#         667
  C:1637H         LINE#         668
  C:1640H         LINE#         669
  C:1647H         LINE#         672
  C:1672H         LINE#         674
  C:167BH         LINE#         675
  C:1682H         LINE#         676
  C:168BH         LINE#         677
  C:1694H         LINE#         681
  C:169BH         LINE#         683
  C:16C6H         LINE#         685
  C:16CFH         LINE#         686
  C:16D6H         LINE#         687
  C:16DFH         LINE#         688
  C:16E6H         LINE#         690
  C:16EFH         LINE#         691
  C:16F6H         LINE#         694
  C:1734H         LINE#         696
  C:173DH         LINE#         697
  C:1744H         LINE#         698
  C:174DH         LINE#         699
  C:1756H         LINE#         700
  C:175DH         LINE#         701
  C:175DH         LINE#         703
  C:175DH         LINE#         705
  C:175DH         LINE#         706
  C:175DH         LINE#         708
  C:175DH         LINE#         712
  C:1779H         LINE#         713
  C:1779H         LINE#         714
  C:177BH         LINE#         717
  C:177EH         LINE#         719
  C:17ACH         LINE#         720
  C:17ACH         LINE#         721
  C:17AEH         LINE#         723
  C:17BDH         LINE#         724
  C:17BDH         LINE#         726
  C:17C0H         LINE#         728
  C:17C3H         LINE#         729
  C:17CAH         LINE#         731
  C:17E6H         LINE#         732
  C:17E6H         LINE#         733
BL51 BANKED LINKER/LOCATER V6.22                                                      08/28/2019  12:03:15  PAGE 18


  C:1803H         LINE#         734
  C:1803H         LINE#         735
  C:1809H         LINE#         736
  C:180CH         LINE#         739
  C:1841H         LINE#         740
  C:1848H         LINE#         741
  C:184BH         LINE#         743
  C:1885H         LINE#         744
  C:189BH         LINE#         746
  C:18B4H         LINE#         748
  C:18BBH         LINE#         749
  C:18C2H         LINE#         750
  C:18C5H         LINE#         753
  C:191AH         LINE#         755
  C:1921H         LINE#         757
  C:1928H         LINE#         758
  C:192BH         LINE#         761
  C:19D7H         LINE#         763
  C:19DEH         LINE#         764
  C:19DEH         LINE#         765
  C:19EFH         LINE#         767
  C:19EFH         LINE#         771
  C:19F6H         LINE#         772
  C:19F6H         LINE#         775
  C:1A05H         LINE#         776
  C:1A05H         LINE#         777
  C:1A37H         LINE#         778
  C:1A37H         LINE#         779
  C:1AB6H         LINE#         781
  C:1ABDH         LINE#         782
  C:1AC0H         LINE#         784
  C:1AFAH         LINE#         785
  C:1B10H         LINE#         787
  C:1B29H         LINE#         789
  C:1B30H         LINE#         790
  C:1B37H         LINE#         791
  C:1B3AH         LINE#         793
  C:1B8FH         LINE#         794
  C:1B96H         LINE#         796
  C:1B9DH         LINE#         797
  C:1BA0H         LINE#         799
  C:1C4CH         LINE#         800
  C:1C53H         LINE#         802
  C:1C5AH         LINE#         803
  C:1C5DH         LINE#         805
  C:1C81H         LINE#         806
  C:1C88H         LINE#         807
  C:1C99H         LINE#         810
  C:1CADH         LINE#         811
  C:1CC1H         LINE#         812
  C:1CD0H         LINE#         813
  C:1CD0H         LINE#         815
  C:1CFCH         LINE#         816
  C:1CFCH         LINE#         817
  C:1D29H         LINE#         824
  C:1D44H         LINE#         827
  C:1D53H         LINE#         828
BL51 BANKED LINKER/LOCATER V6.22                                                      08/28/2019  12:03:15  PAGE 19


  C:1D56H         LINE#         831
  C:1D86H         LINE#         832
  C:1D86H         LINE#         834
  C:1DB3H         LINE#         840
  C:1DCEH         LINE#         843
  C:1DDEH         LINE#         844
  C:1DE4H         LINE#         845
  C:1DF8H         LINE#         846
  C:1E0CH         LINE#         847
  C:1E14H         LINE#         848
  C:1E21H         LINE#         849
  C:1E21H         LINE#         850
  C:1E45H         LINE#         851
  C:1E45H         LINE#         852
  C:1E8FH         LINE#         853
  C:1E96H         LINE#         854
  C:1E99H         LINE#         857
  C:1EBDH         LINE#         859
  C:1EC4H         LINE#         860
  C:1EC7H         LINE#         862
  C:1EFAH         LINE#         863
  C:1F19H         LINE#         865
  C:1F3BH         LINE#         867
  C:1F42H         LINE#         869
  C:1F49H         LINE#         870
  C:1F4CH         LINE#         872
  C:1FA1H         LINE#         873
  C:1FA8H         LINE#         875
  C:1FAFH         LINE#         876
  C:1FB2H         LINE#         878
  C:205EH         LINE#         879
  C:2065H         LINE#         880
  C:2076H         LINE#         881
  C:2076H         LINE#         882
  C:2076H         LINE#         886
  C:2098H         LINE#         887
  C:20A5H         LINE#         888
  C:20A5H         LINE#         889
  C:20C8H         LINE#         890
  C:20C8H         LINE#         891
  C:2118H         LINE#         892
  C:2118H         LINE#         893
  C:211FH         LINE#         894
  C:2122H         LINE#         896
  C:215CH         LINE#         897
  C:2172H         LINE#         899
  C:218BH         LINE#         901
  C:2192H         LINE#         902
  C:2199H         LINE#         903
  C:219CH         LINE#         905
  C:21F1H         LINE#         906
  C:21F8H         LINE#         908
  C:21FFH         LINE#         909
  C:2202H         LINE#         911
  C:22AEH         LINE#         912
  C:22B5H         LINE#         914
  C:22BCH         LINE#         915
BL51 BANKED LINKER/LOCATER V6.22                                                      08/28/2019  12:03:15  PAGE 20


  C:22BFH         LINE#         917
  C:22E3H         LINE#         918
  C:22EAH         LINE#         919
  C:22EAH         LINE#         920
  C:22FBH         LINE#         921
  C:22FBH         LINE#         922
  C:22FBH         LINE#         923
  C:2325H         LINE#         924
  C:2325H         LINE#         927
  C:232CH         LINE#         928
  C:2333H         LINE#         930
  C:2339H         LINE#         931
  C:2339H         LINE#         932
  C:235CH         LINE#         933
  C:2371H         LINE#         935
  C:238BH         LINE#         937
  C:238BH         LINE#         940
  C:239AH         LINE#         941
  C:239AH         LINE#         942
  C:239DH         LINE#         943
  C:23A4H         LINE#         944
  C:23A9H         LINE#         945
  C:23AEH         LINE#         946
  C:23B3H         LINE#         947
  C:23B8H         LINE#         948
  C:23BDH         LINE#         958
  C:23C0H         LINE#         960
  C:23C3H         LINE#         961
  C:23CAH         LINE#         962
  C:23D4H         LINE#         963
  C:23DBH         LINE#         965
  C:23DEH         LINE#         974
  C:23DEH         LINE#         975
  -------         ENDPROC       MAIN
  -------         PROC          UART
  C:000EH         LINE#         989
  C:000EH         LINE#         991
  C:0011H         LINE#         992
  C:0011H         LINE#         993
  C:0013H         LINE#         995
  C:0013H         LINE#         996
  C:0016H         LINE#         997
  C:0016H         LINE#         998
  C:0018H         LINE#         999
  C:001AH         LINE#         1000
  C:001AH         LINE#         1001
  -------         ENDPROC       UART
  -------         PROC          _SENDUART1
  D:0007H         SYMBOL        dat
  C:7B5CH         LINE#         1003
  C:7B5CH         LINE#         1004
  C:7B5CH         LINE#         1005
  C:7B5FH         LINE#         1006
  C:7B61H         LINE#         1007
  C:7B62H         LINE#         1008
  C:7B64H         LINE#         1009
  -------         ENDPROC       _SENDUART1
BL51 BANKED LINKER/LOCATER V6.22                                                      08/28/2019  12:03:15  PAGE 21


  -------         ENDMOD        MAIN

  -------         MODULE        PCF85063BTL
  C:0000H         SYMBOL        _ICE_DUMMY_
  D:0096H         PUBLIC        P2M0
  D:0080H         PUBLIC        P0
  D:0095H         PUBLIC        P2M1
  D:0090H         PUBLIC        P1
  D:00A0H         PUBLIC        P2
  D:00B0H         PUBLIC        P3
  D:00C0H         PUBLIC        P4
  D:00C8H         PUBLIC        P5
  D:00E8H         PUBLIC        P6
  B:00A0H.1       PUBLIC        PCF85063BTL_SDI
  D:00F8H         PUBLIC        P7
  B:00A0H.2       PUBLIC        PCF85063BTL_SCK
  B:00A0H.1       PUBLIC        PCF85063BTL_SDO
  D:00A8H         PUBLIC        IE
  C:73D1H         PUBLIC        _Read_time
  C:7A7EH         PUBLIC        _PCF85063BTL_Delay
  D:00B8H         PUBLIC        IP
  D:00D8H         PUBLIC        CCON
  C:725EH         PUBLIC        _Day_Of_Year
  C:797FH         PUBLIC        SPI_ReceiveByte
  D:0098H         PUBLIC        SCON
  D:0088H         PUBLIC        TCON
  C:7AB1H         PUBLIC        _BCDtoDec
  B:00A0H.0       PUBLIC        PCF85063BTL_CS
  C:7AA0H         PUBLIC        _SPI_ReadTime
  C:7B00H         PUBLIC        SPI_Init
  C:79F4H         PUBLIC        _SPI_WriteTime
  C:795FH         PUBLIC        _SPI_SendByte
  D:00D0H         PUBLIC        PSW
  C:7A7AH         SYMBOL        L?0048
  -------         PROC          L?0047
  -------         ENDPROC       L?0047
  C:7A7AH         SYMBOL        L?0048
  -------         PROC          _PCF85063BTL_DELAY
  D:0006H         SYMBOL        us
  C:7A7EH         LINE#         8
  C:7A7EH         LINE#         9
  C:7A7EH         LINE#         10
  C:7A88H         LINE#         11
  C:7A88H         LINE#         12
  C:7A89H         LINE#         13
  C:7A8BH         LINE#         14
  -------         ENDPROC       _PCF85063BTL_DELAY
  -------         PROC          _SPI_SENDBYTE
  D:0005H         SYMBOL        dat
  -------         DO            
  D:0003H         SYMBOL        i
  -------         ENDDO         
  C:795FH         LINE#         17
  C:7961H         LINE#         18
  C:7961H         LINE#         20
  C:7963H         LINE#         21
  C:7963H         LINE#         22
BL51 BANKED LINKER/LOCATER V6.22                                                      08/28/2019  12:03:15  PAGE 22


  C:7965H         LINE#         23
  C:7969H         LINE#         24
  C:7969H         LINE#         25
  C:796BH         LINE#         26
  C:796DH         LINE#         28
  C:796DH         LINE#         29
  C:796FH         LINE#         30
  C:796FH         LINE#         31
  C:7972H         LINE#         32
  C:7972H         LINE#         33
  C:7975H         LINE#         34
  C:7979H         LINE#         35
  C:797EH         LINE#         36
  -------         ENDPROC       _SPI_SENDBYTE
  -------         PROC          SPI_RECEIVEBYTE
  -------         DO            
  D:0003H         SYMBOL        i
  D:0005H         SYMBOL        dat
  -------         ENDDO         
  C:797FH         LINE#         39
  C:797FH         LINE#         40
  C:797FH         LINE#         42
  C:7981H         LINE#         44
  C:7983H         LINE#         45
  C:7984H         LINE#         46
  C:7984H         LINE#         47
  C:7988H         LINE#         48
  C:798AH         LINE#         49
  C:798DH         LINE#         51
  C:7990H         LINE#         52
  C:7990H         LINE#         53
  C:7994H         LINE#         54
  C:7994H         LINE#         55
  C:7994H         LINE#         56
  C:7997H         LINE#         57
  C:799CH         LINE#         58
  C:799EH         LINE#         59
  -------         ENDPROC       SPI_RECEIVEBYTE
  -------         PROC          _SPI_READTIME
  D:0007H         SYMBOL        addr
  -------         DO            
  D:0006H         SYMBOL        dat
  -------         ENDDO         
  C:7AA0H         LINE#         61
  C:7AA0H         LINE#         62
  C:7AA0H         LINE#         64
  C:7AA2H         LINE#         65
  C:7AA4H         LINE#         66
  C:7AABH         LINE#         67
  C:7AAEH         LINE#         68
  C:7AB0H         LINE#         69
  C:7AB0H         LINE#         70
  -------         ENDPROC       _SPI_READTIME
  -------         PROC          _SPI_WRITETIME
  D:0002H         SYMBOL        val
  D:0005H         SYMBOL        addr
  C:79F4H         LINE#         71
BL51 BANKED LINKER/LOCATER V6.22                                                      08/28/2019  12:03:15  PAGE 23


  C:79F6H         LINE#         72
  C:79F6H         LINE#         74
  C:79F8H         LINE#         75
  C:79FFH         LINE#         76
  C:7A04H         LINE#         77
  C:7A09H         LINE#         78
  C:7A0BH         LINE#         79
  -------         ENDPROC       _SPI_WRITETIME
  -------         PROC          SPI_INIT
  C:7B00H         LINE#         83
  C:7B00H         LINE#         84
  C:7B00H         LINE#         89
  C:7B03H         LINE#         90
  C:7B06H         LINE#         91
  C:7B08H         LINE#         92
  C:7B0AH         LINE#         93
  C:7B0CH         LINE#         94
  -------         ENDPROC       SPI_INIT
  -------         PROC          _READ_TIME
  X:04F1H         SYMBOL        months
  X:04F4H         SYMBOL        days
  X:04F7H         SYMBOL        hours
  X:04FAH         SYMBOL        mins
  X:04FDH         SYMBOL        seconds
  C:73D1H         LINE#         96
  C:73DCH         LINE#         97
  C:73DCH         LINE#         99
  C:73F0H         LINE#         101
  C:7404H         LINE#         103
  C:7418H         LINE#         108
  C:742CH         LINE#         113
  -------         ENDPROC       _READ_TIME
  -------         PROC          _BCDTODEC
  D:0007H         SYMBOL        bcd
  -------         DO            
  D:0006H         SYMBOL        hi
  D:0007H         SYMBOL        lo
  -------         ENDDO         
  C:7AB1H         LINE#         119
  C:7AB1H         LINE#         120
  C:7AB1H         LINE#         122
  C:7AB6H         LINE#         123
  C:7ABAH         LINE#         124
  C:7AC1H         LINE#         125
  -------         ENDPROC       _BCDTODEC
  -------         PROC          _DAY_OF_YEAR
  D:0007H         SYMBOL        months_bcd
  D:0005H         SYMBOL        days_bcd
  -------         DO            
  D:0004H         SYMBOL        months
  D:0007H         SYMBOL        days
  -------         ENDDO         
  C:725EH         LINE#         126
  C:725EH         LINE#         127
  C:725EH         LINE#         130
  C:7263H         LINE#         132
  C:7268H         LINE#         134
BL51 BANKED LINKER/LOCATER V6.22                                                      08/28/2019  12:03:15  PAGE 24


  C:72A1H         LINE#         135
  C:72A1H         LINE#         136
  C:72A1H         LINE#         137
  C:72A4H         LINE#         138
  C:72A4H         LINE#         139
  C:72A4H         LINE#         140
  C:72A9H         LINE#         141
  C:72A9H         LINE#         142
  C:72A9H         LINE#         143
  C:72AEH         LINE#         144
  C:72AEH         LINE#         145
  C:72AEH         LINE#         146
  C:72B3H         LINE#         147
  C:72B3H         LINE#         148
  C:72B3H         LINE#         149
  C:72B8H         LINE#         150
  C:72B8H         LINE#         151
  C:72B8H         LINE#         152
  C:72BDH         LINE#         153
  C:72BDH         LINE#         154
  C:72BDH         LINE#         155
  C:72C2H         LINE#         156
  C:72C2H         LINE#         157
  C:72C2H         LINE#         158
  C:72C7H         LINE#         159
  C:72C7H         LINE#         160
  C:72C7H         LINE#         161
  C:72CFH         LINE#         162
  C:72CFH         LINE#         163
  C:72CFH         LINE#         164
  C:72D4H         LINE#         165
  C:72D4H         LINE#         166
  C:72D4H         LINE#         167
  C:72D9H         LINE#         168
  C:72D9H         LINE#         169
  C:72D9H         LINE#         170
  C:72E2H         LINE#         171
  C:72E2H         LINE#         172
  C:72E2H         LINE#         173
  C:72E5H         LINE#         174
  C:72E5H         LINE#         175
  -------         ENDPROC       _DAY_OF_YEAR
  -------         ENDMOD        PCF85063BTL

  -------         MODULE        LCD_DRIVER_SPLC780D
  C:0000H         SYMBOL        _ICE_DUMMY_
  D:0092H         PUBLIC        P1M0
  D:0091H         PUBLIC        P1M1
  D:0080H         PUBLIC        P0
  D:0090H         PUBLIC        P1
  D:00A0H         PUBLIC        P2
  D:00B0H         PUBLIC        P3
  D:00C0H         PUBLIC        P4
  D:00C8H         PUBLIC        P5
  D:00E8H         PUBLIC        P6
  D:00F8H         PUBLIC        P7
  C:72EAH         PUBLIC        _WriteData
BL51 BANKED LINKER/LOCATER V6.22                                                      08/28/2019  12:03:15  PAGE 25


  D:00A8H         PUBLIC        IE
  D:00B8H         PUBLIC        IP
  D:00D8H         PUBLIC        CCON
  B:00B0H.4       PUBLIC        LCD_D4
  B:00B0H.5       PUBLIC        LCD_D5
  B:00B0H.6       PUBLIC        LCD_D6
  C:79BDH         PUBLIC        _DisplayLCD
  B:00B0H.7       PUBLIC        LCD_D7
  D:0098H         PUBLIC        SCON
  D:0088H         PUBLIC        TCON
  C:7B49H         PUBLIC        LCD_clear
  C:766CH         PUBLIC        _Command
  C:7A39H         PUBLIC        _Display_Line
  C:749AH         PUBLIC        LCD_Init
  C:78FCH         PUBLIC        _Wait_ms
  B:00C0H.0       PUBLIC        LCD_RS
  B:0090H.3       PUBLIC        LCD_RW
  C:7B3FH         PUBLIC        LCD_return_home
  C:6505H         PUBLIC        _Display_Pos
  B:00B0H.3       PUBLIC        LCD_E
  D:00D0H         PUBLIC        PSW
  -------         PROC          LCD_INIT
  C:749AH         LINE#         9
  C:749AH         LINE#         10
  C:749AH         LINE#         11
  C:749DH         LINE#         12
  C:74A0H         LINE#         14
  C:74A6H         LINE#         15
  C:74ABH         LINE#         17
  C:74B2H         LINE#         18
  C:74B7H         LINE#         20
  C:74BAH         LINE#         21
  C:74BFH         LINE#         23
  C:74C2H         LINE#         24
  C:74C7H         LINE#         26
  C:74CEH         LINE#         29
  C:74D3H         LINE#         30
  C:74D8H         LINE#         32
  C:74DDH         LINE#         33
  C:74E2H         LINE#         35
  C:74E7H         LINE#         36
  C:74ECH         LINE#         37
  -------         ENDPROC       LCD_INIT
  C:72E6H         SYMBOL        L?0035
  -------         PROC          L?0034
  -------         ENDPROC       L?0034
  C:72E6H         SYMBOL        L?0035
  -------         PROC          _WRITEDATA
  X:04FCH         SYMBOL        dat
  C:72EAH         LINE#         40
  C:72EFH         LINE#         41
  C:72EFH         LINE#         46
  C:72F1H         LINE#         47
  C:72F3H         LINE#         49
  C:7301H         LINE#         50
  C:730DH         LINE#         51
  C:7319H         LINE#         52
BL51 BANKED LINKER/LOCATER V6.22                                                      08/28/2019  12:03:15  PAGE 26


  C:7323H         LINE#         53
  C:7325H         LINE#         54
  C:732CH         LINE#         55
  C:732EH         LINE#         57
  C:733EH         LINE#         58
  C:7349H         LINE#         59
  C:7353H         LINE#         60
  C:7357H         LINE#         62
  C:7357H         LINE#         63
  C:735AH         LINE#         64
  C:735CH         LINE#         65
  C:735EH         LINE#         67
  -------         ENDPROC       _WRITEDATA
  -------         PROC          _COMMAND
  D:0007H         SYMBOL        dat
  C:766CH         LINE#         69
  C:766CH         LINE#         70
  C:766CH         LINE#         71
  C:766EH         LINE#         72
  C:7670H         LINE#         74
  C:767AH         LINE#         75
  C:767EH         LINE#         77
  C:7680H         LINE#         78
  C:7689H         LINE#         79
  C:768DH         LINE#         81
  C:768FH         LINE#         82
  C:7696H         LINE#         83
  C:769AH         LINE#         85
  C:769CH         LINE#         86
  C:76A0H         LINE#         87
  C:76A4H         LINE#         89
  C:76A6H         LINE#         90
  C:76A6H         LINE#         91
  C:76A9H         LINE#         92
  C:76ABH         LINE#         93
  -------         ENDPROC       _COMMAND
  C:78F8H         SYMBOL        L?0037
  -------         PROC          L?0036
  -------         ENDPROC       L?0036
  C:78F8H         SYMBOL        L?0037
  -------         PROC          _WAIT_MS
  D:0006H         SYMBOL        ms
  -------         DO            
  D:0004H         SYMBOL        De_Cnt
  -------         ENDDO         
  C:78FCH         LINE#         95
  C:78FCH         LINE#         96
  C:78FCH         LINE#         98
  C:7906H         LINE#         99
  C:7906H         LINE#         100
  C:7919H         LINE#         101
  C:7919H         LINE#         102
  -------         ENDPROC       _WAIT_MS
  -------         PROC          _DISPLAYLCD
  D:0007H         SYMBOL        BCD
  -------         DO            
  D:0006H         SYMBOL        first_digit
BL51 BANKED LINKER/LOCATER V6.22                                                      08/28/2019  12:03:15  PAGE 27


  X:03FCH         SYMBOL        second_digit
  -------         ENDDO         
  C:79BDH         LINE#         103
  C:79BDH         LINE#         104
  C:79BDH         LINE#         106
  C:79C4H         LINE#         107
  C:79CDH         LINE#         109
  C:79D2H         LINE#         111
  -------         ENDPROC       _DISPLAYLCD
  -------         PROC          LCD_RETURN_HOME
  C:7B3FH         LINE#         115
  C:7B3FH         LINE#         116
  C:7B3FH         LINE#         117
  C:7B44H         LINE#         118
  -------         ENDPROC       LCD_RETURN_HOME
  -------         PROC          LCD_CLEAR
  C:7B49H         LINE#         121
  C:7B49H         LINE#         122
  C:7B49H         LINE#         123
  C:7B4EH         LINE#         124
  -------         ENDPROC       LCD_CLEAR
  -------         PROC          _DISPLAY_LINE
  D:0006H         SYMBOL        line
  C:7A39H         LINE#         128
  C:7A39H         LINE#         129
  C:7A39H         LINE#         130
  C:7A3FH         LINE#         131
  C:7A3FH         LINE#         132
  C:7A41H         LINE#         133
  C:7A41H         LINE#         134
  C:7A43H         LINE#         136
  C:7A43H         LINE#         137
  C:7A48H         LINE#         138
  C:7A4DH         LINE#         139
  C:7A4DH         LINE#         140
  -------         ENDPROC       _DISPLAY_LINE
  -------         PROC          _DISPLAY_POS
  X:04F1H         SYMBOL        sign_dat
  -------         DO            
  X:04F5H         SYMBOL        unit
  X:04F6H         SYMBOL        ten
  X:04F7H         SYMBOL        hundred
  X:04F8H         SYMBOL        thousand
  X:04F9H         SYMBOL        after_dot
  X:04FAH         SYMBOL        dat
  -------         ENDDO         
  C:6505H         LINE#         142
  C:650BH         LINE#         143
  C:650BH         LINE#         147
  C:6527H         LINE#         148
  C:6541H         LINE#         149
  C:6565H         LINE#         151
  C:65AFH         LINE#         153
  C:65C6H         LINE#         154
  C:65D8H         LINE#         155
  C:65FDH         LINE#         156
  C:6617H         LINE#         157
BL51 BANKED LINKER/LOCATER V6.22                                                      08/28/2019  12:03:15  PAGE 28


  C:662FH         LINE#         158
  C:662FH         LINE#         159
  C:662FH         LINE#         160
  C:662FH         LINE#         161
  C:662FH         LINE#         162
  C:662FH         LINE#         163
  C:662FH         LINE#         164
  C:662FH         LINE#         168
  C:6631H         LINE#         170
  C:6631H         LINE#         172
  C:6636H         LINE#         173
  C:663CH         LINE#         174
  C:6642H         LINE#         175
  C:6648H         LINE#         176
  C:664EH         LINE#         177
  C:6653H         LINE#         178
  C:6659H         LINE#         182
  C:6659H         LINE#         184
  -------         ENDPROC       _DISPLAY_POS
  -------         ENDMOD        LCD_DRIVER_SPLC780D

  -------         MODULE        KEYPAD
  C:0000H         SYMBOL        _ICE_DUMMY_
  D:0093H         PUBLIC        P0M1
  D:0080H         PUBLIC        P0
  D:0090H         PUBLIC        P1
  D:00A0H         PUBLIC        P2
  D:00B0H         PUBLIC        P3
  D:00C0H         PUBLIC        P4
  D:00C8H         PUBLIC        P5
  D:00E8H         PUBLIC        P6
  D:00F8H         PUBLIC        P7
  D:00A8H         PUBLIC        IE
  C:5F01H         PUBLIC        Key_Scan
  D:00B8H         PUBLIC        IP
  D:00D8H         PUBLIC        CCON
  C:7B27H         PUBLIC        KeyPad_IO_Init
  C:799FH         PUBLIC        _Delay_ms
  D:0098H         PUBLIC        SCON
  D:0088H         PUBLIC        TCON
  X:064DH         PUBLIC        small_move
  X:064FH         PUBLIC        move
  X:0651H         PUBLIC        auto_mode
  X:0653H         PUBLIC        direction
  X:0655H         PUBLIC        SPI_NOR_ClearEnable
  C:531FH         PUBLIC        Key_Process
  D:00D0H         PUBLIC        PSW
  D:0094H         PUBLIC        P0M0
  -------         PROC          _DELAY_MS
  D:0006H         SYMBOL        ms
  -------         DO            
  D:0004H         SYMBOL        De_Cnt
  -------         ENDDO         
  C:799FH         LINE#         20
  C:799FH         LINE#         21
  C:799FH         LINE#         23
  C:79A9H         LINE#         24
BL51 BANKED LINKER/LOCATER V6.22                                                      08/28/2019  12:03:15  PAGE 29


  C:79A9H         LINE#         25
  C:79BCH         LINE#         26
  C:79BCH         LINE#         27
  -------         ENDPROC       _DELAY_MS
  -------         PROC          KEY_SCAN
  -------         DO            
  X:0402H         SYMBOL        KeyTemp1
  X:0403H         SYMBOL        KeyTemp2
  X:0404H         SYMBOL        KeyValue
  -------         ENDDO         
  C:5F01H         LINE#         28
  C:5F01H         LINE#         29
  C:5F01H         LINE#         34
  C:5F04H         LINE#         37
  C:5F07H         LINE#         39
  C:5F0FH         LINE#         40
  C:5F16H         LINE#         41
  C:5F16H         LINE#         43
  C:5F1BH         LINE#         44
  C:5F22H         LINE#         45
  C:5F22H         LINE#         48
  C:5F25H         LINE#         49
  C:5F28H         LINE#         50
  C:5F2DH         LINE#         51
  C:5F31H         LINE#         52
  C:5F31H         LINE#         53
  C:5F39H         LINE#         54
  C:5F39H         LINE#         55
  C:5F3CH         LINE#         56
  C:5F44H         LINE#         57
  C:5F46H         LINE#         59
  C:5F5AH         LINE#         60
  C:5F5AH         LINE#         61
  C:5F5AH         LINE#         62
  C:5F5AH         LINE#         63
  C:5F60H         LINE#         65
  C:5F62H         LINE#         66
  C:5F62H         LINE#         67
  C:5F62H         LINE#         68
  C:5F68H         LINE#         70
  C:5F6AH         LINE#         71
  C:5F6AH         LINE#         72
  C:5F6AH         LINE#         73
  C:5F70H         LINE#         75
  C:5F72H         LINE#         76
  C:5F72H         LINE#         77
  C:5F72H         LINE#         78
  C:5F78H         LINE#         80
  C:5F78H         LINE#         81
  C:5F78H         LINE#         82
  C:5F78H         LINE#         85
  C:5F7BH         LINE#         86
  C:5F7EH         LINE#         87
  C:5F86H         LINE#         88
  C:5F8AH         LINE#         89
  C:5F8AH         LINE#         90
  C:5F92H         LINE#         91
BL51 BANKED LINKER/LOCATER V6.22                                                      08/28/2019  12:03:15  PAGE 30


  C:5F92H         LINE#         92
  C:5F95H         LINE#         93
  C:5F9DH         LINE#         94
  C:5F9FH         LINE#         95
  C:5FB3H         LINE#         96
  C:5FB3H         LINE#         97
  C:5FB3H         LINE#         98
  C:5FB3H         LINE#         99
  C:5FB9H         LINE#         101
  C:5FBBH         LINE#         102
  C:5FBBH         LINE#         103
  C:5FBBH         LINE#         104
  C:5FC1H         LINE#         106
  C:5FC3H         LINE#         107
  C:5FC3H         LINE#         108
  C:5FC3H         LINE#         109
  C:5FC9H         LINE#         111
  C:5FCBH         LINE#         112
  C:5FCBH         LINE#         113
  C:5FCBH         LINE#         114
  C:5FD0H         LINE#         116
  C:5FD0H         LINE#         117
  C:5FD0H         LINE#         118
  C:5FD0H         LINE#         121
  C:5FD3H         LINE#         122
  C:5FD6H         LINE#         123
  C:5FDEH         LINE#         124
  C:5FE2H         LINE#         125
  C:5FE2H         LINE#         126
  C:5FEAH         LINE#         127
  C:5FEAH         LINE#         128
  C:5FEDH         LINE#         129
  C:5FF5H         LINE#         130
  C:5FF7H         LINE#         131
  C:600BH         LINE#         132
  C:600BH         LINE#         133
  C:600BH         LINE#         134
  C:600BH         LINE#         135
  C:6011H         LINE#         137
  C:6013H         LINE#         138
  C:6013H         LINE#         139
  C:6013H         LINE#         140
  C:6019H         LINE#         142
  C:601BH         LINE#         143
  C:601BH         LINE#         144
  C:601BH         LINE#         145
  C:6021H         LINE#         147
  C:6023H         LINE#         148
  C:6023H         LINE#         149
  C:6023H         LINE#         150
  C:6029H         LINE#         152
  C:6029H         LINE#         153
  C:6029H         LINE#         154
  C:6029H         LINE#         158
  C:602CH         LINE#         159
  C:602FH         LINE#         160
  C:6037H         LINE#         161
BL51 BANKED LINKER/LOCATER V6.22                                                      08/28/2019  12:03:15  PAGE 31


  C:603BH         LINE#         162
  C:603BH         LINE#         163
  C:6043H         LINE#         164
  C:6043H         LINE#         165
  C:6046H         LINE#         166
  C:604EH         LINE#         167
  C:6050H         LINE#         168
  C:6064H         LINE#         169
  C:6064H         LINE#         170
  C:6064H         LINE#         171
  C:6064H         LINE#         172
  C:606AH         LINE#         174
  C:606CH         LINE#         175
  C:606CH         LINE#         176
  C:606CH         LINE#         177
  C:6072H         LINE#         179
  C:6074H         LINE#         180
  C:6074H         LINE#         181
  C:6074H         LINE#         182
  C:607AH         LINE#         184
  C:607CH         LINE#         185
  C:607CH         LINE#         186
  C:607CH         LINE#         187
  C:6082H         LINE#         189
  C:6082H         LINE#         190
  C:6082H         LINE#         191
  C:6082H         LINE#         193
  C:6088H         LINE#         194
  C:6088H         LINE#         196
  C:6088H         LINE#         197
  C:608BH         LINE#         198
  C:608BH         LINE#         199
  C:608BH         LINE#         201
  C:608BH         LINE#         202
  C:608DH         LINE#         203
  C:608DH         LINE#         204
  -------         ENDPROC       KEY_SCAN
  -------         PROC          KEY_PROCESS
  -------         DO            
  X:063EH         SYMBOL        KeyCount
  X:063FH         SYMBOL        KeyNum_Old
  X:0641H         SYMBOL        KeyNum
  X:0643H         SYMBOL        PressedKey
  X:03FCH         SYMBOL        d
  D:0002H         SYMBOL        hours
  D:0006H         SYMBOL        mins
  X:03FEH         SYMBOL        months
  X:0400H         SYMBOL        days
  -------         ENDDO         
  C:531FH         LINE#         205
  C:531FH         LINE#         206
  C:531FH         LINE#         210
  C:532EH         LINE#         211
  C:533BH         LINE#         213
  C:533FH         LINE#         214
  C:533FH         LINE#         215
  C:5345H         LINE#         217
BL51 BANKED LINKER/LOCATER V6.22                                                      08/28/2019  12:03:15  PAGE 32


  C:5345H         LINE#         218
  C:535CH         LINE#         219
  C:535CH         LINE#         220
  C:5366H         LINE#         221
  C:536CH         LINE#         223
  C:5372H         LINE#         225
  C:5372H         LINE#         226
  C:5389H         LINE#         227
  C:5389H         LINE#         228
  C:538EH         LINE#         230
  C:538EH         LINE#         231
  C:539EH         LINE#         232
  C:539EH         LINE#         233
  C:53A4H         LINE#         235
  C:53A4H         LINE#         236
  C:53B6H         LINE#         237
  C:53B6H         LINE#         238
  C:53C0H         LINE#         239
  C:53C8H         LINE#         241
  C:53D1H         LINE#         243
  C:53D1H         LINE#         252
  C:53F0H         LINE#         253
  C:53F0H         LINE#         254
  C:540FH         LINE#         255
  C:5415H         LINE#         256
  C:541DH         LINE#         257
  C:541DH         LINE#         259
  C:541EH         LINE#         265
  C:542AH         LINE#         266
  C:542AH         LINE#         267
  C:5447H         LINE#         268
  C:545EH         LINE#         269
  C:5475H         LINE#         270
  C:5475H         LINE#         271
  C:5488H         LINE#         272
  C:549BH         LINE#         273
  C:549BH         LINE#         274
  C:549BH         LINE#         275
  C:549EH         LINE#         280
  C:54ADH         LINE#         281
  C:54ADH         LINE#         282
  C:54D0H         LINE#         283
  C:54EDH         LINE#         284
  C:54F6H         LINE#         285
  C:54F6H         LINE#         286
  C:54FDH         LINE#         287
  C:54FDH         LINE#         288
  C:550EH         LINE#         289
  C:550EH         LINE#         290
  C:551DH         LINE#         291
  C:551DH         LINE#         292
  C:551DH         LINE#         293
  C:5520H         LINE#         295
  C:5520H         LINE#         296
  C:552CH         LINE#         297
  C:552CH         LINE#         298
  C:553EH         LINE#         299
BL51 BANKED LINKER/LOCATER V6.22                                                      08/28/2019  12:03:15  PAGE 33


  C:553EH         LINE#         300
  C:554EH         LINE#         301
  C:554EH         LINE#         302
  C:554EH         LINE#         304
  C:5550H         LINE#         306
  C:5550H         LINE#         307
  C:555FH         LINE#         308
  C:555FH         LINE#         309
  C:556FH         LINE#         310
  C:556FH         LINE#         311
  C:556FH         LINE#         313
  C:556FH         LINE#         315
  C:556FH         LINE#         316
  C:5571H         LINE#         318
  C:5571H         LINE#         319
  C:5578H         LINE#         320
  C:5578H         LINE#         321
  C:5587H         LINE#         322
  C:5587H         LINE#         323
  C:5597H         LINE#         324
  C:5597H         LINE#         325
  C:5597H         LINE#         326
  C:5599H         LINE#         328
  C:5599H         LINE#         329
  C:55A8H         LINE#         330
  C:55A8H         LINE#         331
  C:55BBH         LINE#         332
  C:55CEH         LINE#         333
  C:55CEH         LINE#         334
  C:55CEH         LINE#         335
  C:55CEH         LINE#         336
  C:55D7H         LINE#         338
  C:55D7H         LINE#         340
  C:5611H         LINE#         341
  C:5611H         LINE#         342
  C:5618H         LINE#         343
  C:5618H         LINE#         344
  C:5622H         LINE#         345
  C:5622H         LINE#         346
  C:5625H         LINE#         347
  C:562AH         LINE#         348
  C:562FH         LINE#         349
  C:5634H         LINE#         350
  C:5639H         LINE#         351
  C:563EH         LINE#         352
  C:5643H         LINE#         353
  C:5648H         LINE#         354
  C:5648H         LINE#         355
  C:5648H         LINE#         357
  C:5666H         LINE#         358
  C:5666H         LINE#         359
  C:566DH         LINE#         360
  C:566DH         LINE#         361
  C:5672H         LINE#         362
  C:567BH         LINE#         363
  C:569AH         LINE#         364
  C:569AH         LINE#         365
BL51 BANKED LINKER/LOCATER V6.22                                                      08/28/2019  12:03:15  PAGE 34


  C:56AAH         LINE#         367
  C:56AAH         LINE#         371
  -------         ENDPROC       KEY_PROCESS
  -------         PROC          KEYPAD_IO_INIT
  C:7B27H         LINE#         374
  C:7B27H         LINE#         375
  C:7B27H         LINE#         376
  C:7B2AH         LINE#         377
  C:7B2DH         LINE#         378
  C:7B30H         LINE#         379
  C:7B32H         LINE#         380
  -------         ENDPROC       KEYPAD_IO_INIT
  -------         ENDMOD        KEYPAD

  -------         MODULE        BIPOLARMOTOR
  C:0000H         SYMBOL        _ICE_DUMMY_
  C:5A18H         PUBLIC        _azimuth_calculation
  X:0000H         PUBLIC        UTC_time
[...]
  C:610AH         LINE#         328
  C:610DH         LINE#         330
  C:6127H         LINE#         331
  C:6127H         LINE#         332
  C:6127H         LINE#         334
  C:612AH         LINE#         336
  C:6144H         LINE#         337
  C:6144H         LINE#         338
  C:6144H         LINE#         340
  C:6147H         LINE#         342
  C:6161H         LINE#         343
  C:6161H         LINE#         344
  C:6161H         LINE#         346
  C:6164H         LINE#         348
  C:617EH         LINE#         349
  C:617EH         LINE#         350
  C:617EH         LINE#         352
  C:6181H         LINE#         354
  C:619BH         LINE#         355
  C:619BH         LINE#         356
  C:619BH         LINE#         358
  C:619EH         LINE#         360
  C:61B8H         LINE#         361
  C:61B8H         LINE#         362
  C:61B8H         LINE#         364
  C:61BBH         LINE#         366
  C:61D5H         LINE#         367
  C:61D5H         LINE#         368
  C:61D5H         LINE#         370
  C:61D8H         LINE#         372
  C:61F2H         LINE#         373
  C:61F9H         LINE#         374
  -------         ENDPROC       SPI_NOR_WRITE_DATA
  -------         ENDMOD        AT25SF041

  -------         MODULE        SI1120
  C:0000H         SYMBOL        _ICE_DUMMY_
  D:0080H         PUBLIC        P0
  D:00B2H         PUBLIC        P3M0
  D:0090H         PUBLIC        P1
  D:00B1H         PUBLIC        P3M1
  D:00A0H         PUBLIC        P2
  D:00B0H         PUBLIC        P3
  D:00C0H         PUBLIC        P4
  D:00C8H         PUBLIC        P5
  B:00A8H.7       PUBLIC        EA
  D:00E8H         PUBLIC        P6
  D:00F8H         PUBLIC        P7
  D:00A8H         PUBLIC        IE
  D:00B8H         PUBLIC        IP
  C:775AH         PUBLIC        SI1120_CONFIG_MODE_VIRH
  D:00D8H         PUBLIC        CCON
  D:0098H         PUBLIC        SCON
  D:0088H         PUBLIC        TCON
  C:7B0DH         PUBLIC        Enable_EXTINT0
BL51 BANKED LINKER/LOCATER V6.22                                                      08/28/2019  12:03:15  PAGE 57


  B:0090H.5       PUBLIC        SI1120_STX
  B:0088H.0       PUBLIC        IT0
  B:00A8H.0       PUBLIC        EX0
  B:0090H.4       PUBLIC        SI1120_MD
  B:0090H.6       PUBLIC        SI1120_SC
  D:00D0H         PUBLIC        PSW
  -------         PROC          SI1120_CONFIG_MODE_VIRH
  C:775AH         LINE#         4
  C:775AH         LINE#         5
  C:775AH         LINE#         6
  C:775CH         LINE#         7
  C:775EH         LINE#         8
  C:7760H         LINE#         10
  C:7767H         LINE#         11
  C:7769H         LINE#         13
  C:776BH         LINE#         14
  C:776DH         LINE#         16
  C:7774H         LINE#         18
  C:7776H         LINE#         20
  C:777DH         LINE#         23
  C:777FH         LINE#         25
  C:7781H         LINE#         27
  C:7788H         LINE#         29
  C:778AH         LINE#         31
  -------         ENDPROC       SI1120_CONFIG_MODE_VIRH
  -------         PROC          ENABLE_EXTINT0
  C:7B0DH         LINE#         33
  C:7B0DH         LINE#         34
  C:7B0DH         LINE#         35
  C:7B10H         LINE#         36
  C:7B13H         LINE#         37
  C:7B15H         LINE#         38
  C:7B17H         LINE#         39
  C:7B19H         LINE#         40
  -------         ENDPROC       ENABLE_EXTINT0
  -------         ENDMOD        SI1120

  -------         MODULE        UART1
  C:0000H         SYMBOL        _ICE_DUMMY_
  D:0080H         PUBLIC        P0
  D:0090H         PUBLIC        P1
  D:00A0H         PUBLIC        P2
  D:00B0H         PUBLIC        P3
  D:00C0H         PUBLIC        P4
  D:00C8H         PUBLIC        P5
  C:791AH         PUBLIC        _uart1_SendToTCPServer
  B:00A8H.7       PUBLIC        EA
  D:00E8H         PUBLIC        P6
  D:00F8H         PUBLIC        P7
  C:7727H         PUBLIC        _SendString
  D:00A8H         PUBLIC        IE
  B:00A8H.4       PUBLIC        ES
  D:00B8H         PUBLIC        IP
  C:7A0CH         PUBLIC        _ASCIItoBCD
  D:00D8H         PUBLIC        CCON
  C:7AC2H         PUBLIC        initUART1
  D:0098H         PUBLIC        SCON
BL51 BANKED LINKER/LOCATER V6.22                                                      08/28/2019  12:03:15  PAGE 58


  D:0088H         PUBLIC        TCON
  C:7B7BH         PUBLIC        _DectoBCD
  C:001EH         PUBLIC        _ASCII_Letter
  D:008EH         PUBLIC        AUXR
  C:0006H         PUBLIC        _unit
  C:7B74H         PUBLIC        _ten
  D:00D6H         PUBLIC        T2H
  D:00D7H         PUBLIC        T2L
  C:7B65H         PUBLIC        uart1_InitTCPConn
  D:00D0H         PUBLIC        PSW
  -------         PROC          INITUART1
  C:7AC2H         LINE#         24
  C:7AC2H         LINE#         25
  C:7AC2H         LINE#         26
  C:7AC5H         LINE#         27
  C:7AC8H         LINE#         28
  C:7ACBH         LINE#         29
  C:7ACEH         LINE#         30
  C:7AD0H         LINE#         31
  C:7AD2H         LINE#         33
  -------         ENDPROC       INITUART1
  -------         PROC          _SENDSTRING
  X:04F1H         SYMBOL        s
  C:7727H         LINE#         36
  C:7732H         LINE#         37
  C:7732H         LINE#         38
  C:7742H         LINE#         39
  C:7742H         LINE#         40
  C:7757H         LINE#         41
  C:7759H         LINE#         42
  -------         ENDPROC       _SENDSTRING
  -------         PROC          _TEN
  D:0007H         SYMBOL        BCD
  C:7B74H         LINE#         44
  C:7B74H         LINE#         45
  C:7B74H         LINE#         46
  C:7B79H         LINE#         47
  -------         ENDPROC       _TEN
  -------         PROC          _UNIT
  D:0007H         SYMBOL        BCD
  C:0006H         LINE#         48
  C:0006H         LINE#         49
  C:0006H         LINE#         53
  C:000AH         LINE#         54
  -------         ENDPROC       _UNIT
  -------         PROC          _DECTOBCD
  D:0007H         SYMBOL        dec
  C:7B7BH         LINE#         55
  C:7B7BH         LINE#         56
  C:7B7BH         LINE#         58
  C:7B7BH         LINE#         59
  -------         ENDPROC       _DECTOBCD
  -------         PROC          _ASCII_LETTER
  D:0007H         SYMBOL        dat
  C:001EH         LINE#         61
  C:001EH         LINE#         62
  C:001EH         LINE#         64
BL51 BANKED LINKER/LOCATER V6.22                                                      08/28/2019  12:03:15  PAGE 59


  C:0022H         LINE#         65
  -------         ENDPROC       _ASCII_LETTER
  -------         PROC          _ASCIITOBCD
  D:0001H         SYMBOL        ascii
  -------         DO            
  D:0007H         SYMBOL        dec_val
  D:0006H         SYMBOL        ten
  D:0007H         SYMBOL        unit
  -------         ENDDO         
  C:7A0CH         LINE#         67
  C:7A0CH         LINE#         68
  C:7A0CH         LINE#         70
  C:7A0FH         LINE#         71
  C:7A15H         LINE#         72
  C:7A1CH         LINE#         73
  C:7A22H         LINE#         75
  -------         ENDPROC       _ASCIITOBCD
  -------         PROC          UART1_INITTCPCONN
  C:7B65H         LINE#         77
  C:7B65H         LINE#         78
  C:7B65H         LINE#         82
  -------         ENDPROC       UART1_INITTCPCONN
  -------         PROC          _UART1_SENDTOTCPSERVER
  X:03FCH         SYMBOL        str
  C:791AH         LINE#         85
  C:7925H         LINE#         86
  C:7925H         LINE#         87
  C:792EH         LINE#         88
  C:7935H         LINE#         89
  -------         ENDPROC       _UART1_SENDTOTCPSERVER
  -------         ENDMOD        UART1

  -------         MODULE        ?C_STARTUP
  C:71D2H         SEGMENT       ?C_C51STARTUP
  I:0022H         SEGMENT       ?STACK
  C:0000H         PUBLIC        ?C_STARTUP
  D:00E0H         SYMBOL        ACC
  D:00F0H         SYMBOL        B
  D:0083H         SYMBOL        DPH
  D:0082H         SYMBOL        DPL
  N:0000H         SYMBOL        IBPSTACK
  N:0100H         SYMBOL        IBPSTACKTOP
  N:0080H         SYMBOL        IDATALEN
  C:71D5H         SYMBOL        IDATALOOP
  N:0000H         SYMBOL        PBPSTACK
  N:0100H         SYMBOL        PBPSTACKTOP
  N:0000H         SYMBOL        PDATALEN
  N:0000H         SYMBOL        PDATASTART
  N:0000H         SYMBOL        PPAGE
  N:0000H         SYMBOL        PPAGEENABLE
  D:00A0H         SYMBOL        PPAGE_SFR
  D:0081H         SYMBOL        SP
  C:71D2H         SYMBOL        STARTUP1
  N:0000H         SYMBOL        XBPSTACK
  N:0000H         SYMBOL        XBPSTACKTOP
  N:0000H         SYMBOL        XDATALEN
  N:0000H         SYMBOL        XDATASTART
BL51 BANKED LINKER/LOCATER V6.22                                                      08/28/2019  12:03:15  PAGE 60


  C:0000H         LINE#         126
  C:71D2H         LINE#         133
  C:71D4H         LINE#         134
  C:71D5H         LINE#         135
  C:71D6H         LINE#         136
  C:71D8H         LINE#         185
  C:71DBH         LINE#         196
  -------         ENDMOD        ?C_STARTUP

  -------         MODULE        ?C?FPADD
  C:23E8H         PUBLIC        ?C?FPADD
  C:23E4H         PUBLIC        ?C?FPSUB
  -------         ENDMOD        ?C?FPADD

  -------         MODULE        ?C?FPMUL
  C:24D9H         PUBLIC        ?C?FPMUL
  -------         ENDMOD        ?C?FPMUL

  -------         MODULE        ?C?FPDIV
  C:25E2H         PUBLIC        ?C?FPDIV
  -------         ENDMOD        ?C?FPDIV

  -------         MODULE        ?C?FPCMP
  C:2681H         PUBLIC        ?C?FPCMP
  C:267FH         PUBLIC        ?C?FPCMP3
  -------         ENDMOD        ?C?FPCMP

  -------         MODULE        ?C?FPNEG
  C:26F8H         PUBLIC        ?C?FPNEG
  -------         ENDMOD        ?C?FPNEG

  -------         MODULE        ?C?FCAST
  C:2713H         PUBLIC        ?C?FCASTC
  C:270EH         PUBLIC        ?C?FCASTI
  C:2709H         PUBLIC        ?C?FCASTL
  -------         ENDMOD        ?C?FCAST

  -------         MODULE        ?C?CASTF
  C:2747H         PUBLIC        ?C?CASTF
  -------         ENDMOD        ?C?CASTF

  -------         MODULE        PRINTF
  X:04F1H         PUBLIC        ?_PRINTF?BYTE
  X:04F1H         PUBLIC        ?_SPRINTF?BYTE
  C:4AEDH         PUBLIC        _PRINTF
  C:4AE7H         PUBLIC        _SPRINTF
  -------         ENDMOD        PRINTF

  -------         MODULE        FABS
  C:7B1AH         PUBLIC        _FABS
  -------         ENDMOD        FABS

  -------         MODULE        ATAN2
  X:04A3H         PUBLIC        ?_atan2?BYTE
  C:6FFFH         PUBLIC        _atan2
  -------         ENDMOD        ATAN2

BL51 BANKED LINKER/LOCATER V6.22                                                      08/28/2019  12:03:15  PAGE 61


  -------         MODULE        SIN
  C:625FH         PUBLIC        _COS
  C:6275H         PUBLIC        _SIN
  C:62B1H         PUBLIC        _TAN
  -------         ENDMOD        SIN

  -------         MODULE        ACOS
  C:75DEH         PUBLIC        _ACOS
  -------         ENDMOD        ACOS

  -------         MODULE        ASIN
  C:76ECH         PUBLIC        _ASIN
  -------         ENDMOD        ASIN

  -------         MODULE        POW
  X:03BCH         PUBLIC        ?_pow?BYTE
  C:639FH         PUBLIC        _pow
  -------         ENDMOD        POW

  -------         MODULE        ?C?CHKFLOAT
  C:27C8H         PUBLIC        ?C?CHKFLOAT
  -------         ENDMOD        ?C?CHKFLOAT

  -------         MODULE        ?C?FPROUND
  C:27E2H         PUBLIC        ?C?FPROUND
  -------         ENDMOD        ?C?FPROUND

  -------         MODULE        ?C?FPCONVERT
  C:281FH         PUBLIC        ?C?FPCONVERT
  -------         ENDMOD        ?C?FPCONVERT

  -------         MODULE        EXP
  C:7170H         PUBLIC        _EXP
  -------         ENDMOD        EXP

  -------         MODULE        LOG
  C:668EH         PUBLIC        _LOG
  C:668AH         PUBLIC        _LOG10
  -------         ENDMOD        LOG

  -------         MODULE        SQRT
  C:6EB6H         PUBLIC        _SQRT
  -------         ENDMOD        SQRT

  -------         MODULE        ATAN
  C:67A3H         PUBLIC        _ATAN
  -------         ENDMOD        ATAN

  -------         MODULE        ?C?FTNPWR
  C:29A1H         PUBLIC        ?C?FTNPWR
  -------         ENDMOD        ?C?FTNPWR

  -------         MODULE        ?C?COPY
  C:2AB1H         PUBLIC        ?C?COPY
  -------         ENDMOD        ?C?COPY

  -------         MODULE        ?C?CLDPTR
BL51 BANKED LINKER/LOCATER V6.22                                                      08/28/2019  12:03:15  PAGE 62


  C:2AD7H         PUBLIC        ?C?CLDPTR
  -------         ENDMOD        ?C?CLDPTR

  -------         MODULE        ?C?CLDOPTR
  C:2AF0H         PUBLIC        ?C?CLDOPTR
  -------         ENDMOD        ?C?CLDOPTR

  -------         MODULE        ?C?CSTPTR
  C:2B1DH         PUBLIC        ?C?CSTPTR
  -------         ENDMOD        ?C?CSTPTR

  -------         MODULE        ?C?IMUL
  C:2B2FH         PUBLIC        ?C?IMUL
  -------         ENDMOD        ?C?IMUL

  -------         MODULE        ?C?UIDIV
  C:2B41H         PUBLIC        ?C?UIDIV
  -------         ENDMOD        ?C?UIDIV

  -------         MODULE        ?C?SIDIV
  C:2B96H         PUBLIC        ?C?SIDIV
  -------         ENDMOD        ?C?SIDIV

  -------         MODULE        ?C?ILDIX
  C:2BCCH         PUBLIC        ?C?ILDIX
  -------         ENDMOD        ?C?ILDIX

  -------         MODULE        ?C?ILDOPTR
  C:2BE2H         PUBLIC        ?C?ILDOPTR
  -------         ENDMOD        ?C?ILDOPTR

  -------         MODULE        ?C?ISTPTR
  C:2C1AH         PUBLIC        ?C?ISTPTR
  -------         ENDMOD        ?C?ISTPTR

  -------         MODULE        ?C?LMUL
  C:2C39H         PUBLIC        ?C?LMUL
  -------         ENDMOD        ?C?LMUL

  -------         MODULE        ?C?SLDIV
  C:7628H         PUBLIC        ?C?SLDIV
  -------         ENDMOD        ?C?SLDIV

  -------         MODULE        ?C?LNEG
  C:2C88H         PUBLIC        ?C?LNEG
  -------         ENDMOD        ?C?LNEG

  -------         MODULE        ?C?ULCMP
  C:2C96H         PUBLIC        ?C?ULCMP
  -------         ENDMOD        ?C?ULCMP

  -------         MODULE        ?C?LSHL
  C:2CA7H         PUBLIC        ?C?LSHL
  -------         ENDMOD        ?C?LSHL

  -------         MODULE        ?C?LLDPTR
  C:2CBAH         PUBLIC        ?C?LLDPTR
BL51 BANKED LINKER/LOCATER V6.22                                                      08/28/2019  12:03:15  PAGE 63


  -------         ENDMOD        ?C?LLDPTR

  -------         MODULE        ?C?LLDOPTR
  C:2CDAH         PUBLIC        ?C?LLDOPTR
  -------         ENDMOD        ?C?LLDOPTR

  -------         MODULE        ?C?LSTPTR
  C:2D0AH         PUBLIC        ?C?LSTPTR
  -------         ENDMOD        ?C?LSTPTR

  -------         MODULE        ?C?LSTOPTR
  C:2D24H         PUBLIC        ?C?LSTOPTR
  -------         ENDMOD        ?C?LSTOPTR

  -------         MODULE        ?C?LLDXDATA
  C:2D48H         PUBLIC        ?C?LLDXDATA
  -------         ENDMOD        ?C?LLDXDATA

  -------         MODULE        ?C?LLDCODE
  C:2D54H         PUBLIC        ?C?LLDCODE
  -------         ENDMOD        ?C?LLDCODE

  -------         MODULE        ?C?LLDXDATA0
  C:2D64H         PUBLIC        ?C?LLDXDATA0
  -------         ENDMOD        ?C?LLDXDATA0

  -------         MODULE        ?C?LLDCODE0
  C:2D70H         PUBLIC        ?C?LLDCODE0
  -------         ENDMOD        ?C?LLDCODE0

  -------         MODULE        ?C?LLDPTR0
  C:2D80H         PUBLIC        ?C?LLDPTR0
  -------         ENDMOD        ?C?LLDPTR0

  -------         MODULE        ?C?LSTXDATA
  C:2DA0H         PUBLIC        ?C?LSTXDATA
  -------         ENDMOD        ?C?LSTXDATA

  -------         MODULE        ?C?LSTKXDATA
  C:2DACH         PUBLIC        ?C?LSTKXDATA
  -------         ENDMOD        ?C?LSTKXDATA

  -------         MODULE        ?C?LSTKPTR
  C:2DDDH         PUBLIC        ?C?LSTKPTR
  -------         ENDMOD        ?C?LSTKPTR

  -------         MODULE        ?C?OFFXADD
  C:2DF7H         PUBLIC        ?C?OFFXADD
  -------         ENDMOD        ?C?OFFXADD

  -------         MODULE        ?C?PLDIXDATA
  C:2E03H         PUBLIC        ?C?PLDIXDATA
  -------         ENDMOD        ?C?PLDIXDATA

  -------         MODULE        ?C?PSTXDATA
  C:2E1AH         PUBLIC        ?C?PSTXDATA
  -------         ENDMOD        ?C?PSTXDATA
BL51 BANKED LINKER/LOCATER V6.22                                                      08/28/2019  12:03:15  PAGE 64



  -------         MODULE        ?C?CCASE
  C:2E23H         PUBLIC        ?C?CCASE
  -------         ENDMOD        ?C?CCASE

  -------         MODULE        PUTCHAR
  C:78AAH         PUBLIC        _PUTCHAR
  -------         ENDMOD        PUTCHAR

  -------         MODULE        ABS
  C:7B33H         PUBLIC        _ABS
  -------         ENDMOD        ABS

  -------         MODULE        ATOI
  C:6BACH         PUBLIC        _atoi
  -------         ENDMOD        ATOI

  -------         MODULE        ?C?IILDX
  C:2E49H         PUBLIC        ?C?IILDX
  -------         ENDMOD        ?C?IILDX

  -------         MODULE        ?C?ULDIV
  C:2E9BH         PUBLIC        ?C?ULDIV
  -------         ENDMOD        ?C?ULDIV

  -------         MODULE        ?C?LLDIDATA
  C:2F2DH         PUBLIC        ?C?LLDIDATA
  -------         ENDMOD        ?C?LLDIDATA

  -------         MODULE        ?C?LLDPDATA
  C:2F39H         PUBLIC        ?C?LLDPDATA
  -------         ENDMOD        ?C?LLDPDATA

  -------         MODULE        ?C?LLDIDATA0
  C:2F45H         PUBLIC        ?C?LLDIDATA0
  -------         ENDMOD        ?C?LLDIDATA0

  -------         MODULE        ?C?LLDPDATA0
  C:2F52H         PUBLIC        ?C?LLDPDATA0
  -------         ENDMOD        ?C?LLDPDATA0

  -------         MODULE        ?C?LSTIDATA
  C:2F5FH         PUBLIC        ?C?LSTIDATA
  -------         ENDMOD        ?C?LSTIDATA

  -------         MODULE        ?C?LSTPDATA
  C:2F6BH         PUBLIC        ?C?LSTPDATA
  -------         ENDMOD        ?C?LSTPDATA

  -------         MODULE        ?C?LSTKIDATA
  C:2F77H         PUBLIC        ?C?LSTKIDATA
  -------         ENDMOD        ?C?LSTKIDATA

  -------         MODULE        ?C?LSTKPDATA
  C:2F90H         PUBLIC        ?C?LSTKPDATA
  -------         ENDMOD        ?C?LSTKPDATA

BL51 BANKED LINKER/LOCATER V6.22                                                      08/28/2019  12:03:15  PAGE 65


  -------         MODULE        ISDIGIT
  C:7AF1H         PUBLIC        _isdigit
  -------         ENDMOD        ISDIGIT

  -------         MODULE        ISSPACE
  C:7A8CH         PUBLIC        _isspace
  -------         ENDMOD        ISSPACE

*** WARNING L16: UNCALLED SEGMENT, IGNORED FOR OVERLAY PROCESS
    SEGMENT: ?PR?_DAY_OF_YEAR?PCF85063BTL

*** WARNING L16: UNCALLED SEGMENT, IGNORED FOR OVERLAY PROCESS
    SEGMENT: ?PR?_FINDCLOSESTSAMEDAYCALIBTIME?CALIBRATION

*** WARNING L16: UNCALLED SEGMENT, IGNORED FOR OVERLAY PROCESS
    SEGMENT: ?PR?NOP?IOEXPANDER_PI4IOE5V96248

*** WARNING L16: UNCALLED SEGMENT, IGNORED FOR OVERLAY PROCESS
    SEGMENT: ?PR?UC_ACK?IOEXPANDER_PI4IOE5V96248

*** WARNING L16: UNCALLED SEGMENT, IGNORED FOR OVERLAY PROCESS
    SEGMENT: ?PR?UC_NACK?IOEXPANDER_PI4IOE5V96248

*** WARNING L16: UNCALLED SEGMENT, IGNORED FOR OVERLAY PROCESS
    SEGMENT: ?PR?_TEN?UART1

*** WARNING L16: UNCALLED SEGMENT, IGNORED FOR OVERLAY PROCESS
    SEGMENT: ?PR?_UNIT?UART1

*** WARNING L16: UNCALLED SEGMENT, IGNORED FOR OVERLAY PROCESS
    SEGMENT: ?PR?_DECTOBCD?UART1

*** WARNING L16: UNCALLED SEGMENT, IGNORED FOR OVERLAY PROCESS
    SEGMENT: ?PR?_ASCII_LETTER?UART1

*** WARNING L16: UNCALLED SEGMENT, IGNORED FOR OVERLAY PROCESS
    SEGMENT: ?PR?_ASCIITOBCD?UART1

Program Size: data=15.4 xdata=1630 code=31612
LINK/LOCATE RUN COMPLETE.  10 WARNING(S),  0 ERROR(S)
