BL51 BANKED LINKER/LOCATER V6.22                                                        02/22/2019  14:31:13  PAGE 1


BL51 BANKED LINKER/LOCATER V6.22, INVOKED BY:
C:\KEIL_V5\C51\BIN\BL51.EXE .\Obj\main.obj, .\Obj\PCF85063BTL.obj, .\Obj\UART1.obj, .\Obj\LCd_Driver_SPLC780D.obj, .\Obj
>> \KeyPad.obj, .\Obj\BipolarMotor.obj, .\Obj\SunPos.obj, .\Obj\ADC.obj, .\Obj\Calibration.obj, .\Obj\IOExpander_PI4IOE5
>> V96248.obj, .\Obj\AT25SF041.obj, .\Obj\STARTUP.obj TO .\Obj\GPIO_RTC_Test PRINT (.\Lis\GPIO_RTC_Test.m51) RAMSIZE (25
>> 6)


MEMORY MODEL: LARGE WITH FLOATING POINT ARITHMETIC


INPUT MODULES INCLUDED:
  .\Obj\main.obj (MAIN)
  .\Obj\PCF85063BTL.obj (PCF85063BTL)
  .\Obj\UART1.obj (UART1)
  .\Obj\LCd_Driver_SPLC780D.obj (LCD_DRIVER_SPLC780D)
  .\Obj\KeyPad.obj (KEYPAD)
  .\Obj\BipolarMotor.obj (BIPOLARMOTOR)
  .\Obj\SunPos.obj (SUNPOS)
  .\Obj\ADC.obj (ADC)
  .\Obj\Calibration.obj (CALIBRATION)
  .\Obj\IOExpander_PI4IOE5V96248.obj (IOEXPANDER_PI4IOE5V96248)
  .\Obj\AT25SF041.obj (AT25SF041)
  .\Obj\STARTUP.obj (?C_STARTUP)
  C:\KEIL_V5\C51\LIB\C51FPL.LIB (?C?FPADD)
  C:\KEIL_V5\C51\LIB\C51FPL.LIB (?C?FPMUL)
  C:\KEIL_V5\C51\LIB\C51FPL.LIB (?C?FPDIV)
  C:\KEIL_V5\C51\LIB\C51FPL.LIB (?C?FPCMP)
  C:\KEIL_V5\C51\LIB\C51FPL.LIB (?C?FPNEG)
  C:\KEIL_V5\C51\LIB\C51FPL.LIB (?C?FCAST)
  C:\KEIL_V5\C51\LIB\C51FPL.LIB (?C?CASTF)
  C:\KEIL_V5\C51\LIB\C51FPL.LIB (ATAN2)
  C:\KEIL_V5\C51\LIB\C51FPL.LIB (SIN)
  C:\KEIL_V5\C51\LIB\C51FPL.LIB (ACOS)
  C:\KEIL_V5\C51\LIB\C51FPL.LIB (ASIN)
  C:\KEIL_V5\C51\LIB\C51FPL.LIB (?C?FPGETOPN)
  C:\KEIL_V5\C51\LIB\C51FPL.LIB (?C?FPSERIES)
  C:\KEIL_V5\C51\LIB\C51FPL.LIB (SQRT)
  C:\KEIL_V5\C51\LIB\C51FPL.LIB (ATAN)
  C:\KEIL_V5\C51\LIB\C51L.LIB (?C_INIT)
  C:\KEIL_V5\C51\LIB\C51L.LIB (?C?COPY)
  C:\KEIL_V5\C51\LIB\C51L.LIB (?C?CLDPTR)
  C:\KEIL_V5\C51\LIB\C51L.LIB (?C?CLDOPTR)
  C:\KEIL_V5\C51\LIB\C51L.LIB (?C?CSTPTR)
  C:\KEIL_V5\C51\LIB\C51L.LIB (?C?IMUL)
  C:\KEIL_V5\C51\LIB\C51L.LIB (?C?UIDIV)
  C:\KEIL_V5\C51\LIB\C51L.LIB (?C?SIDIV)
  C:\KEIL_V5\C51\LIB\C51L.LIB (?C?ILDIX)
  C:\KEIL_V5\C51\LIB\C51L.LIB (?C?ILDOPTR)
  C:\KEIL_V5\C51\LIB\C51L.LIB (?C?ISTPTR)
  C:\KEIL_V5\C51\LIB\C51L.LIB (?C?LMUL)
  C:\KEIL_V5\C51\LIB\C51L.LIB (?C?SLDIV)
  C:\KEIL_V5\C51\LIB\C51L.LIB (?C?LNEG)
  C:\KEIL_V5\C51\LIB\C51L.LIB (?C?ULCMP)
  C:\KEIL_V5\C51\LIB\C51L.LIB (?C?LSHL)
  C:\KEIL_V5\C51\LIB\C51L.LIB (?C?LLDPTR)
  C:\KEIL_V5\C51\LIB\C51L.LIB (?C?LLDOPTR)
  C:\KEIL_V5\C51\LIB\C51L.LIB (?C?LSTPTR)
  C:\KEIL_V5\C51\LIB\C51L.LIB (?C?LSTOPTR)
BL51 BANKED LINKER/LOCATER V6.22                                                      02/22/2019  14:31:13  PAGE 2


  C:\KEIL_V5\C51\LIB\C51L.LIB (?C?LLDXDATA)
  C:\KEIL_V5\C51\LIB\C51L.LIB (?C?LLDCODE)
  C:\KEIL_V5\C51\LIB\C51L.LIB (?C?LLDXDATA0)
  C:\KEIL_V5\C51\LIB\C51L.LIB (?C?LLDCODE0)
  C:\KEIL_V5\C51\LIB\C51L.LIB (?C?LLDPTR0)
  C:\KEIL_V5\C51\LIB\C51L.LIB (?C?LSTXDATA)
  C:\KEIL_V5\C51\LIB\C51L.LIB (?C?LSTKXDATA)
  C:\KEIL_V5\C51\LIB\C51L.LIB (?C?LSTKPTR)
  C:\KEIL_V5\C51\LIB\C51L.LIB (?C?OFFXADD)
  C:\KEIL_V5\C51\LIB\C51L.LIB (ABS)
  C:\KEIL_V5\C51\LIB\C51L.LIB (ATOI)
  C:\KEIL_V5\C51\LIB\C51L.LIB (?C?IILDX)
  C:\KEIL_V5\C51\LIB\C51L.LIB (?C?ULDIV)
  C:\KEIL_V5\C51\LIB\C51L.LIB (?C?LLDIDATA)
  C:\KEIL_V5\C51\LIB\C51L.LIB (?C?LLDPDATA)
  C:\KEIL_V5\C51\LIB\C51L.LIB (?C?LLDIDATA0)
  C:\KEIL_V5\C51\LIB\C51L.LIB (?C?LLDPDATA0)
  C:\KEIL_V5\C51\LIB\C51L.LIB (?C?LSTIDATA)
  C:\KEIL_V5\C51\LIB\C51L.LIB (?C?LSTPDATA)
  C:\KEIL_V5\C51\LIB\C51L.LIB (?C?LSTKIDATA)
  C:\KEIL_V5\C51\LIB\C51L.LIB (?C?LSTKPDATA)
  C:\KEIL_V5\C51\LIB\C51L.LIB (ISDIGIT)
  C:\KEIL_V5\C51\LIB\C51L.LIB (ISSPACE)


LINK MAP OF MODULE:  .\Obj\GPIO_RTC_Test (MAIN)


            TYPE    BASE      LENGTH    RELOCATION   SEGMENT NAME
            -----------------------------------------------------

            * * * * * * *   D A T A   M E M O R Y   * * * * * * *
            REG     0000H     0008H     ABSOLUTE     "REG BANK 0"
                    0008H     0018H                  *** GAP ***
            BIT     0020H.0   0000H.5   UNIT         ?BI?KEYPAD
            BIT     0020H.5   0000H.3   UNIT         _BIT_GROUP_
            BIT     0021H.0   0000H.1   UNIT         ?BI?MAIN
            BIT     0021H.1   0000H.1   UNIT         ?BI?_ATOI?ATOI
                    0021H.2   0000H.6                *** GAP ***
            IDATA   0022H     0001H     UNIT         ?STACK

            * * * * * * *  X D A T A   M E M O R Y  * * * * * * *
            XDATA   0000H     038FH     UNIT         ?XD?BIPOLARMOTOR
            XDATA   038FH     0146H     UNIT         _XDATA_GROUP_
            XDATA   04D5H     00DFH     UNIT         ?XD?MAIN
            XDATA   05B4H     0040H     UNIT         ?XD?_FINDDET4X4?BIPOLARMOTOR
            XDATA   05F4H     0024H     UNIT         ?XD?_FINDDET3X3?BIPOLARMOTOR
            XDATA   0618H     0009H     UNIT         ?XD?KEYPAD
            XDATA   0621H     0008H     UNIT         ?XD?_AT25SF041_READ?AT25SF041
            XDATA   0629H     0005H     UNIT         ?XD?_ATOI?ATOI
            XDATA   062EH     0004H     UNIT         ?XD?_DISPLAY_PROX?MAIN
            XDATA   0632H     0003H     UNIT         ?XD?_SENDSTRING?UART1
            XDATA   0635H     0001H     UNIT         ?XD?UC_ACK?IOEXPANDER_PI4IOE5V96248
            XDATA   0636H     0001H     UNIT         ?XD?UC_NACK?IOEXPANDER_PI4IOE5V96248

            * * * * * * *   C O D E   M E M O R Y   * * * * * * *
            CODE    0000H     0003H     ABSOLUTE     
BL51 BANKED LINKER/LOCATER V6.22                                                      02/22/2019  14:31:13  PAGE 3


            CODE    0003H     0006H     UNIT         ?PR?_TEN?UART1
            CODE    0009H     0001H     UNIT         ?PR?TM0_ISR?MAIN
            CODE    000AH     0001H     UNIT         ?PR?_DECTOBCD?UART1
            CODE    000BH     0003H     ABSOLUTE     
            CODE    000EH     0B00H     UNIT         ?PR?_UPDATE_POSITION?BIPOLARMOTOR
            CODE    0B0EH     0AAAH     UNIT         ?PR?MAIN?MAIN
            CODE    15B8H     09B6H     UNIT         ?C?LIB_CODE
            CODE    1F6EH     07A2H     UNIT         ?PR?SUNPOS?SUNPOS
            CODE    2710H     03F2H     UNIT         ?C_INITSEG
            CODE    2B02H     0309H     UNIT         ?PR?_FIND_REAL_MAX?CALIBRATION
            CODE    2E0BH     02C0H     UNIT         ?PR?_FINDDET4X4?BIPOLARMOTOR
            CODE    30CBH     02A0H     UNIT         ?PR?KEY_PROCESS?KEYPAD
            CODE    336BH     01D1H     UNIT         ?PR?_FINDDET3X3?BIPOLARMOTOR
            CODE    353CH     018DH     UNIT         ?PR?KEY_SCAN?KEYPAD
            CODE    36C9H     0188H     UNIT         ?PR?SIN?SIN
            CODE    3851H     0172H     UNIT         ?PR?_DISPLAY_POS?MAIN
            CODE    39C3H     013CH     UNIT         ?PR?_CALIBRATION?CALIBRATION
            CODE    3AFFH     0122H     UNIT         ?PR?ATAN?ATAN
            CODE    3C21H     0106H     UNIT         ?PR?_AT25SF041_READ?AT25SF041
            CODE    3D27H     00FBH     UNIT         ?PR?_AT25SF041_WRITE?AT25SF041
            CODE    3E22H     00EBH     UNIT         ?PR?SPI_NOR_WRITE_DATA?AT25SF041
            CODE    3F0DH     00DBH     UNIT         ?PR?_ATOI?ATOI
            CODE    3FE8H     00C3H     UNIT         ?PR?LINEAR_INTERPOLATE?BIPOLARMOTOR
            CODE    40ABH     00BBH     UNIT         ?PR?VOLTAGE_IS_STABLE?CALIBRATION
            CODE    4166H     00ADH     UNIT         ?PR?_WRITE_PI4IOE5V96248?IOEXPANDER_PI4IOE5V96248
            CODE    4213H     00ACH     UNIT         ?PR?SQRT?SQRT
            CODE    42BFH     00A1H     UNIT         ?PR?READ_STATUS_REGISTER_BYTE1?AT25SF041
            CODE    4360H     009DH     UNIT         ?PR?_ATAN2?ATAN2
            CODE    43FDH     009CH     UNIT         ?PR?_MAX_VALUE?CALIBRATION
            CODE    4499H     0095H     UNIT         ?PR?_DISPLAY_PROX?MAIN
            CODE    452EH     008CH     UNIT         ?C_C51STARTUP
            CODE    45BAH     0084H     UNIT         ?PR?_DAY_OF_YEAR?PCF85063BTL
            CODE    463EH     0075H     UNIT         ?PR?_WRITEDATA?LCD_DRIVER_SPLC780D
            CODE    46B3H     006FH     UNIT         ?PR?_READ_TIME?PCF85063BTL
            CODE    4722H     005AH     UNIT         ?PR?AT25SF041_CHIPERASE?AT25SF041
            CODE    477CH     0059H     UNIT         ?PR?LCD_INIT?LCD_DRIVER_SPLC780D
            CODE    47D5H     0050H     UNIT         ?PR?AT25SF041_WRITEENABLE?AT25SF041
            CODE    4825H     004AH     UNIT         ?PR?VONESTEPMOVE?BIPOLARMOTOR
            CODE    486FH     004AH     UNIT         ?PR?ACOS?ACOS
            CODE    48B9H     0044H     UNIT         ?C?LDIV
            CODE    48FDH     0040H     UNIT         ?PR?_COMMAND?LCD_DRIVER_SPLC780D
            CODE    493DH     0040H     UNIT         ?PR?_STEP_MOVE?BIPOLARMOTOR
            CODE    497DH     003BH     UNIT         ?PR?ASIN?ASIN
            CODE    49B8H     0033H     UNIT         ?PR?_SENDSTRING?UART1
            CODE    49EBH     002CH     UNIT         ?PR?_ADC_GETRESULT?ADC
            CODE    4A17H     002BH     UNIT         ?PR?_WAIT_MS_I2C?IOEXPANDER_PI4IOE5V96248
            CODE    4A42H     002BH     UNIT         ?PR?_WAIT_MS_SPINOR?AT25SF041
            CODE    4A6DH     0028H     UNIT         ?PR?_MOVE?BIPOLARMOTOR
            CODE    4A95H     0027H     UNIT         ?PR?_I2C_SENDBYTE?IOEXPANDER_PI4IOE5V96248
            CODE    4ABCH     0024H     UNIT         ?PR?_WAIT_MS?LCD_DRIVER_SPLC780D
            CODE    4AE0H     0020H     UNIT         ?PR?_SPI_SENDBYTE?PCF85063BTL
            CODE    4B00H     0020H     UNIT         ?PR?SPI_RECEIVEBYTE?PCF85063BTL
            CODE    4B20H     001FH     UNIT         ?PR?ADC_INIT?ADC
            CODE    4B3FH     001EH     UNIT         ?PR?_DELAY_MS?KEYPAD
            CODE    4B5DH     001DH     UNIT         ?PR?_DISPLAYLCD?LCD_DRIVER_SPLC780D
            CODE    4B7AH     001BH     UNIT         ?PR?_BCDTODEC1?BIPOLARMOTOR
            CODE    4B95H     0018H     UNIT         ?PR?_SPI_WRITETIME?PCF85063BTL
BL51 BANKED LINKER/LOCATER V6.22                                                      02/22/2019  14:31:13  PAGE 4


            CODE    4BADH     0017H     UNIT         ?PR?_ASCIITOBCD?UART1
            CODE    4BC4H     0016H     UNIT         ?PR?I2C_ACK?IOEXPANDER_PI4IOE5V96248
            CODE    4BDAH     0015H     UNIT         ?PR?_DISPLAY_LINE?LCD_DRIVER_SPLC780D
            CODE    4BEFH     0015H     UNIT         ?PR?I2C_STOP?IOEXPANDER_PI4IOE5V96248
            CODE    4C04H     0014H     UNIT         ?PR?_PCF85063BTL_DELAY?PCF85063BTL
            CODE    4C18H     0014H     UNIT         ?PR?_ISSPACE?ISSPACE
            CODE    4C2CH     0011H     UNIT         ?PR?_SPI_READTIME?PCF85063BTL
            CODE    4C3DH     0011H     UNIT         ?PR?_BCDTODEC?PCF85063BTL
            CODE    4C4EH     0011H     UNIT         ?PR?INITUART1?UART1
            CODE    4C5FH     000FH     UNIT         ?PR?I2C_START?IOEXPANDER_PI4IOE5V96248
            CODE    4C6EH     000FH     UNIT         ?PR?UC_NACK?IOEXPANDER_PI4IOE5V96248
            CODE    4C7DH     000FH     UNIT         ?PR?_ISDIGIT?ISDIGIT
            CODE    4C8CH     000DH     UNIT         ?PR?SPI_INIT?PCF85063BTL
            CODE    4C99H     000CH     UNIT         ?PR?KEYPAD_IO_INIT?KEYPAD
            CODE    4CA5H     000CH     UNIT         ?PR?_ABS?ABS
            CODE    4CB1H     000AH     UNIT         ?PR?LCD_RETURN_HOME?LCD_DRIVER_SPLC780D
            CODE    4CBBH     000AH     UNIT         ?PR?LCD_CLEAR?LCD_DRIVER_SPLC780D
            CODE    4CC5H     0006H     UNIT         ?PR?UC_ACK?IOEXPANDER_PI4IOE5V96248
            CODE    4CCBH     0005H     UNIT         ?PR?_UNIT?UART1
            CODE    4CD0H     0005H     UNIT         ?PR?_ASCII_LETTER?UART1
            CODE    4CD5H     0001H     UNIT         ?PR?WAIT?BIPOLARMOTOR
            CODE    4CD6H     0001H     UNIT         ?PR?NOP?IOEXPANDER_PI4IOE5V96248



OVERLAY MAP OF MODULE:   .\Obj\GPIO_RTC_Test (MAIN)


SEGMENT                                             BIT_GROUP          XDATA_GROUP
  +--> CALLED SEGMENT                            START    LENGTH     START    LENGTH
------------------------------------------------------------------------------------
?C_C51STARTUP                                    -----    -----      -----    -----
  +--> ?PR?MAIN?MAIN
  +--> ?C_INITSEG

?PR?MAIN?MAIN                                    -----    -----      038FH    0025H
  +--> ?PR?LCD_INIT?LCD_DRIVER_SPLC780D
  +--> ?PR?SPI_INIT?PCF85063BTL
  +--> ?PR?KEYPAD_IO_INIT?KEYPAD
  +--> ?PR?ADC_INIT?ADC
  +--> ?PR?_SPI_WRITETIME?PCF85063BTL
  +--> ?PR?_DELAY_MS?KEYPAD
  +--> ?PR?_DISPLAY_LINE?LCD_DRIVER_SPLC780D
  +--> ?PR?_WRITEDATA?LCD_DRIVER_SPLC780D
  +--> ?PR?KEY_PROCESS?KEYPAD
  +--> ?PR?_COMMAND?LCD_DRIVER_SPLC780D
  +--> ?PR?_DISPLAY_POS?MAIN
  +--> ?PR?_DISPLAYLCD?LCD_DRIVER_SPLC780D
  +--> ?PR?_STEP_MOVE?BIPOLARMOTOR
  +--> ?PR?LCD_RETURN_HOME?LCD_DRIVER_SPLC780D
  +--> ?PR?_READ_TIME?PCF85063BTL
  +--> ?PR?_ADC_GETRESULT?ADC
  +--> ?PR?_BCDTODEC1?BIPOLARMOTOR
  +--> ?PR?_CALIBRATION?CALIBRATION
  +--> ?PR?_WAIT_MS_SPINOR?AT25SF041
  +--> ?PR?SPI_NOR_WRITE_DATA?AT25SF041
  +--> ?PR?LINEAR_INTERPOLATE?BIPOLARMOTOR
BL51 BANKED LINKER/LOCATER V6.22                                                      02/22/2019  14:31:13  PAGE 5


  +--> ?PR?_UPDATE_POSITION?BIPOLARMOTOR

?PR?LCD_INIT?LCD_DRIVER_SPLC780D                 -----    -----      -----    -----
  +--> ?PR?_WAIT_MS?LCD_DRIVER_SPLC780D
  +--> ?PR?_COMMAND?LCD_DRIVER_SPLC780D

?PR?_COMMAND?LCD_DRIVER_SPLC780D                 -----    -----      -----    -----
  +--> ?PR?_WAIT_MS?LCD_DRIVER_SPLC780D

?PR?ADC_INIT?ADC                                 -----    -----      -----    -----
  +--> ?PR?_WAIT_MS?LCD_DRIVER_SPLC780D

?PR?_SPI_WRITETIME?PCF85063BTL                   -----    -----      -----    -----
  +--> ?PR?_SPI_SENDBYTE?PCF85063BTL

?PR?_SPI_SENDBYTE?PCF85063BTL                    -----    -----      -----    -----
  +--> ?PR?_PCF85063BTL_DELAY?PCF85063BTL

?PR?_DISPLAY_LINE?LCD_DRIVER_SPLC780D            -----    -----      -----    -----
  +--> ?PR?_COMMAND?LCD_DRIVER_SPLC780D

?PR?_WRITEDATA?LCD_DRIVER_SPLC780D               -----    -----      0461H    0001H
  +--> ?PR?_WAIT_MS?LCD_DRIVER_SPLC780D

?PR?KEY_PROCESS?KEYPAD                           -----    -----      03B4H    0006H
  +--> ?PR?KEY_SCAN?KEYPAD
  +--> ?PR?_SPI_WRITETIME?PCF85063BTL
  +--> ?PR?LCD_CLEAR?LCD_DRIVER_SPLC780D
  +--> ?PR?_COMMAND?LCD_DRIVER_SPLC780D
  +--> ?PR?_WRITEDATA?LCD_DRIVER_SPLC780D

?PR?KEY_SCAN?KEYPAD                              -----    -----      03BAH    0003H

?PR?LCD_CLEAR?LCD_DRIVER_SPLC780D                -----    -----      -----    -----
  +--> ?PR?_COMMAND?LCD_DRIVER_SPLC780D

?PR?_DISPLAY_POS?MAIN                            -----    -----      0457H    000AH
  +--> ?PR?_ABS?ABS
  +--> ?PR?_WRITEDATA?LCD_DRIVER_SPLC780D

?PR?_DISPLAYLCD?LCD_DRIVER_SPLC780D              -----    -----      03B4H    0001H
  +--> ?PR?_WRITEDATA?LCD_DRIVER_SPLC780D

?PR?_STEP_MOVE?BIPOLARMOTOR                      0020H.6  0000H.1    0470H    0004H
  +--> ?PR?VONESTEPMOVE?BIPOLARMOTOR

?PR?VONESTEPMOVE?BIPOLARMOTOR                    0020H.7  0000H.1    -----    -----
  +--> ?PR?_WRITE_PI4IOE5V96248?IOEXPANDER_P...
  +--> ?PR?_DELAY_MS?KEYPAD

?PR?_WRITE_PI4IOE5V96248?IOEXPANDER_P...         -----    -----      0474H    0003H
  +--> ?PR?I2C_START?IOEXPANDER_PI4IOE5V96248
  +--> ?PR?_WAIT_MS_I2C?IOEXPANDER_PI4IOE5V9...
  +--> ?PR?_I2C_SENDBYTE?IOEXPANDER_PI4IOE5V...
  +--> ?PR?I2C_ACK?IOEXPANDER_PI4IOE5V96248
  +--> ?PR?I2C_STOP?IOEXPANDER_PI4IOE5V96248

BL51 BANKED LINKER/LOCATER V6.22                                                      02/22/2019  14:31:13  PAGE 6


?PR?I2C_START?IOEXPANDER_PI4IOE5V96248           -----    -----      -----    -----
  +--> ?PR?_WAIT_MS_I2C?IOEXPANDER_PI4IOE5V9...

?PR?_I2C_SENDBYTE?IOEXPANDER_PI4IOE5V...         -----    -----      -----    -----
  +--> ?PR?_WAIT_MS_I2C?IOEXPANDER_PI4IOE5V9...

?PR?I2C_ACK?IOEXPANDER_PI4IOE5V96248             -----    -----      0477H    0001H
  +--> ?PR?_WAIT_MS_I2C?IOEXPANDER_PI4IOE5V9...

?PR?I2C_STOP?IOEXPANDER_PI4IOE5V96248            -----    -----      -----    -----
  +--> ?PR?_WAIT_MS_I2C?IOEXPANDER_PI4IOE5V9...

?PR?LCD_RETURN_HOME?LCD_DRIVER_SPLC780D          -----    -----      -----    -----
  +--> ?PR?_COMMAND?LCD_DRIVER_SPLC780D

?PR?_READ_TIME?PCF85063BTL                       -----    -----      03B4H    000FH
  +--> ?PR?_SPI_READTIME?PCF85063BTL

?PR?_SPI_READTIME?PCF85063BTL                    -----    -----      -----    -----
  +--> ?PR?_SPI_SENDBYTE?PCF85063BTL
  +--> ?PR?SPI_RECEIVEBYTE?PCF85063BTL

?PR?SPI_RECEIVEBYTE?PCF85063BTL                  -----    -----      -----    -----
  +--> ?PR?_PCF85063BTL_DELAY?PCF85063BTL

?PR?_CALIBRATION?CALIBRATION                     -----    -----      03B4H    0019H
  +--> ?PR?VOLTAGE_IS_STABLE?CALIBRATION
  +--> ?PR?_UPDATE_POSITION?BIPOLARMOTOR
  +--> ?PR?_FIND_REAL_MAX?CALIBRATION

?PR?VOLTAGE_IS_STABLE?CALIBRATION                -----    -----      03CDH    0018H
  +--> ?PR?_ADC_GETRESULT?ADC
  +--> ?PR?_ABS?ABS

?PR?_UPDATE_POSITION?BIPOLARMOTOR                -----    -----      03CDH    009FH
  +--> ?PR?_BCDTODEC1?BIPOLARMOTOR
  +--> ?PR?SUNPOS?SUNPOS
  +--> ?PR?SIN?SIN
  +--> ?PR?ASIN?ASIN
  +--> ?PR?LINEAR_INTERPOLATE?BIPOLARMOTOR
  +--> ?PR?_ABS?ABS
  +--> ?PR?_MOVE?BIPOLARMOTOR

?PR?SUNPOS?SUNPOS                                -----    -----      046CH    005DH
  +--> ?PR?SIN?SIN
  +--> ?PR?_ATAN2?ATAN2
  +--> ?PR?ASIN?ASIN
  +--> ?PR?ACOS?ACOS

?PR?SIN?SIN                                      0020H.5  0000H.1    04C9H    0004H

?PR?_ATAN2?ATAN2                                 -----    -----      04C9H    0008H
  +--> ?PR?ATAN?ATAN

?PR?ATAN?ATAN                                    0020H.5  0000H.2    04D1H    0004H

?PR?ASIN?ASIN                                    -----    -----      -----    -----
BL51 BANKED LINKER/LOCATER V6.22                                                      02/22/2019  14:31:13  PAGE 7


  +--> ?PR?SQRT?SQRT
  +--> ?PR?ATAN?ATAN

?PR?SQRT?SQRT                                    -----    -----      04C9H    0004H

?PR?ACOS?ACOS                                    -----    -----      -----    -----
  +--> ?PR?SQRT?SQRT
  +--> ?PR?ATAN?ATAN

?PR?LINEAR_INTERPOLATE?BIPOLARMOTOR              -----    -----      046CH    0014H

?PR?_MOVE?BIPOLARMOTOR                           0020H.5  0000H.1    046CH    0004H
  +--> ?PR?_STEP_MOVE?BIPOLARMOTOR

?PR?_FIND_REAL_MAX?CALIBRATION                   -----    -----      03CDH    008AH
  +--> ?PR?_ADC_GETRESULT?ADC
  +--> ?PR?_MOVE?BIPOLARMOTOR
  +--> ?PR?_COMMAND?LCD_DRIVER_SPLC780D
  +--> ?PR?_WRITEDATA?LCD_DRIVER_SPLC780D
  +--> ?PR?_DISPLAY_POS?MAIN
  +--> ?PR?_WAIT_MS?LCD_DRIVER_SPLC780D
  +--> ?PR?_MAX_VALUE?CALIBRATION

?PR?_MAX_VALUE?CALIBRATION                       -----    -----      0457H    0004H

?PR?SPI_NOR_WRITE_DATA?AT25SF041                 -----    -----      03B4H    000EH
  +--> ?PR?AT25SF041_WRITEENABLE?AT25SF041
  +--> ?PR?AT25SF041_CHIPERASE?AT25SF041
  +--> ?PR?_WAIT_MS_SPINOR?AT25SF041
  +--> ?PR?_AT25SF041_WRITE?AT25SF041

?PR?AT25SF041_WRITEENABLE?AT25SF041              -----    -----      03C2H    0002H
  +--> ?PR?_WAIT_MS_SPINOR?AT25SF041

?PR?AT25SF041_CHIPERASE?AT25SF041                -----    -----      03C2H    0002H
  +--> ?PR?_WAIT_MS_SPINOR?AT25SF041
  +--> ?PR?READ_STATUS_REGISTER_BYTE1?AT25SF041

?PR?READ_STATUS_REGISTER_BYTE1?AT25SF041         -----    -----      03C4H    0003H
  +--> ?PR?_WAIT_MS_SPINOR?AT25SF041

?PR?_AT25SF041_WRITE?AT25SF041                   -----    -----      03C2H    0008H
  +--> ?PR?_WAIT_MS_SPINOR?AT25SF041



UNRESOLVED EXTERNAL SYMBOLS:
   AUTO_MODE
   _SENDUART1



SYMBOL TABLE OF MODULE:  .\Obj\GPIO_RTC_Test (MAIN)

  VALUE           TYPE          NAME
  ----------------------------------

BL51 BANKED LINKER/LOCATER V6.22                                                      02/22/2019  14:31:13  PAGE 8


  -------         MODULE        MAIN
  C:0000H         SYMBOL        _ICE_DUMMY_
  X:04DDH         PUBLIC        calib_value
  D:0080H         PUBLIC        P0
  D:00B2H         PUBLIC        P3M0
  D:0090H         PUBLIC        P1
  D:00B1H         PUBLIC        P3M1
  D:00A0H         PUBLIC        P2
  D:00B0H         PUBLIC        P3
  D:00C0H         PUBLIC        P4
  D:00C8H         PUBLIC        P5
  X:0531H         SYMBOL        PressedKey
  B:00A8H.7       PUBLIC        EA
  D:00E8H         PUBLIC        P6
  X:0535H         PUBLIC        calib_stamp
  D:00F8H         PUBLIC        P7
  X:0536H         PUBLIC        RX_Data_Uart_Cnt
  D:00A8H         PUBLIC        IE
  X:0538H         PUBLIC        dat_to_store
  X:0543H         PUBLIC        calib_time
  D:00B8H         PUBLIC        IP
  X:0597H         PUBLIC        months
  D:00D8H         PUBLIC        CCON
  C:0B0EH         PUBLIC        main
  X:0598H         PUBLIC        count
  X:059AH         PUBLIC        days
  X:059BH         PUBLIC        hours
  D:0098H         PUBLIC        SCON
  D:0089H         PUBLIC        TMOD
  D:0088H         PUBLIC        TCON
  B:00A0H.3       PUBLIC        P23
  X:059CH         SYMBOL        KeyCount
  X:059EH         PUBLIC        mins
  X:059FH         PUBLIC        Rec_data_hour
  B:00C8H.5       PUBLIC        P55
  X:05A2H         PUBLIC        Rec_data_min
  D:008EH         PUBLIC        AUXR
  C:0009H         PUBLIC        tm0_isr
  B:0021H.0       PUBLIC        busy
  B:00A8H.1       PUBLIC        ET0
  D:008CH         PUBLIC        TH0
  X:05A5H         PUBLIC        hour_count
  D:008AH         PUBLIC        TL0
  X:05A6H         PUBLIC        min_count
  B:0088H.4       PUBLIC        TR0
  X:05A7H         SYMBOL        KeyNum
  X:05A8H         SYMBOL        KeyNum_Old
  X:05A9H         PUBLIC        current_position
  X:05ADH         PUBLIC        hours1
  X:05AEH         PUBLIC        hours2
  C:4499H         PUBLIC        _Display_Prox
  X:05AFH         PUBLIC        mins1
  X:05B0H         PUBLIC        mins2
  C:3851H         PUBLIC        _Display_Pos
  X:05B1H         PUBLIC        seconds
  X:05B2H         PUBLIC        st_time
  D:00D0H         PUBLIC        PSW
BL51 BANKED LINKER/LOCATER V6.22                                                      02/22/2019  14:31:13  PAGE 9


  -------         PROC          TM0_ISR
  C:0009H         LINE#         86
  C:0009H         LINE#         88
  -------         ENDPROC       TM0_ISR
  -------         PROC          MAIN
  -------         DO            
  X:038FH         SYMBOL        sunlight_ADC
  X:04D5H         SYMBOL        KeyCount
  X:04D7H         SYMBOL        KeyNum_Old
  X:04D8H         SYMBOL        KeyNum
  X:04D9H         SYMBOL        PressedKey
  X:0391H         SYMBOL        prox_flag
  X:0392H         SYMBOL        iUse_prevday_calib_value
  X:0394H         SYMBOL        max_ADC_Val
  X:0396H         SYMBOL        max_ADC_Val_JP
  X:0398H         SYMBOL        calib_point1
  X:03A0H         SYMBOL        calib_point2
  X:03A8H         SYMBOL        calib_day
  X:03AAH         SYMBOL        calib_count
  X:03ACH         SYMBOL        theorical_JP_max_pos
  X:03B0H         SYMBOL        SPI_NOR_INTERNAL_FLASH_ADDR
  -------         ENDDO         
  C:0B0EH         LINE#         90
  C:0B0EH         LINE#         91
  C:0B0EH         LINE#         96
  C:0B14H         LINE#         97
  C:0B21H         LINE#         101
  C:0B27H         LINE#         102
  C:0B31H         LINE#         103
  C:0B3BH         LINE#         107
  C:0B3DH         LINE#         108
  C:0B3FH         LINE#         109
  C:0B41H         LINE#         110
  C:0B43H         LINE#         112
  C:0B4AH         LINE#         121
  C:0B4CH         LINE#         122
  C:0B4FH         LINE#         123
  C:0B52H         LINE#         124
  C:0B55H         LINE#         125
  C:0B58H         LINE#         126
  C:0B5BH         LINE#         129
  C:0B5EH         LINE#         131
  C:0B61H         LINE#         132
  C:0B64H         LINE#         133
  C:0B67H         LINE#         134
  C:0B69H         LINE#         135
  C:0B6BH         LINE#         136
  C:0B6DH         LINE#         138
  C:0B6FH         LINE#         139
  C:0B76H         LINE#         140
  C:0B7DH         LINE#         141
  C:0B84H         LINE#         142
  C:0B8BH         LINE#         146
  C:0B92H         LINE#         147
  C:0B97H         LINE#         148
  C:0B9CH         LINE#         149
  C:0BA1H         LINE#         150
BL51 BANKED LINKER/LOCATER V6.22                                                      02/22/2019  14:31:13  PAGE 10


  C:0BA6H         LINE#         151
  C:0BABH         LINE#         154
  C:0BC4H         LINE#         155
  C:0BC4H         LINE#         156
  C:0BE0H         LINE#         157
  C:0C27H         LINE#         158
  C:0C38H         LINE#         159
  C:0C38H         LINE#         160
  C:0C38H         LINE#         161
  C:0C3BH         LINE#         164
  C:0C3BH         LINE#         167
  C:0C40H         LINE#         168
  C:0C45H         LINE#         170
  C:0C4AH         LINE#         171
  C:0C4FH         LINE#         172
  C:0C54H         LINE#         173
  C:0C59H         LINE#         175
  C:0C6AH         LINE#         176
  C:0C6FH         LINE#         177
  C:0C74H         LINE#         179
  C:0C7BH         LINE#         180
  C:0C83H         LINE#         181
  C:0C88H         LINE#         182
  C:0C90H         LINE#         183
  C:0C95H         LINE#         184
  C:0C9FH         LINE#         185
  C:0CA4H         LINE#         186
  C:0CACH         LINE#         188
  C:0CB4H         LINE#         189
  C:0CB9H         LINE#         190
  C:0CC3H         LINE#         191
  C:0CC3H         LINE#         192
  C:0CC5H         LINE#         193
  C:0CC7H         LINE#         194
  C:0CD1H         LINE#         195
  C:0CD1H         LINE#         196
  C:0CD6H         LINE#         197
  C:0CD6H         LINE#         209
  C:0CE3H         LINE#         210
  C:0CE3H         LINE#         211
  C:0CEDH         LINE#         212
  C:0D04H         LINE#         213
  C:0D04H         LINE#         214
  C:0D06H         LINE#         215
  C:0D08H         LINE#         217
  C:0D08H         LINE#         218
  C:0D13H         LINE#         219
  C:0D13H         LINE#         220
  C:0D18H         LINE#         221
  C:0D18H         LINE#         222
  C:0D25H         LINE#         223
  C:0D25H         LINE#         226
  C:0D2FH         LINE#         227
  C:0D46H         LINE#         228
  C:0D46H         LINE#         229
  C:0D48H         LINE#         230
  C:0D4AH         LINE#         232
BL51 BANKED LINKER/LOCATER V6.22                                                      02/22/2019  14:31:13  PAGE 11


  C:0D4AH         LINE#         233
  C:0D55H         LINE#         234
  C:0D55H         LINE#         235
  C:0D5AH         LINE#         236
  C:0D5CH         LINE#         237
  C:0D5CH         LINE#         246
  C:0D7EH         LINE#         247
  C:0D7EH         LINE#         248
  C:0D88H         LINE#         249
  C:0D8EH         LINE#         250
  C:0D90H         LINE#         251
  C:0D92H         LINE#         252
  C:0D94H         LINE#         253
  C:0D94H         LINE#         254
  C:0D97H         LINE#         256
  C:0D97H         LINE#         257
  C:0D9DH         LINE#         258
  C:0DA5H         LINE#         259
  C:0DABH         LINE#         260
  C:0DB3H         LINE#         261
  C:0DEEH         LINE#         265
  C:0DFBH         LINE#         266
  C:0DFBH         LINE#         267
  C:0E08H         LINE#         268
  C:0E3BH         LINE#         269
  C:0E48H         LINE#         270
  C:0E48H         LINE#         272
  C:0E77H         LINE#         273
  C:0E77H         LINE#         274
  C:0E99H         LINE#         275
  C:0E99H         LINE#         276
  C:0F15H         LINE#         277
  C:0F93H         LINE#         281
  C:0F9BH         LINE#         282
  C:0FA3H         LINE#         283
  C:0FABH         LINE#         285
  C:0FB3H         LINE#         286
  C:0FC7H         LINE#         287
  C:0FDDH         LINE#         289
  C:100DH         LINE#         290
  C:1021H         LINE#         291
  C:1035H         LINE#         294
  C:104BH         LINE#         295
  C:1075H         LINE#         360
  C:107CH         LINE#         361
  C:107CH         LINE#         362
  C:107FH         LINE#         363
  C:1090H         LINE#         364
  C:1090H         LINE#         365
  C:1090H         LINE#         367
  C:1090H         LINE#         370
  C:1093H         LINE#         372
  C:1093H         LINE#         373
  C:10B5H         LINE#         374
  C:10B5H         LINE#         375
  C:1131H         LINE#         376
  C:1186H         LINE#         377
BL51 BANKED LINKER/LOCATER V6.22                                                      02/22/2019  14:31:13  PAGE 12


  C:1186H         LINE#         378
  C:1186H         LINE#         379
  C:1189H         LINE#         383
  C:1189H         LINE#         386
  C:11BDH         LINE#         387
  C:11BDH         LINE#         388
  C:11DFH         LINE#         389
  C:11DFH         LINE#         390
  C:125BH         LINE#         391
  C:12D9H         LINE#         395
  C:12E1H         LINE#         396
  C:12E9H         LINE#         397
  C:12F1H         LINE#         399
  C:12F9H         LINE#         401
  C:130FH         LINE#         403
  C:133FH         LINE#         407
  C:1355H         LINE#         408
  C:1385H         LINE#         409
  C:13A9H         LINE#         411
  C:13ACH         LINE#         412
  C:13BDH         LINE#         413
  C:13BDH         LINE#         414
  C:13C5H         LINE#         416
  C:13C5H         LINE#         419
  C:13C8H         LINE#         421
  C:13C8H         LINE#         423
  C:13EAH         LINE#         424
  C:13EAH         LINE#         425
  C:1466H         LINE#         427
  C:1493H         LINE#         428
  C:14AEH         LINE#         429
  C:14DBH         LINE#         430
  C:14F6H         LINE#         432
  C:1592H         LINE#         435
  C:1592H         LINE#         436
  C:1592H         LINE#         437
  C:1592H         LINE#         439
  C:1592H         LINE#         442
  C:15AEH         LINE#         443
  C:15B3H         LINE#         445
  C:15B5H         LINE#         446
  -------         ENDPROC       MAIN
  -------         PROC          _DISPLAY_PROX
  D:0002H         SYMBOL        dat
  -------         DO            
  X:062EH         SYMBOL        unit
  X:062FH         SYMBOL        ten
  X:0630H         SYMBOL        hundred
  X:0631H         SYMBOL        thousand
  -------         ENDDO         
  C:4499H         LINE#         530
  C:449DH         LINE#         531
  C:449DH         LINE#         533
  C:44A9H         LINE#         534
  C:44B9H         LINE#         535
  C:44D5H         LINE#         536
  C:4505H         LINE#         537
BL51 BANKED LINKER/LOCATER V6.22                                                      02/22/2019  14:31:13  PAGE 13


  C:450FH         LINE#         538
  C:4519H         LINE#         539
  C:4523H         LINE#         540
  C:452DH         LINE#         542
  -------         ENDPROC       _DISPLAY_PROX
  -------         PROC          _DISPLAY_POS
  X:0457H         SYMBOL        sign_dat
  -------         DO            
  X:045BH         SYMBOL        unit
  X:045CH         SYMBOL        ten
  X:045DH         SYMBOL        hundred
  D:0003H         SYMBOL        thousand
  X:045EH         SYMBOL        after_dot
  X:045FH         SYMBOL        dat
  -------         ENDDO         
  C:3851H         LINE#         545
  C:3857H         LINE#         546
  C:3857H         LINE#         550
  C:3873H         LINE#         551
  C:388DH         LINE#         552
  C:38B1H         LINE#         554
  C:38FBH         LINE#         556
  C:3912H         LINE#         557
  C:391FH         LINE#         558
  C:3941H         LINE#         559
  C:3976H         LINE#         560
  C:398EH         LINE#         561
  C:398EH         LINE#         563
  C:398EH         LINE#         564
  C:398EH         LINE#         565
  C:398EH         LINE#         566
  C:398EH         LINE#         567
  C:398EH         LINE#         571
  C:3990H         LINE#         573
  C:3990H         LINE#         575
  C:3995H         LINE#         576
  C:399FH         LINE#         577
  C:39A9H         LINE#         578
  C:39B3H         LINE#         579
  C:39B8H         LINE#         580
  C:39C2H         LINE#         584
  C:39C2H         LINE#         586
  -------         ENDPROC       _DISPLAY_POS
  -------         ENDMOD        MAIN

  -------         MODULE        PCF85063BTL
  C:0000H         SYMBOL        _ICE_DUMMY_
  D:0096H         PUBLIC        P2M0
  D:0080H         PUBLIC        P0
  D:0095H         PUBLIC        P2M1
  D:0090H         PUBLIC        P1
  D:00A0H         PUBLIC        P2
  D:00B0H         PUBLIC        P3
  D:00C0H         PUBLIC        P4
  D:00C8H         PUBLIC        P5
  D:00E8H         PUBLIC        P6
  B:00A0H.1       PUBLIC        PCF85063BTL_SDI
BL51 BANKED LINKER/LOCATER V6.22                                                      02/22/2019  14:31:13  PAGE 14


  D:00F8H         PUBLIC        P7
  B:00A0H.2       PUBLIC        PCF85063BTL_SCK
  B:00A0H.1       PUBLIC        PCF85063BTL_SDO
  D:00A8H         PUBLIC        IE
  C:46B3H         PUBLIC        _Read_time
  C:4C0AH         PUBLIC        _PCF85063BTL_Delay
  D:00B8H         PUBLIC        IP
  D:00D8H         PUBLIC        CCON
  C:45BAH         PUBLIC        _Day_Of_Year
  C:4B00H         PUBLIC        SPI_ReceiveByte
  D:0098H         PUBLIC        SCON
  D:0088H         PUBLIC        TCON
  C:4C3DH         PUBLIC        _BCDtoDec
  B:00A0H.0       PUBLIC        PCF85063BTL_CS
  C:4C2CH         PUBLIC        _SPI_ReadTime
  C:4C8CH         PUBLIC        SPI_Init
  C:4B95H         PUBLIC        _SPI_WriteTime
  C:4AE0H         PUBLIC        _SPI_SendByte
  D:00D0H         PUBLIC        PSW
  C:4C06H         SYMBOL        L?0047
  -------         PROC          L?0046
  -------         ENDPROC       L?0046
  C:4C06H         SYMBOL        L?0047
  -------         PROC          _PCF85063BTL_DELAY
  D:0006H         SYMBOL        us
  C:4C0AH         LINE#         8
  C:4C0AH         LINE#         9
  C:4C0AH         LINE#         10
  C:4C14H         LINE#         11
  C:4C14H         LINE#         12
  C:4C15H         LINE#         13
  C:4C17H         LINE#         14
  -------         ENDPROC       _PCF85063BTL_DELAY
  -------         PROC          _SPI_SENDBYTE
  D:0005H         SYMBOL        dat
  -------         DO            
  D:0003H         SYMBOL        i
  -------         ENDDO         
  C:4AE0H         LINE#         17
  C:4AE2H         LINE#         18
  C:4AE2H         LINE#         20
  C:4AE4H         LINE#         21
  C:4AE4H         LINE#         22
  C:4AE6H         LINE#         23
  C:4AEAH         LINE#         24
  C:4AEAH         LINE#         25
  C:4AECH         LINE#         26
  C:4AEEH         LINE#         28
  C:4AEEH         LINE#         29
  C:4AF0H         LINE#         30
  C:4AF0H         LINE#         31
  C:4AF3H         LINE#         32
  C:4AF3H         LINE#         33
  C:4AF6H         LINE#         34
  C:4AFAH         LINE#         35
  C:4AFFH         LINE#         36
  -------         ENDPROC       _SPI_SENDBYTE
BL51 BANKED LINKER/LOCATER V6.22                                                      02/22/2019  14:31:13  PAGE 15


  -------         PROC          SPI_RECEIVEBYTE
  -------         DO            
  D:0003H         SYMBOL        i
  D:0005H         SYMBOL        dat
  -------         ENDDO         
  C:4B00H         LINE#         39
  C:4B00H         LINE#         40
  C:4B00H         LINE#         42
  C:4B02H         LINE#         44
  C:4B04H         LINE#         45
  C:4B05H         LINE#         46
  C:4B05H         LINE#         47
  C:4B09H         LINE#         48
  C:4B0BH         LINE#         49
  C:4B0EH         LINE#         51
  C:4B11H         LINE#         52
  C:4B11H         LINE#         53
  C:4B15H         LINE#         54
  C:4B15H         LINE#         55
  C:4B15H         LINE#         56
  C:4B18H         LINE#         57
  C:4B1DH         LINE#         58
  C:4B1FH         LINE#         59
  -------         ENDPROC       SPI_RECEIVEBYTE
  -------         PROC          _SPI_READTIME
  D:0007H         SYMBOL        addr
  -------         DO            
  D:0006H         SYMBOL        dat
  -------         ENDDO         
  C:4C2CH         LINE#         61
  C:4C2CH         LINE#         62
  C:4C2CH         LINE#         64
  C:4C2EH         LINE#         65
  C:4C30H         LINE#         66
  C:4C37H         LINE#         67
  C:4C3AH         LINE#         68
  C:4C3CH         LINE#         69
  C:4C3CH         LINE#         70
  -------         ENDPROC       _SPI_READTIME
  -------         PROC          _SPI_WRITETIME
  D:0002H         SYMBOL        val
  D:0005H         SYMBOL        addr
  C:4B95H         LINE#         71
  C:4B97H         LINE#         72
  C:4B97H         LINE#         74
  C:4B99H         LINE#         75
  C:4BA0H         LINE#         76
  C:4BA5H         LINE#         77
  C:4BAAH         LINE#         78
  C:4BACH         LINE#         79
  -------         ENDPROC       _SPI_WRITETIME
  -------         PROC          SPI_INIT
  C:4C8CH         LINE#         83
  C:4C8CH         LINE#         84
  C:4C8CH         LINE#         89
  C:4C8FH         LINE#         90
  C:4C92H         LINE#         91
BL51 BANKED LINKER/LOCATER V6.22                                                      02/22/2019  14:31:13  PAGE 16


  C:4C94H         LINE#         92
  C:4C96H         LINE#         93
  C:4C98H         LINE#         94
  -------         ENDPROC       SPI_INIT
  -------         PROC          _READ_TIME
  X:03B4H         SYMBOL        months
  X:03B7H         SYMBOL        days
  X:03BAH         SYMBOL        hours
  X:03BDH         SYMBOL        mins
  X:03C0H         SYMBOL        seconds
  C:46B3H         LINE#         96
  C:46BEH         LINE#         97
  C:46BEH         LINE#         99
  C:46D2H         LINE#         101
  C:46E6H         LINE#         103
  C:46FAH         LINE#         108
  C:470EH         LINE#         113
  -------         ENDPROC       _READ_TIME
  -------         PROC          _BCDTODEC
  D:0007H         SYMBOL        bcd
  -------         DO            
  D:0006H         SYMBOL        hi
  D:0007H         SYMBOL        lo
  -------         ENDDO         
  C:4C3DH         LINE#         119
  C:4C3DH         LINE#         120
  C:4C3DH         LINE#         122
  C:4C42H         LINE#         123
  C:4C46H         LINE#         124
  C:4C4DH         LINE#         125
  -------         ENDPROC       _BCDTODEC
  -------         PROC          _DAY_OF_YEAR
  D:0007H         SYMBOL        months_bcd
  D:0005H         SYMBOL        days_bcd
  -------         DO            
  D:0004H         SYMBOL        months
  D:0007H         SYMBOL        days
  -------         ENDDO         
  C:45BAH         LINE#         126
  C:45BAH         LINE#         127
  C:45BAH         LINE#         130
  C:45BFH         LINE#         132
  C:45C4H         LINE#         134
  C:45FDH         LINE#         135
  C:45FDH         LINE#         136
  C:45FDH         LINE#         137
  C:4600H         LINE#         138
  C:4600H         LINE#         139
  C:4600H         LINE#         140
  C:4605H         LINE#         141
  C:4605H         LINE#         142
  C:4605H         LINE#         143
  C:460AH         LINE#         144
  C:460AH         LINE#         145
  C:460AH         LINE#         146
  C:460FH         LINE#         147
  C:460FH         LINE#         148
BL51 BANKED LINKER/LOCATER V6.22                                                      02/22/2019  14:31:13  PAGE 17


  C:460FH         LINE#         149
  C:4614H         LINE#         150
  C:4614H         LINE#         151
  C:4614H         LINE#         152
  C:4619H         LINE#         153
  C:4619H         LINE#         154
  C:4619H         LINE#         155
  C:461EH         LINE#         156
  C:461EH         LINE#         157
  C:461EH         LINE#         158
  C:4623H         LINE#         159
  C:4623H         LINE#         160
  C:4623H         LINE#         161
  C:462BH         LINE#         162
  C:462BH         LINE#         163
  C:462BH         LINE#         164
  C:4630H         LINE#         165
  C:4630H         LINE#         166
  C:4630H         LINE#         167
  C:4635H         LINE#         168
  C:4635H         LINE#         169
  C:4635H         LINE#         170
  C:463DH         LINE#         171
  C:463DH         LINE#         172
  C:463DH         LINE#         173
  -------         ENDPROC       _DAY_OF_YEAR
  -------         ENDMOD        PCF85063BTL

  -------         MODULE        UART1
  C:0000H         SYMBOL        _ICE_DUMMY_
  D:0080H         PUBLIC        P0
  D:0090H         PUBLIC        P1
  D:00A0H         PUBLIC        P2
  D:00B0H         PUBLIC        P3
  D:00C0H         PUBLIC        P4
  D:00C8H         PUBLIC        P5
  B:00A8H.7       PUBLIC        EA
  D:00E8H         PUBLIC        P6
  D:00F8H         PUBLIC        P7
  C:49B8H         PUBLIC        _SendString
  D:00A8H         PUBLIC        IE
  B:00A8H.4       PUBLIC        ES
  D:00B8H         PUBLIC        IP
  C:4BADH         PUBLIC        _ASCIItoBCD
  D:00D8H         PUBLIC        CCON
  C:4C4EH         PUBLIC        initUART1
  D:0098H         PUBLIC        SCON
  D:0088H         PUBLIC        TCON
  C:000AH         PUBLIC        _DectoBCD
  C:4CD0H         PUBLIC        _ASCII_Letter
  D:008EH         PUBLIC        AUXR
  C:4CCBH         PUBLIC        _unit
  C:0003H         PUBLIC        _ten
  D:00D6H         PUBLIC        T2H
  D:00D7H         PUBLIC        T2L
  D:00D0H         PUBLIC        PSW
  -------         PROC          INITUART1
BL51 BANKED LINKER/LOCATER V6.22                                                      02/22/2019  14:31:13  PAGE 18


  C:4C4EH         LINE#         21
  C:4C4EH         LINE#         22
  C:4C4EH         LINE#         23
  C:4C51H         LINE#         24
  C:4C54H         LINE#         25
  C:4C57H         LINE#         26
  C:4C5AH         LINE#         27
  C:4C5CH         LINE#         28
  C:4C5EH         LINE#         30
  -------         ENDPROC       INITUART1
  -------         PROC          _SENDSTRING
  X:0632H         SYMBOL        s
  C:49B8H         LINE#         35
  C:49C3H         LINE#         36
  C:49C3H         LINE#         37
  C:49D3H         LINE#         38
  C:49D3H         LINE#         39
  C:49E8H         LINE#         40
  C:49EAH         LINE#         41
  -------         ENDPROC       _SENDSTRING
  -------         PROC          _TEN
  D:0007H         SYMBOL        BCD
  C:0003H         LINE#         43
  C:0003H         LINE#         44
  C:0003H         LINE#         45
  C:0008H         LINE#         46
  -------         ENDPROC       _TEN
  -------         PROC          _UNIT
  D:0007H         SYMBOL        BCD
  C:4CCBH         LINE#         47
  C:4CCBH         LINE#         48
  C:4CCBH         LINE#         52
  C:4CCFH         LINE#         53
  -------         ENDPROC       _UNIT
  -------         PROC          _DECTOBCD
  D:0007H         SYMBOL        dec
  C:000AH         LINE#         54
  C:000AH         LINE#         55
  C:000AH         LINE#         57
  C:000AH         LINE#         58
  -------         ENDPROC       _DECTOBCD
  -------         PROC          _ASCII_LETTER
  D:0007H         SYMBOL        dat
  C:4CD0H         LINE#         60
  C:4CD0H         LINE#         61
  C:4CD0H         LINE#         63
  C:4CD4H         LINE#         64
  -------         ENDPROC       _ASCII_LETTER
  -------         PROC          _ASCIITOBCD
  D:0001H         SYMBOL        ascii
  -------         DO            
  D:0007H         SYMBOL        dec_val
  D:0006H         SYMBOL        ten
  D:0007H         SYMBOL        unit
  -------         ENDDO         
  C:4BADH         LINE#         66
  C:4BADH         LINE#         67
BL51 BANKED LINKER/LOCATER V6.22                                                      02/22/2019  14:31:13  PAGE 19


  C:4BADH         LINE#         69
  C:4BB0H         LINE#         70
  C:4BB6H         LINE#         71
  C:4BBDH         LINE#         72
  C:4BC3H         LINE#         74
  -------         ENDPROC       _ASCIITOBCD
  -------         ENDMOD        UART1

  -------         MODULE        LCD_DRIVER_SPLC780D
  C:0000H         SYMBOL        _ICE_DUMMY_
  D:0092H         PUBLIC        P1M0
  D:0091H         PUBLIC        P1M1
  D:0080H         PUBLIC        P0
  D:0090H         PUBLIC        P1
  D:00A0H         PUBLIC        P2
  D:00B0H         PUBLIC        P3
  D:00C0H         PUBLIC        P4
  D:00C8H         PUBLIC        P5
  D:00E8H         PUBLIC        P6
  D:00F8H         PUBLIC        P7
  C:463EH         PUBLIC        _WriteData
  D:00A8H         PUBLIC        IE
  D:00B8H         PUBLIC        IP
  D:00D8H         PUBLIC        CCON
  B:00B0H.4       PUBLIC        LCD_D4
  B:00B0H.5       PUBLIC        LCD_D5
  B:00B0H.6       PUBLIC        LCD_D6
  C:4B5DH         PUBLIC        _DisplayLCD
  B:00B0H.7       PUBLIC        LCD_D7
  D:0098H         PUBLIC        SCON
  D:0088H         PUBLIC        TCON
  C:4CBBH         PUBLIC        LCD_clear
  C:48FDH         PUBLIC        _Command
  C:4BDAH         PUBLIC        _Display_Line
  C:477CH         PUBLIC        LCD_Init
  C:4AC2H         PUBLIC        _Wait_ms
  B:00C0H.0       PUBLIC        LCD_RS
  B:00B0H.2       PUBLIC        LCD_RW
  C:4CB1H         PUBLIC        LCD_return_home
  B:00B0H.3       PUBLIC        LCD_E
  D:00D0H         PUBLIC        PSW
  -------         PROC          LCD_INIT
  C:477CH         LINE#         9
  C:477CH         LINE#         10
  C:477CH         LINE#         11
  C:477FH         LINE#         12
  C:4782H         LINE#         14
  C:4788H         LINE#         15
  C:478DH         LINE#         17
  C:4794H         LINE#         18
  C:4799H         LINE#         20
  C:479CH         LINE#         21
  C:47A1H         LINE#         23
  C:47A4H         LINE#         24
  C:47A9H         LINE#         26
  C:47B0H         LINE#         29
  C:47B5H         LINE#         30
BL51 BANKED LINKER/LOCATER V6.22                                                      02/22/2019  14:31:13  PAGE 20


  C:47BAH         LINE#         32
  C:47BFH         LINE#         33
  C:47C4H         LINE#         35
  C:47C9H         LINE#         36
  C:47CEH         LINE#         37
  -------         ENDPROC       LCD_INIT
  -------         PROC          _WRITEDATA
  X:0461H         SYMBOL        dat
  C:463EH         LINE#         40
  C:4643H         LINE#         41
  C:4643H         LINE#         46
  C:4645H         LINE#         47
  C:4647H         LINE#         49
  C:4655H         LINE#         50
  C:4661H         LINE#         51
  C:466DH         LINE#         52
  C:4677H         LINE#         53
  C:4679H         LINE#         54
  C:4680H         LINE#         55
  C:4682H         LINE#         57
  C:4692H         LINE#         58
  C:469DH         LINE#         59
  C:46A7H         LINE#         60
  C:46ABH         LINE#         62
  C:46ABH         LINE#         63
  C:46AEH         LINE#         64
  C:46B0H         LINE#         65
  C:46B2H         LINE#         67
  -------         ENDPROC       _WRITEDATA
  -------         PROC          _COMMAND
  D:0007H         SYMBOL        dat
  C:48FDH         LINE#         69
  C:48FDH         LINE#         70
  C:48FDH         LINE#         71
  C:48FFH         LINE#         72
  C:4901H         LINE#         74
  C:490BH         LINE#         75
  C:490FH         LINE#         77
  C:4911H         LINE#         78
  C:491AH         LINE#         79
  C:491EH         LINE#         81
  C:4920H         LINE#         82
  C:4927H         LINE#         83
  C:492BH         LINE#         85
  C:492DH         LINE#         86
  C:4931H         LINE#         87
  C:4935H         LINE#         89
  C:4937H         LINE#         90
  C:4937H         LINE#         91
  C:493AH         LINE#         92
  C:493CH         LINE#         93
  -------         ENDPROC       _COMMAND
  C:4ABEH         SYMBOL        L?0028
  -------         PROC          L?0027
  -------         ENDPROC       L?0027
  C:4ABEH         SYMBOL        L?0028
  -------         PROC          _WAIT_MS
BL51 BANKED LINKER/LOCATER V6.22                                                      02/22/2019  14:31:13  PAGE 21


  D:0006H         SYMBOL        ms
  -------         DO            
  D:0004H         SYMBOL        De_Cnt
  -------         ENDDO         
  C:4AC2H         LINE#         95
  C:4AC2H         LINE#         96
  C:4AC2H         LINE#         98
  C:4ACCH         LINE#         99
  C:4ACCH         LINE#         100
  C:4ADFH         LINE#         101
  C:4ADFH         LINE#         102
  -------         ENDPROC       _WAIT_MS
  -------         PROC          _DISPLAYLCD
  D:0007H         SYMBOL        BCD
  -------         DO            
  D:0006H         SYMBOL        first_digit
  X:03B4H         SYMBOL        second_digit
  -------         ENDDO         
  C:4B5DH         LINE#         103
  C:4B5DH         LINE#         104
  C:4B5DH         LINE#         106
  C:4B64H         LINE#         107
  C:4B6DH         LINE#         109
  C:4B72H         LINE#         111
  -------         ENDPROC       _DISPLAYLCD
  -------         PROC          LCD_RETURN_HOME
  C:4CB1H         LINE#         115
  C:4CB1H         LINE#         116
  C:4CB1H         LINE#         117
  C:4CB6H         LINE#         118
  -------         ENDPROC       LCD_RETURN_HOME
  -------         PROC          LCD_CLEAR
  C:4CBBH         LINE#         121
  C:4CBBH         LINE#         122
  C:4CBBH         LINE#         123
  C:4CC0H         LINE#         124
  -------         ENDPROC       LCD_CLEAR
  -------         PROC          _DISPLAY_LINE
  D:0006H         SYMBOL        line
  C:4BDAH         LINE#         128
  C:4BDAH         LINE#         129
  C:4BDAH         LINE#         130
  C:4BE0H         LINE#         131
  C:4BE0H         LINE#         132
  C:4BE2H         LINE#         133
  C:4BE2H         LINE#         134
  C:4BE4H         LINE#         136
  C:4BE4H         LINE#         137
  C:4BE9H         LINE#         138
  C:4BEEH         LINE#         139
  C:4BEEH         LINE#         140
  -------         ENDPROC       _DISPLAY_LINE
  -------         ENDMOD        LCD_DRIVER_SPLC780D

  -------         MODULE        KEYPAD
  C:0000H         SYMBOL        _ICE_DUMMY_
  D:0093H         PUBLIC        P0M1
BL51 BANKED LINKER/LOCATER V6.22                                                      02/22/2019  14:31:13  PAGE 22


  D:0080H         PUBLIC        P0
  D:0090H         PUBLIC        P1
  D:00A0H         PUBLIC        P2
  D:00B0H         PUBLIC        P3
  D:00C0H         PUBLIC        P4
  D:00C8H         PUBLIC        P5
  B:0020H.0       PUBLIC        calib_mode
  D:00E8H         PUBLIC        P6
  D:00F8H         PUBLIC        P7
  D:00A8H         PUBLIC        IE
  C:353CH         PUBLIC        Key_Scan
  D:00B8H         PUBLIC        IP
  D:00D8H         PUBLIC        CCON
  C:4C99H         PUBLIC        KeyPad_IO_Init
  C:4B3FH         PUBLIC        _Delay_ms
  D:0098H         PUBLIC        SCON
  D:0088H         PUBLIC        TCON
  B:0020H.1       PUBLIC        small_move
  B:0020H.2       PUBLIC        move
  B:0020H.3       PUBLIC        direction
  B:0020H.4       PUBLIC        auto_move
  C:30CBH         PUBLIC        Key_Process
  D:00D0H         PUBLIC        PSW
  D:0094H         PUBLIC        P0M0
  -------         PROC          _DELAY_MS
  D:0006H         SYMBOL        ms
  -------         DO            
  D:0004H         SYMBOL        De_Cnt
  -------         ENDDO         
  C:4B3FH         LINE#         19
  C:4B3FH         LINE#         20
  C:4B3FH         LINE#         22
  C:4B49H         LINE#         23
  C:4B49H         LINE#         24
  C:4B5CH         LINE#         25
  C:4B5CH         LINE#         26
  -------         ENDPROC       _DELAY_MS
  -------         PROC          KEY_SCAN
  -------         DO            
  X:03BAH         SYMBOL        KeyTemp1
  X:03BBH         SYMBOL        KeyTemp2
  X:03BCH         SYMBOL        KeyValue
  -------         ENDDO         
  C:353CH         LINE#         27
  C:353CH         LINE#         28
  C:353CH         LINE#         33
  C:353FH         LINE#         36
  C:3542H         LINE#         38
  C:354AH         LINE#         39
  C:3551H         LINE#         40
  C:3551H         LINE#         42
  C:3556H         LINE#         43
  C:355DH         LINE#         44
  C:355DH         LINE#         47
  C:3560H         LINE#         48
  C:3563H         LINE#         49
  C:3568H         LINE#         50
BL51 BANKED LINKER/LOCATER V6.22                                                      02/22/2019  14:31:13  PAGE 23


  C:356CH         LINE#         51
  C:356CH         LINE#         52
  C:3574H         LINE#         53
  C:3574H         LINE#         54
  C:3577H         LINE#         55
  C:357FH         LINE#         56
  C:3581H         LINE#         58
  C:3595H         LINE#         59
  C:3595H         LINE#         60
  C:3595H         LINE#         61
  C:3595H         LINE#         62
  C:359BH         LINE#         64
  C:359DH         LINE#         65
  C:359DH         LINE#         66
  C:359DH         LINE#         67
  C:35A3H         LINE#         69
  C:35A5H         LINE#         70
  C:35A5H         LINE#         71
  C:35A5H         LINE#         72
  C:35ABH         LINE#         74
  C:35ADH         LINE#         75
  C:35ADH         LINE#         76
  C:35ADH         LINE#         77
  C:35B3H         LINE#         79
  C:35B3H         LINE#         80
  C:35B3H         LINE#         81
  C:35B3H         LINE#         84
  C:35B6H         LINE#         85
  C:35B9H         LINE#         86
  C:35C1H         LINE#         87
  C:35C5H         LINE#         88
  C:35C5H         LINE#         89
  C:35CDH         LINE#         90
  C:35CDH         LINE#         91
  C:35D0H         LINE#         92
  C:35D8H         LINE#         93
  C:35DAH         LINE#         94
  C:35EEH         LINE#         95
  C:35EEH         LINE#         96
  C:35EEH         LINE#         97
  C:35EEH         LINE#         98
  C:35F4H         LINE#         100
  C:35F6H         LINE#         101
  C:35F6H         LINE#         102
  C:35F6H         LINE#         103
  C:35FCH         LINE#         105
  C:35FEH         LINE#         106
  C:35FEH         LINE#         107
  C:35FEH         LINE#         108
  C:3604H         LINE#         110
  C:3606H         LINE#         111
  C:3606H         LINE#         112
  C:3606H         LINE#         113
  C:360BH         LINE#         115
  C:360BH         LINE#         116
  C:360BH         LINE#         117
  C:360BH         LINE#         120
BL51 BANKED LINKER/LOCATER V6.22                                                      02/22/2019  14:31:13  PAGE 24


  C:360EH         LINE#         121
  C:3611H         LINE#         122
  C:3619H         LINE#         123
  C:361DH         LINE#         124
  C:361DH         LINE#         125
  C:3625H         LINE#         126
  C:3625H         LINE#         127
  C:3628H         LINE#         128
  C:3630H         LINE#         129
  C:3632H         LINE#         130
  C:3646H         LINE#         131
  C:3646H         LINE#         132
  C:3646H         LINE#         133
  C:3646H         LINE#         134
  C:364CH         LINE#         136
  C:364EH         LINE#         137
  C:364EH         LINE#         138
  C:364EH         LINE#         139
  C:3654H         LINE#         141
  C:3656H         LINE#         142
  C:3656H         LINE#         143
  C:3656H         LINE#         144
  C:365CH         LINE#         146
  C:365EH         LINE#         147
  C:365EH         LINE#         148
  C:365EH         LINE#         149
  C:3664H         LINE#         151
  C:3664H         LINE#         152
  C:3664H         LINE#         153
  C:3664H         LINE#         157
  C:3667H         LINE#         158
  C:366AH         LINE#         159
  C:3672H         LINE#         160
  C:3676H         LINE#         161
  C:3676H         LINE#         162
  C:367EH         LINE#         163
  C:367EH         LINE#         164
  C:3681H         LINE#         165
  C:3689H         LINE#         166
  C:368BH         LINE#         167
  C:369FH         LINE#         168
  C:369FH         LINE#         169
  C:369FH         LINE#         170
  C:369FH         LINE#         171
  C:36A5H         LINE#         173
  C:36A7H         LINE#         174
  C:36A7H         LINE#         175
  C:36A7H         LINE#         176
  C:36ADH         LINE#         178
  C:36AFH         LINE#         179
  C:36AFH         LINE#         180
  C:36AFH         LINE#         181
  C:36B5H         LINE#         183
  C:36B7H         LINE#         184
  C:36B7H         LINE#         185
  C:36B7H         LINE#         186
  C:36BDH         LINE#         188
BL51 BANKED LINKER/LOCATER V6.22                                                      02/22/2019  14:31:13  PAGE 25


  C:36BDH         LINE#         189
  C:36BDH         LINE#         190
  C:36BDH         LINE#         192
  C:36C3H         LINE#         193
  C:36C3H         LINE#         195
  C:36C3H         LINE#         196
  C:36C6H         LINE#         197
  C:36C6H         LINE#         198
  C:36C6H         LINE#         200
  C:36C6H         LINE#         201
  C:36C8H         LINE#         202
  C:36C8H         LINE#         203
  -------         ENDPROC       KEY_SCAN
  -------         PROC          KEY_PROCESS
  -------         DO            
  X:0618H         SYMBOL        KeyCount
  X:061AH         SYMBOL        KeyNum_Old
  X:061BH         SYMBOL        KeyNum
  X:061CH         SYMBOL        PressedKey
  X:03B4H         SYMBOL        d
  D:0004H         SYMBOL        hours
  D:0006H         SYMBOL        mins
  X:03B6H         SYMBOL        months
  X:03B8H         SYMBOL        days
  -------         ENDDO         
  C:30CBH         LINE#         204
  C:30CBH         LINE#         205
  C:30CBH         LINE#         209
  C:30D3H         LINE#         210
  C:30DBH         LINE#         212
  C:30DEH         LINE#         213
  C:30DEH         LINE#         214
  C:30E1H         LINE#         216
  C:30E1H         LINE#         217
  C:30EEH         LINE#         218
  C:30EEH         LINE#         219
  C:30F1H         LINE#         220
  C:30F4H         LINE#         222
  C:30F7H         LINE#         224
  C:30F7H         LINE#         225
  C:3102H         LINE#         226
  C:3102H         LINE#         227
  C:3105H         LINE#         229
  C:3105H         LINE#         230
  C:310CH         LINE#         231
  C:310CH         LINE#         232
  C:310FH         LINE#         234
  C:310FH         LINE#         235
  C:3117H         LINE#         236
  C:3117H         LINE#         237
  C:3121H         LINE#         238
  C:3129H         LINE#         240
  C:3132H         LINE#         242
  C:3132H         LINE#         251
  C:3147H         LINE#         252
  C:3147H         LINE#         253
  C:3159H         LINE#         254
BL51 BANKED LINKER/LOCATER V6.22                                                      02/22/2019  14:31:13  PAGE 26


  C:3167H         LINE#         255
  C:3176H         LINE#         256
  C:3176H         LINE#         258
  C:317CH         LINE#         262
  C:3192H         LINE#         263
  C:31A3H         LINE#         264
  C:31BEH         LINE#         265
  C:31BEH         LINE#         266
  C:31CEH         LINE#         267
  C:31DFH         LINE#         268
  C:31DFH         LINE#         272
  C:31F8H         LINE#         273
  C:320FH         LINE#         274
  C:322FH         LINE#         275
  C:322FH         LINE#         276
  C:3239H         LINE#         277
  C:3239H         LINE#         278
  C:3242H         LINE#         279
  C:3242H         LINE#         280
  C:3256H         LINE#         281
  C:3256H         LINE#         282
  C:3256H         LINE#         283
  C:3256H         LINE#         284
  C:3256H         LINE#         285
  C:3258H         LINE#         287
  C:3258H         LINE#         288
  C:3264H         LINE#         289
  C:3264H         LINE#         290
  C:3275H         LINE#         291
  C:3275H         LINE#         292
  C:3275H         LINE#         293
  C:3275H         LINE#         294
  C:3275H         LINE#         296
  C:3277H         LINE#         298
  C:3277H         LINE#         299
  C:3288H         LINE#         300
  C:3288H         LINE#         301
  C:3288H         LINE#         302
  C:3288H         LINE#         303
  C:3288H         LINE#         305
  C:3288H         LINE#         307
  C:3288H         LINE#         308
  C:328AH         LINE#         310
  C:328AH         LINE#         311
  C:329DH         LINE#         312
  C:329DH         LINE#         313
  C:32AEH         LINE#         314
  C:32AEH         LINE#         315
  C:32AEH         LINE#         316
  C:32AEH         LINE#         317
  C:32AEH         LINE#         318
  C:32B0H         LINE#         320
  C:32B0H         LINE#         321
  C:32C1H         LINE#         322
  C:32C1H         LINE#         323
  C:32D2H         LINE#         324
  C:32E3H         LINE#         325
BL51 BANKED LINKER/LOCATER V6.22                                                      02/22/2019  14:31:13  PAGE 27


  C:32E3H         LINE#         326
  C:32E3H         LINE#         327
  C:32E3H         LINE#         328
  C:32E3H         LINE#         329
  C:32E6H         LINE#         330
  C:32EBH         LINE#         331
  C:32F0H         LINE#         332
  C:32F5H         LINE#         333
  C:32FAH         LINE#         334
  C:32FFH         LINE#         335
  C:3304H         LINE#         336
  C:3309H         LINE#         337
  C:3309H         LINE#         339
  C:332BH         LINE#         340
  C:332BH         LINE#         341
  C:3335H         LINE#         342
  C:3335H         LINE#         343
  C:333AH         LINE#         344
  C:3343H         LINE#         345
  C:335AH         LINE#         346
  C:335AH         LINE#         347
  C:336AH         LINE#         349
  C:336AH         LINE#         353
  -------         ENDPROC       KEY_PROCESS
  -------         PROC          KEYPAD_IO_INIT
  C:4C99H         LINE#         356
  C:4C99H         LINE#         357
  C:4C99H         LINE#         358
  C:4C9CH         LINE#         359
  C:4C9FH         LINE#         360
  C:4CA2H         LINE#         361
  C:4CA4H         LINE#         362
  -------         ENDPROC       KEYPAD_IO_INIT
  -------         ENDMOD        KEYPAD

  -------         MODULE        BIPOLARMOTOR
  C:0000H         SYMBOL        _ICE_DUMMY_
  D:0080H         PUBLIC        P0
  D:0090H         PUBLIC        P1
  X:0000H         PUBLIC        RX_pos_test
  D:00A0H         PUBLIC        P2
  D:00B0H         PUBLIC        P3
  D:00C0H         PUBLIC        P4
  D:00C8H         PUBLIC        P5
  D:00E8H         PUBLIC        P6
  D:00F8H         PUBLIC        P7
  X:00A0H         PUBLIC        low_date_azimuth_mapping
  D:00A8H         PUBLIC        IE
  C:400BH         PUBLIC        linear_interpolate
  C:4A6DH         PUBLIC        _Move
  D:00B8H         PUBLIC        IP
  C:339EH         PUBLIC        _findDet3x3
  C:2E0BH         PUBLIC        _findDet4x4
  D:00D8H         PUBLIC        CCON
  X:00C8H         PUBLIC        previous_move_time
  D:0098H         PUBLIC        SCON
  D:0088H         PUBLIC        TCON
BL51 BANKED LINKER/LOCATER V6.22                                                      02/22/2019  14:31:13  PAGE 28


  C:4CD5H         PUBLIC        wait
  C:493DH         PUBLIC        _Step_move
  X:00C9H         PUBLIC        dat
  C:000EH         PUBLIC        _Update_position
  C:4825H         PUBLIC        vOneStepMove
  X:00CFH         PUBLIC        elevation_stamp
  X:010BH         PUBLIC        date_azimuth_mapping
  X:0133H         PUBLIC        RX_pos
  C:4B84H         PUBLIC        _BCDtoDec1
  X:038BH         PUBLIC        degree
  D:00D0H         PUBLIC        PSW
  -------         PROC          L?0062
  -------         ENDPROC       L?0062
  -------         PROC          _BCDTODEC1
  D:0007H         SYMBOL        bcd
  -------         DO            
  D:0006H         SYMBOL        hi
  D:0007H         SYMBOL        lo
  -------         ENDDO         
  C:4B84H         LINE#         28
  C:4B84H         LINE#         29
  C:4B84H         LINE#         31
  C:4B89H         LINE#         32
  C:4B8DH         LINE#         33
  C:4B94H         LINE#         34
  -------         ENDPROC       _BCDTODEC1
  -------         PROC          WAIT
  C:4CD5H         LINE#         36
  C:4CD5H         LINE#         38
  -------         ENDPROC       WAIT
  -------         PROC          VONESTEPMOVE
  B:0020H.7       SYMBOL        bDir
  C:4825H         LINE#         40
  C:4825H         LINE#         41
  C:4825H         LINE#         43
  C:482BH         LINE#         44
  C:482BH         LINE#         45
  C:482EH         LINE#         46
  C:4837H         LINE#         47
  C:483EH         LINE#         48
  C:4843H         LINE#         49
  C:4843H         LINE#         50
  C:4843H         LINE#         52
  C:4845H         LINE#         55
  C:4845H         LINE#         56
  C:4848H         LINE#         57
  C:4851H         LINE#         58
  C:4858H         LINE#         59
  C:485EH         LINE#         60
  C:4867H         LINE#         61
  C:486EH         LINE#         62
  C:486EH         LINE#         66
  -------         ENDPROC       VONESTEPMOVE
  -------         PROC          _STEP_MOVE
  X:0470H         SYMBOL        step
  B:0020H.6       SYMBOL        dir
  -------         DO            
BL51 BANKED LINKER/LOCATER V6.22                                                      02/22/2019  14:31:13  PAGE 29


  X:0472H         SYMBOL        i
  -------         ENDDO         
  C:493DH         LINE#         68
  C:4945H         LINE#         69
  C:4945H         LINE#         71
  C:494AH         LINE#         74
  C:4965H         LINE#         75
  C:4965H         LINE#         76
  C:496CH         LINE#         78
  C:497CH         LINE#         80
  -------         ENDPROC       _STEP_MOVE
  -------         PROC          _MOVE
  X:046CH         SYMBOL        distance
  B:0020H.5       SYMBOL        direction
  -------         DO            
  D:0006H         SYMBOL        step
  -------         ENDDO         
  C:4A6DH         LINE#         82
  C:4A73H         LINE#         83
  C:4A73H         LINE#         86
  C:4A8EH         LINE#         87
  -------         ENDPROC       _MOVE
  C:337FH         SYMBOL        L?0058
  C:3393H         SYMBOL        L?0059
  -------         PROC          L?0057
  -------         ENDPROC       L?0057
  C:337FH         SYMBOL        L?0058
  C:3393H         SYMBOL        L?0059
  -------         PROC          _FINDDET3X3
  X:05F4H         SYMBOL        a11
  X:05F8H         SYMBOL        a12
  X:05FCH         SYMBOL        a13
  X:0600H         SYMBOL        a21
  X:0604H         SYMBOL        a22
  X:0608H         SYMBOL        a23
  X:060CH         SYMBOL        a31
  X:0610H         SYMBOL        a32
  X:0614H         SYMBOL        a33
  C:339EH         LINE#         91
  C:33A4H         LINE#         95
  C:33A4H         LINE#         96
  C:353BH         LINE#         98
  -------         ENDPROC       _FINDDET3X3
  -------         PROC          _FINDDET4X4
  X:05B4H         SYMBOL        a11
  X:05B8H         SYMBOL        a12
  X:05BCH         SYMBOL        a13
  X:05C0H         SYMBOL        a14
  X:05C4H         SYMBOL        a21
  X:05C8H         SYMBOL        a22
  X:05CCH         SYMBOL        a23
  X:05D0H         SYMBOL        a24
  X:05D4H         SYMBOL        a31
  X:05D8H         SYMBOL        a32
  X:05DCH         SYMBOL        a33
  X:05E0H         SYMBOL        a34
  X:05E4H         SYMBOL        a41
BL51 BANKED LINKER/LOCATER V6.22                                                      02/22/2019  14:31:13  PAGE 30


  X:05E8H         SYMBOL        a42
  X:05ECH         SYMBOL        a43
  X:05F0H         SYMBOL        a44
  C:2E0BH         LINE#         99
  C:2E11H         LINE#         103
  C:2E11H         LINE#         110
  C:30CAH         LINE#         114
  -------         ENDPROC       _FINDDET4X4
  C:3FFAH         SYMBOL        L?0061
  -------         PROC          L?0060
  -------         ENDPROC       L?0060
  C:3FFAH         SYMBOL        L?0061
  -------         PROC          LINEAR_INTERPOLATE
  X:046CH         SYMBOL        p1
  X:0474H         SYMBOL        p2
  X:047CH         SYMBOL        x
  -------         DO            
  D:0004H         SYMBOL        fx
  -------         ENDDO         
  C:400BH         LINE#         120
  C:400BH         LINE#         121
  C:400BH         LINE#         124
  C:40AAH         LINE#         126
  C:40AAH         LINE#         127
  -------         ENDPROC       LINEAR_INTERPOLATE
  -------         PROC          _UPDATE_POSITION
  D:0001H         SYMBOL        mnths
  D:0002H         SYMBOL        dys
  X:03CFH         SYMBOL        hurs
  X:03D0H         SYMBOL        mns
  X:03D1H         SYMBOL        sconds
  X:03D2H         SYMBOL        currnt_pos
  X:03D5H         SYMBOL        offset_calib
  -------         DO            
  X:03D9H         SYMBOL        date
  X:03DBH         SYMBOL        i
  X:03DDH         SYMBOL        yy
  X:03DFH         SYMBOL        desired_distance
  X:03E3H         SYMBOL        distance
  X:03E7H         SYMBOL        JP_pos
  X:03EBH         SYMBOL        pos_interpolate_azimuth
  X:0427H         SYMBOL        current_local_sun_time
  X:042BH         SYMBOL        azimuth
  X:042FH         SYMBOL        elevation
  X:0433H         SYMBOL        time_offset
  X:0437H         SYMBOL        UTC_time
  X:043BH         SYMBOL        declination
  X:043FH         SYMBOL        p1
  X:0447H         SYMBOL        p2
  X:044FH         SYMBOL        time
  X:0461H         SYMBOL        location
  X:0469H         SYMBOL        sunCoord
  -------         ENDDO         
  C:000EH         LINE#         131
  C:0017H         LINE#         134
  C:0017H         LINE#         135
  C:0022H         LINE#         137
BL51 BANKED LINKER/LOCATER V6.22                                                      02/22/2019  14:31:13  PAGE 31


  C:003EH         LINE#         138
  C:0048H         LINE#         146
  C:0052H         LINE#         147
  C:005CH         LINE#         148
  C:0066H         LINE#         149
  C:0071H         LINE#         150
  C:007CH         LINE#         151
  C:0095H         LINE#         152
  C:00A6H         LINE#         153
  C:00B5H         LINE#         156
  C:00C9H         LINE#         160
  C:011BH         LINE#         161
  C:027FH         LINE#         162
  C:02CFH         LINE#         164
  C:03F7H         LINE#         166
  C:04C6H         LINE#         173
  C:050DH         LINE#         174
  C:050DH         LINE#         176
  C:0527H         LINE#         177
  C:0527H         LINE#         178
  C:0597H         LINE#         179
  C:0597H         LINE#         180
  C:059EH         LINE#         181
  C:059EH         LINE#         182
  C:05CBH         LINE#         183
  C:05E6H         LINE#         185
  C:062DH         LINE#         186
  C:0661H         LINE#         188
  C:06A7H         LINE#         189
  C:06CAH         LINE#         191
  C:06CAH         LINE#         193
  C:0740H         LINE#         194
  C:0740H         LINE#         195
  C:0747H         LINE#         196
  C:0747H         LINE#         197
  C:0774H         LINE#         198
  C:078FH         LINE#         200
  C:07D6H         LINE#         201
  C:080AH         LINE#         203
  C:0850H         LINE#         204
  C:0870H         LINE#         206
  C:0870H         LINE#         207
  C:0881H         LINE#         210
  C:089BH         LINE#         211
  C:089BH         LINE#         212
  C:090BH         LINE#         213
  C:090BH         LINE#         214
  C:0938H         LINE#         215
  C:0953H         LINE#         217
  C:0980H         LINE#         218
  C:099BH         LINE#         220
  C:09CDH         LINE#         223
  C:09CDH         LINE#         225
  C:09DEH         LINE#         227
  C:0A0DH         LINE#         229
  C:0A32H         LINE#         230
  C:0A97H         LINE#         231
BL51 BANKED LINKER/LOCATER V6.22                                                      02/22/2019  14:31:13  PAGE 32


  C:0A97H         LINE#         232
  C:0AB1H         LINE#         233
  C:0AC3H         LINE#         234
  C:0ADBH         LINE#         235
  C:0AF1H         LINE#         237
  C:0B0DH         LINE#         238
  C:0B0DH         LINE#         239
  C:0B0DH         LINE#         242
  -------         ENDPROC       _UPDATE_POSITION
  -------         ENDMOD        BIPOLARMOTOR

  -------         MODULE        SUNPOS
  C:0000H         SYMBOL        _ICE_DUMMY_
  C:1F6EH         PUBLIC        sunpos
  -------         PROC          SUNPOS
  X:046CH         SYMBOL        udtTime
  X:047EH         SYMBOL        udtLocation
  X:0486H         SYMBOL        udtSunCoordinates
  -------         DO            
  X:0489H         SYMBOL        dElapsedJulianDays
  X:048DH         SYMBOL        dDecimalHours
  X:0491H         SYMBOL        dEclipticLongitude
  X:0495H         SYMBOL        dEclipticObliquity
  X:0499H         SYMBOL        dRightAscension
  X:049DH         SYMBOL        dDeclination
  X:04A1H         SYMBOL        dY
  X:04A5H         SYMBOL        dX
  -------         DO            
  X:04A9H         SYMBOL        dJulianDate
  X:04ADH         SYMBOL        liAux1
  X:04B1H         SYMBOL        liAux2
  X:04A9H         SYMBOL        dMeanLongitude
  X:04ADH         SYMBOL        dMeanAnomaly
  X:04B1H         SYMBOL        dOmega
  X:04A9H         SYMBOL        dSin_EclipticLongitude
  X:04A9H         SYMBOL        dGreenwichMeanSiderealTime
  X:04ADH         SYMBOL        dLocalMeanSiderealTime
  X:04B1H         SYMBOL        dLatitudeInRadians
  X:04B5H         SYMBOL        dHourAngle
  X:04B9H         SYMBOL        dCos_Latitude
  X:04BDH         SYMBOL        dSin_Latitude
  X:04C1H         SYMBOL        dCos_HourAngle
  X:04C5H         SYMBOL        dParallax
  -------         ENDDO         
  -------         DO            
  X:04A9H         SYMBOL        dMeanLongitude
  X:04ADH         SYMBOL        dMeanAnomaly
  X:04B1H         SYMBOL        dOmega
  X:04A9H         SYMBOL        dSin_EclipticLongitude
  X:04A9H         SYMBOL        dGreenwichMeanSiderealTime
  X:04ADH         SYMBOL        dLocalMeanSiderealTime
  X:04B1H         SYMBOL        dLatitudeInRadians
  X:04B5H         SYMBOL        dHourAngle
  X:04B9H         SYMBOL        dCos_Latitude
  X:04BDH         SYMBOL        dSin_Latitude
  X:04C1H         SYMBOL        dCos_HourAngle
  X:04C5H         SYMBOL        dParallax
BL51 BANKED LINKER/LOCATER V6.22                                                      02/22/2019  14:31:13  PAGE 33


  -------         ENDDO         
  -------         DO            
  X:04A9H         SYMBOL        dSin_EclipticLongitude
  X:04A9H         SYMBOL        dGreenwichMeanSiderealTime
  X:04ADH         SYMBOL        dLocalMeanSiderealTime
  X:04B1H         SYMBOL        dLatitudeInRadians
  X:04B5H         SYMBOL        dHourAngle
  X:04B9H         SYMBOL        dCos_Latitude
  X:04BDH         SYMBOL        dSin_Latitude
  X:04C1H         SYMBOL        dCos_HourAngle
  X:04C5H         SYMBOL        dParallax
  -------         ENDDO         
  -------         DO            
  X:04A9H         SYMBOL        dGreenwichMeanSiderealTime
  X:04ADH         SYMBOL        dLocalMeanSiderealTime
  X:04B1H         SYMBOL        dLatitudeInRadians
  X:04B5H         SYMBOL        dHourAngle
  X:04B9H         SYMBOL        dCos_Latitude
  X:04BDH         SYMBOL        dSin_Latitude
  X:04C1H         SYMBOL        dCos_HourAngle
  X:04C5H         SYMBOL        dParallax
  -------         ENDDO         
  -------         ENDDO         
  C:1F6EH         LINE#         6
  C:1F6EH         LINE#         7
  C:1F6EH         LINE#         9
  C:1F6EH         LINE#         27
  C:1FB8H         LINE#         30
  C:1FD9H         LINE#         31
  C:2120H         LINE#         34
  C:216CH         LINE#         36
  C:218BH         LINE#         37
  C:218BH         LINE#         42
  C:218BH         LINE#         46
  C:21BDH         LINE#         47
  C:21E7H         LINE#         48
  C:2211H         LINE#         49
  C:22BEH         LINE#         52
  C:231FH         LINE#         54
  C:231FH         LINE#         59
  C:231FH         LINE#         61
  C:2336H         LINE#         62
  C:235EH         LINE#         63
  C:2375H         LINE#         64
  C:23A0H         LINE#         65
  C:23D7H         LINE#         66
  C:2402H         LINE#         67
  C:2402H         LINE#         70
  C:2402H         LINE#         79
  C:243DH         LINE#         82
  C:2477H         LINE#         84
  C:249CH         LINE#         85
  C:24BBH         LINE#         86
  C:24D2H         LINE#         87
  C:24E9H         LINE#         88
  C:2500H         LINE#         89
  C:2589H         LINE#         91
BL51 BANKED LINKER/LOCATER V6.22                                                      02/22/2019  14:31:13  PAGE 34


  C:25A3H         LINE#         92
  C:2605H         LINE#         93
  C:263BH         LINE#         94
  C:264DH         LINE#         95
  C:267AH         LINE#         96
  C:26A7H         LINE#         98
  C:26C9H         LINE#         100
  C:2701H         LINE#         103
  C:2701H         LINE#         104
  C:270FH         LINE#         105
  -------         ENDPROC       SUNPOS
  -------         ENDMOD        SUNPOS

  -------         MODULE        ADC
  C:0000H         SYMBOL        _ICE_DUMMY_
  D:0092H         PUBLIC        P1M0
  D:0091H         PUBLIC        P1M1
  D:0080H         PUBLIC        P0
  D:0090H         PUBLIC        P1
  D:00A0H         PUBLIC        P2
  D:00B0H         PUBLIC        P3
  D:00C0H         PUBLIC        P4
  D:00C8H         PUBLIC        P5
  D:00E8H         PUBLIC        P6
  D:00F8H         PUBLIC        P7
  D:00A8H         PUBLIC        IE
  D:00BDH         PUBLIC        ADC_RES
  D:00B8H         PUBLIC        IP
  D:0097H         PUBLIC        CLK_DIV
  D:00D8H         PUBLIC        CCON
  D:00BCH         PUBLIC        ADC_CONTR
  D:0098H         PUBLIC        SCON
  D:0088H         PUBLIC        TCON
  B:00A0H.4       PUBLIC        P24
  B:00A0H.5       PUBLIC        P25
  B:00A0H.6       PUBLIC        P26
  C:4B20H         PUBLIC        ADC_Init
  C:49EBH         PUBLIC        _ADC_GetResult
  D:009DH         PUBLIC        P1ASF
  D:00BEH         PUBLIC        ADC_RESL
  D:00D0H         PUBLIC        PSW
  -------         PROC          ADC_INIT
  C:4B20H         LINE#         7
  C:4B20H         LINE#         8
  C:4B20H         LINE#         10
  C:4B22H         LINE#         11
  C:4B24H         LINE#         12
[...]
  C:3D4BH         LINE#         105
  C:3D4EH         LINE#         106
  C:3D52H         LINE#         109
  C:3D71H         LINE#         111
  C:3D78H         LINE#         112
  C:3D78H         LINE#         113
  C:3D7AH         LINE#         114
  C:3D7DH         LINE#         115
  C:3D96H         LINE#         116
  C:3D96H         LINE#         117
  C:3D98H         LINE#         118
  C:3D9AH         LINE#         120
  C:3D9AH         LINE#         121
  C:3D9CH         LINE#         123
  C:3D9CH         LINE#         124
  C:3D9CH         LINE#         125
  C:3D9CH         LINE#         126
  C:3D9FH         LINE#         127
  C:3DB8H         LINE#         129
  C:3DD7H         LINE#         131
  C:3DDEH         LINE#         132
  C:3DDEH         LINE#         133
  C:3DE0H         LINE#         134
  C:3DE3H         LINE#         135
  C:3DEAH         LINE#         136
  C:3DEAH         LINE#         137
  C:3DECH         LINE#         138
  C:3DEEH         LINE#         140
  C:3DEEH         LINE#         141
  C:3DF0H         LINE#         143
  C:3DF0H         LINE#         144
  C:3DF0H         LINE#         145
  C:3DF0H         LINE#         146
  C:3DF3H         LINE#         147
  C:3DFAH         LINE#         149
  C:3E19H         LINE#         151
  C:3E1BH         LINE#         152
  -------         ENDPROC       _AT25SF041_WRITE
  -------         PROC          _AT25SF041_READ
  D:0003H         SYMBOL        opcode
  X:0622H         SYMBOL        addr
  -------         DO            
  X:0626H         SYMBOL        dat
  X:0627H         SYMBOL        i
  -------         ENDDO         
  C:3C21H         LINE#         156
  C:3C23H         LINE#         157
  C:3C23H         LINE#         158
  C:3C28H         LINE#         160
  C:3C2AH         LINE#         161
  C:3C30H         LINE#         165
  C:3C35H         LINE#         166
  C:3C35H         LINE#         167
BL51 BANKED LINKER/LOCATER V6.22                                                      02/22/2019  14:31:13  PAGE 45


  C:3C37H         LINE#         168
  C:3C3AH         LINE#         169
  C:3C3EH         LINE#         170
  C:3C3EH         LINE#         171
  C:3C40H         LINE#         172
  C:3C42H         LINE#         174
  C:3C42H         LINE#         175
  C:3C44H         LINE#         177
  C:3C44H         LINE#         178
  C:3C44H         LINE#         179
  C:3C44H         LINE#         180
  C:3C47H         LINE#         181
  C:3C4BH         LINE#         184
  C:3C6AH         LINE#         186
  C:3C71H         LINE#         187
  C:3C71H         LINE#         188
  C:3C73H         LINE#         189
  C:3C76H         LINE#         190
  C:3C8FH         LINE#         191
  C:3C8FH         LINE#         192
  C:3C91H         LINE#         193
  C:3C93H         LINE#         195
  C:3C93H         LINE#         196
  C:3C95H         LINE#         198
  C:3C95H         LINE#         199
  C:3C95H         LINE#         200
  C:3C95H         LINE#         201
  C:3C98H         LINE#         202
  C:3CB1H         LINE#         204
  C:3CD0H         LINE#         207
  C:3CD7H         LINE#         209
  C:3CD9H         LINE#         210
  C:3CE0H         LINE#         212
  C:3CE7H         LINE#         213
  C:3CE7H         LINE#         214
  C:3CEEH         LINE#         215
  C:3CEEH         LINE#         216
  C:3CF1H         LINE#         217
  C:3CF3H         LINE#         218
  C:3CF6H         LINE#         220
  C:3CF9H         LINE#         221
  C:3CF9H         LINE#         223
  C:3CFDH         LINE#         224
  C:3CFDH         LINE#         230
  C:3D1CH         LINE#         233
  C:3D1EH         LINE#         234
  C:3D21H         LINE#         235
  C:3D26H         LINE#         237
  -------         ENDPROC       _AT25SF041_READ
  -------         PROC          READ_STATUS_REGISTER_BYTE1
  -------         DO            
  D:0003H         SYMBOL        dat
  D:0001H         SYMBOL        opcode
  X:03C4H         SYMBOL        count
  X:03C5H         SYMBOL        i
  -------         ENDDO         
  C:42BFH         LINE#         241
BL51 BANKED LINKER/LOCATER V6.22                                                      02/22/2019  14:31:13  PAGE 46


  C:42BFH         LINE#         242
  C:42BFH         LINE#         243
  C:42C5H         LINE#         244
  C:42C9H         LINE#         245
  C:42CBH         LINE#         246
  C:42CDH         LINE#         247
  C:42D3H         LINE#         251
  C:42DAH         LINE#         252
  C:42DAH         LINE#         253
  C:42DCH         LINE#         254
  C:42DFH         LINE#         255
  C:42E3H         LINE#         256
  C:42E3H         LINE#         257
  C:42E5H         LINE#         258
  C:42E7H         LINE#         260
  C:42E7H         LINE#         261
  C:42E9H         LINE#         263
  C:42E9H         LINE#         264
  C:42E9H         LINE#         265
  C:42E9H         LINE#         266
  C:42ECH         LINE#         267
  C:42F0H         LINE#         270
  C:430FH         LINE#         274
  C:4316H         LINE#         276
  C:4318H         LINE#         277
  C:431FH         LINE#         278
  C:4326H         LINE#         279
  C:4326H         LINE#         280
  C:432AH         LINE#         281
  C:432AH         LINE#         282
  C:432DH         LINE#         283
  C:432FH         LINE#         284
  C:4332H         LINE#         286
  C:4335H         LINE#         287
  C:4335H         LINE#         289
  C:4339H         LINE#         290
  C:4339H         LINE#         292
  C:4358H         LINE#         296
  C:435AH         LINE#         297
  C:435DH         LINE#         298
  C:435FH         LINE#         299
  -------         ENDPROC       READ_STATUS_REGISTER_BYTE1
  -------         PROC          SPI_NOR_WRITE_DATA
  X:03B4H         SYMBOL        dat
  X:03BFH         SYMBOL        addr
  C:3E22H         LINE#         301
  C:3E22H         LINE#         302
  C:3E22H         LINE#         303
  C:3E3BH         LINE#         304
  C:3E3BH         LINE#         305
  C:3E3EH         LINE#         307
  C:3E41H         LINE#         308
  C:3E48H         LINE#         309
  C:3E48H         LINE#         310
  C:3E4BH         LINE#         312
  C:3E5BH         LINE#         314
  C:3E5BH         LINE#         315
BL51 BANKED LINKER/LOCATER V6.22                                                      02/22/2019  14:31:13  PAGE 47


  C:3E5EH         LINE#         317
  C:3E6EH         LINE#         318
  C:3E6EH         LINE#         321
  C:3E71H         LINE#         323
  C:3E81H         LINE#         324
  C:3E81H         LINE#         326
  C:3E84H         LINE#         328
  C:3E94H         LINE#         329
  C:3E94H         LINE#         331
  C:3E97H         LINE#         333
  C:3EA7H         LINE#         334
  C:3EA7H         LINE#         336
  C:3EAAH         LINE#         338
  C:3EBAH         LINE#         339
  C:3EBAH         LINE#         340
  C:3EBDH         LINE#         342
  C:3ECDH         LINE#         343
  C:3ECDH         LINE#         345
  C:3ED0H         LINE#         347
  C:3EE0H         LINE#         348
  C:3EE0H         LINE#         350
  C:3EE3H         LINE#         352
  C:3EF3H         LINE#         353
  C:3EF3H         LINE#         355
  C:3EF6H         LINE#         357
  C:3F06H         LINE#         358
  -------         ENDPROC       SPI_NOR_WRITE_DATA
  -------         ENDMOD        AT25SF041

  -------         MODULE        ?C_STARTUP
  C:452EH         SEGMENT       ?C_C51STARTUP
  I:0022H         SEGMENT       ?STACK
  C:0000H         PUBLIC        ?C_STARTUP
  D:00E0H         SYMBOL        ACC
  D:00F0H         SYMBOL        B
  D:0083H         SYMBOL        DPH
  D:0082H         SYMBOL        DPL
  N:0000H         SYMBOL        IBPSTACK
  N:0100H         SYMBOL        IBPSTACKTOP
  N:0080H         SYMBOL        IDATALEN
  C:4531H         SYMBOL        IDATALOOP
  N:0000H         SYMBOL        PBPSTACK
  N:0100H         SYMBOL        PBPSTACKTOP
  N:0000H         SYMBOL        PDATALEN
  N:0000H         SYMBOL        PDATASTART
  N:0000H         SYMBOL        PPAGE
  N:0000H         SYMBOL        PPAGEENABLE
  D:00A0H         SYMBOL        PPAGE_SFR
  D:0081H         SYMBOL        SP
  C:452EH         SYMBOL        STARTUP1
  N:0000H         SYMBOL        XBPSTACK
  N:0000H         SYMBOL        XBPSTACKTOP
  N:0000H         SYMBOL        XDATALEN
  N:0000H         SYMBOL        XDATASTART
  C:0000H         LINE#         126
  C:452EH         LINE#         133
  C:4530H         LINE#         134
BL51 BANKED LINKER/LOCATER V6.22                                                      02/22/2019  14:31:13  PAGE 48


  C:4531H         LINE#         135
  C:4532H         LINE#         136
  C:4534H         LINE#         185
  C:4537H         LINE#         196
  -------         ENDMOD        ?C_STARTUP

  -------         MODULE        ?C?FPADD
  C:15BFH         PUBLIC        ?C?FPADD
  C:15BBH         PUBLIC        ?C?FPSUB
  -------         ENDMOD        ?C?FPADD

  -------         MODULE        ?C?FPMUL
  C:16B0H         PUBLIC        ?C?FPMUL
  -------         ENDMOD        ?C?FPMUL

  -------         MODULE        ?C?FPDIV
  C:17B9H         PUBLIC        ?C?FPDIV
  -------         ENDMOD        ?C?FPDIV

  -------         MODULE        ?C?FPCMP
  C:1858H         PUBLIC        ?C?FPCMP
  C:1856H         PUBLIC        ?C?FPCMP3
  -------         ENDMOD        ?C?FPCMP

  -------         MODULE        ?C?FPNEG
  C:18CFH         PUBLIC        ?C?FPNEG
  -------         ENDMOD        ?C?FPNEG

  -------         MODULE        ?C?FCAST
  C:18EAH         PUBLIC        ?C?FCASTC
  C:18E5H         PUBLIC        ?C?FCASTI
  C:18E0H         PUBLIC        ?C?FCASTL
  -------         ENDMOD        ?C?FCAST

  -------         MODULE        ?C?CASTF
  C:191EH         PUBLIC        ?C?CASTF
  -------         ENDMOD        ?C?CASTF

  -------         MODULE        ATAN2
  X:04C9H         PUBLIC        ?_atan2?BYTE
  C:4360H         PUBLIC        _atan2
  -------         ENDMOD        ATAN2

  -------         MODULE        SIN
  C:3711H         PUBLIC        _COS
  C:3727H         PUBLIC        _SIN
  C:3763H         PUBLIC        _TAN
  -------         ENDMOD        SIN

  -------         MODULE        ACOS
  C:486FH         PUBLIC        _ACOS
  -------         ENDMOD        ACOS

  -------         MODULE        ASIN
  C:497DH         PUBLIC        _ASIN
  -------         ENDMOD        ASIN

BL51 BANKED LINKER/LOCATER V6.22                                                      02/22/2019  14:31:13  PAGE 49


  -------         MODULE        SQRT
  C:4217H         PUBLIC        _SQRT
  -------         ENDMOD        SQRT

  -------         MODULE        ATAN
  C:3B1FH         PUBLIC        _ATAN
  -------         ENDMOD        ATAN

  -------         MODULE        ?C?COPY
  C:1ABCH         PUBLIC        ?C?COPY
  -------         ENDMOD        ?C?COPY

  -------         MODULE        ?C?CLDPTR
  C:1AE2H         PUBLIC        ?C?CLDPTR
  -------         ENDMOD        ?C?CLDPTR

  -------         MODULE        ?C?CLDOPTR
  C:1AFBH         PUBLIC        ?C?CLDOPTR
  -------         ENDMOD        ?C?CLDOPTR

  -------         MODULE        ?C?CSTPTR
  C:1B28H         PUBLIC        ?C?CSTPTR
  -------         ENDMOD        ?C?CSTPTR

  -------         MODULE        ?C?IMUL
  C:1B3AH         PUBLIC        ?C?IMUL
  -------         ENDMOD        ?C?IMUL

  -------         MODULE        ?C?UIDIV
  C:1B4CH         PUBLIC        ?C?UIDIV
  -------         ENDMOD        ?C?UIDIV

  -------         MODULE        ?C?SIDIV
  C:1BA1H         PUBLIC        ?C?SIDIV
  -------         ENDMOD        ?C?SIDIV

  -------         MODULE        ?C?ILDIX
  C:1BD7H         PUBLIC        ?C?ILDIX
  -------         ENDMOD        ?C?ILDIX

  -------         MODULE        ?C?ILDOPTR
  C:1BEDH         PUBLIC        ?C?ILDOPTR
  -------         ENDMOD        ?C?ILDOPTR

  -------         MODULE        ?C?ISTPTR
  C:1C25H         PUBLIC        ?C?ISTPTR
  -------         ENDMOD        ?C?ISTPTR

  -------         MODULE        ?C?LMUL
  C:1C44H         PUBLIC        ?C?LMUL
  -------         ENDMOD        ?C?LMUL

  -------         MODULE        ?C?SLDIV
  C:48B9H         PUBLIC        ?C?SLDIV
  -------         ENDMOD        ?C?SLDIV

  -------         MODULE        ?C?LNEG
BL51 BANKED LINKER/LOCATER V6.22                                                      02/22/2019  14:31:13  PAGE 50


  C:1C93H         PUBLIC        ?C?LNEG
  -------         ENDMOD        ?C?LNEG

  -------         MODULE        ?C?ULCMP
  C:1CA1H         PUBLIC        ?C?ULCMP
  -------         ENDMOD        ?C?ULCMP

  -------         MODULE        ?C?LSHL
  C:1CB2H         PUBLIC        ?C?LSHL
  -------         ENDMOD        ?C?LSHL

  -------         MODULE        ?C?LLDPTR
  C:1CC5H         PUBLIC        ?C?LLDPTR
  -------         ENDMOD        ?C?LLDPTR

  -------         MODULE        ?C?LLDOPTR
  C:1CE5H         PUBLIC        ?C?LLDOPTR
  -------         ENDMOD        ?C?LLDOPTR

  -------         MODULE        ?C?LSTPTR
  C:1D15H         PUBLIC        ?C?LSTPTR
  -------         ENDMOD        ?C?LSTPTR

  -------         MODULE        ?C?LSTOPTR
  C:1D2FH         PUBLIC        ?C?LSTOPTR
  -------         ENDMOD        ?C?LSTOPTR

  -------         MODULE        ?C?LLDXDATA
  C:1D53H         PUBLIC        ?C?LLDXDATA
  -------         ENDMOD        ?C?LLDXDATA

  -------         MODULE        ?C?LLDCODE
  C:1D5FH         PUBLIC        ?C?LLDCODE
  -------         ENDMOD        ?C?LLDCODE

  -------         MODULE        ?C?LLDXDATA0
  C:1D6FH         PUBLIC        ?C?LLDXDATA0
  -------         ENDMOD        ?C?LLDXDATA0

  -------         MODULE        ?C?LLDCODE0
  C:1D7BH         PUBLIC        ?C?LLDCODE0
  -------         ENDMOD        ?C?LLDCODE0

  -------         MODULE        ?C?LLDPTR0
  C:1D8BH         PUBLIC        ?C?LLDPTR0
  -------         ENDMOD        ?C?LLDPTR0

  -------         MODULE        ?C?LSTXDATA
  C:1DABH         PUBLIC        ?C?LSTXDATA
  -------         ENDMOD        ?C?LSTXDATA

  -------         MODULE        ?C?LSTKXDATA
  C:1DB7H         PUBLIC        ?C?LSTKXDATA
  -------         ENDMOD        ?C?LSTKXDATA

  -------         MODULE        ?C?LSTKPTR
  C:1DE8H         PUBLIC        ?C?LSTKPTR
BL51 BANKED LINKER/LOCATER V6.22                                                      02/22/2019  14:31:13  PAGE 51


  -------         ENDMOD        ?C?LSTKPTR

  -------         MODULE        ?C?OFFXADD
  C:1E02H         PUBLIC        ?C?OFFXADD
  -------         ENDMOD        ?C?OFFXADD

  -------         MODULE        ABS
  C:4CA5H         PUBLIC        _ABS
  -------         ENDMOD        ABS

  -------         MODULE        ATOI
  C:3F0DH         PUBLIC        _atoi
  -------         ENDMOD        ATOI

  -------         MODULE        ?C?IILDX
  C:1E0EH         PUBLIC        ?C?IILDX
  -------         ENDMOD        ?C?IILDX

  -------         MODULE        ?C?ULDIV
  C:1E60H         PUBLIC        ?C?ULDIV
  -------         ENDMOD        ?C?ULDIV

  -------         MODULE        ?C?LLDIDATA
  C:1EF2H         PUBLIC        ?C?LLDIDATA
  -------         ENDMOD        ?C?LLDIDATA

  -------         MODULE        ?C?LLDPDATA
  C:1EFEH         PUBLIC        ?C?LLDPDATA
  -------         ENDMOD        ?C?LLDPDATA

  -------         MODULE        ?C?LLDIDATA0
  C:1F0AH         PUBLIC        ?C?LLDIDATA0
  -------         ENDMOD        ?C?LLDIDATA0

  -------         MODULE        ?C?LLDPDATA0
  C:1F17H         PUBLIC        ?C?LLDPDATA0
  -------         ENDMOD        ?C?LLDPDATA0

  -------         MODULE        ?C?LSTIDATA
  C:1F24H         PUBLIC        ?C?LSTIDATA
  -------         ENDMOD        ?C?LSTIDATA

  -------         MODULE        ?C?LSTPDATA
  C:1F30H         PUBLIC        ?C?LSTPDATA
  -------         ENDMOD        ?C?LSTPDATA

  -------         MODULE        ?C?LSTKIDATA
  C:1F3CH         PUBLIC        ?C?LSTKIDATA
  -------         ENDMOD        ?C?LSTKIDATA

  -------         MODULE        ?C?LSTKPDATA
  C:1F55H         PUBLIC        ?C?LSTKPDATA
  -------         ENDMOD        ?C?LSTKPDATA

  -------         MODULE        ISDIGIT
  C:4C7DH         PUBLIC        _isdigit
  -------         ENDMOD        ISDIGIT
BL51 BANKED LINKER/LOCATER V6.22                                                      02/22/2019  14:31:13  PAGE 52



  -------         MODULE        ISSPACE
  C:4C18H         PUBLIC        _isspace
  -------         ENDMOD        ISSPACE

*** WARNING L16: UNCALLED SEGMENT, IGNORED FOR OVERLAY PROCESS
    SEGMENT: ?PR?_DISPLAY_PROX?MAIN

*** WARNING L16: UNCALLED SEGMENT, IGNORED FOR OVERLAY PROCESS
    SEGMENT: ?PR?_DAY_OF_YEAR?PCF85063BTL

*** WARNING L16: UNCALLED SEGMENT, IGNORED FOR OVERLAY PROCESS
    SEGMENT: ?PR?INITUART1?UART1

*** WARNING L16: UNCALLED SEGMENT, IGNORED FOR OVERLAY PROCESS
    SEGMENT: ?PR?_SENDSTRING?UART1

*** WARNING L16: UNCALLED SEGMENT, IGNORED FOR OVERLAY PROCESS
    SEGMENT: ?PR?_TEN?UART1

*** WARNING L16: UNCALLED SEGMENT, IGNORED FOR OVERLAY PROCESS
    SEGMENT: ?PR?_UNIT?UART1

*** WARNING L16: UNCALLED SEGMENT, IGNORED FOR OVERLAY PROCESS
    SEGMENT: ?PR?_DECTOBCD?UART1

*** WARNING L16: UNCALLED SEGMENT, IGNORED FOR OVERLAY PROCESS
    SEGMENT: ?PR?_ASCII_LETTER?UART1

*** WARNING L16: UNCALLED SEGMENT, IGNORED FOR OVERLAY PROCESS
    SEGMENT: ?PR?_ASCIITOBCD?UART1

*** WARNING L16: UNCALLED SEGMENT, IGNORED FOR OVERLAY PROCESS
    SEGMENT: ?PR?WAIT?BIPOLARMOTOR

*** WARNING L16: UNCALLED SEGMENT, IGNORED FOR OVERLAY PROCESS
    SEGMENT: ?PR?_FINDDET4X4?BIPOLARMOTOR

*** WARNING L16: UNCALLED SEGMENT, IGNORED FOR OVERLAY PROCESS
    SEGMENT: ?PR?NOP?IOEXPANDER_PI4IOE5V96248

*** WARNING L16: UNCALLED SEGMENT, IGNORED FOR OVERLAY PROCESS
    SEGMENT: ?PR?UC_ACK?IOEXPANDER_PI4IOE5V96248

*** WARNING L16: UNCALLED SEGMENT, IGNORED FOR OVERLAY PROCESS
    SEGMENT: ?PR?UC_NACK?IOEXPANDER_PI4IOE5V96248

*** WARNING L16: UNCALLED SEGMENT, IGNORED FOR OVERLAY PROCESS
    SEGMENT: ?PR?_AT25SF041_READ?AT25SF041

*** WARNING L1: UNRESOLVED EXTERNAL SYMBOL
    SYMBOL:  AUTO_MODE
    MODULE:  .\Obj\main.obj (MAIN)

*** WARNING L2: REFERENCE MADE TO UNRESOLVED EXTERNAL
    SYMBOL:  AUTO_MODE
    MODULE:  .\Obj\main.obj (MAIN)
BL51 BANKED LINKER/LOCATER V6.22                                                      02/22/2019  14:31:13  PAGE 53


    ADDRESS: 0B45H

*** WARNING L2: REFERENCE MADE TO UNRESOLVED EXTERNAL
    SYMBOL:  AUTO_MODE
    MODULE:  .\Obj\main.obj (MAIN)
    ADDRESS: 0CBAH

*** WARNING L2: REFERENCE MADE TO UNRESOLVED EXTERNAL
    SYMBOL:  AUTO_MODE
    MODULE:  .\Obj\main.obj (MAIN)
    ADDRESS: 0CC8H

*** WARNING L2: REFERENCE MADE TO UNRESOLVED EXTERNAL
    SYMBOL:  AUTO_MODE
    MODULE:  .\Obj\main.obj (MAIN)
    ADDRESS: 0CDAH

*** WARNING L2: REFERENCE MADE TO UNRESOLVED EXTERNAL
    SYMBOL:  AUTO_MODE
    MODULE:  .\Obj\main.obj (MAIN)
    ADDRESS: 0D1CH

*** WARNING L2: REFERENCE MADE TO UNRESOLVED EXTERNAL
    SYMBOL:  AUTO_MODE
    MODULE:  .\Obj\main.obj (MAIN)
    ADDRESS: 0DEFH

*** WARNING L1: UNRESOLVED EXTERNAL SYMBOL
    SYMBOL:  _SENDUART1
    MODULE:  .\Obj\UART1.obj (UART1)

*** WARNING L2: REFERENCE MADE TO UNRESOLVED EXTERNAL
    SYMBOL:  _SENDUART1
    MODULE:  .\Obj\UART1.obj (UART1)
    ADDRESS: 49E6H

*** WARNING L1: UNRESOLVED EXTERNAL SYMBOL
    SYMBOL:  AUTO_MODE
    MODULE:  .\Obj\KeyPad.obj (KEYPAD)

*** WARNING L2: REFERENCE MADE TO UNRESOLVED EXTERNAL
    SYMBOL:  AUTO_MODE
    MODULE:  .\Obj\KeyPad.obj (KEYPAD)
    ADDRESS: 3118H

*** WARNING L2: REFERENCE MADE TO UNRESOLVED EXTERNAL
    SYMBOL:  AUTO_MODE
    MODULE:  .\Obj\KeyPad.obj (KEYPAD)
    ADDRESS: 3123H

*** WARNING L2: REFERENCE MADE TO UNRESOLVED EXTERNAL
    SYMBOL:  AUTO_MODE
    MODULE:  .\Obj\KeyPad.obj (KEYPAD)
    ADDRESS: 312AH

Program Size: data=10.2 xdata=1591 code=19671
LINK/LOCATE RUN COMPLETE.  28 WARNING(S),  0 ERROR(S)
