C51 COMPILER V9.52.0.0   IOEXPANDER_PI4IOE5V96248                                          02/22/2019 14:46:57 PAGE 1   


C51 COMPILER V9.52.0.0, COMPILATION OF MODULE IOEXPANDER_PI4IOE5V96248
OBJECT MODULE PLACED IN .\Obj\IOExpander_PI4IOE5V96248.obj
COMPILER INVOKED BY: C:\Keil_v5\C51\BIN\C51.EXE IOExpander_PI4IOE5V96248.c LARGE BROWSE INCDIR(.\Application\Header) DEB
                    -UG OBJECTEXTEND PRINT(.\Lis\IOExpander_PI4IOE5V96248.lst) TABS(2) OBJECT(.\Obj\IOExpander_PI4IOE5V96248.obj)

line level    source

   1          #include "PI4IOE5V96248.h"
   2          
   3          //unsigned int Read_PI4IOE5V96248(unsigned int command_code);
   4          
   5          void Write_PI4IOE5V96248(struct DATA_FOR_IO_6PORTS *dat);
   6          
   7          void Wait_ms_i2c(int ms)
   8          {
   9   1        unsigned int De_Cnt;
  10   1        while( (ms--) != 0)
  11   1        {
  12   2          for(De_Cnt = 0; De_Cnt < 9; De_Cnt++); 
  13   2        }   
  14   1      }
  15          
  16          void nop()
  17          {
  18   1        return;
  19   1      }
  20          void I2C_Start()
  21          {
  22   1      
  23   1        I2C_SCK=1;
  24   1        I2C_SDA=1;
  25   1        Wait_ms_i2c(2);
  26   1        I2C_SDA=0;
  27   1        Wait_ms_i2c(2);
  28   1        I2C_SCK=0;
  29   1        //Wait_ms_i2c(1);
  30   1        //Wait_ms_i2c(1);
  31   1      }
  32          
  33          void I2C_Stop()
  34          {
  35   1        I2C_SCK=0;
  36   1        I2C_SDA=0;
  37   1        Wait_ms_i2c(2);
  38   1        I2C_SCK=1;
  39   1        I2C_SDA=0;
  40   1        Wait_ms_i2c(4);
  41   1        I2C_SDA=1;
  42   1        //Wait_ms_i2c(2);
  43   1      
  44   1      }
  45          
  46          unsigned char I2C_ACK(void)
  47          {
  48   1        unsigned char i;
  49   1        unsigned char dat = 0;
  50   1      
  51   1        //I2C_SDA_Set();          //
  52   1        //for (i=0; i<1; i++)         //
  53   1        {
  54   2          dat <<= 1;                //
C51 COMPILER V9.52.0.0   IOEXPANDER_PI4IOE5V96248                                          02/22/2019 14:46:57 PAGE 2   

  55   2          I2C_SCK_Clr(); 
  56   2          Wait_ms_i2c(2);   //
  57   2          //nop();        
  58   2          if (I2C_SDA)        //If  PCF85063BTL_SDO is HIGH, dat will be 1(one) 
  59   2          {
  60   3            dat |= 0x01;            //
  61   3          }
  62   2          
  63   2      
  64   2          I2C_SCK_Set();       //
  65   2          Wait_ms_i2c(2);           //  
  66   2        }
  67   1        return dat;
  68   1      }
*** WARNING C280 IN LINE 48 OF IOExpander_PI4IOE5V96248.c: 'i': unreferenced local variable
  69          void uC_ACK()
  70          {
  71   1      
  72   1        unsigned char i;
  73   1        
  74   1        //for (i=0; i<1; i++)            //
  75   1        {
  76   2          //I2C_SCK_Clr(); 
  77   2          //Wait_ms_i2c(1);//   
  78   2          //if( (dat&0x80)==0x80 )       //
  79   2          {
  80   3              //I2C_SDA_Clr();
  81   3          }
  82   2      
  83   2          Wait_ms_i2c(2);           //
  84   2          I2C_SCK_Set();          //
  85   2                  //
  86   2          //dat <<= 1;                   //
  87   2          Wait_ms_i2c(2); 
  88   2          I2C_SCK_Clr();    
  89   2        }
  90   1      
  91   1      
  92   1        
  93   1      }
*** WARNING C280 IN LINE 72 OF IOExpander_PI4IOE5V96248.c: 'i': unreferenced local variable
  94          
  95          void uC_NACK()
  96          {
  97   1      
  98   1        unsigned char i;
  99   1        
 100   1        //for (i=0; i<1; i++)            //
 101   1        {
 102   2          I2C_SCK_Clr(); 
 103   2          //Wait_ms_i2c(1);//   
 104   2          //if( (dat&0x80)==0x80 )       //
 105   2          {
 106   3              I2C_SDA_Set();
 107   3          }
 108   2      
 109   2          Wait_ms_i2c(2);           //
 110   2          I2C_SCK_Set();          //
 111   2                  
 112   2          //dat <<= 1;                   //
 113   2          Wait_ms_i2c(2); 
 114   2          I2C_SCK_Clr();
C51 COMPILER V9.52.0.0   IOEXPANDER_PI4IOE5V96248                                          02/22/2019 14:46:57 PAGE 3   

 115   2          Wait_ms_i2c(2);
 116   2          I2C_SDA_Clr();    
 117   2        }
 118   1      
 119   1      
 120   1        
 121   1      }
*** WARNING C280 IN LINE 98 OF IOExpander_PI4IOE5V96248.c: 'i': unreferenced local variable
 122          
 123          
 124          
 125          void I2C_SendByte(unsigned char dat)// Send dat to SPI device/Slave
 126          {
 127   1        unsigned char i;
 128   1        
 129   1        for (i=0; i<8; i++)            //
 130   1        {
 131   2          I2C_SCK_Clr(); 
 132   2          //Wait_ms_i2c(1);//   
 133   2          if( (dat&0x80)==0x80 )       //
 134   2          {
 135   3              I2C_SDA_Set();
 136   3          }
 137   2          else
 138   2          {
 139   3              I2C_SDA_Clr();
 140   3          }
 141   2          Wait_ms_i2c(2);           //
 142   2          I2C_SCK_Set();          //
 143   2                  //
 144   2          dat <<= 1;                   //
 145   2          Wait_ms_i2c(2);      
 146   2        }
 147   1      }
 148          void Write_PI4IOE5V96248(struct DATA_FOR_IO_6PORTS *xdat)
 149          {
 150   1        I2C_Start();
 151   1        Wait_ms_i2c(1);
 152   1        I2C_SendByte(PI4IOE5V96248_Write_Addr);
 153   1        if(I2C_ACK()==0)
 154   1        {
 155   2          I2C_SendByte(xdat->port0);
 156   2        }
 157   1        
 158   1        if(I2C_ACK()==0)
 159   1        {
 160   2          I2C_SendByte(xdat->port1);
 161   2        }
 162   1        if(I2C_ACK()==0)
 163   1        {
 164   2          I2C_SendByte(xdat->port2);
 165   2        }
 166   1        if(I2C_ACK()==0)
 167   1        {
 168   2          I2C_SendByte(xdat->port3);
 169   2        }
 170   1        
 171   1        if(I2C_ACK()==0)
 172   1        {
 173   2          I2C_SendByte(xdat->port4);
 174   2        }
 175   1        if(I2C_ACK()==0)
C51 COMPILER V9.52.0.0   IOEXPANDER_PI4IOE5V96248                                          02/22/2019 14:46:57 PAGE 4   

 176   1        {
 177   2          I2C_SendByte(xdat->port5);
 178   2        } 
 179   1        
 180   1        if(I2C_ACK()==0)  
 181   1          I2C_Stop();
 182   1      }
 183          


MODULE INFORMATION:   STATIC OVERLAYABLE
   CODE SIZE        =    335    ----
   CONSTANT SIZE    =   ----    ----
   XDATA SIZE       =   ----       6
   PDATA SIZE       =   ----    ----
   DATA SIZE        =   ----    ----
   IDATA SIZE       =   ----    ----
   BIT SIZE         =   ----    ----
END OF MODULE INFORMATION.


C51 COMPILATION COMPLETE.  3 WARNING(S),  0 ERROR(S)
