C51 COMPILER V9.52.0.0   UART1                                                             06/10/2019 12:50:39 PAGE 1   


C51 COMPILER V9.52.0.0, COMPILATION OF MODULE UART1
OBJECT MODULE PLACED IN .\Obj\UART1.obj
COMPILER INVOKED BY: C:\Keil_v5\C51\BIN\C51.EXE Application\Source\UART1.c LARGE BROWSE INCDIR(.\Application\Header) DEB
                    -UG OBJECTEXTEND PRINT(.\Lis\UART1.lst) TABS(2) OBJECT(.\Obj\UART1.obj)

line level    source

   1          #include "stc15f2k60s2.h"
   2          #include "PCF85063BTL.h"
   3          #include <stdlib.h>
   4          #include "UART1.h"
   5          #include <string.h>
   6          #define TBAUD (65536-FOSC/4/BAUD)
   7          #define FOSC 18432000L
   8          #define BAUD 115200
   9          
  10          
  11          
  12          
  13          unsigned char SPI_ReadTime(unsigned char addr);
  14          void SPI_WriteTime(unsigned char val,unsigned char addr);
  15          unsigned char ASCIItoBCD(unsigned char ascii[2]); // time format hh:mm:ss
  16          void SendUART1(unsigned char dat);
  17          
  18          void uart1_InitTCPConn();
  19          
  20          void uart1_SendToTCPServer(char *str);
  21          void Delay_ms(unsigned int ms);
  22          
  23          
  24          void initUART1(void)
  25          {
  26   1        SCON=0x50; //0101 0000 8-bit uart,  baud rate variable
  27   1        AUXR |=0x95;//10010101 Timer2 as Baud Rate generator
  28   1        T2L=TBAUD;
  29   1        T2H=TBAUD>>8; 
  30   1        ES=1;           // enable uart1 interrupt
  31   1        EA=1;           // each interrupt source will be enable or disable by setting its interrupt bit
  32   1        //PS=0;           // Serial Port 1 interrupt priority control bit, DS page 561
  33   1      }
  34          
  35          
  36           void SendString(char *s)
  37          {
  38   1        while(*s)
  39   1        {
  40   2          SendUART1(*s++);
  41   2        }
  42   1      }
  43          
  44          unsigned char ten(unsigned char BCD)
  45          {
  46   1        return (BCD)>>4;
  47   1      }
  48          unsigned char unit(unsigned char BCD)
  49          {
  50   1      
  51   1        //unit=BCD&0x0f;
  52   1        //dec=ten*10+unit;
  53   1        return BCD&0x0f;
  54   1      }
C51 COMPILER V9.52.0.0   UART1                                                             06/10/2019 12:50:39 PAGE 2   

  55          unsigned char DectoBCD(unsigned char dec)
  56          {
  57   1        
  58   1        return dec;
  59   1      }
  60          //if dat=1, we need to use ASCII value to display "1" on UART1
  61          unsigned char ASCII_Letter(unsigned char dat)
  62          {
  63   1        
  64   1        return dat+48;
  65   1      }
  66          
  67          unsigned char ASCIItoBCD(unsigned char ascii[2]) // time format hh:mm:ss
  68          {
  69   1        unsigned char dec_val,ten, unit;
  70   1        dec_val=atoi(ascii);
  71   1        ten=dec_val/10;
  72   1        unit=dec_val%10;
  73   1        return ten<<4|unit;
  74   1        
  75   1      }
  76          
  77          void uart1_InitTCPConn()
  78          {
  79   1        //SendString("AT\r\n");
  80   1        //while(RI==0);
  81   1        //RI=0;
  82   1        SendString("AT+CIPSTART=\"TCP\",\"192.168.11.203\",8080\r\n");  
  83   1      }
  84          
  85          void uart1_SendToTCPServer(char *str)
  86          {
  87   1        SendString("AT+CIPSEND=16\r\n");
  88   1        Delay_ms(1000);
  89   1        SendString("Hello from ESP\r\n");
  90   1        //SendString("\r\n");
  91   1        //Delay_ms(1000);
  92   1      
  93   1      }
*** WARNING C280 IN LINE 85 OF Application\Source\UART1.c: 'str': unreferenced local variable
  94          
  95          
  96           


MODULE INFORMATION:   STATIC OVERLAYABLE
   CODE SIZE        =    153    ----
   CONSTANT SIZE    =     75    ----
   XDATA SIZE       =   ----       6
   PDATA SIZE       =   ----    ----
   DATA SIZE        =   ----    ----
   IDATA SIZE       =   ----    ----
   BIT SIZE         =   ----    ----
END OF MODULE INFORMATION.


C51 COMPILATION COMPLETE.  1 WARNING(S),  0 ERROR(S)
